
> mortgage_calculator@0.1.0 test
> react-scripts test "--watchAll=false"

PASS src/utilities/analyzeMortgageEligibility.test.js
PASS src/utilities/calculations.test.js
PASS src/components/Result.test.js
  ● Console

    console.error
      Warning: `ReactDOMTestUtils.act` is deprecated in favor of `React.act`. Import `act` from `react` instead of `react-dom/test-utils`. See https://react.dev/warnings/react-dom-test-utils for more info.

    [0m [90m  5 |[39m describe([32m'Result'[39m[33m,[39m () [33m=>[39m {
     [90m  6 |[39m   it([32m'renders result values passed via props'[39m[33m,[39m () [33m=>[39m {
    [31m[1m>[22m[39m[90m  7 |[39m     render([33m<[39m[33mResult[39m results[33m=[39m{[35m250000[39m} repaymentResults[33m=[39m{[35m1250[39m} [33m/[39m[33m>[39m)[33m;[39m
     [90m    |[39m           [31m[1m^[22m[39m
     [90m  8 |[39m
     [90m  9 |[39m     expect(screen[33m.[39mgetByRole([32m'heading'[39m[33m,[39m { name[33m:[39m [35m/Maximum House Value: £250000/i[39m }))[33m.[39mtoBeInTheDocument()[33m;[39m
     [90m 10 |[39m     expect(screen[33m.[39mgetByRole([32m'heading'[39m[33m,[39m { name[33m:[39m [35m/Expected Monthly Repayments: £1250/i[39m }))[33m.[39mtoBeInTheDocument()[33m;[39m[0m

      at printWarning (node_modules/react-dom/cjs/react-dom-test-utils.development.js:71:30)
      at error (node_modules/react-dom/cjs/react-dom-test-utils.development.js:45:7)
      at actWithWarning (node_modules/react-dom/cjs/react-dom-test-utils.development.js:1736:7)
      at node_modules/@testing-library/react/dist/act-compat.js:63:25
      at renderRoot (node_modules/@testing-library/react/dist/pure.js:159:26)
      at render (node_modules/@testing-library/react/dist/pure.js:246:10)
      at Object.<anonymous> (src/components/Result.test.js:7:11)

PASS src/components/Tabs.test.js
  ● Console

    console.error
      Warning: `ReactDOMTestUtils.act` is deprecated in favor of `React.act`. Import `act` from `react` instead of `react-dom/test-utils`. See https://react.dev/warnings/react-dom-test-utils for more info.

    [0m [90m 27 |[39m describe([32m'Tabs'[39m[33m,[39m () [33m=>[39m {
     [90m 28 |[39m   it([32m'renders tab labels'[39m[33m,[39m () [33m=>[39m {
    [31m[1m>[22m[39m[90m 29 |[39m     render([33m<[39m[33mTabs[39m tabs[33m=[39m{tabs} activeTab[33m=[39m[32m"mortgage"[39m onTabChange[33m=[39m{jest[33m.[39mfn()} [33m/[39m[33m>[39m)[33m;[39m
     [90m    |[39m           [31m[1m^[22m[39m
     [90m 30 |[39m
     [90m 31 |[39m     expect(screen[33m.[39mgetByRole([32m'button'[39m[33m,[39m { name[33m:[39m [35m/Hipotecas/i[39m }))[33m.[39mtoBeInTheDocument()[33m;[39m
     [90m 32 |[39m     expect(screen[33m.[39mgetByRole([32m'button'[39m[33m,[39m { name[33m:[39m [35m/Seguros/i[39m }))[33m.[39mtoBeInTheDocument()[33m;[39m[0m

      at printWarning (node_modules/react-dom/cjs/react-dom-test-utils.development.js:71:30)
      at error (node_modules/react-dom/cjs/react-dom-test-utils.development.js:45:7)
      at actWithWarning (node_modules/react-dom/cjs/react-dom-test-utils.development.js:1736:7)
      at node_modules/@testing-library/react/dist/act-compat.js:63:25
      at renderRoot (node_modules/@testing-library/react/dist/pure.js:159:26)
      at render (node_modules/@testing-library/react/dist/pure.js:246:10)
      at Object.<anonymous> (src/components/Tabs.test.js:29:11)

    console.error
      Warning: An update to TabsHarness inside a test was not wrapped in act(...).
      
      When testing, code that causes React state updates should be wrapped into act(...):
      
      act(() => {
        /* fire events that update state */
      });
      /* assert on the output */
      
      This ensures that you're testing the behavior the user would see in the browser. Learn more at https://reactjs.org/link/wrap-tests-with-act
          at TabsHarness (C:\Users\Andre Cadima\Documents\Gestion De Calidad de Sistemas\Calculadora_Pruebas_Unitarias\src\components\Tabs.test.js:13:45)

    [0m [90m 13 |[39m             key[33m=[39m{tab[33m.[39mid}
     [90m 14 |[39m             className[33m=[39m{[32m`tab-button ${activeTab === tab.id ? 'active' : ''}`[39m}
    [31m[1m>[22m[39m[90m 15 |[39m             onClick[33m=[39m{() [33m=>[39m onTabChange(tab[33m.[39mid)}
     [90m    |[39m                            [31m[1m^[22m[39m
     [90m 16 |[39m             title[33m=[39m{tab[33m.[39mdescription}
     [90m 17 |[39m           [33m>[39m
     [90m 18 |[39m             [33m<[39m[33mspan[39m className[33m=[39m[32m"tab-icon"[39m[33m>[39m{tab[33m.[39micon}[33m<[39m[33m/[39m[33mspan[39m[33m>[39m[0m

      at printWarning (node_modules/react-dom/cjs/react-dom.development.js:86:30)
      at error (node_modules/react-dom/cjs/react-dom.development.js:60:7)
      at warnIfUpdatesNotWrappedWithActDEV (node_modules/react-dom/cjs/react-dom.development.js:27628:9)
      at scheduleUpdateOnFiber (node_modules/react-dom/cjs/react-dom.development.js:25547:5)
      at onTabChange (node_modules/react-dom/cjs/react-dom.development.js:16708:7)
      at onClick (src/components/Tabs.js:15:28)
      at HTMLUnknownElement.callCallback (node_modules/react-dom/cjs/react-dom.development.js:4164:14)
      at HTMLUnknownElement.callTheUserObjectsOperation (node_modules/jsdom/lib/jsdom/living/generated/EventListener.js:26:30)
      at innerInvokeEventListeners (node_modules/jsdom/lib/jsdom/living/events/EventTarget-impl.js:338:25)
      at invokeEventListeners (node_modules/jsdom/lib/jsdom/living/events/EventTarget-impl.js:274:3)
      at HTMLUnknownElementImpl._dispatch (node_modules/jsdom/lib/jsdom/living/events/EventTarget-impl.js:221:9)
      at HTMLUnknownElementImpl.dispatchEvent (node_modules/jsdom/lib/jsdom/living/events/EventTarget-impl.js:94:17)
      at HTMLUnknownElement.dispatchEvent (node_modules/jsdom/lib/jsdom/living/generated/EventTarget.js:231:34)
      at Object.invokeGuardedCallbackDev (node_modules/react-dom/cjs/react-dom.development.js:4213:16)
      at invokeGuardedCallback (node_modules/react-dom/cjs/react-dom.development.js:4277:31)
      at invokeGuardedCallbackAndCatchFirstError (node_modules/react-dom/cjs/react-dom.development.js:4291:25)
      at executeDispatch (node_modules/react-dom/cjs/react-dom.development.js:9041:3)
      at processDispatchQueueItemsInOrder (node_modules/react-dom/cjs/react-dom.development.js:9073:7)
      at processDispatchQueue (node_modules/react-dom/cjs/react-dom.development.js:9086:5)
      at dispatchEventsForPlugins (node_modules/react-dom/cjs/react-dom.development.js:9097:3)
      at node_modules/react-dom/cjs/react-dom.development.js:9288:12
      at batchedUpdates$1 (node_modules/react-dom/cjs/react-dom.development.js:26179:12)
      at batchedUpdates (node_modules/react-dom/cjs/react-dom.development.js:3991:12)
      at dispatchEventForPluginEventSystem (node_modules/react-dom/cjs/react-dom.development.js:9287:3)
      at dispatchEventWithEnableCapturePhaseSelectiveHydrationWithoutDiscreteEventReplay (node_modules/react-dom/cjs/react-dom.development.js:6465:5)
      at dispatchEvent (node_modules/react-dom/cjs/react-dom.development.js:6457:5)
      at dispatchDiscreteEvent (node_modules/react-dom/cjs/react-dom.development.js:6430:5)
      at HTMLDivElement.callTheUserObjectsOperation (node_modules/jsdom/lib/jsdom/living/generated/EventListener.js:26:30)
      at innerInvokeEventListeners (node_modules/jsdom/lib/jsdom/living/events/EventTarget-impl.js:338:25)
      at invokeEventListeners (node_modules/jsdom/lib/jsdom/living/events/EventTarget-impl.js:274:3)
      at HTMLButtonElementImpl._dispatch (node_modules/jsdom/lib/jsdom/living/events/EventTarget-impl.js:221:9)
      at HTMLButtonElementImpl.dispatchEvent (node_modules/jsdom/lib/jsdom/living/events/EventTarget-impl.js:94:17)
      at HTMLButtonElement.dispatchEvent (node_modules/jsdom/lib/jsdom/living/generated/EventTarget.js:231:34)
      at node_modules/@testing-library/dom/dist/events.js:19:20
      at Object.eventWrapper (node_modules/@testing-library/dom/dist/config.js:25:23)
      at fireEvent (node_modules/@testing-library/dom/dist/events.js:12:35)
      at fireEvent.<computed> [as click] (node_modules/@testing-library/dom/dist/events.js:110:36)
      at fireClick (node_modules/@testing-library/user-event/dist/click.js:150:20)
      at clickElement (node_modules/@testing-library/user-event/dist/click.js:91:5)
      at Object.click (node_modules/@testing-library/user-event/dist/click.js:140:5)
      at Object.<anonymous> (src/components/Tabs.test.js:51:21)

PASS src/components/Form.test.js
  ● Console

    console.error
      Warning: `ReactDOMTestUtils.act` is deprecated in favor of `React.act`. Import `act` from `react` instead of `react-dom/test-utils`. See https://react.dev/warnings/react-dom-test-utils for more info.

    [0m [90m  6 |[39m describe([32m'Form'[39m[33m,[39m () [33m=>[39m {
     [90m  7 |[39m   it([32m'renders core fields and submit action'[39m[33m,[39m () [33m=>[39m {
    [31m[1m>[22m[39m[90m  8 |[39m     render([33m<[39m[33mForm[39m onFormSubmit[33m=[39m{jest[33m.[39mfn()} [33m/[39m[33m>[39m)[33m;[39m
     [90m    |[39m           [31m[1m^[22m[39m
     [90m  9 |[39m
     [90m 10 |[39m     expect(screen[33m.[39mgetByLabelText([35m/Your annual salary/i[39m))[33m.[39mtoBeInTheDocument()[33m;[39m
     [90m 11 |[39m     expect(screen[33m.[39mgetByLabelText([35m/Your deposit/i[39m))[33m.[39mtoBeInTheDocument()[33m;[39m[0m

      at printWarning (node_modules/react-dom/cjs/react-dom-test-utils.development.js:71:30)
      at error (node_modules/react-dom/cjs/react-dom-test-utils.development.js:45:7)
      at actWithWarning (node_modules/react-dom/cjs/react-dom-test-utils.development.js:1736:7)
      at node_modules/@testing-library/react/dist/act-compat.js:63:25
      at renderRoot (node_modules/@testing-library/react/dist/pure.js:159:26)
      at render (node_modules/@testing-library/react/dist/pure.js:246:10)
      at Object.<anonymous> (src/components/Form.test.js:8:11)

    console.error
      Warning: An update to Form inside a test was not wrapped in act(...).
      
      When testing, code that causes React state updates should be wrapped into act(...):
      
      act(() => {
        /* fire events that update state */
      });
      /* assert on the output */
      
      This ensures that you're testing the behavior the user would see in the browser. Learn more at https://reactjs.org/link/wrap-tests-with-act
          at Form (C:\Users\Andre Cadima\Documents\Gestion De Calidad de Sistemas\Calculadora_Pruebas_Unitarias\src\components\Form.js:6:9)

    [0m [90m 20 |[39m
     [90m 21 |[39m     handleChange(event) {
    [31m[1m>[22m[39m[90m 22 |[39m         [36mthis[39m[33m.[39msetState({
     [90m    |[39m              [31m[1m^[22m[39m
     [90m 23 |[39m             [event[33m.[39mtarget[33m.[39mname][33m:[39m event[33m.[39mtarget[33m.[39mvalue
     [90m 24 |[39m         })
     [90m 25 |[39m     }[0m

      at printWarning (node_modules/react-dom/cjs/react-dom.development.js:86:30)
      at error (node_modules/react-dom/cjs/react-dom.development.js:60:7)
      at warnIfUpdatesNotWrappedWithActDEV (node_modules/react-dom/cjs/react-dom.development.js:27628:9)
      at scheduleUpdateOnFiber (node_modules/react-dom/cjs/react-dom.development.js:25547:5)
      at Object.enqueueSetState (node_modules/react-dom/cjs/react-dom.development.js:17925:7)
      at Form.setState (node_modules/react/cjs/react.development.js:354:16)
      at Form.handleChange (src/components/Form.js:22:14)
      at HTMLUnknownElement.callCallback (node_modules/react-dom/cjs/react-dom.development.js:4164:14)
      at HTMLUnknownElement.callTheUserObjectsOperation (node_modules/jsdom/lib/jsdom/living/generated/EventListener.js:26:30)
      at innerInvokeEventListeners (node_modules/jsdom/lib/jsdom/living/events/EventTarget-impl.js:338:25)
      at invokeEventListeners (node_modules/jsdom/lib/jsdom/living/events/EventTarget-impl.js:274:3)
      at HTMLUnknownElementImpl._dispatch (node_modules/jsdom/lib/jsdom/living/events/EventTarget-impl.js:221:9)
      at HTMLUnknownElementImpl.dispatchEvent (node_modules/jsdom/lib/jsdom/living/events/EventTarget-impl.js:94:17)
      at HTMLUnknownElement.dispatchEvent (node_modules/jsdom/lib/jsdom/living/generated/EventTarget.js:231:34)
      at Object.invokeGuardedCallbackDev (node_modules/react-dom/cjs/react-dom.development.js:4213:16)
      at invokeGuardedCallback (node_modules/react-dom/cjs/react-dom.development.js:4277:31)
      at invokeGuardedCallbackAndCatchFirstError (node_modules/react-dom/cjs/react-dom.development.js:4291:25)
      at executeDispatch (node_modules/react-dom/cjs/react-dom.development.js:9041:3)
      at processDispatchQueueItemsInOrder (node_modules/react-dom/cjs/react-dom.development.js:9073:7)
      at processDispatchQueue (node_modules/react-dom/cjs/react-dom.development.js:9086:5)
      at dispatchEventsForPlugins (node_modules/react-dom/cjs/react-dom.development.js:9097:3)
      at node_modules/react-dom/cjs/react-dom.development.js:9288:12
      at batchedUpdates$1 (node_modules/react-dom/cjs/react-dom.development.js:26179:12)
      at batchedUpdates (node_modules/react-dom/cjs/react-dom.development.js:3991:12)
      at dispatchEventForPluginEventSystem (node_modules/react-dom/cjs/react-dom.development.js:9287:3)
      at dispatchEventWithEnableCapturePhaseSelectiveHydrationWithoutDiscreteEventReplay (node_modules/react-dom/cjs/react-dom.development.js:6465:5)
      at dispatchEvent (node_modules/react-dom/cjs/react-dom.development.js:6457:5)
      at dispatchDiscreteEvent (node_modules/react-dom/cjs/react-dom.development.js:6430:5)
      at HTMLDivElement.callTheUserObjectsOperation (node_modules/jsdom/lib/jsdom/living/generated/EventListener.js:26:30)
      at innerInvokeEventListeners (node_modules/jsdom/lib/jsdom/living/events/EventTarget-impl.js:338:25)
      at invokeEventListeners (node_modules/jsdom/lib/jsdom/living/events/EventTarget-impl.js:274:3)
      at HTMLInputElementImpl._dispatch (node_modules/jsdom/lib/jsdom/living/events/EventTarget-impl.js:221:9)
      at HTMLInputElementImpl.dispatchEvent (node_modules/jsdom/lib/jsdom/living/events/EventTarget-impl.js:94:17)
      at HTMLInputElement.dispatchEvent (node_modules/jsdom/lib/jsdom/living/generated/EventTarget.js:231:34)
      at node_modules/@testing-library/dom/dist/events.js:19:20
      at Object.eventWrapper (node_modules/@testing-library/dom/dist/config.js:25:23)
      at fireEvent (node_modules/@testing-library/dom/dist/events.js:12:35)
      at fireEvent.<computed> [as input] (node_modules/@testing-library/dom/dist/events.js:110:36)
      at fireInputEvent (node_modules/@testing-library/user-event/dist/keyboard/shared/fireInputEvent.js:31:18)
      at Object.handle (node_modules/@testing-library/user-event/dist/keyboard/plugins/control.js:53:32)
      at applyPlugins (node_modules/@testing-library/user-event/dist/keyboard/keyboardImplementation.js:157:12)
      at keydown (node_modules/@testing-library/user-event/dist/keyboard/keyboardImplementation.js:123:5)
      at keyboardImplementation (node_modules/@testing-library/user-event/dist/keyboard/keyboardImplementation.js:50:34)
      at keyboardImplementation (node_modules/@testing-library/user-event/dist/keyboard/keyboardImplementation.js:81:12)
      at keyboardImplementationWrapper (node_modules/@testing-library/user-event/dist/keyboard/index.js:55:65)
      at typeImplementation (node_modules/@testing-library/user-event/dist/type/typeImplementation.js:49:51)
      at type (node_modules/@testing-library/user-event/dist/type/index.js:27:60)
      at Object.clear (node_modules/@testing-library/user-event/dist/clear.js:34:18)

    console.error
      Warning: An update to Form inside a test was not wrapped in act(...).
      
      When testing, code that causes React state updates should be wrapped into act(...):
      
      act(() => {
        /* fire events that update state */
      });
      /* assert on the output */
      
      This ensures that you're testing the behavior the user would see in the browser. Learn more at https://reactjs.org/link/wrap-tests-with-act
          at Form (C:\Users\Andre Cadima\Documents\Gestion De Calidad de Sistemas\Calculadora_Pruebas_Unitarias\src\components\Form.js:6:9)

    [0m [90m 20 |[39m
     [90m 21 |[39m     handleChange(event) {
    [31m[1m>[22m[39m[90m 22 |[39m         [36mthis[39m[33m.[39msetState({
     [90m    |[39m              [31m[1m^[22m[39m
     [90m 23 |[39m             [event[33m.[39mtarget[33m.[39mname][33m:[39m event[33m.[39mtarget[33m.[39mvalue
     [90m 24 |[39m         })
     [90m 25 |[39m     }[0m

      at printWarning (node_modules/react-dom/cjs/react-dom.development.js:86:30)
      at error (node_modules/react-dom/cjs/react-dom.development.js:60:7)
      at warnIfUpdatesNotWrappedWithActDEV (node_modules/react-dom/cjs/react-dom.development.js:27628:9)
      at scheduleUpdateOnFiber (node_modules/react-dom/cjs/react-dom.development.js:25547:5)
      at Object.enqueueSetState (node_modules/react-dom/cjs/react-dom.development.js:17925:7)
      at Form.setState (node_modules/react/cjs/react.development.js:354:16)
      at Form.handleChange (src/components/Form.js:22:14)
      at HTMLUnknownElement.callCallback (node_modules/react-dom/cjs/react-dom.development.js:4164:14)
      at HTMLUnknownElement.callTheUserObjectsOperation (node_modules/jsdom/lib/jsdom/living/generated/EventListener.js:26:30)
      at innerInvokeEventListeners (node_modules/jsdom/lib/jsdom/living/events/EventTarget-impl.js:338:25)
      at invokeEventListeners (node_modules/jsdom/lib/jsdom/living/events/EventTarget-impl.js:274:3)
      at HTMLUnknownElementImpl._dispatch (node_modules/jsdom/lib/jsdom/living/events/EventTarget-impl.js:221:9)
      at HTMLUnknownElementImpl.dispatchEvent (node_modules/jsdom/lib/jsdom/living/events/EventTarget-impl.js:94:17)
      at HTMLUnknownElement.dispatchEvent (node_modules/jsdom/lib/jsdom/living/generated/EventTarget.js:231:34)
      at Object.invokeGuardedCallbackDev (node_modules/react-dom/cjs/react-dom.development.js:4213:16)
      at invokeGuardedCallback (node_modules/react-dom/cjs/react-dom.development.js:4277:31)
      at invokeGuardedCallbackAndCatchFirstError (node_modules/react-dom/cjs/react-dom.development.js:4291:25)
      at executeDispatch (node_modules/react-dom/cjs/react-dom.development.js:9041:3)
      at processDispatchQueueItemsInOrder (node_modules/react-dom/cjs/react-dom.development.js:9073:7)
      at processDispatchQueue (node_modules/react-dom/cjs/react-dom.development.js:9086:5)
      at dispatchEventsForPlugins (node_modules/react-dom/cjs/react-dom.development.js:9097:3)
      at node_modules/react-dom/cjs/react-dom.development.js:9288:12
      at batchedUpdates$1 (node_modules/react-dom/cjs/react-dom.development.js:26179:12)
      at batchedUpdates (node_modules/react-dom/cjs/react-dom.development.js:3991:12)
      at dispatchEventForPluginEventSystem (node_modules/react-dom/cjs/react-dom.development.js:9287:3)
      at dispatchEventWithEnableCapturePhaseSelectiveHydrationWithoutDiscreteEventReplay (node_modules/react-dom/cjs/react-dom.development.js:6465:5)
      at dispatchEvent (node_modules/react-dom/cjs/react-dom.development.js:6457:5)
      at dispatchDiscreteEvent (node_modules/react-dom/cjs/react-dom.development.js:6430:5)
      at HTMLDivElement.callTheUserObjectsOperation (node_modules/jsdom/lib/jsdom/living/generated/EventListener.js:26:30)
      at innerInvokeEventListeners (node_modules/jsdom/lib/jsdom/living/events/EventTarget-impl.js:338:25)
      at invokeEventListeners (node_modules/jsdom/lib/jsdom/living/events/EventTarget-impl.js:274:3)
      at HTMLInputElementImpl._dispatch (node_modules/jsdom/lib/jsdom/living/events/EventTarget-impl.js:221:9)
      at HTMLInputElementImpl.dispatchEvent (node_modules/jsdom/lib/jsdom/living/events/EventTarget-impl.js:94:17)
      at HTMLInputElement.dispatchEvent (node_modules/jsdom/lib/jsdom/living/generated/EventTarget.js:231:34)
      at node_modules/@testing-library/dom/dist/events.js:19:20
      at Object.eventWrapper (node_modules/@testing-library/dom/dist/config.js:25:23)
      at fireEvent (node_modules/@testing-library/dom/dist/events.js:12:35)
      at fireEvent.<computed> [as input] (node_modules/@testing-library/dom/dist/events.js:110:36)
      at fireInputEvent (node_modules/@testing-library/user-event/dist/keyboard/shared/fireInputEvent.js:31:18)
      at Object.handle (node_modules/@testing-library/user-event/dist/keyboard/plugins/character.js:138:32)
      at applyPlugins (node_modules/@testing-library/user-event/dist/keyboard/keyboardImplementation.js:157:12)
      at keypress (node_modules/@testing-library/user-event/dist/keyboard/keyboardImplementation.js:135:5)
      at keyboardImplementation (node_modules/@testing-library/user-event/dist/keyboard/keyboardImplementation.js:53:9)
      at keyboardImplementationWrapper (node_modules/@testing-library/user-event/dist/keyboard/index.js:55:65)
      at typeImplementation (node_modules/@testing-library/user-event/dist/type/typeImplementation.js:49:51)
      at Object.type (node_modules/@testing-library/user-event/dist/type/index.js:27:60)
      at Object.<anonymous> (src/components/Form.test.js:23:21)

    console.error
      Warning: An update to Form inside a test was not wrapped in act(...).
      
      When testing, code that causes React state updates should be wrapped into act(...):
      
      act(() => {
        /* fire events that update state */
      });
      /* assert on the output */
      
      This ensures that you're testing the behavior the user would see in the browser. Learn more at https://reactjs.org/link/wrap-tests-with-act
          at Form (C:\Users\Andre Cadima\Documents\Gestion De Calidad de Sistemas\Calculadora_Pruebas_Unitarias\src\components\Form.js:6:9)

    [0m [90m 20 |[39m
     [90m 21 |[39m     handleChange(event) {
    [31m[1m>[22m[39m[90m 22 |[39m         [36mthis[39m[33m.[39msetState({
     [90m    |[39m              [31m[1m^[22m[39m
     [90m 23 |[39m             [event[33m.[39mtarget[33m.[39mname][33m:[39m event[33m.[39mtarget[33m.[39mvalue
     [90m 24 |[39m         })
     [90m 25 |[39m     }[0m

      at printWarning (node_modules/react-dom/cjs/react-dom.development.js:86:30)
      at error (node_modules/react-dom/cjs/react-dom.development.js:60:7)
      at warnIfUpdatesNotWrappedWithActDEV (node_modules/react-dom/cjs/react-dom.development.js:27628:9)
      at scheduleUpdateOnFiber (node_modules/react-dom/cjs/react-dom.development.js:25547:5)
      at Object.enqueueSetState (node_modules/react-dom/cjs/react-dom.development.js:17925:7)
      at Form.setState (node_modules/react/cjs/react.development.js:354:16)
      at Form.handleChange (src/components/Form.js:22:14)
      at HTMLUnknownElement.callCallback (node_modules/react-dom/cjs/react-dom.development.js:4164:14)
      at HTMLUnknownElement.callTheUserObjectsOperation (node_modules/jsdom/lib/jsdom/living/generated/EventListener.js:26:30)
      at innerInvokeEventListeners (node_modules/jsdom/lib/jsdom/living/events/EventTarget-impl.js:338:25)
      at invokeEventListeners (node_modules/jsdom/lib/jsdom/living/events/EventTarget-impl.js:274:3)
      at HTMLUnknownElementImpl._dispatch (node_modules/jsdom/lib/jsdom/living/events/EventTarget-impl.js:221:9)
      at HTMLUnknownElementImpl.dispatchEvent (node_modules/jsdom/lib/jsdom/living/events/EventTarget-impl.js:94:17)
      at HTMLUnknownElement.dispatchEvent (node_modules/jsdom/lib/jsdom/living/generated/EventTarget.js:231:34)
      at Object.invokeGuardedCallbackDev (node_modules/react-dom/cjs/react-dom.development.js:4213:16)
      at invokeGuardedCallback (node_modules/react-dom/cjs/react-dom.development.js:4277:31)
      at invokeGuardedCallbackAndCatchFirstError (node_modules/react-dom/cjs/react-dom.development.js:4291:25)
      at executeDispatch (node_modules/react-dom/cjs/react-dom.development.js:9041:3)
      at processDispatchQueueItemsInOrder (node_modules/react-dom/cjs/react-dom.development.js:9073:7)
      at processDispatchQueue (node_modules/react-dom/cjs/react-dom.development.js:9086:5)
      at dispatchEventsForPlugins (node_modules/react-dom/cjs/react-dom.development.js:9097:3)
      at node_modules/react-dom/cjs/react-dom.development.js:9288:12
      at batchedUpdates$1 (node_modules/react-dom/cjs/react-dom.development.js:26179:12)
      at batchedUpdates (node_modules/react-dom/cjs/react-dom.development.js:3991:12)
      at dispatchEventForPluginEventSystem (node_modules/react-dom/cjs/react-dom.development.js:9287:3)
      at dispatchEventWithEnableCapturePhaseSelectiveHydrationWithoutDiscreteEventReplay (node_modules/react-dom/cjs/react-dom.development.js:6465:5)
      at dispatchEvent (node_modules/react-dom/cjs/react-dom.development.js:6457:5)
      at dispatchDiscreteEvent (node_modules/react-dom/cjs/react-dom.development.js:6430:5)
      at HTMLDivElement.callTheUserObjectsOperation (node_modules/jsdom/lib/jsdom/living/generated/EventListener.js:26:30)
      at innerInvokeEventListeners (node_modules/jsdom/lib/jsdom/living/events/EventTarget-impl.js:338:25)
      at invokeEventListeners (node_modules/jsdom/lib/jsdom/living/events/EventTarget-impl.js:274:3)
      at HTMLInputElementImpl._dispatch (node_modules/jsdom/lib/jsdom/living/events/EventTarget-impl.js:221:9)
      at HTMLInputElementImpl.dispatchEvent (node_modules/jsdom/lib/jsdom/living/events/EventTarget-impl.js:94:17)
      at HTMLInputElement.dispatchEvent (node_modules/jsdom/lib/jsdom/living/generated/EventTarget.js:231:34)
      at node_modules/@testing-library/dom/dist/events.js:19:20
      at Object.eventWrapper (node_modules/@testing-library/dom/dist/config.js:25:23)
      at fireEvent (node_modules/@testing-library/dom/dist/events.js:12:35)
      at fireEvent.<computed> [as input] (node_modules/@testing-library/dom/dist/events.js:110:36)
      at fireInputEvent (node_modules/@testing-library/user-event/dist/keyboard/shared/fireInputEvent.js:31:18)
      at Object.handle (node_modules/@testing-library/user-event/dist/keyboard/plugins/character.js:138:32)
      at applyPlugins (node_modules/@testing-library/user-event/dist/keyboard/keyboardImplementation.js:157:12)
      at keypress (node_modules/@testing-library/user-event/dist/keyboard/keyboardImplementation.js:135:5)
      at keyboardImplementation (node_modules/@testing-library/user-event/dist/keyboard/keyboardImplementation.js:53:9)
      at keyboardImplementation (node_modules/@testing-library/user-event/dist/keyboard/keyboardImplementation.js:81:12)
      at keyboardImplementationWrapper (node_modules/@testing-library/user-event/dist/keyboard/index.js:55:65)
      at typeImplementation (node_modules/@testing-library/user-event/dist/type/typeImplementation.js:49:51)
      at Object.type (node_modules/@testing-library/user-event/dist/type/index.js:27:60)
      at Object.<anonymous> (src/components/Form.test.js:23:21)

    console.error
      Warning: An update to Form inside a test was not wrapped in act(...).
      
      When testing, code that causes React state updates should be wrapped into act(...):
      
      act(() => {
        /* fire events that update state */
      });
      /* assert on the output */
      
      This ensures that you're testing the behavior the user would see in the browser. Learn more at https://reactjs.org/link/wrap-tests-with-act
          at Form (C:\Users\Andre Cadima\Documents\Gestion De Calidad de Sistemas\Calculadora_Pruebas_Unitarias\src\components\Form.js:6:9)

    [0m [90m 20 |[39m
     [90m 21 |[39m     handleChange(event) {
    [31m[1m>[22m[39m[90m 22 |[39m         [36mthis[39m[33m.[39msetState({
     [90m    |[39m              [31m[1m^[22m[39m
     [90m 23 |[39m             [event[33m.[39mtarget[33m.[39mname][33m:[39m event[33m.[39mtarget[33m.[39mvalue
     [90m 24 |[39m         })
     [90m 25 |[39m     }[0m

      at printWarning (node_modules/react-dom/cjs/react-dom.development.js:86:30)
      at error (node_modules/react-dom/cjs/react-dom.development.js:60:7)
      at warnIfUpdatesNotWrappedWithActDEV (node_modules/react-dom/cjs/react-dom.development.js:27628:9)
      at scheduleUpdateOnFiber (node_modules/react-dom/cjs/react-dom.development.js:25547:5)
      at Object.enqueueSetState (node_modules/react-dom/cjs/react-dom.development.js:17925:7)
      at Form.setState (node_modules/react/cjs/react.development.js:354:16)
      at Form.handleChange (src/components/Form.js:22:14)
      at HTMLUnknownElement.callCallback (node_modules/react-dom/cjs/react-dom.development.js:4164:14)
      at HTMLUnknownElement.callTheUserObjectsOperation (node_modules/jsdom/lib/jsdom/living/generated/EventListener.js:26:30)
      at innerInvokeEventListeners (node_modules/jsdom/lib/jsdom/living/events/EventTarget-impl.js:338:25)
      at invokeEventListeners (node_modules/jsdom/lib/jsdom/living/events/EventTarget-impl.js:274:3)
      at HTMLUnknownElementImpl._dispatch (node_modules/jsdom/lib/jsdom/living/events/EventTarget-impl.js:221:9)
      at HTMLUnknownElementImpl.dispatchEvent (node_modules/jsdom/lib/jsdom/living/events/EventTarget-impl.js:94:17)
      at HTMLUnknownElement.dispatchEvent (node_modules/jsdom/lib/jsdom/living/generated/EventTarget.js:231:34)
      at Object.invokeGuardedCallbackDev (node_modules/react-dom/cjs/react-dom.development.js:4213:16)
      at invokeGuardedCallback (node_modules/react-dom/cjs/react-dom.development.js:4277:31)
      at invokeGuardedCallbackAndCatchFirstError (node_modules/react-dom/cjs/react-dom.development.js:4291:25)
      at executeDispatch (node_modules/react-dom/cjs/react-dom.development.js:9041:3)
      at processDispatchQueueItemsInOrder (node_modules/react-dom/cjs/react-dom.development.js:9073:7)
      at processDispatchQueue (node_modules/react-dom/cjs/react-dom.development.js:9086:5)
      at dispatchEventsForPlugins (node_modules/react-dom/cjs/react-dom.development.js:9097:3)
      at node_modules/react-dom/cjs/react-dom.development.js:9288:12
      at batchedUpdates$1 (node_modules/react-dom/cjs/react-dom.development.js:26179:12)
      at batchedUpdates (node_modules/react-dom/cjs/react-dom.development.js:3991:12)
      at dispatchEventForPluginEventSystem (node_modules/react-dom/cjs/react-dom.development.js:9287:3)
      at dispatchEventWithEnableCapturePhaseSelectiveHydrationWithoutDiscreteEventReplay (node_modules/react-dom/cjs/react-dom.development.js:6465:5)
      at dispatchEvent (node_modules/react-dom/cjs/react-dom.development.js:6457:5)
      at dispatchDiscreteEvent (node_modules/react-dom/cjs/react-dom.development.js:6430:5)
      at HTMLDivElement.callTheUserObjectsOperation (node_modules/jsdom/lib/jsdom/living/generated/EventListener.js:26:30)
      at innerInvokeEventListeners (node_modules/jsdom/lib/jsdom/living/events/EventTarget-impl.js:338:25)
      at invokeEventListeners (node_modules/jsdom/lib/jsdom/living/events/EventTarget-impl.js:274:3)
      at HTMLInputElementImpl._dispatch (node_modules/jsdom/lib/jsdom/living/events/EventTarget-impl.js:221:9)
      at HTMLInputElementImpl.dispatchEvent (node_modules/jsdom/lib/jsdom/living/events/EventTarget-impl.js:94:17)
      at HTMLInputElement.dispatchEvent (node_modules/jsdom/lib/jsdom/living/generated/EventTarget.js:231:34)
      at node_modules/@testing-library/dom/dist/events.js:19:20
      at Object.eventWrapper (node_modules/@testing-library/dom/dist/config.js:25:23)
      at fireEvent (node_modules/@testing-library/dom/dist/events.js:12:35)
      at fireEvent.<computed> [as input] (node_modules/@testing-library/dom/dist/events.js:110:36)
      at fireInputEvent (node_modules/@testing-library/user-event/dist/keyboard/shared/fireInputEvent.js:31:18)
      at Object.handle (node_modules/@testing-library/user-event/dist/keyboard/plugins/character.js:138:32)
      at applyPlugins (node_modules/@testing-library/user-event/dist/keyboard/keyboardImplementation.js:157:12)
      at keypress (node_modules/@testing-library/user-event/dist/keyboard/keyboardImplementation.js:135:5)
      at keyboardImplementation (node_modules/@testing-library/user-event/dist/keyboard/keyboardImplementation.js:53:9)
      at keyboardImplementation (node_modules/@testing-library/user-event/dist/keyboard/keyboardImplementation.js:81:12)
      at keyboardImplementation (node_modules/@testing-library/user-event/dist/keyboard/keyboardImplementation.js:81:12)
      at keyboardImplementationWrapper (node_modules/@testing-library/user-event/dist/keyboard/index.js:55:65)
      at typeImplementation (node_modules/@testing-library/user-event/dist/type/typeImplementation.js:49:51)
      at Object.type (node_modules/@testing-library/user-event/dist/type/index.js:27:60)

    console.error
      Warning: An update to Form inside a test was not wrapped in act(...).
      
      When testing, code that causes React state updates should be wrapped into act(...):
      
      act(() => {
        /* fire events that update state */
      });
      /* assert on the output */
      
      This ensures that you're testing the behavior the user would see in the browser. Learn more at https://reactjs.org/link/wrap-tests-with-act
          at Form (C:\Users\Andre Cadima\Documents\Gestion De Calidad de Sistemas\Calculadora_Pruebas_Unitarias\src\components\Form.js:6:9)

    [0m [90m 20 |[39m
     [90m 21 |[39m     handleChange(event) {
    [31m[1m>[22m[39m[90m 22 |[39m         [36mthis[39m[33m.[39msetState({
     [90m    |[39m              [31m[1m^[22m[39m
     [90m 23 |[39m             [event[33m.[39mtarget[33m.[39mname][33m:[39m event[33m.[39mtarget[33m.[39mvalue
     [90m 24 |[39m         })
     [90m 25 |[39m     }[0m

      at printWarning (node_modules/react-dom/cjs/react-dom.development.js:86:30)
      at error (node_modules/react-dom/cjs/react-dom.development.js:60:7)
      at warnIfUpdatesNotWrappedWithActDEV (node_modules/react-dom/cjs/react-dom.development.js:27628:9)
      at scheduleUpdateOnFiber (node_modules/react-dom/cjs/react-dom.development.js:25547:5)
      at Object.enqueueSetState (node_modules/react-dom/cjs/react-dom.development.js:17925:7)
      at Form.setState (node_modules/react/cjs/react.development.js:354:16)
      at Form.handleChange (src/components/Form.js:22:14)
      at HTMLUnknownElement.callCallback (node_modules/react-dom/cjs/react-dom.development.js:4164:14)
      at HTMLUnknownElement.callTheUserObjectsOperation (node_modules/jsdom/lib/jsdom/living/generated/EventListener.js:26:30)
      at innerInvokeEventListeners (node_modules/jsdom/lib/jsdom/living/events/EventTarget-impl.js:338:25)
      at invokeEventListeners (node_modules/jsdom/lib/jsdom/living/events/EventTarget-impl.js:274:3)
      at HTMLUnknownElementImpl._dispatch (node_modules/jsdom/lib/jsdom/living/events/EventTarget-impl.js:221:9)
      at HTMLUnknownElementImpl.dispatchEvent (node_modules/jsdom/lib/jsdom/living/events/EventTarget-impl.js:94:17)
      at HTMLUnknownElement.dispatchEvent (node_modules/jsdom/lib/jsdom/living/generated/EventTarget.js:231:34)
      at Object.invokeGuardedCallbackDev (node_modules/react-dom/cjs/react-dom.development.js:4213:16)
      at invokeGuardedCallback (node_modules/react-dom/cjs/react-dom.development.js:4277:31)
      at invokeGuardedCallbackAndCatchFirstError (node_modules/react-dom/cjs/react-dom.development.js:4291:25)
      at executeDispatch (node_modules/react-dom/cjs/react-dom.development.js:9041:3)
      at processDispatchQueueItemsInOrder (node_modules/react-dom/cjs/react-dom.development.js:9073:7)
      at processDispatchQueue (node_modules/react-dom/cjs/react-dom.development.js:9086:5)
      at dispatchEventsForPlugins (node_modules/react-dom/cjs/react-dom.development.js:9097:3)
      at node_modules/react-dom/cjs/react-dom.development.js:9288:12
      at batchedUpdates$1 (node_modules/react-dom/cjs/react-dom.development.js:26179:12)
      at batchedUpdates (node_modules/react-dom/cjs/react-dom.development.js:3991:12)
      at dispatchEventForPluginEventSystem (node_modules/react-dom/cjs/react-dom.development.js:9287:3)
      at dispatchEventWithEnableCapturePhaseSelectiveHydrationWithoutDiscreteEventReplay (node_modules/react-dom/cjs/react-dom.development.js:6465:5)
      at dispatchEvent (node_modules/react-dom/cjs/react-dom.development.js:6457:5)
      at dispatchDiscreteEvent (node_modules/react-dom/cjs/react-dom.development.js:6430:5)
      at HTMLDivElement.callTheUserObjectsOperation (node_modules/jsdom/lib/jsdom/living/generated/EventListener.js:26:30)
      at innerInvokeEventListeners (node_modules/jsdom/lib/jsdom/living/events/EventTarget-impl.js:338:25)
      at invokeEventListeners (node_modules/jsdom/lib/jsdom/living/events/EventTarget-impl.js:274:3)
      at HTMLInputElementImpl._dispatch (node_modules/jsdom/lib/jsdom/living/events/EventTarget-impl.js:221:9)
      at HTMLInputElementImpl.dispatchEvent (node_modules/jsdom/lib/jsdom/living/events/EventTarget-impl.js:94:17)
      at HTMLInputElement.dispatchEvent (node_modules/jsdom/lib/jsdom/living/generated/EventTarget.js:231:34)
      at node_modules/@testing-library/dom/dist/events.js:19:20
      at Object.eventWrapper (node_modules/@testing-library/dom/dist/config.js:25:23)
      at fireEvent (node_modules/@testing-library/dom/dist/events.js:12:35)
      at fireEvent.<computed> [as input] (node_modules/@testing-library/dom/dist/events.js:110:36)
      at fireInputEvent (node_modules/@testing-library/user-event/dist/keyboard/shared/fireInputEvent.js:31:18)
      at Object.handle (node_modules/@testing-library/user-event/dist/keyboard/plugins/character.js:138:32)
      at applyPlugins (node_modules/@testing-library/user-event/dist/keyboard/keyboardImplementation.js:157:12)
      at keypress (node_modules/@testing-library/user-event/dist/keyboard/keyboardImplementation.js:135:5)
      at keyboardImplementation (node_modules/@testing-library/user-event/dist/keyboard/keyboardImplementation.js:53:9)
      at keyboardImplementation (node_modules/@testing-library/user-event/dist/keyboard/keyboardImplementation.js:81:12)
      at keyboardImplementation (node_modules/@testing-library/user-event/dist/keyboard/keyboardImplementation.js:81:12)
      at keyboardImplementation (node_modules/@testing-library/user-event/dist/keyboard/keyboardImplementation.js:81:12)
      at keyboardImplementationWrapper (node_modules/@testing-library/user-event/dist/keyboard/index.js:55:65)
      at typeImplementation (node_modules/@testing-library/user-event/dist/type/typeImplementation.js:49:51)

    console.error
      Warning: An update to Form inside a test was not wrapped in act(...).
      
      When testing, code that causes React state updates should be wrapped into act(...):
      
      act(() => {
        /* fire events that update state */
      });
      /* assert on the output */
      
      This ensures that you're testing the behavior the user would see in the browser. Learn more at https://reactjs.org/link/wrap-tests-with-act
          at Form (C:\Users\Andre Cadima\Documents\Gestion De Calidad de Sistemas\Calculadora_Pruebas_Unitarias\src\components\Form.js:6:9)

    [0m [90m 20 |[39m
     [90m 21 |[39m     handleChange(event) {
    [31m[1m>[22m[39m[90m 22 |[39m         [36mthis[39m[33m.[39msetState({
     [90m    |[39m              [31m[1m^[22m[39m
     [90m 23 |[39m             [event[33m.[39mtarget[33m.[39mname][33m:[39m event[33m.[39mtarget[33m.[39mvalue
     [90m 24 |[39m         })
     [90m 25 |[39m     }[0m

      at printWarning (node_modules/react-dom/cjs/react-dom.development.js:86:30)
      at error (node_modules/react-dom/cjs/react-dom.development.js:60:7)
      at warnIfUpdatesNotWrappedWithActDEV (node_modules/react-dom/cjs/react-dom.development.js:27628:9)
      at scheduleUpdateOnFiber (node_modules/react-dom/cjs/react-dom.development.js:25547:5)
      at Object.enqueueSetState (node_modules/react-dom/cjs/react-dom.development.js:17925:7)
      at Form.setState (node_modules/react/cjs/react.development.js:354:16)
      at Form.handleChange (src/components/Form.js:22:14)
      at HTMLUnknownElement.callCallback (node_modules/react-dom/cjs/react-dom.development.js:4164:14)
      at HTMLUnknownElement.callTheUserObjectsOperation (node_modules/jsdom/lib/jsdom/living/generated/EventListener.js:26:30)
      at innerInvokeEventListeners (node_modules/jsdom/lib/jsdom/living/events/EventTarget-impl.js:338:25)
      at invokeEventListeners (node_modules/jsdom/lib/jsdom/living/events/EventTarget-impl.js:274:3)
      at HTMLUnknownElementImpl._dispatch (node_modules/jsdom/lib/jsdom/living/events/EventTarget-impl.js:221:9)
      at HTMLUnknownElementImpl.dispatchEvent (node_modules/jsdom/lib/jsdom/living/events/EventTarget-impl.js:94:17)
      at HTMLUnknownElement.dispatchEvent (node_modules/jsdom/lib/jsdom/living/generated/EventTarget.js:231:34)
      at Object.invokeGuardedCallbackDev (node_modules/react-dom/cjs/react-dom.development.js:4213:16)
      at invokeGuardedCallback (node_modules/react-dom/cjs/react-dom.development.js:4277:31)
      at invokeGuardedCallbackAndCatchFirstError (node_modules/react-dom/cjs/react-dom.development.js:4291:25)
      at executeDispatch (node_modules/react-dom/cjs/react-dom.development.js:9041:3)
      at processDispatchQueueItemsInOrder (node_modules/react-dom/cjs/react-dom.development.js:9073:7)
      at processDispatchQueue (node_modules/react-dom/cjs/react-dom.development.js:9086:5)
      at dispatchEventsForPlugins (node_modules/react-dom/cjs/react-dom.development.js:9097:3)
      at node_modules/react-dom/cjs/react-dom.development.js:9288:12
      at batchedUpdates$1 (node_modules/react-dom/cjs/react-dom.development.js:26179:12)
      at batchedUpdates (node_modules/react-dom/cjs/react-dom.development.js:3991:12)
      at dispatchEventForPluginEventSystem (node_modules/react-dom/cjs/react-dom.development.js:9287:3)
      at dispatchEventWithEnableCapturePhaseSelectiveHydrationWithoutDiscreteEventReplay (node_modules/react-dom/cjs/react-dom.development.js:6465:5)
      at dispatchEvent (node_modules/react-dom/cjs/react-dom.development.js:6457:5)
      at dispatchDiscreteEvent (node_modules/react-dom/cjs/react-dom.development.js:6430:5)
      at HTMLDivElement.callTheUserObjectsOperation (node_modules/jsdom/lib/jsdom/living/generated/EventListener.js:26:30)
      at innerInvokeEventListeners (node_modules/jsdom/lib/jsdom/living/events/EventTarget-impl.js:338:25)
      at invokeEventListeners (node_modules/jsdom/lib/jsdom/living/events/EventTarget-impl.js:274:3)
      at HTMLInputElementImpl._dispatch (node_modules/jsdom/lib/jsdom/living/events/EventTarget-impl.js:221:9)
      at HTMLInputElementImpl.dispatchEvent (node_modules/jsdom/lib/jsdom/living/events/EventTarget-impl.js:94:17)
      at HTMLInputElement.dispatchEvent (node_modules/jsdom/lib/jsdom/living/generated/EventTarget.js:231:34)
      at node_modules/@testing-library/dom/dist/events.js:19:20
      at Object.eventWrapper (node_modules/@testing-library/dom/dist/config.js:25:23)
      at fireEvent (node_modules/@testing-library/dom/dist/events.js:12:35)
      at fireEvent.<computed> [as input] (node_modules/@testing-library/dom/dist/events.js:110:36)
      at fireInputEvent (node_modules/@testing-library/user-event/dist/keyboard/shared/fireInputEvent.js:31:18)
      at Object.handle (node_modules/@testing-library/user-event/dist/keyboard/plugins/character.js:138:32)
      at applyPlugins (node_modules/@testing-library/user-event/dist/keyboard/keyboardImplementation.js:157:12)
      at keypress (node_modules/@testing-library/user-event/dist/keyboard/keyboardImplementation.js:135:5)
      at keyboardImplementation (node_modules/@testing-library/user-event/dist/keyboard/keyboardImplementation.js:53:9)
      at keyboardImplementation (node_modules/@testing-library/user-event/dist/keyboard/keyboardImplementation.js:81:12)
      at keyboardImplementation (node_modules/@testing-library/user-event/dist/keyboard/keyboardImplementation.js:81:12)
      at keyboardImplementation (node_modules/@testing-library/user-event/dist/keyboard/keyboardImplementation.js:81:12)
      at keyboardImplementation (node_modules/@testing-library/user-event/dist/keyboard/keyboardImplementation.js:81:12)
      at keyboardImplementationWrapper (node_modules/@testing-library/user-event/dist/keyboard/index.js:55:65)

    console.error
      Warning: An update to Form inside a test was not wrapped in act(...).
      
      When testing, code that causes React state updates should be wrapped into act(...):
      
      act(() => {
        /* fire events that update state */
      });
      /* assert on the output */
      
      This ensures that you're testing the behavior the user would see in the browser. Learn more at https://reactjs.org/link/wrap-tests-with-act
          at Form (C:\Users\Andre Cadima\Documents\Gestion De Calidad de Sistemas\Calculadora_Pruebas_Unitarias\src\components\Form.js:6:9)

    [0m [90m 20 |[39m
     [90m 21 |[39m     handleChange(event) {
    [31m[1m>[22m[39m[90m 22 |[39m         [36mthis[39m[33m.[39msetState({
     [90m    |[39m              [31m[1m^[22m[39m
     [90m 23 |[39m             [event[33m.[39mtarget[33m.[39mname][33m:[39m event[33m.[39mtarget[33m.[39mvalue
     [90m 24 |[39m         })
     [90m 25 |[39m     }[0m

      at printWarning (node_modules/react-dom/cjs/react-dom.development.js:86:30)
      at error (node_modules/react-dom/cjs/react-dom.development.js:60:7)
      at warnIfUpdatesNotWrappedWithActDEV (node_modules/react-dom/cjs/react-dom.development.js:27628:9)
      at scheduleUpdateOnFiber (node_modules/react-dom/cjs/react-dom.development.js:25547:5)
      at Object.enqueueSetState (node_modules/react-dom/cjs/react-dom.development.js:17925:7)
      at Form.setState (node_modules/react/cjs/react.development.js:354:16)
      at Form.handleChange (src/components/Form.js:22:14)
      at HTMLUnknownElement.callCallback (node_modules/react-dom/cjs/react-dom.development.js:4164:14)
      at HTMLUnknownElement.callTheUserObjectsOperation (node_modules/jsdom/lib/jsdom/living/generated/EventListener.js:26:30)
      at innerInvokeEventListeners (node_modules/jsdom/lib/jsdom/living/events/EventTarget-impl.js:338:25)
      at invokeEventListeners (node_modules/jsdom/lib/jsdom/living/events/EventTarget-impl.js:274:3)
      at HTMLUnknownElementImpl._dispatch (node_modules/jsdom/lib/jsdom/living/events/EventTarget-impl.js:221:9)
      at HTMLUnknownElementImpl.dispatchEvent (node_modules/jsdom/lib/jsdom/living/events/EventTarget-impl.js:94:17)
      at HTMLUnknownElement.dispatchEvent (node_modules/jsdom/lib/jsdom/living/generated/EventTarget.js:231:34)
      at Object.invokeGuardedCallbackDev (node_modules/react-dom/cjs/react-dom.development.js:4213:16)
      at invokeGuardedCallback (node_modules/react-dom/cjs/react-dom.development.js:4277:31)
      at invokeGuardedCallbackAndCatchFirstError (node_modules/react-dom/cjs/react-dom.development.js:4291:25)
      at executeDispatch (node_modules/react-dom/cjs/react-dom.development.js:9041:3)
      at processDispatchQueueItemsInOrder (node_modules/react-dom/cjs/react-dom.development.js:9073:7)
      at processDispatchQueue (node_modules/react-dom/cjs/react-dom.development.js:9086:5)
      at dispatchEventsForPlugins (node_modules/react-dom/cjs/react-dom.development.js:9097:3)
      at node_modules/react-dom/cjs/react-dom.development.js:9288:12
      at batchedUpdates$1 (node_modules/react-dom/cjs/react-dom.development.js:26179:12)
      at batchedUpdates (node_modules/react-dom/cjs/react-dom.development.js:3991:12)
      at dispatchEventForPluginEventSystem (node_modules/react-dom/cjs/react-dom.development.js:9287:3)
      at dispatchEventWithEnableCapturePhaseSelectiveHydrationWithoutDiscreteEventReplay (node_modules/react-dom/cjs/react-dom.development.js:6465:5)
      at dispatchEvent (node_modules/react-dom/cjs/react-dom.development.js:6457:5)
      at dispatchDiscreteEvent (node_modules/react-dom/cjs/react-dom.development.js:6430:5)
      at HTMLDivElement.callTheUserObjectsOperation (node_modules/jsdom/lib/jsdom/living/generated/EventListener.js:26:30)
      at innerInvokeEventListeners (node_modules/jsdom/lib/jsdom/living/events/EventTarget-impl.js:338:25)
      at invokeEventListeners (node_modules/jsdom/lib/jsdom/living/events/EventTarget-impl.js:274:3)
      at HTMLInputElementImpl._dispatch (node_modules/jsdom/lib/jsdom/living/events/EventTarget-impl.js:221:9)
      at HTMLInputElementImpl.dispatchEvent (node_modules/jsdom/lib/jsdom/living/events/EventTarget-impl.js:94:17)
      at HTMLInputElement.dispatchEvent (node_modules/jsdom/lib/jsdom/living/generated/EventTarget.js:231:34)
      at node_modules/@testing-library/dom/dist/events.js:19:20
      at Object.eventWrapper (node_modules/@testing-library/dom/dist/config.js:25:23)
      at fireEvent (node_modules/@testing-library/dom/dist/events.js:12:35)
      at fireEvent.<computed> [as input] (node_modules/@testing-library/dom/dist/events.js:110:36)
      at fireInputEvent (node_modules/@testing-library/user-event/dist/keyboard/shared/fireInputEvent.js:31:18)
      at Object.handle (node_modules/@testing-library/user-event/dist/keyboard/plugins/control.js:53:32)
      at applyPlugins (node_modules/@testing-library/user-event/dist/keyboard/keyboardImplementation.js:157:12)
      at keydown (node_modules/@testing-library/user-event/dist/keyboard/keyboardImplementation.js:123:5)
      at keyboardImplementation (node_modules/@testing-library/user-event/dist/keyboard/keyboardImplementation.js:50:34)
      at keyboardImplementation (node_modules/@testing-library/user-event/dist/keyboard/keyboardImplementation.js:81:12)
      at keyboardImplementationWrapper (node_modules/@testing-library/user-event/dist/keyboard/index.js:55:65)
      at typeImplementation (node_modules/@testing-library/user-event/dist/type/typeImplementation.js:49:51)
      at type (node_modules/@testing-library/user-event/dist/type/index.js:27:60)
      at Object.clear (node_modules/@testing-library/user-event/dist/clear.js:34:18)

    console.error
      Warning: An update to Form inside a test was not wrapped in act(...).
      
      When testing, code that causes React state updates should be wrapped into act(...):
      
      act(() => {
        /* fire events that update state */
      });
      /* assert on the output */
      
      This ensures that you're testing the behavior the user would see in the browser. Learn more at https://reactjs.org/link/wrap-tests-with-act
          at Form (C:\Users\Andre Cadima\Documents\Gestion De Calidad de Sistemas\Calculadora_Pruebas_Unitarias\src\components\Form.js:6:9)

    [0m [90m 20 |[39m
     [90m 21 |[39m     handleChange(event) {
    [31m[1m>[22m[39m[90m 22 |[39m         [36mthis[39m[33m.[39msetState({
     [90m    |[39m              [31m[1m^[22m[39m
     [90m 23 |[39m             [event[33m.[39mtarget[33m.[39mname][33m:[39m event[33m.[39mtarget[33m.[39mvalue
     [90m 24 |[39m         })
     [90m 25 |[39m     }[0m

      at printWarning (node_modules/react-dom/cjs/react-dom.development.js:86:30)
      at error (node_modules/react-dom/cjs/react-dom.development.js:60:7)
      at warnIfUpdatesNotWrappedWithActDEV (node_modules/react-dom/cjs/react-dom.development.js:27628:9)
      at scheduleUpdateOnFiber (node_modules/react-dom/cjs/react-dom.development.js:25547:5)
      at Object.enqueueSetState (node_modules/react-dom/cjs/react-dom.development.js:17925:7)
      at Form.setState (node_modules/react/cjs/react.development.js:354:16)
      at Form.handleChange (src/components/Form.js:22:14)
      at HTMLUnknownElement.callCallback (node_modules/react-dom/cjs/react-dom.development.js:4164:14)
      at HTMLUnknownElement.callTheUserObjectsOperation (node_modules/jsdom/lib/jsdom/living/generated/EventListener.js:26:30)
      at innerInvokeEventListeners (node_modules/jsdom/lib/jsdom/living/events/EventTarget-impl.js:338:25)
      at invokeEventListeners (node_modules/jsdom/lib/jsdom/living/events/EventTarget-impl.js:274:3)
      at HTMLUnknownElementImpl._dispatch (node_modules/jsdom/lib/jsdom/living/events/EventTarget-impl.js:221:9)
      at HTMLUnknownElementImpl.dispatchEvent (node_modules/jsdom/lib/jsdom/living/events/EventTarget-impl.js:94:17)
      at HTMLUnknownElement.dispatchEvent (node_modules/jsdom/lib/jsdom/living/generated/EventTarget.js:231:34)
      at Object.invokeGuardedCallbackDev (node_modules/react-dom/cjs/react-dom.development.js:4213:16)
      at invokeGuardedCallback (node_modules/react-dom/cjs/react-dom.development.js:4277:31)
      at invokeGuardedCallbackAndCatchFirstError (node_modules/react-dom/cjs/react-dom.development.js:4291:25)
      at executeDispatch (node_modules/react-dom/cjs/react-dom.development.js:9041:3)
      at processDispatchQueueItemsInOrder (node_modules/react-dom/cjs/react-dom.development.js:9073:7)
      at processDispatchQueue (node_modules/react-dom/cjs/react-dom.development.js:9086:5)
      at dispatchEventsForPlugins (node_modules/react-dom/cjs/react-dom.development.js:9097:3)
      at node_modules/react-dom/cjs/react-dom.development.js:9288:12
      at batchedUpdates$1 (node_modules/react-dom/cjs/react-dom.development.js:26179:12)
      at batchedUpdates (node_modules/react-dom/cjs/react-dom.development.js:3991:12)
      at dispatchEventForPluginEventSystem (node_modules/react-dom/cjs/react-dom.development.js:9287:3)
      at dispatchEventWithEnableCapturePhaseSelectiveHydrationWithoutDiscreteEventReplay (node_modules/react-dom/cjs/react-dom.development.js:6465:5)
      at dispatchEvent (node_modules/react-dom/cjs/react-dom.development.js:6457:5)
      at dispatchDiscreteEvent (node_modules/react-dom/cjs/react-dom.development.js:6430:5)
      at HTMLDivElement.callTheUserObjectsOperation (node_modules/jsdom/lib/jsdom/living/generated/EventListener.js:26:30)
      at innerInvokeEventListeners (node_modules/jsdom/lib/jsdom/living/events/EventTarget-impl.js:338:25)
      at invokeEventListeners (node_modules/jsdom/lib/jsdom/living/events/EventTarget-impl.js:274:3)
      at HTMLInputElementImpl._dispatch (node_modules/jsdom/lib/jsdom/living/events/EventTarget-impl.js:221:9)
      at HTMLInputElementImpl.dispatchEvent (node_modules/jsdom/lib/jsdom/living/events/EventTarget-impl.js:94:17)
      at HTMLInputElement.dispatchEvent (node_modules/jsdom/lib/jsdom/living/generated/EventTarget.js:231:34)
      at node_modules/@testing-library/dom/dist/events.js:19:20
      at Object.eventWrapper (node_modules/@testing-library/dom/dist/config.js:25:23)
      at fireEvent (node_modules/@testing-library/dom/dist/events.js:12:35)
      at fireEvent.<computed> [as input] (node_modules/@testing-library/dom/dist/events.js:110:36)
      at fireInputEvent (node_modules/@testing-library/user-event/dist/keyboard/shared/fireInputEvent.js:31:18)
      at Object.handle (node_modules/@testing-library/user-event/dist/keyboard/plugins/character.js:138:32)
      at applyPlugins (node_modules/@testing-library/user-event/dist/keyboard/keyboardImplementation.js:157:12)
      at keypress (node_modules/@testing-library/user-event/dist/keyboard/keyboardImplementation.js:135:5)
      at keyboardImplementation (node_modules/@testing-library/user-event/dist/keyboard/keyboardImplementation.js:53:9)
      at keyboardImplementationWrapper (node_modules/@testing-library/user-event/dist/keyboard/index.js:55:65)
      at typeImplementation (node_modules/@testing-library/user-event/dist/type/typeImplementation.js:49:51)
      at Object.type (node_modules/@testing-library/user-event/dist/type/index.js:27:60)
      at Object.<anonymous> (src/components/Form.test.js:25:21)

    console.error
      Warning: An update to Form inside a test was not wrapped in act(...).
      
      When testing, code that causes React state updates should be wrapped into act(...):
      
      act(() => {
        /* fire events that update state */
      });
      /* assert on the output */
      
      This ensures that you're testing the behavior the user would see in the browser. Learn more at https://reactjs.org/link/wrap-tests-with-act
          at Form (C:\Users\Andre Cadima\Documents\Gestion De Calidad de Sistemas\Calculadora_Pruebas_Unitarias\src\components\Form.js:6:9)

    [0m [90m 20 |[39m
     [90m 21 |[39m     handleChange(event) {
    [31m[1m>[22m[39m[90m 22 |[39m         [36mthis[39m[33m.[39msetState({
     [90m    |[39m              [31m[1m^[22m[39m
     [90m 23 |[39m             [event[33m.[39mtarget[33m.[39mname][33m:[39m event[33m.[39mtarget[33m.[39mvalue
     [90m 24 |[39m         })
     [90m 25 |[39m     }[0m

      at printWarning (node_modules/react-dom/cjs/react-dom.development.js:86:30)
      at error (node_modules/react-dom/cjs/react-dom.development.js:60:7)
      at warnIfUpdatesNotWrappedWithActDEV (node_modules/react-dom/cjs/react-dom.development.js:27628:9)
      at scheduleUpdateOnFiber (node_modules/react-dom/cjs/react-dom.development.js:25547:5)
      at Object.enqueueSetState (node_modules/react-dom/cjs/react-dom.development.js:17925:7)
      at Form.setState (node_modules/react/cjs/react.development.js:354:16)
      at Form.handleChange (src/components/Form.js:22:14)
      at HTMLUnknownElement.callCallback (node_modules/react-dom/cjs/react-dom.development.js:4164:14)
      at HTMLUnknownElement.callTheUserObjectsOperation (node_modules/jsdom/lib/jsdom/living/generated/EventListener.js:26:30)
      at innerInvokeEventListeners (node_modules/jsdom/lib/jsdom/living/events/EventTarget-impl.js:338:25)
      at invokeEventListeners (node_modules/jsdom/lib/jsdom/living/events/EventTarget-impl.js:274:3)
      at HTMLUnknownElementImpl._dispatch (node_modules/jsdom/lib/jsdom/living/events/EventTarget-impl.js:221:9)
      at HTMLUnknownElementImpl.dispatchEvent (node_modules/jsdom/lib/jsdom/living/events/EventTarget-impl.js:94:17)
      at HTMLUnknownElement.dispatchEvent (node_modules/jsdom/lib/jsdom/living/generated/EventTarget.js:231:34)
      at Object.invokeGuardedCallbackDev (node_modules/react-dom/cjs/react-dom.development.js:4213:16)
      at invokeGuardedCallback (node_modules/react-dom/cjs/react-dom.development.js:4277:31)
      at invokeGuardedCallbackAndCatchFirstError (node_modules/react-dom/cjs/react-dom.development.js:4291:25)
      at executeDispatch (node_modules/react-dom/cjs/react-dom.development.js:9041:3)
      at processDispatchQueueItemsInOrder (node_modules/react-dom/cjs/react-dom.development.js:9073:7)
      at processDispatchQueue (node_modules/react-dom/cjs/react-dom.development.js:9086:5)
      at dispatchEventsForPlugins (node_modules/react-dom/cjs/react-dom.development.js:9097:3)
      at node_modules/react-dom/cjs/react-dom.development.js:9288:12
      at batchedUpdates$1 (node_modules/react-dom/cjs/react-dom.development.js:26179:12)
      at batchedUpdates (node_modules/react-dom/cjs/react-dom.development.js:3991:12)
      at dispatchEventForPluginEventSystem (node_modules/react-dom/cjs/react-dom.development.js:9287:3)
      at dispatchEventWithEnableCapturePhaseSelectiveHydrationWithoutDiscreteEventReplay (node_modules/react-dom/cjs/react-dom.development.js:6465:5)
      at dispatchEvent (node_modules/react-dom/cjs/react-dom.development.js:6457:5)
      at dispatchDiscreteEvent (node_modules/react-dom/cjs/react-dom.development.js:6430:5)
      at HTMLDivElement.callTheUserObjectsOperation (node_modules/jsdom/lib/jsdom/living/generated/EventListener.js:26:30)
      at innerInvokeEventListeners (node_modules/jsdom/lib/jsdom/living/events/EventTarget-impl.js:338:25)
      at invokeEventListeners (node_modules/jsdom/lib/jsdom/living/events/EventTarget-impl.js:274:3)
      at HTMLInputElementImpl._dispatch (node_modules/jsdom/lib/jsdom/living/events/EventTarget-impl.js:221:9)
      at HTMLInputElementImpl.dispatchEvent (node_modules/jsdom/lib/jsdom/living/events/EventTarget-impl.js:94:17)
      at HTMLInputElement.dispatchEvent (node_modules/jsdom/lib/jsdom/living/generated/EventTarget.js:231:34)
      at node_modules/@testing-library/dom/dist/events.js:19:20
      at Object.eventWrapper (node_modules/@testing-library/dom/dist/config.js:25:23)
      at fireEvent (node_modules/@testing-library/dom/dist/events.js:12:35)
      at fireEvent.<computed> [as input] (node_modules/@testing-library/dom/dist/events.js:110:36)
      at fireInputEvent (node_modules/@testing-library/user-event/dist/keyboard/shared/fireInputEvent.js:31:18)
      at Object.handle (node_modules/@testing-library/user-event/dist/keyboard/plugins/character.js:138:32)
      at applyPlugins (node_modules/@testing-library/user-event/dist/keyboard/keyboardImplementation.js:157:12)
      at keypress (node_modules/@testing-library/user-event/dist/keyboard/keyboardImplementation.js:135:5)
      at keyboardImplementation (node_modules/@testing-library/user-event/dist/keyboard/keyboardImplementation.js:53:9)
      at keyboardImplementation (node_modules/@testing-library/user-event/dist/keyboard/keyboardImplementation.js:81:12)
      at keyboardImplementationWrapper (node_modules/@testing-library/user-event/dist/keyboard/index.js:55:65)
      at typeImplementation (node_modules/@testing-library/user-event/dist/type/typeImplementation.js:49:51)
      at Object.type (node_modules/@testing-library/user-event/dist/type/index.js:27:60)
      at Object.<anonymous> (src/components/Form.test.js:25:21)

    console.error
      Warning: An update to Form inside a test was not wrapped in act(...).
      
      When testing, code that causes React state updates should be wrapped into act(...):
      
      act(() => {
        /* fire events that update state */
      });
      /* assert on the output */
      
      This ensures that you're testing the behavior the user would see in the browser. Learn more at https://reactjs.org/link/wrap-tests-with-act
          at Form (C:\Users\Andre Cadima\Documents\Gestion De Calidad de Sistemas\Calculadora_Pruebas_Unitarias\src\components\Form.js:6:9)

    [0m [90m 20 |[39m
     [90m 21 |[39m     handleChange(event) {
    [31m[1m>[22m[39m[90m 22 |[39m         [36mthis[39m[33m.[39msetState({
     [90m    |[39m              [31m[1m^[22m[39m
     [90m 23 |[39m             [event[33m.[39mtarget[33m.[39mname][33m:[39m event[33m.[39mtarget[33m.[39mvalue
     [90m 24 |[39m         })
     [90m 25 |[39m     }[0m

      at printWarning (node_modules/react-dom/cjs/react-dom.development.js:86:30)
      at error (node_modules/react-dom/cjs/react-dom.development.js:60:7)
      at warnIfUpdatesNotWrappedWithActDEV (node_modules/react-dom/cjs/react-dom.development.js:27628:9)
      at scheduleUpdateOnFiber (node_modules/react-dom/cjs/react-dom.development.js:25547:5)
      at Object.enqueueSetState (node_modules/react-dom/cjs/react-dom.development.js:17925:7)
      at Form.setState (node_modules/react/cjs/react.development.js:354:16)
      at Form.handleChange (src/components/Form.js:22:14)
      at HTMLUnknownElement.callCallback (node_modules/react-dom/cjs/react-dom.development.js:4164:14)
      at HTMLUnknownElement.callTheUserObjectsOperation (node_modules/jsdom/lib/jsdom/living/generated/EventListener.js:26:30)
      at innerInvokeEventListeners (node_modules/jsdom/lib/jsdom/living/events/EventTarget-impl.js:338:25)
      at invokeEventListeners (node_modules/jsdom/lib/jsdom/living/events/EventTarget-impl.js:274:3)
      at HTMLUnknownElementImpl._dispatch (node_modules/jsdom/lib/jsdom/living/events/EventTarget-impl.js:221:9)
      at HTMLUnknownElementImpl.dispatchEvent (node_modules/jsdom/lib/jsdom/living/events/EventTarget-impl.js:94:17)
      at HTMLUnknownElement.dispatchEvent (node_modules/jsdom/lib/jsdom/living/generated/EventTarget.js:231:34)
      at Object.invokeGuardedCallbackDev (node_modules/react-dom/cjs/react-dom.development.js:4213:16)
      at invokeGuardedCallback (node_modules/react-dom/cjs/react-dom.development.js:4277:31)
      at invokeGuardedCallbackAndCatchFirstError (node_modules/react-dom/cjs/react-dom.development.js:4291:25)
      at executeDispatch (node_modules/react-dom/cjs/react-dom.development.js:9041:3)
      at processDispatchQueueItemsInOrder (node_modules/react-dom/cjs/react-dom.development.js:9073:7)
      at processDispatchQueue (node_modules/react-dom/cjs/react-dom.development.js:9086:5)
      at dispatchEventsForPlugins (node_modules/react-dom/cjs/react-dom.development.js:9097:3)
      at node_modules/react-dom/cjs/react-dom.development.js:9288:12
      at batchedUpdates$1 (node_modules/react-dom/cjs/react-dom.development.js:26179:12)
      at batchedUpdates (node_modules/react-dom/cjs/react-dom.development.js:3991:12)
      at dispatchEventForPluginEventSystem (node_modules/react-dom/cjs/react-dom.development.js:9287:3)
      at dispatchEventWithEnableCapturePhaseSelectiveHydrationWithoutDiscreteEventReplay (node_modules/react-dom/cjs/react-dom.development.js:6465:5)
      at dispatchEvent (node_modules/react-dom/cjs/react-dom.development.js:6457:5)
      at dispatchDiscreteEvent (node_modules/react-dom/cjs/react-dom.development.js:6430:5)
      at HTMLDivElement.callTheUserObjectsOperation (node_modules/jsdom/lib/jsdom/living/generated/EventListener.js:26:30)
      at innerInvokeEventListeners (node_modules/jsdom/lib/jsdom/living/events/EventTarget-impl.js:338:25)
      at invokeEventListeners (node_modules/jsdom/lib/jsdom/living/events/EventTarget-impl.js:274:3)
      at HTMLInputElementImpl._dispatch (node_modules/jsdom/lib/jsdom/living/events/EventTarget-impl.js:221:9)
      at HTMLInputElementImpl.dispatchEvent (node_modules/jsdom/lib/jsdom/living/events/EventTarget-impl.js:94:17)
      at HTMLInputElement.dispatchEvent (node_modules/jsdom/lib/jsdom/living/generated/EventTarget.js:231:34)
      at node_modules/@testing-library/dom/dist/events.js:19:20
      at Object.eventWrapper (node_modules/@testing-library/dom/dist/config.js:25:23)
      at fireEvent (node_modules/@testing-library/dom/dist/events.js:12:35)
      at fireEvent.<computed> [as input] (node_modules/@testing-library/dom/dist/events.js:110:36)
      at fireInputEvent (node_modules/@testing-library/user-event/dist/keyboard/shared/fireInputEvent.js:31:18)
      at Object.handle (node_modules/@testing-library/user-event/dist/keyboard/plugins/character.js:138:32)
      at applyPlugins (node_modules/@testing-library/user-event/dist/keyboard/keyboardImplementation.js:157:12)
      at keypress (node_modules/@testing-library/user-event/dist/keyboard/keyboardImplementation.js:135:5)
      at keyboardImplementation (node_modules/@testing-library/user-event/dist/keyboard/keyboardImplementation.js:53:9)
      at keyboardImplementation (node_modules/@testing-library/user-event/dist/keyboard/keyboardImplementation.js:81:12)
      at keyboardImplementation (node_modules/@testing-library/user-event/dist/keyboard/keyboardImplementation.js:81:12)
      at keyboardImplementationWrapper (node_modules/@testing-library/user-event/dist/keyboard/index.js:55:65)
      at typeImplementation (node_modules/@testing-library/user-event/dist/type/typeImplementation.js:49:51)
      at Object.type (node_modules/@testing-library/user-event/dist/type/index.js:27:60)

    console.error
      Warning: An update to Form inside a test was not wrapped in act(...).
      
      When testing, code that causes React state updates should be wrapped into act(...):
      
      act(() => {
        /* fire events that update state */
      });
      /* assert on the output */
      
      This ensures that you're testing the behavior the user would see in the browser. Learn more at https://reactjs.org/link/wrap-tests-with-act
          at Form (C:\Users\Andre Cadima\Documents\Gestion De Calidad de Sistemas\Calculadora_Pruebas_Unitarias\src\components\Form.js:6:9)

    [0m [90m 20 |[39m
     [90m 21 |[39m     handleChange(event) {
    [31m[1m>[22m[39m[90m 22 |[39m         [36mthis[39m[33m.[39msetState({
     [90m    |[39m              [31m[1m^[22m[39m
     [90m 23 |[39m             [event[33m.[39mtarget[33m.[39mname][33m:[39m event[33m.[39mtarget[33m.[39mvalue
     [90m 24 |[39m         })
     [90m 25 |[39m     }[0m

      at printWarning (node_modules/react-dom/cjs/react-dom.development.js:86:30)
      at error (node_modules/react-dom/cjs/react-dom.development.js:60:7)
      at warnIfUpdatesNotWrappedWithActDEV (node_modules/react-dom/cjs/react-dom.development.js:27628:9)
      at scheduleUpdateOnFiber (node_modules/react-dom/cjs/react-dom.development.js:25547:5)
      at Object.enqueueSetState (node_modules/react-dom/cjs/react-dom.development.js:17925:7)
      at Form.setState (node_modules/react/cjs/react.development.js:354:16)
      at Form.handleChange (src/components/Form.js:22:14)
      at HTMLUnknownElement.callCallback (node_modules/react-dom/cjs/react-dom.development.js:4164:14)
      at HTMLUnknownElement.callTheUserObjectsOperation (node_modules/jsdom/lib/jsdom/living/generated/EventListener.js:26:30)
      at innerInvokeEventListeners (node_modules/jsdom/lib/jsdom/living/events/EventTarget-impl.js:338:25)
      at invokeEventListeners (node_modules/jsdom/lib/jsdom/living/events/EventTarget-impl.js:274:3)
      at HTMLUnknownElementImpl._dispatch (node_modules/jsdom/lib/jsdom/living/events/EventTarget-impl.js:221:9)
      at HTMLUnknownElementImpl.dispatchEvent (node_modules/jsdom/lib/jsdom/living/events/EventTarget-impl.js:94:17)
      at HTMLUnknownElement.dispatchEvent (node_modules/jsdom/lib/jsdom/living/generated/EventTarget.js:231:34)
      at Object.invokeGuardedCallbackDev (node_modules/react-dom/cjs/react-dom.development.js:4213:16)
      at invokeGuardedCallback (node_modules/react-dom/cjs/react-dom.development.js:4277:31)
      at invokeGuardedCallbackAndCatchFirstError (node_modules/react-dom/cjs/react-dom.development.js:4291:25)
      at executeDispatch (node_modules/react-dom/cjs/react-dom.development.js:9041:3)
      at processDispatchQueueItemsInOrder (node_modules/react-dom/cjs/react-dom.development.js:9073:7)
      at processDispatchQueue (node_modules/react-dom/cjs/react-dom.development.js:9086:5)
      at dispatchEventsForPlugins (node_modules/react-dom/cjs/react-dom.development.js:9097:3)
      at node_modules/react-dom/cjs/react-dom.development.js:9288:12
      at batchedUpdates$1 (node_modules/react-dom/cjs/react-dom.development.js:26179:12)
      at batchedUpdates (node_modules/react-dom/cjs/react-dom.development.js:3991:12)
      at dispatchEventForPluginEventSystem (node_modules/react-dom/cjs/react-dom.development.js:9287:3)
      at dispatchEventWithEnableCapturePhaseSelectiveHydrationWithoutDiscreteEventReplay (node_modules/react-dom/cjs/react-dom.development.js:6465:5)
      at dispatchEvent (node_modules/react-dom/cjs/react-dom.development.js:6457:5)
      at dispatchDiscreteEvent (node_modules/react-dom/cjs/react-dom.development.js:6430:5)
      at HTMLDivElement.callTheUserObjectsOperation (node_modules/jsdom/lib/jsdom/living/generated/EventListener.js:26:30)
      at innerInvokeEventListeners (node_modules/jsdom/lib/jsdom/living/events/EventTarget-impl.js:338:25)
      at invokeEventListeners (node_modules/jsdom/lib/jsdom/living/events/EventTarget-impl.js:274:3)
      at HTMLInputElementImpl._dispatch (node_modules/jsdom/lib/jsdom/living/events/EventTarget-impl.js:221:9)
      at HTMLInputElementImpl.dispatchEvent (node_modules/jsdom/lib/jsdom/living/events/EventTarget-impl.js:94:17)
      at HTMLInputElement.dispatchEvent (node_modules/jsdom/lib/jsdom/living/generated/EventTarget.js:231:34)
      at node_modules/@testing-library/dom/dist/events.js:19:20
      at Object.eventWrapper (node_modules/@testing-library/dom/dist/config.js:25:23)
      at fireEvent (node_modules/@testing-library/dom/dist/events.js:12:35)
      at fireEvent.<computed> [as input] (node_modules/@testing-library/dom/dist/events.js:110:36)
      at fireInputEvent (node_modules/@testing-library/user-event/dist/keyboard/shared/fireInputEvent.js:31:18)
      at Object.handle (node_modules/@testing-library/user-event/dist/keyboard/plugins/character.js:138:32)
      at applyPlugins (node_modules/@testing-library/user-event/dist/keyboard/keyboardImplementation.js:157:12)
      at keypress (node_modules/@testing-library/user-event/dist/keyboard/keyboardImplementation.js:135:5)
      at keyboardImplementation (node_modules/@testing-library/user-event/dist/keyboard/keyboardImplementation.js:53:9)
      at keyboardImplementation (node_modules/@testing-library/user-event/dist/keyboard/keyboardImplementation.js:81:12)
      at keyboardImplementation (node_modules/@testing-library/user-event/dist/keyboard/keyboardImplementation.js:81:12)
      at keyboardImplementation (node_modules/@testing-library/user-event/dist/keyboard/keyboardImplementation.js:81:12)
      at keyboardImplementationWrapper (node_modules/@testing-library/user-event/dist/keyboard/index.js:55:65)
      at typeImplementation (node_modules/@testing-library/user-event/dist/type/typeImplementation.js:49:51)

    console.error
      Warning: An update to Form inside a test was not wrapped in act(...).
      
      When testing, code that causes React state updates should be wrapped into act(...):
      
      act(() => {
        /* fire events that update state */
      });
      /* assert on the output */
      
      This ensures that you're testing the behavior the user would see in the browser. Learn more at https://reactjs.org/link/wrap-tests-with-act
          at Form (C:\Users\Andre Cadima\Documents\Gestion De Calidad de Sistemas\Calculadora_Pruebas_Unitarias\src\components\Form.js:6:9)

    [0m [90m 20 |[39m
     [90m 21 |[39m     handleChange(event) {
    [31m[1m>[22m[39m[90m 22 |[39m         [36mthis[39m[33m.[39msetState({
     [90m    |[39m              [31m[1m^[22m[39m
     [90m 23 |[39m             [event[33m.[39mtarget[33m.[39mname][33m:[39m event[33m.[39mtarget[33m.[39mvalue
     [90m 24 |[39m         })
     [90m 25 |[39m     }[0m

      at printWarning (node_modules/react-dom/cjs/react-dom.development.js:86:30)
      at error (node_modules/react-dom/cjs/react-dom.development.js:60:7)
      at warnIfUpdatesNotWrappedWithActDEV (node_modules/react-dom/cjs/react-dom.development.js:27628:9)
      at scheduleUpdateOnFiber (node_modules/react-dom/cjs/react-dom.development.js:25547:5)
      at Object.enqueueSetState (node_modules/react-dom/cjs/react-dom.development.js:17925:7)
      at Form.setState (node_modules/react/cjs/react.development.js:354:16)
      at Form.handleChange (src/components/Form.js:22:14)
      at HTMLUnknownElement.callCallback (node_modules/react-dom/cjs/react-dom.development.js:4164:14)
      at HTMLUnknownElement.callTheUserObjectsOperation (node_modules/jsdom/lib/jsdom/living/generated/EventListener.js:26:30)
      at innerInvokeEventListeners (node_modules/jsdom/lib/jsdom/living/events/EventTarget-impl.js:338:25)
      at invokeEventListeners (node_modules/jsdom/lib/jsdom/living/events/EventTarget-impl.js:274:3)
      at HTMLUnknownElementImpl._dispatch (node_modules/jsdom/lib/jsdom/living/events/EventTarget-impl.js:221:9)
      at HTMLUnknownElementImpl.dispatchEvent (node_modules/jsdom/lib/jsdom/living/events/EventTarget-impl.js:94:17)
      at HTMLUnknownElement.dispatchEvent (node_modules/jsdom/lib/jsdom/living/generated/EventTarget.js:231:34)
      at Object.invokeGuardedCallbackDev (node_modules/react-dom/cjs/react-dom.development.js:4213:16)
      at invokeGuardedCallback (node_modules/react-dom/cjs/react-dom.development.js:4277:31)
      at invokeGuardedCallbackAndCatchFirstError (node_modules/react-dom/cjs/react-dom.development.js:4291:25)
      at executeDispatch (node_modules/react-dom/cjs/react-dom.development.js:9041:3)
      at processDispatchQueueItemsInOrder (node_modules/react-dom/cjs/react-dom.development.js:9073:7)
      at processDispatchQueue (node_modules/react-dom/cjs/react-dom.development.js:9086:5)
      at dispatchEventsForPlugins (node_modules/react-dom/cjs/react-dom.development.js:9097:3)
      at node_modules/react-dom/cjs/react-dom.development.js:9288:12
      at batchedUpdates$1 (node_modules/react-dom/cjs/react-dom.development.js:26179:12)
      at batchedUpdates (node_modules/react-dom/cjs/react-dom.development.js:3991:12)
      at dispatchEventForPluginEventSystem (node_modules/react-dom/cjs/react-dom.development.js:9287:3)
      at dispatchEventWithEnableCapturePhaseSelectiveHydrationWithoutDiscreteEventReplay (node_modules/react-dom/cjs/react-dom.development.js:6465:5)
      at dispatchEvent (node_modules/react-dom/cjs/react-dom.development.js:6457:5)
      at dispatchDiscreteEvent (node_modules/react-dom/cjs/react-dom.development.js:6430:5)
      at HTMLDivElement.callTheUserObjectsOperation (node_modules/jsdom/lib/jsdom/living/generated/EventListener.js:26:30)
      at innerInvokeEventListeners (node_modules/jsdom/lib/jsdom/living/events/EventTarget-impl.js:338:25)
      at invokeEventListeners (node_modules/jsdom/lib/jsdom/living/events/EventTarget-impl.js:274:3)
      at HTMLInputElementImpl._dispatch (node_modules/jsdom/lib/jsdom/living/events/EventTarget-impl.js:221:9)
      at HTMLInputElementImpl.dispatchEvent (node_modules/jsdom/lib/jsdom/living/events/EventTarget-impl.js:94:17)
      at HTMLInputElement.dispatchEvent (node_modules/jsdom/lib/jsdom/living/generated/EventTarget.js:231:34)
      at node_modules/@testing-library/dom/dist/events.js:19:20
      at Object.eventWrapper (node_modules/@testing-library/dom/dist/config.js:25:23)
      at fireEvent (node_modules/@testing-library/dom/dist/events.js:12:35)
      at fireEvent.<computed> [as input] (node_modules/@testing-library/dom/dist/events.js:110:36)
      at fireInputEvent (node_modules/@testing-library/user-event/dist/keyboard/shared/fireInputEvent.js:31:18)
      at Object.handle (node_modules/@testing-library/user-event/dist/keyboard/plugins/character.js:138:32)
      at applyPlugins (node_modules/@testing-library/user-event/dist/keyboard/keyboardImplementation.js:157:12)
      at keypress (node_modules/@testing-library/user-event/dist/keyboard/keyboardImplementation.js:135:5)
      at keyboardImplementation (node_modules/@testing-library/user-event/dist/keyboard/keyboardImplementation.js:53:9)
      at keyboardImplementation (node_modules/@testing-library/user-event/dist/keyboard/keyboardImplementation.js:81:12)
      at keyboardImplementation (node_modules/@testing-library/user-event/dist/keyboard/keyboardImplementation.js:81:12)
      at keyboardImplementation (node_modules/@testing-library/user-event/dist/keyboard/keyboardImplementation.js:81:12)
      at keyboardImplementation (node_modules/@testing-library/user-event/dist/keyboard/keyboardImplementation.js:81:12)
      at keyboardImplementationWrapper (node_modules/@testing-library/user-event/dist/keyboard/index.js:55:65)

    console.error
      Warning: An update to Form inside a test was not wrapped in act(...).
      
      When testing, code that causes React state updates should be wrapped into act(...):
      
      act(() => {
        /* fire events that update state */
      });
      /* assert on the output */
      
      This ensures that you're testing the behavior the user would see in the browser. Learn more at https://reactjs.org/link/wrap-tests-with-act
          at Form (C:\Users\Andre Cadima\Documents\Gestion De Calidad de Sistemas\Calculadora_Pruebas_Unitarias\src\components\Form.js:6:9)

    [0m [90m 20 |[39m
     [90m 21 |[39m     handleChange(event) {
    [31m[1m>[22m[39m[90m 22 |[39m         [36mthis[39m[33m.[39msetState({
     [90m    |[39m              [31m[1m^[22m[39m
     [90m 23 |[39m             [event[33m.[39mtarget[33m.[39mname][33m:[39m event[33m.[39mtarget[33m.[39mvalue
     [90m 24 |[39m         })
     [90m 25 |[39m     }[0m

      at printWarning (node_modules/react-dom/cjs/react-dom.development.js:86:30)
      at error (node_modules/react-dom/cjs/react-dom.development.js:60:7)
      at warnIfUpdatesNotWrappedWithActDEV (node_modules/react-dom/cjs/react-dom.development.js:27628:9)
      at scheduleUpdateOnFiber (node_modules/react-dom/cjs/react-dom.development.js:25547:5)
      at Object.enqueueSetState (node_modules/react-dom/cjs/react-dom.development.js:17925:7)
      at Form.setState (node_modules/react/cjs/react.development.js:354:16)
      at Form.handleChange (src/components/Form.js:22:14)
      at HTMLUnknownElement.callCallback (node_modules/react-dom/cjs/react-dom.development.js:4164:14)
      at HTMLUnknownElement.callTheUserObjectsOperation (node_modules/jsdom/lib/jsdom/living/generated/EventListener.js:26:30)
      at innerInvokeEventListeners (node_modules/jsdom/lib/jsdom/living/events/EventTarget-impl.js:338:25)
      at invokeEventListeners (node_modules/jsdom/lib/jsdom/living/events/EventTarget-impl.js:274:3)
      at HTMLUnknownElementImpl._dispatch (node_modules/jsdom/lib/jsdom/living/events/EventTarget-impl.js:221:9)
      at HTMLUnknownElementImpl.dispatchEvent (node_modules/jsdom/lib/jsdom/living/events/EventTarget-impl.js:94:17)
      at HTMLUnknownElement.dispatchEvent (node_modules/jsdom/lib/jsdom/living/generated/EventTarget.js:231:34)
      at Object.invokeGuardedCallbackDev (node_modules/react-dom/cjs/react-dom.development.js:4213:16)
      at invokeGuardedCallback (node_modules/react-dom/cjs/react-dom.development.js:4277:31)
      at invokeGuardedCallbackAndCatchFirstError (node_modules/react-dom/cjs/react-dom.development.js:4291:25)
      at executeDispatch (node_modules/react-dom/cjs/react-dom.development.js:9041:3)
      at processDispatchQueueItemsInOrder (node_modules/react-dom/cjs/react-dom.development.js:9073:7)
      at processDispatchQueue (node_modules/react-dom/cjs/react-dom.development.js:9086:5)
      at dispatchEventsForPlugins (node_modules/react-dom/cjs/react-dom.development.js:9097:3)
      at node_modules/react-dom/cjs/react-dom.development.js:9288:12
      at batchedUpdates$1 (node_modules/react-dom/cjs/react-dom.development.js:26179:12)
      at batchedUpdates (node_modules/react-dom/cjs/react-dom.development.js:3991:12)
      at dispatchEventForPluginEventSystem (node_modules/react-dom/cjs/react-dom.development.js:9287:3)
      at dispatchEventWithEnableCapturePhaseSelectiveHydrationWithoutDiscreteEventReplay (node_modules/react-dom/cjs/react-dom.development.js:6465:5)
      at dispatchEvent (node_modules/react-dom/cjs/react-dom.development.js:6457:5)
      at dispatchDiscreteEvent (node_modules/react-dom/cjs/react-dom.development.js:6430:5)
      at HTMLDivElement.callTheUserObjectsOperation (node_modules/jsdom/lib/jsdom/living/generated/EventListener.js:26:30)
      at innerInvokeEventListeners (node_modules/jsdom/lib/jsdom/living/events/EventTarget-impl.js:338:25)
      at invokeEventListeners (node_modules/jsdom/lib/jsdom/living/events/EventTarget-impl.js:274:3)
      at HTMLInputElementImpl._dispatch (node_modules/jsdom/lib/jsdom/living/events/EventTarget-impl.js:221:9)
      at HTMLInputElementImpl.dispatchEvent (node_modules/jsdom/lib/jsdom/living/events/EventTarget-impl.js:94:17)
      at HTMLInputElement.dispatchEvent (node_modules/jsdom/lib/jsdom/living/generated/EventTarget.js:231:34)
      at node_modules/@testing-library/dom/dist/events.js:19:20
      at Object.eventWrapper (node_modules/@testing-library/dom/dist/config.js:25:23)
      at fireEvent (node_modules/@testing-library/dom/dist/events.js:12:35)
      at fireEvent.<computed> [as input] (node_modules/@testing-library/dom/dist/events.js:110:36)
      at fireInputEvent (node_modules/@testing-library/user-event/dist/keyboard/shared/fireInputEvent.js:31:18)
      at Object.handle (node_modules/@testing-library/user-event/dist/keyboard/plugins/control.js:53:32)
      at applyPlugins (node_modules/@testing-library/user-event/dist/keyboard/keyboardImplementation.js:157:12)
      at keydown (node_modules/@testing-library/user-event/dist/keyboard/keyboardImplementation.js:123:5)
      at keyboardImplementation (node_modules/@testing-library/user-event/dist/keyboard/keyboardImplementation.js:50:34)
      at keyboardImplementation (node_modules/@testing-library/user-event/dist/keyboard/keyboardImplementation.js:81:12)
      at keyboardImplementationWrapper (node_modules/@testing-library/user-event/dist/keyboard/index.js:55:65)
      at typeImplementation (node_modules/@testing-library/user-event/dist/type/typeImplementation.js:49:51)
      at type (node_modules/@testing-library/user-event/dist/type/index.js:27:60)
      at Object.clear (node_modules/@testing-library/user-event/dist/clear.js:34:18)

    console.error
      Warning: An update to Form inside a test was not wrapped in act(...).
      
      When testing, code that causes React state updates should be wrapped into act(...):
      
      act(() => {
        /* fire events that update state */
      });
      /* assert on the output */
      
      This ensures that you're testing the behavior the user would see in the browser. Learn more at https://reactjs.org/link/wrap-tests-with-act
          at Form (C:\Users\Andre Cadima\Documents\Gestion De Calidad de Sistemas\Calculadora_Pruebas_Unitarias\src\components\Form.js:6:9)

    [0m [90m 20 |[39m
     [90m 21 |[39m     handleChange(event) {
    [31m[1m>[22m[39m[90m 22 |[39m         [36mthis[39m[33m.[39msetState({
     [90m    |[39m              [31m[1m^[22m[39m
     [90m 23 |[39m             [event[33m.[39mtarget[33m.[39mname][33m:[39m event[33m.[39mtarget[33m.[39mvalue
     [90m 24 |[39m         })
     [90m 25 |[39m     }[0m

      at printWarning (node_modules/react-dom/cjs/react-dom.development.js:86:30)
      at error (node_modules/react-dom/cjs/react-dom.development.js:60:7)
      at warnIfUpdatesNotWrappedWithActDEV (node_modules/react-dom/cjs/react-dom.development.js:27628:9)
      at scheduleUpdateOnFiber (node_modules/react-dom/cjs/react-dom.development.js:25547:5)
      at Object.enqueueSetState (node_modules/react-dom/cjs/react-dom.development.js:17925:7)
      at Form.setState (node_modules/react/cjs/react.development.js:354:16)
      at Form.handleChange (src/components/Form.js:22:14)
      at HTMLUnknownElement.callCallback (node_modules/react-dom/cjs/react-dom.development.js:4164:14)
      at HTMLUnknownElement.callTheUserObjectsOperation (node_modules/jsdom/lib/jsdom/living/generated/EventListener.js:26:30)
      at innerInvokeEventListeners (node_modules/jsdom/lib/jsdom/living/events/EventTarget-impl.js:338:25)
      at invokeEventListeners (node_modules/jsdom/lib/jsdom/living/events/EventTarget-impl.js:274:3)
      at HTMLUnknownElementImpl._dispatch (node_modules/jsdom/lib/jsdom/living/events/EventTarget-impl.js:221:9)
      at HTMLUnknownElementImpl.dispatchEvent (node_modules/jsdom/lib/jsdom/living/events/EventTarget-impl.js:94:17)
      at HTMLUnknownElement.dispatchEvent (node_modules/jsdom/lib/jsdom/living/generated/EventTarget.js:231:34)
      at Object.invokeGuardedCallbackDev (node_modules/react-dom/cjs/react-dom.development.js:4213:16)
      at invokeGuardedCallback (node_modules/react-dom/cjs/react-dom.development.js:4277:31)
      at invokeGuardedCallbackAndCatchFirstError (node_modules/react-dom/cjs/react-dom.development.js:4291:25)
      at executeDispatch (node_modules/react-dom/cjs/react-dom.development.js:9041:3)
      at processDispatchQueueItemsInOrder (node_modules/react-dom/cjs/react-dom.development.js:9073:7)
      at processDispatchQueue (node_modules/react-dom/cjs/react-dom.development.js:9086:5)
      at dispatchEventsForPlugins (node_modules/react-dom/cjs/react-dom.development.js:9097:3)
      at node_modules/react-dom/cjs/react-dom.development.js:9288:12
      at batchedUpdates$1 (node_modules/react-dom/cjs/react-dom.development.js:26179:12)
      at batchedUpdates (node_modules/react-dom/cjs/react-dom.development.js:3991:12)
      at dispatchEventForPluginEventSystem (node_modules/react-dom/cjs/react-dom.development.js:9287:3)
      at dispatchEventWithEnableCapturePhaseSelectiveHydrationWithoutDiscreteEventReplay (node_modules/react-dom/cjs/react-dom.development.js:6465:5)
      at dispatchEvent (node_modules/react-dom/cjs/react-dom.development.js:6457:5)
      at dispatchDiscreteEvent (node_modules/react-dom/cjs/react-dom.development.js:6430:5)
      at HTMLDivElement.callTheUserObjectsOperation (node_modules/jsdom/lib/jsdom/living/generated/EventListener.js:26:30)
      at innerInvokeEventListeners (node_modules/jsdom/lib/jsdom/living/events/EventTarget-impl.js:338:25)
      at invokeEventListeners (node_modules/jsdom/lib/jsdom/living/events/EventTarget-impl.js:274:3)
      at HTMLInputElementImpl._dispatch (node_modules/jsdom/lib/jsdom/living/events/EventTarget-impl.js:221:9)
      at HTMLInputElementImpl.dispatchEvent (node_modules/jsdom/lib/jsdom/living/events/EventTarget-impl.js:94:17)
      at HTMLInputElement.dispatchEvent (node_modules/jsdom/lib/jsdom/living/generated/EventTarget.js:231:34)
      at node_modules/@testing-library/dom/dist/events.js:19:20
      at Object.eventWrapper (node_modules/@testing-library/dom/dist/config.js:25:23)
      at fireEvent (node_modules/@testing-library/dom/dist/events.js:12:35)
      at fireEvent.<computed> [as input] (node_modules/@testing-library/dom/dist/events.js:110:36)
      at fireInputEvent (node_modules/@testing-library/user-event/dist/keyboard/shared/fireInputEvent.js:31:18)
      at Object.handle (node_modules/@testing-library/user-event/dist/keyboard/plugins/character.js:138:32)
      at applyPlugins (node_modules/@testing-library/user-event/dist/keyboard/keyboardImplementation.js:157:12)
      at keypress (node_modules/@testing-library/user-event/dist/keyboard/keyboardImplementation.js:135:5)
      at keyboardImplementation (node_modules/@testing-library/user-event/dist/keyboard/keyboardImplementation.js:53:9)
      at keyboardImplementationWrapper (node_modules/@testing-library/user-event/dist/keyboard/index.js:55:65)
      at typeImplementation (node_modules/@testing-library/user-event/dist/type/typeImplementation.js:49:51)
      at Object.type (node_modules/@testing-library/user-event/dist/type/index.js:27:60)
      at Object.<anonymous> (src/components/Form.test.js:27:21)

    console.error
      Warning: An update to Form inside a test was not wrapped in act(...).
      
      When testing, code that causes React state updates should be wrapped into act(...):
      
      act(() => {
        /* fire events that update state */
      });
      /* assert on the output */
      
      This ensures that you're testing the behavior the user would see in the browser. Learn more at https://reactjs.org/link/wrap-tests-with-act
          at Form (C:\Users\Andre Cadima\Documents\Gestion De Calidad de Sistemas\Calculadora_Pruebas_Unitarias\src\components\Form.js:6:9)

    [0m [90m 20 |[39m
     [90m 21 |[39m     handleChange(event) {
    [31m[1m>[22m[39m[90m 22 |[39m         [36mthis[39m[33m.[39msetState({
     [90m    |[39m              [31m[1m^[22m[39m
     [90m 23 |[39m             [event[33m.[39mtarget[33m.[39mname][33m:[39m event[33m.[39mtarget[33m.[39mvalue
     [90m 24 |[39m         })
     [90m 25 |[39m     }[0m

      at printWarning (node_modules/react-dom/cjs/react-dom.development.js:86:30)
      at error (node_modules/react-dom/cjs/react-dom.development.js:60:7)
      at warnIfUpdatesNotWrappedWithActDEV (node_modules/react-dom/cjs/react-dom.development.js:27628:9)
      at scheduleUpdateOnFiber (node_modules/react-dom/cjs/react-dom.development.js:25547:5)
      at Object.enqueueSetState (node_modules/react-dom/cjs/react-dom.development.js:17925:7)
      at Form.setState (node_modules/react/cjs/react.development.js:354:16)
      at Form.handleChange (src/components/Form.js:22:14)
      at HTMLUnknownElement.callCallback (node_modules/react-dom/cjs/react-dom.development.js:4164:14)
      at HTMLUnknownElement.callTheUserObjectsOperation (node_modules/jsdom/lib/jsdom/living/generated/EventListener.js:26:30)
      at innerInvokeEventListeners (node_modules/jsdom/lib/jsdom/living/events/EventTarget-impl.js:338:25)
      at invokeEventListeners (node_modules/jsdom/lib/jsdom/living/events/EventTarget-impl.js:274:3)
      at HTMLUnknownElementImpl._dispatch (node_modules/jsdom/lib/jsdom/living/events/EventTarget-impl.js:221:9)
      at HTMLUnknownElementImpl.dispatchEvent (node_modules/jsdom/lib/jsdom/living/events/EventTarget-impl.js:94:17)
      at HTMLUnknownElement.dispatchEvent (node_modules/jsdom/lib/jsdom/living/generated/EventTarget.js:231:34)
      at Object.invokeGuardedCallbackDev (node_modules/react-dom/cjs/react-dom.development.js:4213:16)
      at invokeGuardedCallback (node_modules/react-dom/cjs/react-dom.development.js:4277:31)
      at invokeGuardedCallbackAndCatchFirstError (node_modules/react-dom/cjs/react-dom.development.js:4291:25)
      at executeDispatch (node_modules/react-dom/cjs/react-dom.development.js:9041:3)
      at processDispatchQueueItemsInOrder (node_modules/react-dom/cjs/react-dom.development.js:9073:7)
      at processDispatchQueue (node_modules/react-dom/cjs/react-dom.development.js:9086:5)
      at dispatchEventsForPlugins (node_modules/react-dom/cjs/react-dom.development.js:9097:3)
      at node_modules/react-dom/cjs/react-dom.development.js:9288:12
      at batchedUpdates$1 (node_modules/react-dom/cjs/react-dom.development.js:26179:12)
      at batchedUpdates (node_modules/react-dom/cjs/react-dom.development.js:3991:12)
      at dispatchEventForPluginEventSystem (node_modules/react-dom/cjs/react-dom.development.js:9287:3)
      at dispatchEventWithEnableCapturePhaseSelectiveHydrationWithoutDiscreteEventReplay (node_modules/react-dom/cjs/react-dom.development.js:6465:5)
      at dispatchEvent (node_modules/react-dom/cjs/react-dom.development.js:6457:5)
      at dispatchDiscreteEvent (node_modules/react-dom/cjs/react-dom.development.js:6430:5)
      at HTMLDivElement.callTheUserObjectsOperation (node_modules/jsdom/lib/jsdom/living/generated/EventListener.js:26:30)
      at innerInvokeEventListeners (node_modules/jsdom/lib/jsdom/living/events/EventTarget-impl.js:338:25)
      at invokeEventListeners (node_modules/jsdom/lib/jsdom/living/events/EventTarget-impl.js:274:3)
      at HTMLInputElementImpl._dispatch (node_modules/jsdom/lib/jsdom/living/events/EventTarget-impl.js:221:9)
      at HTMLInputElementImpl.dispatchEvent (node_modules/jsdom/lib/jsdom/living/events/EventTarget-impl.js:94:17)
      at HTMLInputElement.dispatchEvent (node_modules/jsdom/lib/jsdom/living/generated/EventTarget.js:231:34)
      at node_modules/@testing-library/dom/dist/events.js:19:20
      at Object.eventWrapper (node_modules/@testing-library/dom/dist/config.js:25:23)
      at fireEvent (node_modules/@testing-library/dom/dist/events.js:12:35)
      at fireEvent.<computed> [as input] (node_modules/@testing-library/dom/dist/events.js:110:36)
      at fireInputEvent (node_modules/@testing-library/user-event/dist/keyboard/shared/fireInputEvent.js:31:18)
      at Object.handle (node_modules/@testing-library/user-event/dist/keyboard/plugins/character.js:138:32)
      at applyPlugins (node_modules/@testing-library/user-event/dist/keyboard/keyboardImplementation.js:157:12)
      at keypress (node_modules/@testing-library/user-event/dist/keyboard/keyboardImplementation.js:135:5)
      at keyboardImplementation (node_modules/@testing-library/user-event/dist/keyboard/keyboardImplementation.js:53:9)
      at keyboardImplementation (node_modules/@testing-library/user-event/dist/keyboard/keyboardImplementation.js:81:12)
      at keyboardImplementationWrapper (node_modules/@testing-library/user-event/dist/keyboard/index.js:55:65)
      at typeImplementation (node_modules/@testing-library/user-event/dist/type/typeImplementation.js:49:51)
      at Object.type (node_modules/@testing-library/user-event/dist/type/index.js:27:60)
      at Object.<anonymous> (src/components/Form.test.js:27:21)

    console.error
      Warning: An update to Form inside a test was not wrapped in act(...).
      
      When testing, code that causes React state updates should be wrapped into act(...):
      
      act(() => {
        /* fire events that update state */
      });
      /* assert on the output */
      
      This ensures that you're testing the behavior the user would see in the browser. Learn more at https://reactjs.org/link/wrap-tests-with-act
          at Form (C:\Users\Andre Cadima\Documents\Gestion De Calidad de Sistemas\Calculadora_Pruebas_Unitarias\src\components\Form.js:6:9)

    [0m [90m 20 |[39m
     [90m 21 |[39m     handleChange(event) {
    [31m[1m>[22m[39m[90m 22 |[39m         [36mthis[39m[33m.[39msetState({
     [90m    |[39m              [31m[1m^[22m[39m
     [90m 23 |[39m             [event[33m.[39mtarget[33m.[39mname][33m:[39m event[33m.[39mtarget[33m.[39mvalue
     [90m 24 |[39m         })
     [90m 25 |[39m     }[0m

      at printWarning (node_modules/react-dom/cjs/react-dom.development.js:86:30)
      at error (node_modules/react-dom/cjs/react-dom.development.js:60:7)
      at warnIfUpdatesNotWrappedWithActDEV (node_modules/react-dom/cjs/react-dom.development.js:27628:9)
      at scheduleUpdateOnFiber (node_modules/react-dom/cjs/react-dom.development.js:25547:5)
      at Object.enqueueSetState (node_modules/react-dom/cjs/react-dom.development.js:17925:7)
      at Form.setState (node_modules/react/cjs/react.development.js:354:16)
      at Form.handleChange (src/components/Form.js:22:14)
      at HTMLUnknownElement.callCallback (node_modules/react-dom/cjs/react-dom.development.js:4164:14)
      at HTMLUnknownElement.callTheUserObjectsOperation (node_modules/jsdom/lib/jsdom/living/generated/EventListener.js:26:30)
      at innerInvokeEventListeners (node_modules/jsdom/lib/jsdom/living/events/EventTarget-impl.js:338:25)
      at invokeEventListeners (node_modules/jsdom/lib/jsdom/living/events/EventTarget-impl.js:274:3)
      at HTMLUnknownElementImpl._dispatch (node_modules/jsdom/lib/jsdom/living/events/EventTarget-impl.js:221:9)
      at HTMLUnknownElementImpl.dispatchEvent (node_modules/jsdom/lib/jsdom/living/events/EventTarget-impl.js:94:17)
      at HTMLUnknownElement.dispatchEvent (node_modules/jsdom/lib/jsdom/living/generated/EventTarget.js:231:34)
      at Object.invokeGuardedCallbackDev (node_modules/react-dom/cjs/react-dom.development.js:4213:16)
      at invokeGuardedCallback (node_modules/react-dom/cjs/react-dom.development.js:4277:31)
      at invokeGuardedCallbackAndCatchFirstError (node_modules/react-dom/cjs/react-dom.development.js:4291:25)
      at executeDispatch (node_modules/react-dom/cjs/react-dom.development.js:9041:3)
      at processDispatchQueueItemsInOrder (node_modules/react-dom/cjs/react-dom.development.js:9073:7)
      at processDispatchQueue (node_modules/react-dom/cjs/react-dom.development.js:9086:5)
      at dispatchEventsForPlugins (node_modules/react-dom/cjs/react-dom.development.js:9097:3)
      at node_modules/react-dom/cjs/react-dom.development.js:9288:12
      at batchedUpdates$1 (node_modules/react-dom/cjs/react-dom.development.js:26179:12)
      at batchedUpdates (node_modules/react-dom/cjs/react-dom.development.js:3991:12)
      at dispatchEventForPluginEventSystem (node_modules/react-dom/cjs/react-dom.development.js:9287:3)
      at dispatchEventWithEnableCapturePhaseSelectiveHydrationWithoutDiscreteEventReplay (node_modules/react-dom/cjs/react-dom.development.js:6465:5)
      at dispatchEvent (node_modules/react-dom/cjs/react-dom.development.js:6457:5)
      at dispatchDiscreteEvent (node_modules/react-dom/cjs/react-dom.development.js:6430:5)
      at HTMLDivElement.callTheUserObjectsOperation (node_modules/jsdom/lib/jsdom/living/generated/EventListener.js:26:30)
      at innerInvokeEventListeners (node_modules/jsdom/lib/jsdom/living/events/EventTarget-impl.js:338:25)
      at invokeEventListeners (node_modules/jsdom/lib/jsdom/living/events/EventTarget-impl.js:274:3)
      at HTMLInputElementImpl._dispatch (node_modules/jsdom/lib/jsdom/living/events/EventTarget-impl.js:221:9)
      at HTMLInputElementImpl.dispatchEvent (node_modules/jsdom/lib/jsdom/living/events/EventTarget-impl.js:94:17)
      at HTMLInputElement.dispatchEvent (node_modules/jsdom/lib/jsdom/living/generated/EventTarget.js:231:34)
      at node_modules/@testing-library/dom/dist/events.js:19:20
      at Object.eventWrapper (node_modules/@testing-library/dom/dist/config.js:25:23)
      at fireEvent (node_modules/@testing-library/dom/dist/events.js:12:35)
      at fireEvent.<computed> [as input] (node_modules/@testing-library/dom/dist/events.js:110:36)
      at fireInputEvent (node_modules/@testing-library/user-event/dist/keyboard/shared/fireInputEvent.js:31:18)
      at Object.handle (node_modules/@testing-library/user-event/dist/keyboard/plugins/character.js:138:32)
      at applyPlugins (node_modules/@testing-library/user-event/dist/keyboard/keyboardImplementation.js:157:12)
      at keypress (node_modules/@testing-library/user-event/dist/keyboard/keyboardImplementation.js:135:5)
      at keyboardImplementation (node_modules/@testing-library/user-event/dist/keyboard/keyboardImplementation.js:53:9)
      at keyboardImplementation (node_modules/@testing-library/user-event/dist/keyboard/keyboardImplementation.js:81:12)
      at keyboardImplementation (node_modules/@testing-library/user-event/dist/keyboard/keyboardImplementation.js:81:12)
      at keyboardImplementationWrapper (node_modules/@testing-library/user-event/dist/keyboard/index.js:55:65)
      at typeImplementation (node_modules/@testing-library/user-event/dist/type/typeImplementation.js:49:51)
      at Object.type (node_modules/@testing-library/user-event/dist/type/index.js:27:60)

    console.error
      Warning: An update to Form inside a test was not wrapped in act(...).
      
      When testing, code that causes React state updates should be wrapped into act(...):
      
      act(() => {
        /* fire events that update state */
      });
      /* assert on the output */
      
      This ensures that you're testing the behavior the user would see in the browser. Learn more at https://reactjs.org/link/wrap-tests-with-act
          at Form (C:\Users\Andre Cadima\Documents\Gestion De Calidad de Sistemas\Calculadora_Pruebas_Unitarias\src\components\Form.js:6:9)

    [0m [90m 20 |[39m
     [90m 21 |[39m     handleChange(event) {
    [31m[1m>[22m[39m[90m 22 |[39m         [36mthis[39m[33m.[39msetState({
     [90m    |[39m              [31m[1m^[22m[39m
     [90m 23 |[39m             [event[33m.[39mtarget[33m.[39mname][33m:[39m event[33m.[39mtarget[33m.[39mvalue
     [90m 24 |[39m         })
     [90m 25 |[39m     }[0m

      at printWarning (node_modules/react-dom/cjs/react-dom.development.js:86:30)
      at error (node_modules/react-dom/cjs/react-dom.development.js:60:7)
      at warnIfUpdatesNotWrappedWithActDEV (node_modules/react-dom/cjs/react-dom.development.js:27628:9)
      at scheduleUpdateOnFiber (node_modules/react-dom/cjs/react-dom.development.js:25547:5)
      at Object.enqueueSetState (node_modules/react-dom/cjs/react-dom.development.js:17925:7)
      at Form.setState (node_modules/react/cjs/react.development.js:354:16)
      at Form.handleChange (src/components/Form.js:22:14)
      at HTMLUnknownElement.callCallback (node_modules/react-dom/cjs/react-dom.development.js:4164:14)
      at HTMLUnknownElement.callTheUserObjectsOperation (node_modules/jsdom/lib/jsdom/living/generated/EventListener.js:26:30)
      at innerInvokeEventListeners (node_modules/jsdom/lib/jsdom/living/events/EventTarget-impl.js:338:25)
      at invokeEventListeners (node_modules/jsdom/lib/jsdom/living/events/EventTarget-impl.js:274:3)
      at HTMLUnknownElementImpl._dispatch (node_modules/jsdom/lib/jsdom/living/events/EventTarget-impl.js:221:9)
      at HTMLUnknownElementImpl.dispatchEvent (node_modules/jsdom/lib/jsdom/living/events/EventTarget-impl.js:94:17)
      at HTMLUnknownElement.dispatchEvent (node_modules/jsdom/lib/jsdom/living/generated/EventTarget.js:231:34)
      at Object.invokeGuardedCallbackDev (node_modules/react-dom/cjs/react-dom.development.js:4213:16)
      at invokeGuardedCallback (node_modules/react-dom/cjs/react-dom.development.js:4277:31)
      at invokeGuardedCallbackAndCatchFirstError (node_modules/react-dom/cjs/react-dom.development.js:4291:25)
      at executeDispatch (node_modules/react-dom/cjs/react-dom.development.js:9041:3)
      at processDispatchQueueItemsInOrder (node_modules/react-dom/cjs/react-dom.development.js:9073:7)
      at processDispatchQueue (node_modules/react-dom/cjs/react-dom.development.js:9086:5)
      at dispatchEventsForPlugins (node_modules/react-dom/cjs/react-dom.development.js:9097:3)
      at node_modules/react-dom/cjs/react-dom.development.js:9288:12
      at batchedUpdates$1 (node_modules/react-dom/cjs/react-dom.development.js:26179:12)
      at batchedUpdates (node_modules/react-dom/cjs/react-dom.development.js:3991:12)
      at dispatchEventForPluginEventSystem (node_modules/react-dom/cjs/react-dom.development.js:9287:3)
      at dispatchEventWithEnableCapturePhaseSelectiveHydrationWithoutDiscreteEventReplay (node_modules/react-dom/cjs/react-dom.development.js:6465:5)
      at dispatchEvent (node_modules/react-dom/cjs/react-dom.development.js:6457:5)
      at dispatchDiscreteEvent (node_modules/react-dom/cjs/react-dom.development.js:6430:5)
      at HTMLDivElement.callTheUserObjectsOperation (node_modules/jsdom/lib/jsdom/living/generated/EventListener.js:26:30)
      at innerInvokeEventListeners (node_modules/jsdom/lib/jsdom/living/events/EventTarget-impl.js:338:25)
      at invokeEventListeners (node_modules/jsdom/lib/jsdom/living/events/EventTarget-impl.js:274:3)
      at HTMLInputElementImpl._dispatch (node_modules/jsdom/lib/jsdom/living/events/EventTarget-impl.js:221:9)
      at HTMLInputElementImpl.dispatchEvent (node_modules/jsdom/lib/jsdom/living/events/EventTarget-impl.js:94:17)
      at HTMLInputElement.dispatchEvent (node_modules/jsdom/lib/jsdom/living/generated/EventTarget.js:231:34)
      at node_modules/@testing-library/dom/dist/events.js:19:20
      at Object.eventWrapper (node_modules/@testing-library/dom/dist/config.js:25:23)
      at fireEvent (node_modules/@testing-library/dom/dist/events.js:12:35)
      at fireEvent.<computed> [as input] (node_modules/@testing-library/dom/dist/events.js:110:36)
      at fireInputEvent (node_modules/@testing-library/user-event/dist/keyboard/shared/fireInputEvent.js:31:18)
      at Object.handle (node_modules/@testing-library/user-event/dist/keyboard/plugins/control.js:53:32)
      at applyPlugins (node_modules/@testing-library/user-event/dist/keyboard/keyboardImplementation.js:157:12)
      at keydown (node_modules/@testing-library/user-event/dist/keyboard/keyboardImplementation.js:123:5)
      at keyboardImplementation (node_modules/@testing-library/user-event/dist/keyboard/keyboardImplementation.js:50:34)
      at keyboardImplementation (node_modules/@testing-library/user-event/dist/keyboard/keyboardImplementation.js:81:12)
      at keyboardImplementationWrapper (node_modules/@testing-library/user-event/dist/keyboard/index.js:55:65)
      at typeImplementation (node_modules/@testing-library/user-event/dist/type/typeImplementation.js:49:51)
      at type (node_modules/@testing-library/user-event/dist/type/index.js:27:60)
      at Object.clear (node_modules/@testing-library/user-event/dist/clear.js:34:18)

    console.error
      Warning: An update to Form inside a test was not wrapped in act(...).
      
      When testing, code that causes React state updates should be wrapped into act(...):
      
      act(() => {
        /* fire events that update state */
      });
      /* assert on the output */
      
      This ensures that you're testing the behavior the user would see in the browser. Learn more at https://reactjs.org/link/wrap-tests-with-act
          at Form (C:\Users\Andre Cadima\Documents\Gestion De Calidad de Sistemas\Calculadora_Pruebas_Unitarias\src\components\Form.js:6:9)

    [0m [90m 20 |[39m
     [90m 21 |[39m     handleChange(event) {
    [31m[1m>[22m[39m[90m 22 |[39m         [36mthis[39m[33m.[39msetState({
     [90m    |[39m              [31m[1m^[22m[39m
     [90m 23 |[39m             [event[33m.[39mtarget[33m.[39mname][33m:[39m event[33m.[39mtarget[33m.[39mvalue
     [90m 24 |[39m         })
     [90m 25 |[39m     }[0m

      at printWarning (node_modules/react-dom/cjs/react-dom.development.js:86:30)
      at error (node_modules/react-dom/cjs/react-dom.development.js:60:7)
      at warnIfUpdatesNotWrappedWithActDEV (node_modules/react-dom/cjs/react-dom.development.js:27628:9)
      at scheduleUpdateOnFiber (node_modules/react-dom/cjs/react-dom.development.js:25547:5)
      at Object.enqueueSetState (node_modules/react-dom/cjs/react-dom.development.js:17925:7)
      at Form.setState (node_modules/react/cjs/react.development.js:354:16)
      at Form.handleChange (src/components/Form.js:22:14)
      at HTMLUnknownElement.callCallback (node_modules/react-dom/cjs/react-dom.development.js:4164:14)
      at HTMLUnknownElement.callTheUserObjectsOperation (node_modules/jsdom/lib/jsdom/living/generated/EventListener.js:26:30)
      at innerInvokeEventListeners (node_modules/jsdom/lib/jsdom/living/events/EventTarget-impl.js:338:25)
      at invokeEventListeners (node_modules/jsdom/lib/jsdom/living/events/EventTarget-impl.js:274:3)
      at HTMLUnknownElementImpl._dispatch (node_modules/jsdom/lib/jsdom/living/events/EventTarget-impl.js:221:9)
      at HTMLUnknownElementImpl.dispatchEvent (node_modules/jsdom/lib/jsdom/living/events/EventTarget-impl.js:94:17)
      at HTMLUnknownElement.dispatchEvent (node_modules/jsdom/lib/jsdom/living/generated/EventTarget.js:231:34)
      at Object.invokeGuardedCallbackDev (node_modules/react-dom/cjs/react-dom.development.js:4213:16)
      at invokeGuardedCallback (node_modules/react-dom/cjs/react-dom.development.js:4277:31)
      at invokeGuardedCallbackAndCatchFirstError (node_modules/react-dom/cjs/react-dom.development.js:4291:25)
      at executeDispatch (node_modules/react-dom/cjs/react-dom.development.js:9041:3)
      at processDispatchQueueItemsInOrder (node_modules/react-dom/cjs/react-dom.development.js:9073:7)
      at processDispatchQueue (node_modules/react-dom/cjs/react-dom.development.js:9086:5)
      at dispatchEventsForPlugins (node_modules/react-dom/cjs/react-dom.development.js:9097:3)
      at node_modules/react-dom/cjs/react-dom.development.js:9288:12
      at batchedUpdates$1 (node_modules/react-dom/cjs/react-dom.development.js:26179:12)
      at batchedUpdates (node_modules/react-dom/cjs/react-dom.development.js:3991:12)
      at dispatchEventForPluginEventSystem (node_modules/react-dom/cjs/react-dom.development.js:9287:3)
      at dispatchEventWithEnableCapturePhaseSelectiveHydrationWithoutDiscreteEventReplay (node_modules/react-dom/cjs/react-dom.development.js:6465:5)
      at dispatchEvent (node_modules/react-dom/cjs/react-dom.development.js:6457:5)
      at dispatchDiscreteEvent (node_modules/react-dom/cjs/react-dom.development.js:6430:5)
      at HTMLDivElement.callTheUserObjectsOperation (node_modules/jsdom/lib/jsdom/living/generated/EventListener.js:26:30)
      at innerInvokeEventListeners (node_modules/jsdom/lib/jsdom/living/events/EventTarget-impl.js:338:25)
      at invokeEventListeners (node_modules/jsdom/lib/jsdom/living/events/EventTarget-impl.js:274:3)
      at HTMLInputElementImpl._dispatch (node_modules/jsdom/lib/jsdom/living/events/EventTarget-impl.js:221:9)
      at HTMLInputElementImpl.dispatchEvent (node_modules/jsdom/lib/jsdom/living/events/EventTarget-impl.js:94:17)
      at HTMLInputElement.dispatchEvent (node_modules/jsdom/lib/jsdom/living/generated/EventTarget.js:231:34)
      at node_modules/@testing-library/dom/dist/events.js:19:20
      at Object.eventWrapper (node_modules/@testing-library/dom/dist/config.js:25:23)
      at fireEvent (node_modules/@testing-library/dom/dist/events.js:12:35)
      at fireEvent.<computed> [as input] (node_modules/@testing-library/dom/dist/events.js:110:36)
      at fireInputEvent (node_modules/@testing-library/user-event/dist/keyboard/shared/fireInputEvent.js:31:18)
      at Object.handle (node_modules/@testing-library/user-event/dist/keyboard/plugins/character.js:138:32)
      at applyPlugins (node_modules/@testing-library/user-event/dist/keyboard/keyboardImplementation.js:157:12)
      at keypress (node_modules/@testing-library/user-event/dist/keyboard/keyboardImplementation.js:135:5)
      at keyboardImplementation (node_modules/@testing-library/user-event/dist/keyboard/keyboardImplementation.js:53:9)
      at keyboardImplementationWrapper (node_modules/@testing-library/user-event/dist/keyboard/index.js:55:65)
      at typeImplementation (node_modules/@testing-library/user-event/dist/type/typeImplementation.js:49:51)
      at Object.type (node_modules/@testing-library/user-event/dist/type/index.js:27:60)
      at Object.<anonymous> (src/components/Form.test.js:29:21)

    console.error
      Warning: An update to Form inside a test was not wrapped in act(...).
      
      When testing, code that causes React state updates should be wrapped into act(...):
      
      act(() => {
        /* fire events that update state */
      });
      /* assert on the output */
      
      This ensures that you're testing the behavior the user would see in the browser. Learn more at https://reactjs.org/link/wrap-tests-with-act
          at Form (C:\Users\Andre Cadima\Documents\Gestion De Calidad de Sistemas\Calculadora_Pruebas_Unitarias\src\components\Form.js:6:9)

    [0m [90m 20 |[39m
     [90m 21 |[39m     handleChange(event) {
    [31m[1m>[22m[39m[90m 22 |[39m         [36mthis[39m[33m.[39msetState({
     [90m    |[39m              [31m[1m^[22m[39m
     [90m 23 |[39m             [event[33m.[39mtarget[33m.[39mname][33m:[39m event[33m.[39mtarget[33m.[39mvalue
     [90m 24 |[39m         })
     [90m 25 |[39m     }[0m

      at printWarning (node_modules/react-dom/cjs/react-dom.development.js:86:30)
      at error (node_modules/react-dom/cjs/react-dom.development.js:60:7)
      at warnIfUpdatesNotWrappedWithActDEV (node_modules/react-dom/cjs/react-dom.development.js:27628:9)
      at scheduleUpdateOnFiber (node_modules/react-dom/cjs/react-dom.development.js:25547:5)
      at Object.enqueueSetState (node_modules/react-dom/cjs/react-dom.development.js:17925:7)
      at Form.setState (node_modules/react/cjs/react.development.js:354:16)
      at Form.handleChange (src/components/Form.js:22:14)
      at HTMLUnknownElement.callCallback (node_modules/react-dom/cjs/react-dom.development.js:4164:14)
      at HTMLUnknownElement.callTheUserObjectsOperation (node_modules/jsdom/lib/jsdom/living/generated/EventListener.js:26:30)
      at innerInvokeEventListeners (node_modules/jsdom/lib/jsdom/living/events/EventTarget-impl.js:338:25)
      at invokeEventListeners (node_modules/jsdom/lib/jsdom/living/events/EventTarget-impl.js:274:3)
      at HTMLUnknownElementImpl._dispatch (node_modules/jsdom/lib/jsdom/living/events/EventTarget-impl.js:221:9)
      at HTMLUnknownElementImpl.dispatchEvent (node_modules/jsdom/lib/jsdom/living/events/EventTarget-impl.js:94:17)
      at HTMLUnknownElement.dispatchEvent (node_modules/jsdom/lib/jsdom/living/generated/EventTarget.js:231:34)
      at Object.invokeGuardedCallbackDev (node_modules/react-dom/cjs/react-dom.development.js:4213:16)
      at invokeGuardedCallback (node_modules/react-dom/cjs/react-dom.development.js:4277:31)
      at invokeGuardedCallbackAndCatchFirstError (node_modules/react-dom/cjs/react-dom.development.js:4291:25)
      at executeDispatch (node_modules/react-dom/cjs/react-dom.development.js:9041:3)
      at processDispatchQueueItemsInOrder (node_modules/react-dom/cjs/react-dom.development.js:9073:7)
      at processDispatchQueue (node_modules/react-dom/cjs/react-dom.development.js:9086:5)
      at dispatchEventsForPlugins (node_modules/react-dom/cjs/react-dom.development.js:9097:3)
      at node_modules/react-dom/cjs/react-dom.development.js:9288:12
      at batchedUpdates$1 (node_modules/react-dom/cjs/react-dom.development.js:26179:12)
      at batchedUpdates (node_modules/react-dom/cjs/react-dom.development.js:3991:12)
      at dispatchEventForPluginEventSystem (node_modules/react-dom/cjs/react-dom.development.js:9287:3)
      at dispatchEventWithEnableCapturePhaseSelectiveHydrationWithoutDiscreteEventReplay (node_modules/react-dom/cjs/react-dom.development.js:6465:5)
      at dispatchEvent (node_modules/react-dom/cjs/react-dom.development.js:6457:5)
      at dispatchDiscreteEvent (node_modules/react-dom/cjs/react-dom.development.js:6430:5)
      at HTMLDivElement.callTheUserObjectsOperation (node_modules/jsdom/lib/jsdom/living/generated/EventListener.js:26:30)
      at innerInvokeEventListeners (node_modules/jsdom/lib/jsdom/living/events/EventTarget-impl.js:338:25)
      at invokeEventListeners (node_modules/jsdom/lib/jsdom/living/events/EventTarget-impl.js:274:3)
      at HTMLInputElementImpl._dispatch (node_modules/jsdom/lib/jsdom/living/events/EventTarget-impl.js:221:9)
      at HTMLInputElementImpl.dispatchEvent (node_modules/jsdom/lib/jsdom/living/events/EventTarget-impl.js:94:17)
      at HTMLInputElement.dispatchEvent (node_modules/jsdom/lib/jsdom/living/generated/EventTarget.js:231:34)
      at node_modules/@testing-library/dom/dist/events.js:19:20
      at Object.eventWrapper (node_modules/@testing-library/dom/dist/config.js:25:23)
      at fireEvent (node_modules/@testing-library/dom/dist/events.js:12:35)
      at fireEvent.<computed> [as input] (node_modules/@testing-library/dom/dist/events.js:110:36)
      at fireInputEvent (node_modules/@testing-library/user-event/dist/keyboard/shared/fireInputEvent.js:31:18)
      at Object.handle (node_modules/@testing-library/user-event/dist/keyboard/plugins/character.js:138:32)
      at applyPlugins (node_modules/@testing-library/user-event/dist/keyboard/keyboardImplementation.js:157:12)
      at keypress (node_modules/@testing-library/user-event/dist/keyboard/keyboardImplementation.js:135:5)
      at keyboardImplementation (node_modules/@testing-library/user-event/dist/keyboard/keyboardImplementation.js:53:9)
      at keyboardImplementation (node_modules/@testing-library/user-event/dist/keyboard/keyboardImplementation.js:81:12)
      at keyboardImplementationWrapper (node_modules/@testing-library/user-event/dist/keyboard/index.js:55:65)
      at typeImplementation (node_modules/@testing-library/user-event/dist/type/typeImplementation.js:49:51)
      at Object.type (node_modules/@testing-library/user-event/dist/type/index.js:27:60)
      at Object.<anonymous> (src/components/Form.test.js:29:21)

    console.error
      Warning: An update to Form inside a test was not wrapped in act(...).
      
      When testing, code that causes React state updates should be wrapped into act(...):
      
      act(() => {
        /* fire events that update state */
      });
      /* assert on the output */
      
      This ensures that you're testing the behavior the user would see in the browser. Learn more at https://reactjs.org/link/wrap-tests-with-act
          at Form (C:\Users\Andre Cadima\Documents\Gestion De Calidad de Sistemas\Calculadora_Pruebas_Unitarias\src\components\Form.js:6:9)

    [0m [90m 20 |[39m
     [90m 21 |[39m     handleChange(event) {
    [31m[1m>[22m[39m[90m 22 |[39m         [36mthis[39m[33m.[39msetState({
     [90m    |[39m              [31m[1m^[22m[39m
     [90m 23 |[39m             [event[33m.[39mtarget[33m.[39mname][33m:[39m event[33m.[39mtarget[33m.[39mvalue
     [90m 24 |[39m         })
     [90m 25 |[39m     }[0m

      at printWarning (node_modules/react-dom/cjs/react-dom.development.js:86:30)
      at error (node_modules/react-dom/cjs/react-dom.development.js:60:7)
      at warnIfUpdatesNotWrappedWithActDEV (node_modules/react-dom/cjs/react-dom.development.js:27628:9)
      at scheduleUpdateOnFiber (node_modules/react-dom/cjs/react-dom.development.js:25547:5)
      at Object.enqueueSetState (node_modules/react-dom/cjs/react-dom.development.js:17925:7)
      at Form.setState (node_modules/react/cjs/react.development.js:354:16)
      at Form.handleChange (src/components/Form.js:22:14)
      at HTMLUnknownElement.callCallback (node_modules/react-dom/cjs/react-dom.development.js:4164:14)
      at HTMLUnknownElement.callTheUserObjectsOperation (node_modules/jsdom/lib/jsdom/living/generated/EventListener.js:26:30)
      at innerInvokeEventListeners (node_modules/jsdom/lib/jsdom/living/events/EventTarget-impl.js:338:25)
      at invokeEventListeners (node_modules/jsdom/lib/jsdom/living/events/EventTarget-impl.js:274:3)
      at HTMLUnknownElementImpl._dispatch (node_modules/jsdom/lib/jsdom/living/events/EventTarget-impl.js:221:9)
      at HTMLUnknownElementImpl.dispatchEvent (node_modules/jsdom/lib/jsdom/living/events/EventTarget-impl.js:94:17)
      at HTMLUnknownElement.dispatchEvent (node_modules/jsdom/lib/jsdom/living/generated/EventTarget.js:231:34)
      at Object.invokeGuardedCallbackDev (node_modules/react-dom/cjs/react-dom.development.js:4213:16)
      at invokeGuardedCallback (node_modules/react-dom/cjs/react-dom.development.js:4277:31)
      at invokeGuardedCallbackAndCatchFirstError (node_modules/react-dom/cjs/react-dom.development.js:4291:25)
      at executeDispatch (node_modules/react-dom/cjs/react-dom.development.js:9041:3)
      at processDispatchQueueItemsInOrder (node_modules/react-dom/cjs/react-dom.development.js:9073:7)
      at processDispatchQueue (node_modules/react-dom/cjs/react-dom.development.js:9086:5)
      at dispatchEventsForPlugins (node_modules/react-dom/cjs/react-dom.development.js:9097:3)
      at node_modules/react-dom/cjs/react-dom.development.js:9288:12
      at batchedUpdates$1 (node_modules/react-dom/cjs/react-dom.development.js:26179:12)
      at batchedUpdates (node_modules/react-dom/cjs/react-dom.development.js:3991:12)
      at dispatchEventForPluginEventSystem (node_modules/react-dom/cjs/react-dom.development.js:9287:3)
      at dispatchEventWithEnableCapturePhaseSelectiveHydrationWithoutDiscreteEventReplay (node_modules/react-dom/cjs/react-dom.development.js:6465:5)
      at dispatchEvent (node_modules/react-dom/cjs/react-dom.development.js:6457:5)
      at dispatchDiscreteEvent (node_modules/react-dom/cjs/react-dom.development.js:6430:5)
      at HTMLDivElement.callTheUserObjectsOperation (node_modules/jsdom/lib/jsdom/living/generated/EventListener.js:26:30)
      at innerInvokeEventListeners (node_modules/jsdom/lib/jsdom/living/events/EventTarget-impl.js:338:25)
      at invokeEventListeners (node_modules/jsdom/lib/jsdom/living/events/EventTarget-impl.js:274:3)
      at HTMLInputElementImpl._dispatch (node_modules/jsdom/lib/jsdom/living/events/EventTarget-impl.js:221:9)
      at HTMLInputElementImpl.dispatchEvent (node_modules/jsdom/lib/jsdom/living/events/EventTarget-impl.js:94:17)
      at HTMLInputElement.dispatchEvent (node_modules/jsdom/lib/jsdom/living/generated/EventTarget.js:231:34)
      at node_modules/@testing-library/dom/dist/events.js:19:20
      at Object.eventWrapper (node_modules/@testing-library/dom/dist/config.js:25:23)
      at fireEvent (node_modules/@testing-library/dom/dist/events.js:12:35)
      at fireEvent.<computed> [as input] (node_modules/@testing-library/dom/dist/events.js:110:36)
      at fireInputEvent (node_modules/@testing-library/user-event/dist/keyboard/shared/fireInputEvent.js:31:18)
      at Object.handle (node_modules/@testing-library/user-event/dist/keyboard/plugins/control.js:53:32)
      at applyPlugins (node_modules/@testing-library/user-event/dist/keyboard/keyboardImplementation.js:157:12)
      at keydown (node_modules/@testing-library/user-event/dist/keyboard/keyboardImplementation.js:123:5)
      at keyboardImplementation (node_modules/@testing-library/user-event/dist/keyboard/keyboardImplementation.js:50:34)
      at keyboardImplementation (node_modules/@testing-library/user-event/dist/keyboard/keyboardImplementation.js:81:12)
      at keyboardImplementationWrapper (node_modules/@testing-library/user-event/dist/keyboard/index.js:55:65)
      at typeImplementation (node_modules/@testing-library/user-event/dist/type/typeImplementation.js:49:51)
      at type (node_modules/@testing-library/user-event/dist/type/index.js:27:60)
      at Object.clear (node_modules/@testing-library/user-event/dist/clear.js:34:18)

    console.error
      Warning: An update to Form inside a test was not wrapped in act(...).
      
      When testing, code that causes React state updates should be wrapped into act(...):
      
      act(() => {
        /* fire events that update state */
      });
      /* assert on the output */
      
      This ensures that you're testing the behavior the user would see in the browser. Learn more at https://reactjs.org/link/wrap-tests-with-act
          at Form (C:\Users\Andre Cadima\Documents\Gestion De Calidad de Sistemas\Calculadora_Pruebas_Unitarias\src\components\Form.js:6:9)

    [0m [90m 20 |[39m
     [90m 21 |[39m     handleChange(event) {
    [31m[1m>[22m[39m[90m 22 |[39m         [36mthis[39m[33m.[39msetState({
     [90m    |[39m              [31m[1m^[22m[39m
     [90m 23 |[39m             [event[33m.[39mtarget[33m.[39mname][33m:[39m event[33m.[39mtarget[33m.[39mvalue
     [90m 24 |[39m         })
     [90m 25 |[39m     }[0m

      at printWarning (node_modules/react-dom/cjs/react-dom.development.js:86:30)
      at error (node_modules/react-dom/cjs/react-dom.development.js:60:7)
      at warnIfUpdatesNotWrappedWithActDEV (node_modules/react-dom/cjs/react-dom.development.js:27628:9)
      at scheduleUpdateOnFiber (node_modules/react-dom/cjs/react-dom.development.js:25547:5)
      at Object.enqueueSetState (node_modules/react-dom/cjs/react-dom.development.js:17925:7)
      at Form.setState (node_modules/react/cjs/react.development.js:354:16)
      at Form.handleChange (src/components/Form.js:22:14)
      at HTMLUnknownElement.callCallback (node_modules/react-dom/cjs/react-dom.development.js:4164:14)
      at HTMLUnknownElement.callTheUserObjectsOperation (node_modules/jsdom/lib/jsdom/living/generated/EventListener.js:26:30)
      at innerInvokeEventListeners (node_modules/jsdom/lib/jsdom/living/events/EventTarget-impl.js:338:25)
      at invokeEventListeners (node_modules/jsdom/lib/jsdom/living/events/EventTarget-impl.js:274:3)
      at HTMLUnknownElementImpl._dispatch (node_modules/jsdom/lib/jsdom/living/events/EventTarget-impl.js:221:9)
      at HTMLUnknownElementImpl.dispatchEvent (node_modules/jsdom/lib/jsdom/living/events/EventTarget-impl.js:94:17)
      at HTMLUnknownElement.dispatchEvent (node_modules/jsdom/lib/jsdom/living/generated/EventTarget.js:231:34)
      at Object.invokeGuardedCallbackDev (node_modules/react-dom/cjs/react-dom.development.js:4213:16)
      at invokeGuardedCallback (node_modules/react-dom/cjs/react-dom.development.js:4277:31)
      at invokeGuardedCallbackAndCatchFirstError (node_modules/react-dom/cjs/react-dom.development.js:4291:25)
      at executeDispatch (node_modules/react-dom/cjs/react-dom.development.js:9041:3)
      at processDispatchQueueItemsInOrder (node_modules/react-dom/cjs/react-dom.development.js:9073:7)
      at processDispatchQueue (node_modules/react-dom/cjs/react-dom.development.js:9086:5)
      at dispatchEventsForPlugins (node_modules/react-dom/cjs/react-dom.development.js:9097:3)
      at node_modules/react-dom/cjs/react-dom.development.js:9288:12
      at batchedUpdates$1 (node_modules/react-dom/cjs/react-dom.development.js:26179:12)
      at batchedUpdates (node_modules/react-dom/cjs/react-dom.development.js:3991:12)
      at dispatchEventForPluginEventSystem (node_modules/react-dom/cjs/react-dom.development.js:9287:3)
      at dispatchEventWithEnableCapturePhaseSelectiveHydrationWithoutDiscreteEventReplay (node_modules/react-dom/cjs/react-dom.development.js:6465:5)
      at dispatchEvent (node_modules/react-dom/cjs/react-dom.development.js:6457:5)
      at dispatchDiscreteEvent (node_modules/react-dom/cjs/react-dom.development.js:6430:5)
      at HTMLDivElement.callTheUserObjectsOperation (node_modules/jsdom/lib/jsdom/living/generated/EventListener.js:26:30)
      at innerInvokeEventListeners (node_modules/jsdom/lib/jsdom/living/events/EventTarget-impl.js:338:25)
      at invokeEventListeners (node_modules/jsdom/lib/jsdom/living/events/EventTarget-impl.js:274:3)
      at HTMLInputElementImpl._dispatch (node_modules/jsdom/lib/jsdom/living/events/EventTarget-impl.js:221:9)
      at HTMLInputElementImpl.dispatchEvent (node_modules/jsdom/lib/jsdom/living/events/EventTarget-impl.js:94:17)
      at HTMLInputElement.dispatchEvent (node_modules/jsdom/lib/jsdom/living/generated/EventTarget.js:231:34)
      at node_modules/@testing-library/dom/dist/events.js:19:20
      at Object.eventWrapper (node_modules/@testing-library/dom/dist/config.js:25:23)
      at fireEvent (node_modules/@testing-library/dom/dist/events.js:12:35)
      at fireEvent.<computed> [as input] (node_modules/@testing-library/dom/dist/events.js:110:36)
      at fireInputEvent (node_modules/@testing-library/user-event/dist/keyboard/shared/fireInputEvent.js:31:18)
      at Object.handle (node_modules/@testing-library/user-event/dist/keyboard/plugins/character.js:138:32)
      at applyPlugins (node_modules/@testing-library/user-event/dist/keyboard/keyboardImplementation.js:157:12)
      at keypress (node_modules/@testing-library/user-event/dist/keyboard/keyboardImplementation.js:135:5)
      at keyboardImplementation (node_modules/@testing-library/user-event/dist/keyboard/keyboardImplementation.js:53:9)
      at keyboardImplementationWrapper (node_modules/@testing-library/user-event/dist/keyboard/index.js:55:65)
      at typeImplementation (node_modules/@testing-library/user-event/dist/type/typeImplementation.js:49:51)
      at Object.type (node_modules/@testing-library/user-event/dist/type/index.js:27:60)
      at Object.<anonymous> (src/components/Form.test.js:31:21)

    console.error
      Warning: An update to Form inside a test was not wrapped in act(...).
      
      When testing, code that causes React state updates should be wrapped into act(...):
      
      act(() => {
        /* fire events that update state */
      });
      /* assert on the output */
      
      This ensures that you're testing the behavior the user would see in the browser. Learn more at https://reactjs.org/link/wrap-tests-with-act
          at Form (C:\Users\Andre Cadima\Documents\Gestion De Calidad de Sistemas\Calculadora_Pruebas_Unitarias\src\components\Form.js:6:9)

    [0m [90m 20 |[39m
     [90m 21 |[39m     handleChange(event) {
    [31m[1m>[22m[39m[90m 22 |[39m         [36mthis[39m[33m.[39msetState({
     [90m    |[39m              [31m[1m^[22m[39m
     [90m 23 |[39m             [event[33m.[39mtarget[33m.[39mname][33m:[39m event[33m.[39mtarget[33m.[39mvalue
     [90m 24 |[39m         })
     [90m 25 |[39m     }[0m

      at printWarning (node_modules/react-dom/cjs/react-dom.development.js:86:30)
      at error (node_modules/react-dom/cjs/react-dom.development.js:60:7)
      at warnIfUpdatesNotWrappedWithActDEV (node_modules/react-dom/cjs/react-dom.development.js:27628:9)
      at scheduleUpdateOnFiber (node_modules/react-dom/cjs/react-dom.development.js:25547:5)
      at Object.enqueueSetState (node_modules/react-dom/cjs/react-dom.development.js:17925:7)
      at Form.setState (node_modules/react/cjs/react.development.js:354:16)
      at Form.handleChange (src/components/Form.js:22:14)
      at HTMLUnknownElement.callCallback (node_modules/react-dom/cjs/react-dom.development.js:4164:14)
      at HTMLUnknownElement.callTheUserObjectsOperation (node_modules/jsdom/lib/jsdom/living/generated/EventListener.js:26:30)
      at innerInvokeEventListeners (node_modules/jsdom/lib/jsdom/living/events/EventTarget-impl.js:338:25)
      at invokeEventListeners (node_modules/jsdom/lib/jsdom/living/events/EventTarget-impl.js:274:3)
      at HTMLUnknownElementImpl._dispatch (node_modules/jsdom/lib/jsdom/living/events/EventTarget-impl.js:221:9)
      at HTMLUnknownElementImpl.dispatchEvent (node_modules/jsdom/lib/jsdom/living/events/EventTarget-impl.js:94:17)
      at HTMLUnknownElement.dispatchEvent (node_modules/jsdom/lib/jsdom/living/generated/EventTarget.js:231:34)
      at Object.invokeGuardedCallbackDev (node_modules/react-dom/cjs/react-dom.development.js:4213:16)
      at invokeGuardedCallback (node_modules/react-dom/cjs/react-dom.development.js:4277:31)
      at invokeGuardedCallbackAndCatchFirstError (node_modules/react-dom/cjs/react-dom.development.js:4291:25)
      at executeDispatch (node_modules/react-dom/cjs/react-dom.development.js:9041:3)
      at processDispatchQueueItemsInOrder (node_modules/react-dom/cjs/react-dom.development.js:9073:7)
      at processDispatchQueue (node_modules/react-dom/cjs/react-dom.development.js:9086:5)
      at dispatchEventsForPlugins (node_modules/react-dom/cjs/react-dom.development.js:9097:3)
      at node_modules/react-dom/cjs/react-dom.development.js:9288:12
      at batchedUpdates$1 (node_modules/react-dom/cjs/react-dom.development.js:26179:12)
      at batchedUpdates (node_modules/react-dom/cjs/react-dom.development.js:3991:12)
      at dispatchEventForPluginEventSystem (node_modules/react-dom/cjs/react-dom.development.js:9287:3)
      at dispatchEventWithEnableCapturePhaseSelectiveHydrationWithoutDiscreteEventReplay (node_modules/react-dom/cjs/react-dom.development.js:6465:5)
      at dispatchEvent (node_modules/react-dom/cjs/react-dom.development.js:6457:5)
      at dispatchDiscreteEvent (node_modules/react-dom/cjs/react-dom.development.js:6430:5)
      at HTMLDivElement.callTheUserObjectsOperation (node_modules/jsdom/lib/jsdom/living/generated/EventListener.js:26:30)
      at innerInvokeEventListeners (node_modules/jsdom/lib/jsdom/living/events/EventTarget-impl.js:338:25)
      at invokeEventListeners (node_modules/jsdom/lib/jsdom/living/events/EventTarget-impl.js:274:3)
      at HTMLInputElementImpl._dispatch (node_modules/jsdom/lib/jsdom/living/events/EventTarget-impl.js:221:9)
      at HTMLInputElementImpl.dispatchEvent (node_modules/jsdom/lib/jsdom/living/events/EventTarget-impl.js:94:17)
      at HTMLInputElement.dispatchEvent (node_modules/jsdom/lib/jsdom/living/generated/EventTarget.js:231:34)
      at node_modules/@testing-library/dom/dist/events.js:19:20
      at Object.eventWrapper (node_modules/@testing-library/dom/dist/config.js:25:23)
      at fireEvent (node_modules/@testing-library/dom/dist/events.js:12:35)
      at fireEvent.<computed> [as input] (node_modules/@testing-library/dom/dist/events.js:110:36)
      at fireInputEvent (node_modules/@testing-library/user-event/dist/keyboard/shared/fireInputEvent.js:31:18)
      at Object.handle (node_modules/@testing-library/user-event/dist/keyboard/plugins/character.js:138:32)
      at applyPlugins (node_modules/@testing-library/user-event/dist/keyboard/keyboardImplementation.js:157:12)
      at keypress (node_modules/@testing-library/user-event/dist/keyboard/keyboardImplementation.js:135:5)
      at keyboardImplementation (node_modules/@testing-library/user-event/dist/keyboard/keyboardImplementation.js:53:9)
      at keyboardImplementation (node_modules/@testing-library/user-event/dist/keyboard/keyboardImplementation.js:81:12)
      at keyboardImplementationWrapper (node_modules/@testing-library/user-event/dist/keyboard/index.js:55:65)
      at typeImplementation (node_modules/@testing-library/user-event/dist/type/typeImplementation.js:49:51)
      at Object.type (node_modules/@testing-library/user-event/dist/type/index.js:27:60)
      at Object.<anonymous> (src/components/Form.test.js:31:21)

    console.error
      Warning: An update to Form inside a test was not wrapped in act(...).
      
      When testing, code that causes React state updates should be wrapped into act(...):
      
      act(() => {
        /* fire events that update state */
      });
      /* assert on the output */
      
      This ensures that you're testing the behavior the user would see in the browser. Learn more at https://reactjs.org/link/wrap-tests-with-act
          at Form (C:\Users\Andre Cadima\Documents\Gestion De Calidad de Sistemas\Calculadora_Pruebas_Unitarias\src\components\Form.js:6:9)

    [0m [90m 20 |[39m
     [90m 21 |[39m     handleChange(event) {
    [31m[1m>[22m[39m[90m 22 |[39m         [36mthis[39m[33m.[39msetState({
     [90m    |[39m              [31m[1m^[22m[39m
     [90m 23 |[39m             [event[33m.[39mtarget[33m.[39mname][33m:[39m event[33m.[39mtarget[33m.[39mvalue
     [90m 24 |[39m         })
     [90m 25 |[39m     }[0m

      at printWarning (node_modules/react-dom/cjs/react-dom.development.js:86:30)
      at error (node_modules/react-dom/cjs/react-dom.development.js:60:7)
      at warnIfUpdatesNotWrappedWithActDEV (node_modules/react-dom/cjs/react-dom.development.js:27628:9)
      at scheduleUpdateOnFiber (node_modules/react-dom/cjs/react-dom.development.js:25547:5)
      at Object.enqueueSetState (node_modules/react-dom/cjs/react-dom.development.js:17925:7)
      at Form.setState (node_modules/react/cjs/react.development.js:354:16)
      at Form.handleChange (src/components/Form.js:22:14)
      at HTMLUnknownElement.callCallback (node_modules/react-dom/cjs/react-dom.development.js:4164:14)
      at HTMLUnknownElement.callTheUserObjectsOperation (node_modules/jsdom/lib/jsdom/living/generated/EventListener.js:26:30)
      at innerInvokeEventListeners (node_modules/jsdom/lib/jsdom/living/events/EventTarget-impl.js:338:25)
      at invokeEventListeners (node_modules/jsdom/lib/jsdom/living/events/EventTarget-impl.js:274:3)
      at HTMLUnknownElementImpl._dispatch (node_modules/jsdom/lib/jsdom/living/events/EventTarget-impl.js:221:9)
      at HTMLUnknownElementImpl.dispatchEvent (node_modules/jsdom/lib/jsdom/living/events/EventTarget-impl.js:94:17)
      at HTMLUnknownElement.dispatchEvent (node_modules/jsdom/lib/jsdom/living/generated/EventTarget.js:231:34)
      at Object.invokeGuardedCallbackDev (node_modules/react-dom/cjs/react-dom.development.js:4213:16)
      at invokeGuardedCallback (node_modules/react-dom/cjs/react-dom.development.js:4277:31)
      at invokeGuardedCallbackAndCatchFirstError (node_modules/react-dom/cjs/react-dom.development.js:4291:25)
      at executeDispatch (node_modules/react-dom/cjs/react-dom.development.js:9041:3)
      at processDispatchQueueItemsInOrder (node_modules/react-dom/cjs/react-dom.development.js:9073:7)
      at processDispatchQueue (node_modules/react-dom/cjs/react-dom.development.js:9086:5)
      at dispatchEventsForPlugins (node_modules/react-dom/cjs/react-dom.development.js:9097:3)
      at node_modules/react-dom/cjs/react-dom.development.js:9288:12
      at batchedUpdates$1 (node_modules/react-dom/cjs/react-dom.development.js:26179:12)
      at batchedUpdates (node_modules/react-dom/cjs/react-dom.development.js:3991:12)
      at dispatchEventForPluginEventSystem (node_modules/react-dom/cjs/react-dom.development.js:9287:3)
      at dispatchEventWithEnableCapturePhaseSelectiveHydrationWithoutDiscreteEventReplay (node_modules/react-dom/cjs/react-dom.development.js:6465:5)
      at dispatchEvent (node_modules/react-dom/cjs/react-dom.development.js:6457:5)
      at dispatchDiscreteEvent (node_modules/react-dom/cjs/react-dom.development.js:6430:5)
      at HTMLDivElement.callTheUserObjectsOperation (node_modules/jsdom/lib/jsdom/living/generated/EventListener.js:26:30)
      at innerInvokeEventListeners (node_modules/jsdom/lib/jsdom/living/events/EventTarget-impl.js:338:25)
      at invokeEventListeners (node_modules/jsdom/lib/jsdom/living/events/EventTarget-impl.js:274:3)
      at HTMLInputElementImpl._dispatch (node_modules/jsdom/lib/jsdom/living/events/EventTarget-impl.js:221:9)
      at HTMLInputElementImpl.dispatchEvent (node_modules/jsdom/lib/jsdom/living/events/EventTarget-impl.js:94:17)
      at HTMLInputElement.dispatchEvent (node_modules/jsdom/lib/jsdom/living/generated/EventTarget.js:231:34)
      at node_modules/@testing-library/dom/dist/events.js:19:20
      at Object.eventWrapper (node_modules/@testing-library/dom/dist/config.js:25:23)
      at fireEvent (node_modules/@testing-library/dom/dist/events.js:12:35)
      at fireEvent.<computed> [as input] (node_modules/@testing-library/dom/dist/events.js:110:36)
      at fireInputEvent (node_modules/@testing-library/user-event/dist/keyboard/shared/fireInputEvent.js:31:18)
      at Object.handle (node_modules/@testing-library/user-event/dist/keyboard/plugins/character.js:138:32)
      at applyPlugins (node_modules/@testing-library/user-event/dist/keyboard/keyboardImplementation.js:157:12)
      at keypress (node_modules/@testing-library/user-event/dist/keyboard/keyboardImplementation.js:135:5)
      at keyboardImplementation (node_modules/@testing-library/user-event/dist/keyboard/keyboardImplementation.js:53:9)
      at keyboardImplementation (node_modules/@testing-library/user-event/dist/keyboard/keyboardImplementation.js:81:12)
      at keyboardImplementation (node_modules/@testing-library/user-event/dist/keyboard/keyboardImplementation.js:81:12)
      at keyboardImplementationWrapper (node_modules/@testing-library/user-event/dist/keyboard/index.js:55:65)
      at typeImplementation (node_modules/@testing-library/user-event/dist/type/typeImplementation.js:49:51)
      at Object.type (node_modules/@testing-library/user-event/dist/type/index.js:27:60)

    console.error
      Warning: An update to Form inside a test was not wrapped in act(...).
      
      When testing, code that causes React state updates should be wrapped into act(...):
      
      act(() => {
        /* fire events that update state */
      });
      /* assert on the output */
      
      This ensures that you're testing the behavior the user would see in the browser. Learn more at https://reactjs.org/link/wrap-tests-with-act
          at Form (C:\Users\Andre Cadima\Documents\Gestion De Calidad de Sistemas\Calculadora_Pruebas_Unitarias\src\components\Form.js:6:9)

    [0m [90m 74 |[39m
     [90m 75 |[39m             [33m<[39m[33mdiv[39m[33m>[39m
    [31m[1m>[22m[39m[90m 76 |[39m                 [33m<[39m[33mbutton[39m type[33m=[39m[32m"button"[39m onClick[33m=[39m{() [33m=>[39m [36mthis[39m[33m.[39msetState({ showing[33m:[39m [33m![39mshowing })}[33m>[39m[33mAdd[39m another salary[33m<[39m[33m/[39m[33mbutton[39m[33m>[39m
     [90m    |[39m                                                           [31m[1m^[22m[39m
     [90m 77 |[39m                 { showing 
     [90m 78 |[39m                     [33m?[39m [33m<[39m[33mdiv[39m[33m>[39m
     [90m 79 |[39m                         [33m<[39m[33mlabel[39m htmlFor[33m=[39m[32m"salary2"[39m name[33m=[39m[32m"salary2"[39m[33m>[39m[33mOther[39m salary[33m<[39m[33m/[39m[33mlabel[39m[33m>[39m[0m

      at printWarning (node_modules/react-dom/cjs/react-dom.development.js:86:30)
      at error (node_modules/react-dom/cjs/react-dom.development.js:60:7)
      at warnIfUpdatesNotWrappedWithActDEV (node_modules/react-dom/cjs/react-dom.development.js:27628:9)
      at scheduleUpdateOnFiber (node_modules/react-dom/cjs/react-dom.development.js:25547:5)
      at Object.enqueueSetState (node_modules/react-dom/cjs/react-dom.development.js:17925:7)
      at Form.setState (node_modules/react/cjs/react.development.js:354:16)
      at onClick (src/components/Form.js:76:59)
      at HTMLUnknownElement.callCallback (node_modules/react-dom/cjs/react-dom.development.js:4164:14)
      at HTMLUnknownElement.callTheUserObjectsOperation (node_modules/jsdom/lib/jsdom/living/generated/EventListener.js:26:30)
      at innerInvokeEventListeners (node_modules/jsdom/lib/jsdom/living/events/EventTarget-impl.js:338:25)
      at invokeEventListeners (node_modules/jsdom/lib/jsdom/living/events/EventTarget-impl.js:274:3)
      at HTMLUnknownElementImpl._dispatch (node_modules/jsdom/lib/jsdom/living/events/EventTarget-impl.js:221:9)
      at HTMLUnknownElementImpl.dispatchEvent (node_modules/jsdom/lib/jsdom/living/events/EventTarget-impl.js:94:17)
      at HTMLUnknownElement.dispatchEvent (node_modules/jsdom/lib/jsdom/living/generated/EventTarget.js:231:34)
      at Object.invokeGuardedCallbackDev (node_modules/react-dom/cjs/react-dom.development.js:4213:16)
      at invokeGuardedCallback (node_modules/react-dom/cjs/react-dom.development.js:4277:31)
      at invokeGuardedCallbackAndCatchFirstError (node_modules/react-dom/cjs/react-dom.development.js:4291:25)
      at executeDispatch (node_modules/react-dom/cjs/react-dom.development.js:9041:3)
      at processDispatchQueueItemsInOrder (node_modules/react-dom/cjs/react-dom.development.js:9073:7)
      at processDispatchQueue (node_modules/react-dom/cjs/react-dom.development.js:9086:5)
      at dispatchEventsForPlugins (node_modules/react-dom/cjs/react-dom.development.js:9097:3)
      at node_modules/react-dom/cjs/react-dom.development.js:9288:12
      at batchedUpdates$1 (node_modules/react-dom/cjs/react-dom.development.js:26179:12)
      at batchedUpdates (node_modules/react-dom/cjs/react-dom.development.js:3991:12)
      at dispatchEventForPluginEventSystem (node_modules/react-dom/cjs/react-dom.development.js:9287:3)
      at dispatchEventWithEnableCapturePhaseSelectiveHydrationWithoutDiscreteEventReplay (node_modules/react-dom/cjs/react-dom.development.js:6465:5)
      at dispatchEvent (node_modules/react-dom/cjs/react-dom.development.js:6457:5)
      at dispatchDiscreteEvent (node_modules/react-dom/cjs/react-dom.development.js:6430:5)
      at HTMLDivElement.callTheUserObjectsOperation (node_modules/jsdom/lib/jsdom/living/generated/EventListener.js:26:30)
      at innerInvokeEventListeners (node_modules/jsdom/lib/jsdom/living/events/EventTarget-impl.js:338:25)
      at invokeEventListeners (node_modules/jsdom/lib/jsdom/living/events/EventTarget-impl.js:274:3)
      at HTMLButtonElementImpl._dispatch (node_modules/jsdom/lib/jsdom/living/events/EventTarget-impl.js:221:9)
      at HTMLButtonElementImpl.dispatchEvent (node_modules/jsdom/lib/jsdom/living/events/EventTarget-impl.js:94:17)
      at HTMLButtonElement.dispatchEvent (node_modules/jsdom/lib/jsdom/living/generated/EventTarget.js:231:34)
      at node_modules/@testing-library/dom/dist/events.js:19:20
      at Object.eventWrapper (node_modules/@testing-library/dom/dist/config.js:25:23)
      at fireEvent (node_modules/@testing-library/dom/dist/events.js:12:35)
      at fireEvent.<computed> [as click] (node_modules/@testing-library/dom/dist/events.js:110:36)
      at fireClick (node_modules/@testing-library/user-event/dist/click.js:150:20)
      at clickElement (node_modules/@testing-library/user-event/dist/click.js:91:5)
      at Object.click (node_modules/@testing-library/user-event/dist/click.js:140:5)
      at Object.<anonymous> (src/components/Form.test.js:33:21)

    console.error
      Warning: An update to Form inside a test was not wrapped in act(...).
      
      When testing, code that causes React state updates should be wrapped into act(...):
      
      act(() => {
        /* fire events that update state */
      });
      /* assert on the output */
      
      This ensures that you're testing the behavior the user would see in the browser. Learn more at https://reactjs.org/link/wrap-tests-with-act
          at Form (C:\Users\Andre Cadima\Documents\Gestion De Calidad de Sistemas\Calculadora_Pruebas_Unitarias\src\components\Form.js:6:9)

    [0m [90m 20 |[39m
     [90m 21 |[39m     handleChange(event) {
    [31m[1m>[22m[39m[90m 22 |[39m         [36mthis[39m[33m.[39msetState({
     [90m    |[39m              [31m[1m^[22m[39m
     [90m 23 |[39m             [event[33m.[39mtarget[33m.[39mname][33m:[39m event[33m.[39mtarget[33m.[39mvalue
     [90m 24 |[39m         })
     [90m 25 |[39m     }[0m

      at printWarning (node_modules/react-dom/cjs/react-dom.development.js:86:30)
      at error (node_modules/react-dom/cjs/react-dom.development.js:60:7)
      at warnIfUpdatesNotWrappedWithActDEV (node_modules/react-dom/cjs/react-dom.development.js:27628:9)
      at scheduleUpdateOnFiber (node_modules/react-dom/cjs/react-dom.development.js:25547:5)
      at Object.enqueueSetState (node_modules/react-dom/cjs/react-dom.development.js:17925:7)
      at Form.setState (node_modules/react/cjs/react.development.js:354:16)
      at Form.handleChange (src/components/Form.js:22:14)
      at HTMLUnknownElement.callCallback (node_modules/react-dom/cjs/react-dom.development.js:4164:14)
      at HTMLUnknownElement.callTheUserObjectsOperation (node_modules/jsdom/lib/jsdom/living/generated/EventListener.js:26:30)
      at innerInvokeEventListeners (node_modules/jsdom/lib/jsdom/living/events/EventTarget-impl.js:338:25)
      at invokeEventListeners (node_modules/jsdom/lib/jsdom/living/events/EventTarget-impl.js:274:3)
      at HTMLUnknownElementImpl._dispatch (node_modules/jsdom/lib/jsdom/living/events/EventTarget-impl.js:221:9)
      at HTMLUnknownElementImpl.dispatchEvent (node_modules/jsdom/lib/jsdom/living/events/EventTarget-impl.js:94:17)
      at HTMLUnknownElement.dispatchEvent (node_modules/jsdom/lib/jsdom/living/generated/EventTarget.js:231:34)
      at Object.invokeGuardedCallbackDev (node_modules/react-dom/cjs/react-dom.development.js:4213:16)
      at invokeGuardedCallback (node_modules/react-dom/cjs/react-dom.development.js:4277:31)
      at invokeGuardedCallbackAndCatchFirstError (node_modules/react-dom/cjs/react-dom.development.js:4291:25)
      at executeDispatch (node_modules/react-dom/cjs/react-dom.development.js:9041:3)
      at processDispatchQueueItemsInOrder (node_modules/react-dom/cjs/react-dom.development.js:9073:7)
      at processDispatchQueue (node_modules/react-dom/cjs/react-dom.development.js:9086:5)
      at dispatchEventsForPlugins (node_modules/react-dom/cjs/react-dom.development.js:9097:3)
      at node_modules/react-dom/cjs/react-dom.development.js:9288:12
      at batchedUpdates$1 (node_modules/react-dom/cjs/react-dom.development.js:26179:12)
      at batchedUpdates (node_modules/react-dom/cjs/react-dom.development.js:3991:12)
      at dispatchEventForPluginEventSystem (node_modules/react-dom/cjs/react-dom.development.js:9287:3)
      at dispatchEventWithEnableCapturePhaseSelectiveHydrationWithoutDiscreteEventReplay (node_modules/react-dom/cjs/react-dom.development.js:6465:5)
      at dispatchEvent (node_modules/react-dom/cjs/react-dom.development.js:6457:5)
      at dispatchDiscreteEvent (node_modules/react-dom/cjs/react-dom.development.js:6430:5)
      at HTMLDivElement.callTheUserObjectsOperation (node_modules/jsdom/lib/jsdom/living/generated/EventListener.js:26:30)
      at innerInvokeEventListeners (node_modules/jsdom/lib/jsdom/living/events/EventTarget-impl.js:338:25)
      at invokeEventListeners (node_modules/jsdom/lib/jsdom/living/events/EventTarget-impl.js:274:3)
      at HTMLInputElementImpl._dispatch (node_modules/jsdom/lib/jsdom/living/events/EventTarget-impl.js:221:9)
      at HTMLInputElementImpl.dispatchEvent (node_modules/jsdom/lib/jsdom/living/events/EventTarget-impl.js:94:17)
      at HTMLInputElement.dispatchEvent (node_modules/jsdom/lib/jsdom/living/generated/EventTarget.js:231:34)
      at node_modules/@testing-library/dom/dist/events.js:19:20
      at Object.eventWrapper (node_modules/@testing-library/dom/dist/config.js:25:23)
      at fireEvent (node_modules/@testing-library/dom/dist/events.js:12:35)
      at fireEvent.<computed> [as input] (node_modules/@testing-library/dom/dist/events.js:110:36)
      at fireInputEvent (node_modules/@testing-library/user-event/dist/keyboard/shared/fireInputEvent.js:31:18)
      at Object.handle (node_modules/@testing-library/user-event/dist/keyboard/plugins/control.js:53:32)
      at applyPlugins (node_modules/@testing-library/user-event/dist/keyboard/keyboardImplementation.js:157:12)
      at keydown (node_modules/@testing-library/user-event/dist/keyboard/keyboardImplementation.js:123:5)
      at keyboardImplementation (node_modules/@testing-library/user-event/dist/keyboard/keyboardImplementation.js:50:34)
      at keyboardImplementation (node_modules/@testing-library/user-event/dist/keyboard/keyboardImplementation.js:81:12)
      at keyboardImplementationWrapper (node_modules/@testing-library/user-event/dist/keyboard/index.js:55:65)
      at typeImplementation (node_modules/@testing-library/user-event/dist/type/typeImplementation.js:49:51)
      at type (node_modules/@testing-library/user-event/dist/type/index.js:27:60)
      at Object.clear (node_modules/@testing-library/user-event/dist/clear.js:34:18)

    console.error
      Warning: An update to Form inside a test was not wrapped in act(...).
      
      When testing, code that causes React state updates should be wrapped into act(...):
      
      act(() => {
        /* fire events that update state */
      });
      /* assert on the output */
      
      This ensures that you're testing the behavior the user would see in the browser. Learn more at https://reactjs.org/link/wrap-tests-with-act
          at Form (C:\Users\Andre Cadima\Documents\Gestion De Calidad de Sistemas\Calculadora_Pruebas_Unitarias\src\components\Form.js:6:9)

    [0m [90m 20 |[39m
     [90m 21 |[39m     handleChange(event) {
    [31m[1m>[22m[39m[90m 22 |[39m         [36mthis[39m[33m.[39msetState({
     [90m    |[39m              [31m[1m^[22m[39m
     [90m 23 |[39m             [event[33m.[39mtarget[33m.[39mname][33m:[39m event[33m.[39mtarget[33m.[39mvalue
     [90m 24 |[39m         })
     [90m 25 |[39m     }[0m

      at printWarning (node_modules/react-dom/cjs/react-dom.development.js:86:30)
      at error (node_modules/react-dom/cjs/react-dom.development.js:60:7)
      at warnIfUpdatesNotWrappedWithActDEV (node_modules/react-dom/cjs/react-dom.development.js:27628:9)
      at scheduleUpdateOnFiber (node_modules/react-dom/cjs/react-dom.development.js:25547:5)
      at Object.enqueueSetState (node_modules/react-dom/cjs/react-dom.development.js:17925:7)
      at Form.setState (node_modules/react/cjs/react.development.js:354:16)
      at Form.handleChange (src/components/Form.js:22:14)
      at HTMLUnknownElement.callCallback (node_modules/react-dom/cjs/react-dom.development.js:4164:14)
      at HTMLUnknownElement.callTheUserObjectsOperation (node_modules/jsdom/lib/jsdom/living/generated/EventListener.js:26:30)
      at innerInvokeEventListeners (node_modules/jsdom/lib/jsdom/living/events/EventTarget-impl.js:338:25)
      at invokeEventListeners (node_modules/jsdom/lib/jsdom/living/events/EventTarget-impl.js:274:3)
      at HTMLUnknownElementImpl._dispatch (node_modules/jsdom/lib/jsdom/living/events/EventTarget-impl.js:221:9)
      at HTMLUnknownElementImpl.dispatchEvent (node_modules/jsdom/lib/jsdom/living/events/EventTarget-impl.js:94:17)
      at HTMLUnknownElement.dispatchEvent (node_modules/jsdom/lib/jsdom/living/generated/EventTarget.js:231:34)
      at Object.invokeGuardedCallbackDev (node_modules/react-dom/cjs/react-dom.development.js:4213:16)
      at invokeGuardedCallback (node_modules/react-dom/cjs/react-dom.development.js:4277:31)
      at invokeGuardedCallbackAndCatchFirstError (node_modules/react-dom/cjs/react-dom.development.js:4291:25)
      at executeDispatch (node_modules/react-dom/cjs/react-dom.development.js:9041:3)
      at processDispatchQueueItemsInOrder (node_modules/react-dom/cjs/react-dom.development.js:9073:7)
      at processDispatchQueue (node_modules/react-dom/cjs/react-dom.development.js:9086:5)
      at dispatchEventsForPlugins (node_modules/react-dom/cjs/react-dom.development.js:9097:3)
      at node_modules/react-dom/cjs/react-dom.development.js:9288:12
      at batchedUpdates$1 (node_modules/react-dom/cjs/react-dom.development.js:26179:12)
      at batchedUpdates (node_modules/react-dom/cjs/react-dom.development.js:3991:12)
      at dispatchEventForPluginEventSystem (node_modules/react-dom/cjs/react-dom.development.js:9287:3)
      at dispatchEventWithEnableCapturePhaseSelectiveHydrationWithoutDiscreteEventReplay (node_modules/react-dom/cjs/react-dom.development.js:6465:5)
      at dispatchEvent (node_modules/react-dom/cjs/react-dom.development.js:6457:5)
      at dispatchDiscreteEvent (node_modules/react-dom/cjs/react-dom.development.js:6430:5)
      at HTMLDivElement.callTheUserObjectsOperation (node_modules/jsdom/lib/jsdom/living/generated/EventListener.js:26:30)
      at innerInvokeEventListeners (node_modules/jsdom/lib/jsdom/living/events/EventTarget-impl.js:338:25)
      at invokeEventListeners (node_modules/jsdom/lib/jsdom/living/events/EventTarget-impl.js:274:3)
      at HTMLInputElementImpl._dispatch (node_modules/jsdom/lib/jsdom/living/events/EventTarget-impl.js:221:9)
      at HTMLInputElementImpl.dispatchEvent (node_modules/jsdom/lib/jsdom/living/events/EventTarget-impl.js:94:17)
      at HTMLInputElement.dispatchEvent (node_modules/jsdom/lib/jsdom/living/generated/EventTarget.js:231:34)
      at node_modules/@testing-library/dom/dist/events.js:19:20
      at Object.eventWrapper (node_modules/@testing-library/dom/dist/config.js:25:23)
      at fireEvent (node_modules/@testing-library/dom/dist/events.js:12:35)
      at fireEvent.<computed> [as input] (node_modules/@testing-library/dom/dist/events.js:110:36)
      at fireInputEvent (node_modules/@testing-library/user-event/dist/keyboard/shared/fireInputEvent.js:31:18)
      at Object.handle (node_modules/@testing-library/user-event/dist/keyboard/plugins/character.js:138:32)
      at applyPlugins (node_modules/@testing-library/user-event/dist/keyboard/keyboardImplementation.js:157:12)
      at keypress (node_modules/@testing-library/user-event/dist/keyboard/keyboardImplementation.js:135:5)
      at keyboardImplementation (node_modules/@testing-library/user-event/dist/keyboard/keyboardImplementation.js:53:9)
      at keyboardImplementationWrapper (node_modules/@testing-library/user-event/dist/keyboard/index.js:55:65)
      at typeImplementation (node_modules/@testing-library/user-event/dist/type/typeImplementation.js:49:51)
      at Object.type (node_modules/@testing-library/user-event/dist/type/index.js:27:60)
      at Object.<anonymous> (src/components/Form.test.js:35:21)

    console.error
      Warning: An update to Form inside a test was not wrapped in act(...).
      
      When testing, code that causes React state updates should be wrapped into act(...):
      
      act(() => {
        /* fire events that update state */
      });
      /* assert on the output */
      
      This ensures that you're testing the behavior the user would see in the browser. Learn more at https://reactjs.org/link/wrap-tests-with-act
          at Form (C:\Users\Andre Cadima\Documents\Gestion De Calidad de Sistemas\Calculadora_Pruebas_Unitarias\src\components\Form.js:6:9)

    [0m [90m 20 |[39m
     [90m 21 |[39m     handleChange(event) {
    [31m[1m>[22m[39m[90m 22 |[39m         [36mthis[39m[33m.[39msetState({
     [90m    |[39m              [31m[1m^[22m[39m
     [90m 23 |[39m             [event[33m.[39mtarget[33m.[39mname][33m:[39m event[33m.[39mtarget[33m.[39mvalue
     [90m 24 |[39m         })
     [90m 25 |[39m     }[0m

      at printWarning (node_modules/react-dom/cjs/react-dom.development.js:86:30)
      at error (node_modules/react-dom/cjs/react-dom.development.js:60:7)
      at warnIfUpdatesNotWrappedWithActDEV (node_modules/react-dom/cjs/react-dom.development.js:27628:9)
      at scheduleUpdateOnFiber (node_modules/react-dom/cjs/react-dom.development.js:25547:5)
      at Object.enqueueSetState (node_modules/react-dom/cjs/react-dom.development.js:17925:7)
      at Form.setState (node_modules/react/cjs/react.development.js:354:16)
      at Form.handleChange (src/components/Form.js:22:14)
      at HTMLUnknownElement.callCallback (node_modules/react-dom/cjs/react-dom.development.js:4164:14)
      at HTMLUnknownElement.callTheUserObjectsOperation (node_modules/jsdom/lib/jsdom/living/generated/EventListener.js:26:30)
      at innerInvokeEventListeners (node_modules/jsdom/lib/jsdom/living/events/EventTarget-impl.js:338:25)
      at invokeEventListeners (node_modules/jsdom/lib/jsdom/living/events/EventTarget-impl.js:274:3)
      at HTMLUnknownElementImpl._dispatch (node_modules/jsdom/lib/jsdom/living/events/EventTarget-impl.js:221:9)
      at HTMLUnknownElementImpl.dispatchEvent (node_modules/jsdom/lib/jsdom/living/events/EventTarget-impl.js:94:17)
      at HTMLUnknownElement.dispatchEvent (node_modules/jsdom/lib/jsdom/living/generated/EventTarget.js:231:34)
      at Object.invokeGuardedCallbackDev (node_modules/react-dom/cjs/react-dom.development.js:4213:16)
      at invokeGuardedCallback (node_modules/react-dom/cjs/react-dom.development.js:4277:31)
      at invokeGuardedCallbackAndCatchFirstError (node_modules/react-dom/cjs/react-dom.development.js:4291:25)
      at executeDispatch (node_modules/react-dom/cjs/react-dom.development.js:9041:3)
      at processDispatchQueueItemsInOrder (node_modules/react-dom/cjs/react-dom.development.js:9073:7)
      at processDispatchQueue (node_modules/react-dom/cjs/react-dom.development.js:9086:5)
      at dispatchEventsForPlugins (node_modules/react-dom/cjs/react-dom.development.js:9097:3)
      at node_modules/react-dom/cjs/react-dom.development.js:9288:12
      at batchedUpdates$1 (node_modules/react-dom/cjs/react-dom.development.js:26179:12)
      at batchedUpdates (node_modules/react-dom/cjs/react-dom.development.js:3991:12)
      at dispatchEventForPluginEventSystem (node_modules/react-dom/cjs/react-dom.development.js:9287:3)
      at dispatchEventWithEnableCapturePhaseSelectiveHydrationWithoutDiscreteEventReplay (node_modules/react-dom/cjs/react-dom.development.js:6465:5)
      at dispatchEvent (node_modules/react-dom/cjs/react-dom.development.js:6457:5)
      at dispatchDiscreteEvent (node_modules/react-dom/cjs/react-dom.development.js:6430:5)
      at HTMLDivElement.callTheUserObjectsOperation (node_modules/jsdom/lib/jsdom/living/generated/EventListener.js:26:30)
      at innerInvokeEventListeners (node_modules/jsdom/lib/jsdom/living/events/EventTarget-impl.js:338:25)
      at invokeEventListeners (node_modules/jsdom/lib/jsdom/living/events/EventTarget-impl.js:274:3)
      at HTMLInputElementImpl._dispatch (node_modules/jsdom/lib/jsdom/living/events/EventTarget-impl.js:221:9)
      at HTMLInputElementImpl.dispatchEvent (node_modules/jsdom/lib/jsdom/living/events/EventTarget-impl.js:94:17)
      at HTMLInputElement.dispatchEvent (node_modules/jsdom/lib/jsdom/living/generated/EventTarget.js:231:34)
      at node_modules/@testing-library/dom/dist/events.js:19:20
      at Object.eventWrapper (node_modules/@testing-library/dom/dist/config.js:25:23)
      at fireEvent (node_modules/@testing-library/dom/dist/events.js:12:35)
      at fireEvent.<computed> [as input] (node_modules/@testing-library/dom/dist/events.js:110:36)
      at fireInputEvent (node_modules/@testing-library/user-event/dist/keyboard/shared/fireInputEvent.js:31:18)
      at Object.handle (node_modules/@testing-library/user-event/dist/keyboard/plugins/character.js:138:32)
      at applyPlugins (node_modules/@testing-library/user-event/dist/keyboard/keyboardImplementation.js:157:12)
      at keypress (node_modules/@testing-library/user-event/dist/keyboard/keyboardImplementation.js:135:5)
      at keyboardImplementation (node_modules/@testing-library/user-event/dist/keyboard/keyboardImplementation.js:53:9)
      at keyboardImplementation (node_modules/@testing-library/user-event/dist/keyboard/keyboardImplementation.js:81:12)
      at keyboardImplementationWrapper (node_modules/@testing-library/user-event/dist/keyboard/index.js:55:65)
      at typeImplementation (node_modules/@testing-library/user-event/dist/type/typeImplementation.js:49:51)
      at Object.type (node_modules/@testing-library/user-event/dist/type/index.js:27:60)
      at Object.<anonymous> (src/components/Form.test.js:35:21)

    console.error
      Warning: An update to Form inside a test was not wrapped in act(...).
      
      When testing, code that causes React state updates should be wrapped into act(...):
      
      act(() => {
        /* fire events that update state */
      });
      /* assert on the output */
      
      This ensures that you're testing the behavior the user would see in the browser. Learn more at https://reactjs.org/link/wrap-tests-with-act
          at Form (C:\Users\Andre Cadima\Documents\Gestion De Calidad de Sistemas\Calculadora_Pruebas_Unitarias\src\components\Form.js:6:9)

    [0m [90m 20 |[39m
     [90m 21 |[39m     handleChange(event) {
    [31m[1m>[22m[39m[90m 22 |[39m         [36mthis[39m[33m.[39msetState({
     [90m    |[39m              [31m[1m^[22m[39m
     [90m 23 |[39m             [event[33m.[39mtarget[33m.[39mname][33m:[39m event[33m.[39mtarget[33m.[39mvalue
     [90m 24 |[39m         })
     [90m 25 |[39m     }[0m

      at printWarning (node_modules/react-dom/cjs/react-dom.development.js:86:30)
      at error (node_modules/react-dom/cjs/react-dom.development.js:60:7)
      at warnIfUpdatesNotWrappedWithActDEV (node_modules/react-dom/cjs/react-dom.development.js:27628:9)
      at scheduleUpdateOnFiber (node_modules/react-dom/cjs/react-dom.development.js:25547:5)
      at Object.enqueueSetState (node_modules/react-dom/cjs/react-dom.development.js:17925:7)
      at Form.setState (node_modules/react/cjs/react.development.js:354:16)
      at Form.handleChange (src/components/Form.js:22:14)
      at HTMLUnknownElement.callCallback (node_modules/react-dom/cjs/react-dom.development.js:4164:14)
      at HTMLUnknownElement.callTheUserObjectsOperation (node_modules/jsdom/lib/jsdom/living/generated/EventListener.js:26:30)
      at innerInvokeEventListeners (node_modules/jsdom/lib/jsdom/living/events/EventTarget-impl.js:338:25)
      at invokeEventListeners (node_modules/jsdom/lib/jsdom/living/events/EventTarget-impl.js:274:3)
      at HTMLUnknownElementImpl._dispatch (node_modules/jsdom/lib/jsdom/living/events/EventTarget-impl.js:221:9)
      at HTMLUnknownElementImpl.dispatchEvent (node_modules/jsdom/lib/jsdom/living/events/EventTarget-impl.js:94:17)
      at HTMLUnknownElement.dispatchEvent (node_modules/jsdom/lib/jsdom/living/generated/EventTarget.js:231:34)
      at Object.invokeGuardedCallbackDev (node_modules/react-dom/cjs/react-dom.development.js:4213:16)
      at invokeGuardedCallback (node_modules/react-dom/cjs/react-dom.development.js:4277:31)
      at invokeGuardedCallbackAndCatchFirstError (node_modules/react-dom/cjs/react-dom.development.js:4291:25)
      at executeDispatch (node_modules/react-dom/cjs/react-dom.development.js:9041:3)
      at processDispatchQueueItemsInOrder (node_modules/react-dom/cjs/react-dom.development.js:9073:7)
      at processDispatchQueue (node_modules/react-dom/cjs/react-dom.development.js:9086:5)
      at dispatchEventsForPlugins (node_modules/react-dom/cjs/react-dom.development.js:9097:3)
      at node_modules/react-dom/cjs/react-dom.development.js:9288:12
      at batchedUpdates$1 (node_modules/react-dom/cjs/react-dom.development.js:26179:12)
      at batchedUpdates (node_modules/react-dom/cjs/react-dom.development.js:3991:12)
      at dispatchEventForPluginEventSystem (node_modules/react-dom/cjs/react-dom.development.js:9287:3)
      at dispatchEventWithEnableCapturePhaseSelectiveHydrationWithoutDiscreteEventReplay (node_modules/react-dom/cjs/react-dom.development.js:6465:5)
      at dispatchEvent (node_modules/react-dom/cjs/react-dom.development.js:6457:5)
      at dispatchDiscreteEvent (node_modules/react-dom/cjs/react-dom.development.js:6430:5)
      at HTMLDivElement.callTheUserObjectsOperation (node_modules/jsdom/lib/jsdom/living/generated/EventListener.js:26:30)
      at innerInvokeEventListeners (node_modules/jsdom/lib/jsdom/living/events/EventTarget-impl.js:338:25)
      at invokeEventListeners (node_modules/jsdom/lib/jsdom/living/events/EventTarget-impl.js:274:3)
      at HTMLInputElementImpl._dispatch (node_modules/jsdom/lib/jsdom/living/events/EventTarget-impl.js:221:9)
      at HTMLInputElementImpl.dispatchEvent (node_modules/jsdom/lib/jsdom/living/events/EventTarget-impl.js:94:17)
      at HTMLInputElement.dispatchEvent (node_modules/jsdom/lib/jsdom/living/generated/EventTarget.js:231:34)
      at node_modules/@testing-library/dom/dist/events.js:19:20
      at Object.eventWrapper (node_modules/@testing-library/dom/dist/config.js:25:23)
      at fireEvent (node_modules/@testing-library/dom/dist/events.js:12:35)
      at fireEvent.<computed> [as input] (node_modules/@testing-library/dom/dist/events.js:110:36)
      at fireInputEvent (node_modules/@testing-library/user-event/dist/keyboard/shared/fireInputEvent.js:31:18)
      at Object.handle (node_modules/@testing-library/user-event/dist/keyboard/plugins/character.js:138:32)
      at applyPlugins (node_modules/@testing-library/user-event/dist/keyboard/keyboardImplementation.js:157:12)
      at keypress (node_modules/@testing-library/user-event/dist/keyboard/keyboardImplementation.js:135:5)
      at keyboardImplementation (node_modules/@testing-library/user-event/dist/keyboard/keyboardImplementation.js:53:9)
      at keyboardImplementation (node_modules/@testing-library/user-event/dist/keyboard/keyboardImplementation.js:81:12)
      at keyboardImplementation (node_modules/@testing-library/user-event/dist/keyboard/keyboardImplementation.js:81:12)
      at keyboardImplementationWrapper (node_modules/@testing-library/user-event/dist/keyboard/index.js:55:65)
      at typeImplementation (node_modules/@testing-library/user-event/dist/type/typeImplementation.js:49:51)
      at Object.type (node_modules/@testing-library/user-event/dist/type/index.js:27:60)

    console.error
      Warning: An update to Form inside a test was not wrapped in act(...).
      
      When testing, code that causes React state updates should be wrapped into act(...):
      
      act(() => {
        /* fire events that update state */
      });
      /* assert on the output */
      
      This ensures that you're testing the behavior the user would see in the browser. Learn more at https://reactjs.org/link/wrap-tests-with-act
          at Form (C:\Users\Andre Cadima\Documents\Gestion De Calidad de Sistemas\Calculadora_Pruebas_Unitarias\src\components\Form.js:6:9)

    [0m [90m 20 |[39m
     [90m 21 |[39m     handleChange(event) {
    [31m[1m>[22m[39m[90m 22 |[39m         [36mthis[39m[33m.[39msetState({
     [90m    |[39m              [31m[1m^[22m[39m
     [90m 23 |[39m             [event[33m.[39mtarget[33m.[39mname][33m:[39m event[33m.[39mtarget[33m.[39mvalue
     [90m 24 |[39m         })
     [90m 25 |[39m     }[0m

      at printWarning (node_modules/react-dom/cjs/react-dom.development.js:86:30)
      at error (node_modules/react-dom/cjs/react-dom.development.js:60:7)
      at warnIfUpdatesNotWrappedWithActDEV (node_modules/react-dom/cjs/react-dom.development.js:27628:9)
      at scheduleUpdateOnFiber (node_modules/react-dom/cjs/react-dom.development.js:25547:5)
      at Object.enqueueSetState (node_modules/react-dom/cjs/react-dom.development.js:17925:7)
      at Form.setState (node_modules/react/cjs/react.development.js:354:16)
      at Form.handleChange (src/components/Form.js:22:14)
      at HTMLUnknownElement.callCallback (node_modules/react-dom/cjs/react-dom.development.js:4164:14)
      at HTMLUnknownElement.callTheUserObjectsOperation (node_modules/jsdom/lib/jsdom/living/generated/EventListener.js:26:30)
      at innerInvokeEventListeners (node_modules/jsdom/lib/jsdom/living/events/EventTarget-impl.js:338:25)
      at invokeEventListeners (node_modules/jsdom/lib/jsdom/living/events/EventTarget-impl.js:274:3)
      at HTMLUnknownElementImpl._dispatch (node_modules/jsdom/lib/jsdom/living/events/EventTarget-impl.js:221:9)
      at HTMLUnknownElementImpl.dispatchEvent (node_modules/jsdom/lib/jsdom/living/events/EventTarget-impl.js:94:17)
      at HTMLUnknownElement.dispatchEvent (node_modules/jsdom/lib/jsdom/living/generated/EventTarget.js:231:34)
      at Object.invokeGuardedCallbackDev (node_modules/react-dom/cjs/react-dom.development.js:4213:16)
      at invokeGuardedCallback (node_modules/react-dom/cjs/react-dom.development.js:4277:31)
      at invokeGuardedCallbackAndCatchFirstError (node_modules/react-dom/cjs/react-dom.development.js:4291:25)
      at executeDispatch (node_modules/react-dom/cjs/react-dom.development.js:9041:3)
      at processDispatchQueueItemsInOrder (node_modules/react-dom/cjs/react-dom.development.js:9073:7)
      at processDispatchQueue (node_modules/react-dom/cjs/react-dom.development.js:9086:5)
      at dispatchEventsForPlugins (node_modules/react-dom/cjs/react-dom.development.js:9097:3)
      at node_modules/react-dom/cjs/react-dom.development.js:9288:12
      at batchedUpdates$1 (node_modules/react-dom/cjs/react-dom.development.js:26179:12)
      at batchedUpdates (node_modules/react-dom/cjs/react-dom.development.js:3991:12)
      at dispatchEventForPluginEventSystem (node_modules/react-dom/cjs/react-dom.development.js:9287:3)
      at dispatchEventWithEnableCapturePhaseSelectiveHydrationWithoutDiscreteEventReplay (node_modules/react-dom/cjs/react-dom.development.js:6465:5)
      at dispatchEvent (node_modules/react-dom/cjs/react-dom.development.js:6457:5)
      at dispatchDiscreteEvent (node_modules/react-dom/cjs/react-dom.development.js:6430:5)
      at HTMLDivElement.callTheUserObjectsOperation (node_modules/jsdom/lib/jsdom/living/generated/EventListener.js:26:30)
      at innerInvokeEventListeners (node_modules/jsdom/lib/jsdom/living/events/EventTarget-impl.js:338:25)
      at invokeEventListeners (node_modules/jsdom/lib/jsdom/living/events/EventTarget-impl.js:274:3)
      at HTMLInputElementImpl._dispatch (node_modules/jsdom/lib/jsdom/living/events/EventTarget-impl.js:221:9)
      at HTMLInputElementImpl.dispatchEvent (node_modules/jsdom/lib/jsdom/living/events/EventTarget-impl.js:94:17)
      at HTMLInputElement.dispatchEvent (node_modules/jsdom/lib/jsdom/living/generated/EventTarget.js:231:34)
      at node_modules/@testing-library/dom/dist/events.js:19:20
      at Object.eventWrapper (node_modules/@testing-library/dom/dist/config.js:25:23)
      at fireEvent (node_modules/@testing-library/dom/dist/events.js:12:35)
      at fireEvent.<computed> [as input] (node_modules/@testing-library/dom/dist/events.js:110:36)
      at fireInputEvent (node_modules/@testing-library/user-event/dist/keyboard/shared/fireInputEvent.js:31:18)
      at Object.handle (node_modules/@testing-library/user-event/dist/keyboard/plugins/character.js:138:32)
      at applyPlugins (node_modules/@testing-library/user-event/dist/keyboard/keyboardImplementation.js:157:12)
      at keypress (node_modules/@testing-library/user-event/dist/keyboard/keyboardImplementation.js:135:5)
      at keyboardImplementation (node_modules/@testing-library/user-event/dist/keyboard/keyboardImplementation.js:53:9)
      at keyboardImplementation (node_modules/@testing-library/user-event/dist/keyboard/keyboardImplementation.js:81:12)
      at keyboardImplementation (node_modules/@testing-library/user-event/dist/keyboard/keyboardImplementation.js:81:12)
      at keyboardImplementation (node_modules/@testing-library/user-event/dist/keyboard/keyboardImplementation.js:81:12)
      at keyboardImplementationWrapper (node_modules/@testing-library/user-event/dist/keyboard/index.js:55:65)
      at typeImplementation (node_modules/@testing-library/user-event/dist/type/typeImplementation.js:49:51)

    console.error
      Warning: An update to Form inside a test was not wrapped in act(...).
      
      When testing, code that causes React state updates should be wrapped into act(...):
      
      act(() => {
        /* fire events that update state */
      });
      /* assert on the output */
      
      This ensures that you're testing the behavior the user would see in the browser. Learn more at https://reactjs.org/link/wrap-tests-with-act
          at Form (C:\Users\Andre Cadima\Documents\Gestion De Calidad de Sistemas\Calculadora_Pruebas_Unitarias\src\components\Form.js:6:9)

    [0m [90m 20 |[39m
     [90m 21 |[39m     handleChange(event) {
    [31m[1m>[22m[39m[90m 22 |[39m         [36mthis[39m[33m.[39msetState({
     [90m    |[39m              [31m[1m^[22m[39m
     [90m 23 |[39m             [event[33m.[39mtarget[33m.[39mname][33m:[39m event[33m.[39mtarget[33m.[39mvalue
     [90m 24 |[39m         })
     [90m 25 |[39m     }[0m

      at printWarning (node_modules/react-dom/cjs/react-dom.development.js:86:30)
      at error (node_modules/react-dom/cjs/react-dom.development.js:60:7)
      at warnIfUpdatesNotWrappedWithActDEV (node_modules/react-dom/cjs/react-dom.development.js:27628:9)
      at scheduleUpdateOnFiber (node_modules/react-dom/cjs/react-dom.development.js:25547:5)
      at Object.enqueueSetState (node_modules/react-dom/cjs/react-dom.development.js:17925:7)
      at Form.setState (node_modules/react/cjs/react.development.js:354:16)
      at Form.handleChange (src/components/Form.js:22:14)
      at HTMLUnknownElement.callCallback (node_modules/react-dom/cjs/react-dom.development.js:4164:14)
      at HTMLUnknownElement.callTheUserObjectsOperation (node_modules/jsdom/lib/jsdom/living/generated/EventListener.js:26:30)
      at innerInvokeEventListeners (node_modules/jsdom/lib/jsdom/living/events/EventTarget-impl.js:338:25)
      at invokeEventListeners (node_modules/jsdom/lib/jsdom/living/events/EventTarget-impl.js:274:3)
      at HTMLUnknownElementImpl._dispatch (node_modules/jsdom/lib/jsdom/living/events/EventTarget-impl.js:221:9)
      at HTMLUnknownElementImpl.dispatchEvent (node_modules/jsdom/lib/jsdom/living/events/EventTarget-impl.js:94:17)
      at HTMLUnknownElement.dispatchEvent (node_modules/jsdom/lib/jsdom/living/generated/EventTarget.js:231:34)
      at Object.invokeGuardedCallbackDev (node_modules/react-dom/cjs/react-dom.development.js:4213:16)
      at invokeGuardedCallback (node_modules/react-dom/cjs/react-dom.development.js:4277:31)
      at invokeGuardedCallbackAndCatchFirstError (node_modules/react-dom/cjs/react-dom.development.js:4291:25)
      at executeDispatch (node_modules/react-dom/cjs/react-dom.development.js:9041:3)
      at processDispatchQueueItemsInOrder (node_modules/react-dom/cjs/react-dom.development.js:9073:7)
      at processDispatchQueue (node_modules/react-dom/cjs/react-dom.development.js:9086:5)
      at dispatchEventsForPlugins (node_modules/react-dom/cjs/react-dom.development.js:9097:3)
      at node_modules/react-dom/cjs/react-dom.development.js:9288:12
      at batchedUpdates$1 (node_modules/react-dom/cjs/react-dom.development.js:26179:12)
      at batchedUpdates (node_modules/react-dom/cjs/react-dom.development.js:3991:12)
      at dispatchEventForPluginEventSystem (node_modules/react-dom/cjs/react-dom.development.js:9287:3)
      at dispatchEventWithEnableCapturePhaseSelectiveHydrationWithoutDiscreteEventReplay (node_modules/react-dom/cjs/react-dom.development.js:6465:5)
      at dispatchEvent (node_modules/react-dom/cjs/react-dom.development.js:6457:5)
      at dispatchDiscreteEvent (node_modules/react-dom/cjs/react-dom.development.js:6430:5)
      at HTMLDivElement.callTheUserObjectsOperation (node_modules/jsdom/lib/jsdom/living/generated/EventListener.js:26:30)
      at innerInvokeEventListeners (node_modules/jsdom/lib/jsdom/living/events/EventTarget-impl.js:338:25)
      at invokeEventListeners (node_modules/jsdom/lib/jsdom/living/events/EventTarget-impl.js:274:3)
      at HTMLInputElementImpl._dispatch (node_modules/jsdom/lib/jsdom/living/events/EventTarget-impl.js:221:9)
      at HTMLInputElementImpl.dispatchEvent (node_modules/jsdom/lib/jsdom/living/events/EventTarget-impl.js:94:17)
      at HTMLInputElement.dispatchEvent (node_modules/jsdom/lib/jsdom/living/generated/EventTarget.js:231:34)
      at node_modules/@testing-library/dom/dist/events.js:19:20
      at Object.eventWrapper (node_modules/@testing-library/dom/dist/config.js:25:23)
      at fireEvent (node_modules/@testing-library/dom/dist/events.js:12:35)
      at fireEvent.<computed> [as input] (node_modules/@testing-library/dom/dist/events.js:110:36)
      at fireInputEvent (node_modules/@testing-library/user-event/dist/keyboard/shared/fireInputEvent.js:31:18)
      at Object.handle (node_modules/@testing-library/user-event/dist/keyboard/plugins/character.js:138:32)
      at applyPlugins (node_modules/@testing-library/user-event/dist/keyboard/keyboardImplementation.js:157:12)
      at keypress (node_modules/@testing-library/user-event/dist/keyboard/keyboardImplementation.js:135:5)
      at keyboardImplementation (node_modules/@testing-library/user-event/dist/keyboard/keyboardImplementation.js:53:9)
      at keyboardImplementation (node_modules/@testing-library/user-event/dist/keyboard/keyboardImplementation.js:81:12)
      at keyboardImplementation (node_modules/@testing-library/user-event/dist/keyboard/keyboardImplementation.js:81:12)
      at keyboardImplementation (node_modules/@testing-library/user-event/dist/keyboard/keyboardImplementation.js:81:12)
      at keyboardImplementation (node_modules/@testing-library/user-event/dist/keyboard/keyboardImplementation.js:81:12)
      at keyboardImplementationWrapper (node_modules/@testing-library/user-event/dist/keyboard/index.js:55:65)

    console.error
      Warning: An update to Form inside a test was not wrapped in act(...).
      
      When testing, code that causes React state updates should be wrapped into act(...):
      
      act(() => {
        /* fire events that update state */
      });
      /* assert on the output */
      
      This ensures that you're testing the behavior the user would see in the browser. Learn more at https://reactjs.org/link/wrap-tests-with-act
          at Form (C:\Users\Andre Cadima\Documents\Gestion De Calidad de Sistemas\Calculadora_Pruebas_Unitarias\src\components\Form.js:6:9)

    [0m [90m 47 |[39m         })
     [90m 48 |[39m
    [31m[1m>[22m[39m[90m 49 |[39m         [36mthis[39m[33m.[39msetState({
     [90m    |[39m              [31m[1m^[22m[39m
     [90m 50 |[39m             salary[33m:[39m [35m0[39m[33m,[39m
     [90m 51 |[39m             salary2[33m:[39m [35m0[39m[33m,[39m
     [90m 52 |[39m             deposit[33m:[39m [35m0[39m[33m,[39m[0m

      at printWarning (node_modules/react-dom/cjs/react-dom.development.js:86:30)
      at error (node_modules/react-dom/cjs/react-dom.development.js:60:7)
      at warnIfUpdatesNotWrappedWithActDEV (node_modules/react-dom/cjs/react-dom.development.js:27628:9)
      at scheduleUpdateOnFiber (node_modules/react-dom/cjs/react-dom.development.js:25547:5)
      at Object.enqueueSetState (node_modules/react-dom/cjs/react-dom.development.js:17925:7)
      at Form.setState (node_modules/react/cjs/react.development.js:354:16)
      at Form.handleSubmit (src/components/Form.js:49:14)
      at HTMLUnknownElement.callCallback (node_modules/react-dom/cjs/react-dom.development.js:4164:14)
      at HTMLUnknownElement.callTheUserObjectsOperation (node_modules/jsdom/lib/jsdom/living/generated/EventListener.js:26:30)
      at innerInvokeEventListeners (node_modules/jsdom/lib/jsdom/living/events/EventTarget-impl.js:338:25)
      at invokeEventListeners (node_modules/jsdom/lib/jsdom/living/events/EventTarget-impl.js:274:3)
      at HTMLUnknownElementImpl._dispatch (node_modules/jsdom/lib/jsdom/living/events/EventTarget-impl.js:221:9)
      at HTMLUnknownElementImpl.dispatchEvent (node_modules/jsdom/lib/jsdom/living/events/EventTarget-impl.js:94:17)
      at HTMLUnknownElement.dispatchEvent (node_modules/jsdom/lib/jsdom/living/generated/EventTarget.js:231:34)
      at Object.invokeGuardedCallbackDev (node_modules/react-dom/cjs/react-dom.development.js:4213:16)
      at invokeGuardedCallback (node_modules/react-dom/cjs/react-dom.development.js:4277:31)
      at invokeGuardedCallbackAndCatchFirstError (node_modules/react-dom/cjs/react-dom.development.js:4291:25)
      at executeDispatch (node_modules/react-dom/cjs/react-dom.development.js:9041:3)
      at processDispatchQueueItemsInOrder (node_modules/react-dom/cjs/react-dom.development.js:9073:7)
      at processDispatchQueue (node_modules/react-dom/cjs/react-dom.development.js:9086:5)
      at dispatchEventsForPlugins (node_modules/react-dom/cjs/react-dom.development.js:9097:3)
      at node_modules/react-dom/cjs/react-dom.development.js:9288:12
      at batchedUpdates$1 (node_modules/react-dom/cjs/react-dom.development.js:26179:12)
      at batchedUpdates (node_modules/react-dom/cjs/react-dom.development.js:3991:12)
      at dispatchEventForPluginEventSystem (node_modules/react-dom/cjs/react-dom.development.js:9287:3)
      at dispatchEventWithEnableCapturePhaseSelectiveHydrationWithoutDiscreteEventReplay (node_modules/react-dom/cjs/react-dom.development.js:6465:5)
      at dispatchEvent (node_modules/react-dom/cjs/react-dom.development.js:6457:5)
      at dispatchDiscreteEvent (node_modules/react-dom/cjs/react-dom.development.js:6430:5)
      at HTMLDivElement.callTheUserObjectsOperation (node_modules/jsdom/lib/jsdom/living/generated/EventListener.js:26:30)
      at innerInvokeEventListeners (node_modules/jsdom/lib/jsdom/living/events/EventTarget-impl.js:338:25)
      at invokeEventListeners (node_modules/jsdom/lib/jsdom/living/events/EventTarget-impl.js:274:3)
      at HTMLFormElementImpl._dispatch (node_modules/jsdom/lib/jsdom/living/events/EventTarget-impl.js:221:9)
      at fireAnEvent (node_modules/jsdom/lib/jsdom/living/helpers/events.js:18:36)
      at HTMLFormElementImpl.submit (node_modules/jsdom/lib/jsdom/living/nodes/HTMLFormElement-impl.js:84:10)
      at HTMLFormElementImpl._doSubmit (node_modules/jsdom/lib/jsdom/living/nodes/HTMLFormElement-impl.js:80:10)
      at HTMLInputElementImpl._activationBehavior (node_modules/jsdom/lib/jsdom/living/nodes/HTMLInputElement-impl.js:204:12)
      at HTMLInputElementImpl._dispatch (node_modules/jsdom/lib/jsdom/living/events/EventTarget-impl.js:240:26)
      at HTMLInputElementImpl.dispatchEvent (node_modules/jsdom/lib/jsdom/living/events/EventTarget-impl.js:94:17)
      at HTMLInputElement.dispatchEvent (node_modules/jsdom/lib/jsdom/living/generated/EventTarget.js:231:34)
      at node_modules/@testing-library/dom/dist/events.js:19:20
      at Object.eventWrapper (node_modules/@testing-library/dom/dist/config.js:25:23)
      at fireEvent (node_modules/@testing-library/dom/dist/events.js:12:35)
      at fireEvent.<computed> [as click] (node_modules/@testing-library/dom/dist/events.js:110:36)
      at fireClick (node_modules/@testing-library/user-event/dist/click.js:150:20)
      at clickElement (node_modules/@testing-library/user-event/dist/click.js:91:5)
      at Object.click (node_modules/@testing-library/user-event/dist/click.js:135:7)
      at Object.<anonymous> (src/components/Form.test.js:37:21)

PASS src/components/InvestmentAnalyzer.test.js
  ● Console

    console.error
      Warning: `ReactDOMTestUtils.act` is deprecated in favor of `React.act`. Import `act` from `react` instead of `react-dom/test-utils`. See https://react.dev/warnings/react-dom-test-utils for more info.

    [0m [90m  6 |[39m describe([32m'InvestmentAnalyzer'[39m[33m,[39m () [33m=>[39m {
     [90m  7 |[39m   it([32m'shows validation error when initial investment is invalid'[39m[33m,[39m [36masync[39m () [33m=>[39m {
    [31m[1m>[22m[39m[90m  8 |[39m     render([33m<[39m[33mInvestmentAnalyzer[39m [33m/[39m[33m>[39m)[33m;[39m
     [90m    |[39m           [31m[1m^[22m[39m
     [90m  9 |[39m
     [90m 10 |[39m     [36mawait[39m userEvent[33m.[39mclick(screen[33m.[39mgetByRole([32m'button'[39m[33m,[39m { name[33m:[39m [35m/Calcular Crecimiento/i[39m }))[33m;[39m
     [90m 11 |[39m[0m

      at printWarning (node_modules/react-dom/cjs/react-dom-test-utils.development.js:71:30)
      at error (node_modules/react-dom/cjs/react-dom-test-utils.development.js:45:7)
      at actWithWarning (node_modules/react-dom/cjs/react-dom-test-utils.development.js:1736:7)
      at node_modules/@testing-library/react/dist/act-compat.js:63:25
      at renderRoot (node_modules/@testing-library/react/dist/pure.js:159:26)
      at render (node_modules/@testing-library/react/dist/pure.js:246:10)
      at Object.<anonymous> (src/components/InvestmentAnalyzer.test.js:8:11)

    console.error
      Warning: An update to InvestmentAnalyzer inside a test was not wrapped in act(...).
      
      When testing, code that causes React state updates should be wrapped into act(...):
      
      act(() => {
        /* fire events that update state */
      });
      /* assert on the output */
      
      This ensures that you're testing the behavior the user would see in the browser. Learn more at https://reactjs.org/link/wrap-tests-with-act
          at InvestmentAnalyzer (C:\Users\Andre Cadima\Documents\Gestion De Calidad de Sistemas\Calculadora_Pruebas_Unitarias\src\components\InvestmentAnalyzer.js:9:43)

    [0m [90m 38 |[39m
     [90m 39 |[39m     [36mif[39m ([33m![39mformData[33m.[39mprincipal [33m||[39m parseFloat(formData[33m.[39mprincipal) [33m<=[39m [35m0[39m) {
    [31m[1m>[22m[39m[90m 40 |[39m       setError([32m'Por favor, ingresa una cantidad de capital válida'[39m)[33m;[39m
     [90m    |[39m       [31m[1m^[22m[39m
     [90m 41 |[39m       [36mreturn[39m[33m;[39m
     [90m 42 |[39m     }
     [90m 43 |[39m[0m

      at printWarning (node_modules/react-dom/cjs/react-dom.development.js:86:30)
      at error (node_modules/react-dom/cjs/react-dom.development.js:60:7)
      at warnIfUpdatesNotWrappedWithActDEV (node_modules/react-dom/cjs/react-dom.development.js:27628:9)
      at scheduleUpdateOnFiber (node_modules/react-dom/cjs/react-dom.development.js:25547:5)
      at setError (node_modules/react-dom/cjs/react-dom.development.js:16708:7)
      at handleSubmit (src/components/InvestmentAnalyzer.js:40:7)
      at HTMLUnknownElement.callCallback (node_modules/react-dom/cjs/react-dom.development.js:4164:14)
      at HTMLUnknownElement.callTheUserObjectsOperation (node_modules/jsdom/lib/jsdom/living/generated/EventListener.js:26:30)
      at innerInvokeEventListeners (node_modules/jsdom/lib/jsdom/living/events/EventTarget-impl.js:338:25)
      at invokeEventListeners (node_modules/jsdom/lib/jsdom/living/events/EventTarget-impl.js:274:3)
      at HTMLUnknownElementImpl._dispatch (node_modules/jsdom/lib/jsdom/living/events/EventTarget-impl.js:221:9)
      at HTMLUnknownElementImpl.dispatchEvent (node_modules/jsdom/lib/jsdom/living/events/EventTarget-impl.js:94:17)
      at HTMLUnknownElement.dispatchEvent (node_modules/jsdom/lib/jsdom/living/generated/EventTarget.js:231:34)
      at Object.invokeGuardedCallbackDev (node_modules/react-dom/cjs/react-dom.development.js:4213:16)
      at invokeGuardedCallback (node_modules/react-dom/cjs/react-dom.development.js:4277:31)
      at invokeGuardedCallbackAndCatchFirstError (node_modules/react-dom/cjs/react-dom.development.js:4291:25)
      at executeDispatch (node_modules/react-dom/cjs/react-dom.development.js:9041:3)
      at processDispatchQueueItemsInOrder (node_modules/react-dom/cjs/react-dom.development.js:9073:7)
      at processDispatchQueue (node_modules/react-dom/cjs/react-dom.development.js:9086:5)
      at dispatchEventsForPlugins (node_modules/react-dom/cjs/react-dom.development.js:9097:3)
      at node_modules/react-dom/cjs/react-dom.development.js:9288:12
      at batchedUpdates$1 (node_modules/react-dom/cjs/react-dom.development.js:26179:12)
      at batchedUpdates (node_modules/react-dom/cjs/react-dom.development.js:3991:12)
      at dispatchEventForPluginEventSystem (node_modules/react-dom/cjs/react-dom.development.js:9287:3)
      at dispatchEventWithEnableCapturePhaseSelectiveHydrationWithoutDiscreteEventReplay (node_modules/react-dom/cjs/react-dom.development.js:6465:5)
      at dispatchEvent (node_modules/react-dom/cjs/react-dom.development.js:6457:5)
      at dispatchDiscreteEvent (node_modules/react-dom/cjs/react-dom.development.js:6430:5)
      at HTMLDivElement.callTheUserObjectsOperation (node_modules/jsdom/lib/jsdom/living/generated/EventListener.js:26:30)
      at innerInvokeEventListeners (node_modules/jsdom/lib/jsdom/living/events/EventTarget-impl.js:338:25)
      at invokeEventListeners (node_modules/jsdom/lib/jsdom/living/events/EventTarget-impl.js:274:3)
      at HTMLFormElementImpl._dispatch (node_modules/jsdom/lib/jsdom/living/events/EventTarget-impl.js:221:9)
      at fireAnEvent (node_modules/jsdom/lib/jsdom/living/helpers/events.js:18:36)
      at HTMLFormElementImpl.submit (node_modules/jsdom/lib/jsdom/living/nodes/HTMLFormElement-impl.js:84:10)
      at HTMLFormElementImpl._doSubmit (node_modules/jsdom/lib/jsdom/living/nodes/HTMLFormElement-impl.js:80:10)
      at HTMLButtonElementImpl._activationBehavior (node_modules/jsdom/lib/jsdom/living/nodes/HTMLButtonElement-impl.js:23:14)
      at HTMLButtonElementImpl._dispatch (node_modules/jsdom/lib/jsdom/living/events/EventTarget-impl.js:240:26)
      at HTMLButtonElementImpl.dispatchEvent (node_modules/jsdom/lib/jsdom/living/events/EventTarget-impl.js:94:17)
      at HTMLButtonElement.dispatchEvent (node_modules/jsdom/lib/jsdom/living/generated/EventTarget.js:231:34)
      at node_modules/@testing-library/dom/dist/events.js:19:20
      at Object.eventWrapper (node_modules/@testing-library/dom/dist/config.js:25:23)
      at fireEvent (node_modules/@testing-library/dom/dist/events.js:12:35)
      at fireEvent.<computed> [as click] (node_modules/@testing-library/dom/dist/events.js:110:36)
      at fireClick (node_modules/@testing-library/user-event/dist/click.js:150:20)
      at clickElement (node_modules/@testing-library/user-event/dist/click.js:91:5)
      at Object.click (node_modules/@testing-library/user-event/dist/click.js:140:5)
      at Object.<anonymous> (src/components/InvestmentAnalyzer.test.js:10:21)

    console.error
      Warning: An update to InvestmentAnalyzer inside a test was not wrapped in act(...).
      
      When testing, code that causes React state updates should be wrapped into act(...):
      
      act(() => {
        /* fire events that update state */
      });
      /* assert on the output */
      
      This ensures that you're testing the behavior the user would see in the browser. Learn more at https://reactjs.org/link/wrap-tests-with-act
          at InvestmentAnalyzer (C:\Users\Andre Cadima\Documents\Gestion De Calidad de Sistemas\Calculadora_Pruebas_Unitarias\src\components\InvestmentAnalyzer.js:9:43)

    [0m [90m 27 |[39m   [36mconst[39m handleChange [33m=[39m (e) [33m=>[39m {
     [90m 28 |[39m     [36mconst[39m { name[33m,[39m value } [33m=[39m e[33m.[39mtarget[33m;[39m
    [31m[1m>[22m[39m[90m 29 |[39m     setFormData(prev [33m=>[39m ({
     [90m    |[39m     [31m[1m^[22m[39m
     [90m 30 |[39m       [33m...[39mprev[33m,[39m
     [90m 31 |[39m       [name][33m:[39m value
     [90m 32 |[39m     }))[33m;[39m[0m

      at printWarning (node_modules/react-dom/cjs/react-dom.development.js:86:30)
      at error (node_modules/react-dom/cjs/react-dom.development.js:60:7)
      at warnIfUpdatesNotWrappedWithActDEV (node_modules/react-dom/cjs/react-dom.development.js:27628:9)
      at scheduleUpdateOnFiber (node_modules/react-dom/cjs/react-dom.development.js:25547:5)
      at setFormData (node_modules/react-dom/cjs/react-dom.development.js:16708:7)
      at handleChange (src/components/InvestmentAnalyzer.js:29:5)
      at HTMLUnknownElement.callCallback (node_modules/react-dom/cjs/react-dom.development.js:4164:14)
      at HTMLUnknownElement.callTheUserObjectsOperation (node_modules/jsdom/lib/jsdom/living/generated/EventListener.js:26:30)
      at innerInvokeEventListeners (node_modules/jsdom/lib/jsdom/living/events/EventTarget-impl.js:338:25)
      at invokeEventListeners (node_modules/jsdom/lib/jsdom/living/events/EventTarget-impl.js:274:3)
      at HTMLUnknownElementImpl._dispatch (node_modules/jsdom/lib/jsdom/living/events/EventTarget-impl.js:221:9)
      at HTMLUnknownElementImpl.dispatchEvent (node_modules/jsdom/lib/jsdom/living/events/EventTarget-impl.js:94:17)
      at HTMLUnknownElement.dispatchEvent (node_modules/jsdom/lib/jsdom/living/generated/EventTarget.js:231:34)
      at Object.invokeGuardedCallbackDev (node_modules/react-dom/cjs/react-dom.development.js:4213:16)
      at invokeGuardedCallback (node_modules/react-dom/cjs/react-dom.development.js:4277:31)
      at invokeGuardedCallbackAndCatchFirstError (node_modules/react-dom/cjs/react-dom.development.js:4291:25)
      at executeDispatch (node_modules/react-dom/cjs/react-dom.development.js:9041:3)
      at processDispatchQueueItemsInOrder (node_modules/react-dom/cjs/react-dom.development.js:9073:7)
      at processDispatchQueue (node_modules/react-dom/cjs/react-dom.development.js:9086:5)
      at dispatchEventsForPlugins (node_modules/react-dom/cjs/react-dom.development.js:9097:3)
      at node_modules/react-dom/cjs/react-dom.development.js:9288:12
      at batchedUpdates$1 (node_modules/react-dom/cjs/react-dom.development.js:26179:12)
      at batchedUpdates (node_modules/react-dom/cjs/react-dom.development.js:3991:12)
      at dispatchEventForPluginEventSystem (node_modules/react-dom/cjs/react-dom.development.js:9287:3)
      at dispatchEventWithEnableCapturePhaseSelectiveHydrationWithoutDiscreteEventReplay (node_modules/react-dom/cjs/react-dom.development.js:6465:5)
      at dispatchEvent (node_modules/react-dom/cjs/react-dom.development.js:6457:5)
      at dispatchDiscreteEvent (node_modules/react-dom/cjs/react-dom.development.js:6430:5)
      at HTMLDivElement.callTheUserObjectsOperation (node_modules/jsdom/lib/jsdom/living/generated/EventListener.js:26:30)
      at innerInvokeEventListeners (node_modules/jsdom/lib/jsdom/living/events/EventTarget-impl.js:338:25)
      at invokeEventListeners (node_modules/jsdom/lib/jsdom/living/events/EventTarget-impl.js:274:3)
      at HTMLInputElementImpl._dispatch (node_modules/jsdom/lib/jsdom/living/events/EventTarget-impl.js:221:9)
      at HTMLInputElementImpl.dispatchEvent (node_modules/jsdom/lib/jsdom/living/events/EventTarget-impl.js:94:17)
      at HTMLInputElement.dispatchEvent (node_modules/jsdom/lib/jsdom/living/generated/EventTarget.js:231:34)
      at node_modules/@testing-library/dom/dist/events.js:19:20
      at Object.eventWrapper (node_modules/@testing-library/dom/dist/config.js:25:23)
      at fireEvent (node_modules/@testing-library/dom/dist/events.js:12:35)
      at fireEvent.<computed> [as input] (node_modules/@testing-library/dom/dist/events.js:110:36)
      at fireInputEvent (node_modules/@testing-library/user-event/dist/keyboard/shared/fireInputEvent.js:31:18)
      at Object.handle (node_modules/@testing-library/user-event/dist/keyboard/plugins/character.js:138:32)
      at applyPlugins (node_modules/@testing-library/user-event/dist/keyboard/keyboardImplementation.js:157:12)
      at keypress (node_modules/@testing-library/user-event/dist/keyboard/keyboardImplementation.js:135:5)
      at keyboardImplementation (node_modules/@testing-library/user-event/dist/keyboard/keyboardImplementation.js:53:9)
      at keyboardImplementationWrapper (node_modules/@testing-library/user-event/dist/keyboard/index.js:55:65)
      at typeImplementation (node_modules/@testing-library/user-event/dist/type/typeImplementation.js:49:51)
      at Object.type (node_modules/@testing-library/user-event/dist/type/index.js:27:60)
      at Object.<anonymous> (src/components/InvestmentAnalyzer.test.js:18:21)

    console.error
      Warning: An update to InvestmentAnalyzer inside a test was not wrapped in act(...).
      
      When testing, code that causes React state updates should be wrapped into act(...):
      
      act(() => {
        /* fire events that update state */
      });
      /* assert on the output */
      
      This ensures that you're testing the behavior the user would see in the browser. Learn more at https://reactjs.org/link/wrap-tests-with-act
          at InvestmentAnalyzer (C:\Users\Andre Cadima\Documents\Gestion De Calidad de Sistemas\Calculadora_Pruebas_Unitarias\src\components\InvestmentAnalyzer.js:9:43)

    [0m [90m 31 |[39m       [name][33m:[39m value
     [90m 32 |[39m     }))[33m;[39m
    [31m[1m>[22m[39m[90m 33 |[39m     setError([32m''[39m)[33m;[39m
     [90m    |[39m     [31m[1m^[22m[39m
     [90m 34 |[39m   }[33m;[39m
     [90m 35 |[39m
     [90m 36 |[39m   [36mconst[39m handleSubmit [33m=[39m (e) [33m=>[39m {[0m

      at printWarning (node_modules/react-dom/cjs/react-dom.development.js:86:30)
      at error (node_modules/react-dom/cjs/react-dom.development.js:60:7)
      at warnIfUpdatesNotWrappedWithActDEV (node_modules/react-dom/cjs/react-dom.development.js:27628:9)
      at scheduleUpdateOnFiber (node_modules/react-dom/cjs/react-dom.development.js:25547:5)
      at setError (node_modules/react-dom/cjs/react-dom.development.js:16708:7)
      at handleChange (src/components/InvestmentAnalyzer.js:33:5)
      at HTMLUnknownElement.callCallback (node_modules/react-dom/cjs/react-dom.development.js:4164:14)
      at HTMLUnknownElement.callTheUserObjectsOperation (node_modules/jsdom/lib/jsdom/living/generated/EventListener.js:26:30)
      at innerInvokeEventListeners (node_modules/jsdom/lib/jsdom/living/events/EventTarget-impl.js:338:25)
      at invokeEventListeners (node_modules/jsdom/lib/jsdom/living/events/EventTarget-impl.js:274:3)
      at HTMLUnknownElementImpl._dispatch (node_modules/jsdom/lib/jsdom/living/events/EventTarget-impl.js:221:9)
      at HTMLUnknownElementImpl.dispatchEvent (node_modules/jsdom/lib/jsdom/living/events/EventTarget-impl.js:94:17)
      at HTMLUnknownElement.dispatchEvent (node_modules/jsdom/lib/jsdom/living/generated/EventTarget.js:231:34)
      at Object.invokeGuardedCallbackDev (node_modules/react-dom/cjs/react-dom.development.js:4213:16)
      at invokeGuardedCallback (node_modules/react-dom/cjs/react-dom.development.js:4277:31)
      at invokeGuardedCallbackAndCatchFirstError (node_modules/react-dom/cjs/react-dom.development.js:4291:25)
      at executeDispatch (node_modules/react-dom/cjs/react-dom.development.js:9041:3)
      at processDispatchQueueItemsInOrder (node_modules/react-dom/cjs/react-dom.development.js:9073:7)
      at processDispatchQueue (node_modules/react-dom/cjs/react-dom.development.js:9086:5)
      at dispatchEventsForPlugins (node_modules/react-dom/cjs/react-dom.development.js:9097:3)
      at node_modules/react-dom/cjs/react-dom.development.js:9288:12
      at batchedUpdates$1 (node_modules/react-dom/cjs/react-dom.development.js:26179:12)
      at batchedUpdates (node_modules/react-dom/cjs/react-dom.development.js:3991:12)
      at dispatchEventForPluginEventSystem (node_modules/react-dom/cjs/react-dom.development.js:9287:3)
      at dispatchEventWithEnableCapturePhaseSelectiveHydrationWithoutDiscreteEventReplay (node_modules/react-dom/cjs/react-dom.development.js:6465:5)
      at dispatchEvent (node_modules/react-dom/cjs/react-dom.development.js:6457:5)
      at dispatchDiscreteEvent (node_modules/react-dom/cjs/react-dom.development.js:6430:5)
      at HTMLDivElement.callTheUserObjectsOperation (node_modules/jsdom/lib/jsdom/living/generated/EventListener.js:26:30)
      at innerInvokeEventListeners (node_modules/jsdom/lib/jsdom/living/events/EventTarget-impl.js:338:25)
      at invokeEventListeners (node_modules/jsdom/lib/jsdom/living/events/EventTarget-impl.js:274:3)
      at HTMLInputElementImpl._dispatch (node_modules/jsdom/lib/jsdom/living/events/EventTarget-impl.js:221:9)
      at HTMLInputElementImpl.dispatchEvent (node_modules/jsdom/lib/jsdom/living/events/EventTarget-impl.js:94:17)
      at HTMLInputElement.dispatchEvent (node_modules/jsdom/lib/jsdom/living/generated/EventTarget.js:231:34)
      at node_modules/@testing-library/dom/dist/events.js:19:20
      at Object.eventWrapper (node_modules/@testing-library/dom/dist/config.js:25:23)
      at fireEvent (node_modules/@testing-library/dom/dist/events.js:12:35)
      at fireEvent.<computed> [as input] (node_modules/@testing-library/dom/dist/events.js:110:36)
      at fireInputEvent (node_modules/@testing-library/user-event/dist/keyboard/shared/fireInputEvent.js:31:18)
      at Object.handle (node_modules/@testing-library/user-event/dist/keyboard/plugins/character.js:138:32)
      at applyPlugins (node_modules/@testing-library/user-event/dist/keyboard/keyboardImplementation.js:157:12)
      at keypress (node_modules/@testing-library/user-event/dist/keyboard/keyboardImplementation.js:135:5)
      at keyboardImplementation (node_modules/@testing-library/user-event/dist/keyboard/keyboardImplementation.js:53:9)
      at keyboardImplementationWrapper (node_modules/@testing-library/user-event/dist/keyboard/index.js:55:65)
      at typeImplementation (node_modules/@testing-library/user-event/dist/type/typeImplementation.js:49:51)
      at Object.type (node_modules/@testing-library/user-event/dist/type/index.js:27:60)
      at Object.<anonymous> (src/components/InvestmentAnalyzer.test.js:18:21)

    console.error
      Warning: An update to InvestmentAnalyzer inside a test was not wrapped in act(...).
      
      When testing, code that causes React state updates should be wrapped into act(...):
      
      act(() => {
        /* fire events that update state */
      });
      /* assert on the output */
      
      This ensures that you're testing the behavior the user would see in the browser. Learn more at https://reactjs.org/link/wrap-tests-with-act
          at InvestmentAnalyzer (C:\Users\Andre Cadima\Documents\Gestion De Calidad de Sistemas\Calculadora_Pruebas_Unitarias\src\components\InvestmentAnalyzer.js:9:43)

    [0m [90m 27 |[39m   [36mconst[39m handleChange [33m=[39m (e) [33m=>[39m {
     [90m 28 |[39m     [36mconst[39m { name[33m,[39m value } [33m=[39m e[33m.[39mtarget[33m;[39m
    [31m[1m>[22m[39m[90m 29 |[39m     setFormData(prev [33m=>[39m ({
     [90m    |[39m     [31m[1m^[22m[39m
     [90m 30 |[39m       [33m...[39mprev[33m,[39m
     [90m 31 |[39m       [name][33m:[39m value
     [90m 32 |[39m     }))[33m;[39m[0m

      at printWarning (node_modules/react-dom/cjs/react-dom.development.js:86:30)
      at error (node_modules/react-dom/cjs/react-dom.development.js:60:7)
      at warnIfUpdatesNotWrappedWithActDEV (node_modules/react-dom/cjs/react-dom.development.js:27628:9)
      at scheduleUpdateOnFiber (node_modules/react-dom/cjs/react-dom.development.js:25547:5)
      at setFormData (node_modules/react-dom/cjs/react-dom.development.js:16708:7)
      at handleChange (src/components/InvestmentAnalyzer.js:29:5)
      at HTMLUnknownElement.callCallback (node_modules/react-dom/cjs/react-dom.development.js:4164:14)
      at HTMLUnknownElement.callTheUserObjectsOperation (node_modules/jsdom/lib/jsdom/living/generated/EventListener.js:26:30)
      at innerInvokeEventListeners (node_modules/jsdom/lib/jsdom/living/events/EventTarget-impl.js:338:25)
      at invokeEventListeners (node_modules/jsdom/lib/jsdom/living/events/EventTarget-impl.js:274:3)
      at HTMLUnknownElementImpl._dispatch (node_modules/jsdom/lib/jsdom/living/events/EventTarget-impl.js:221:9)
      at HTMLUnknownElementImpl.dispatchEvent (node_modules/jsdom/lib/jsdom/living/events/EventTarget-impl.js:94:17)
      at HTMLUnknownElement.dispatchEvent (node_modules/jsdom/lib/jsdom/living/generated/EventTarget.js:231:34)
      at Object.invokeGuardedCallbackDev (node_modules/react-dom/cjs/react-dom.development.js:4213:16)
      at invokeGuardedCallback (node_modules/react-dom/cjs/react-dom.development.js:4277:31)
      at invokeGuardedCallbackAndCatchFirstError (node_modules/react-dom/cjs/react-dom.development.js:4291:25)
      at executeDispatch (node_modules/react-dom/cjs/react-dom.development.js:9041:3)
      at processDispatchQueueItemsInOrder (node_modules/react-dom/cjs/react-dom.development.js:9073:7)
      at processDispatchQueue (node_modules/react-dom/cjs/react-dom.development.js:9086:5)
      at dispatchEventsForPlugins (node_modules/react-dom/cjs/react-dom.development.js:9097:3)
      at node_modules/react-dom/cjs/react-dom.development.js:9288:12
      at batchedUpdates$1 (node_modules/react-dom/cjs/react-dom.development.js:26179:12)
      at batchedUpdates (node_modules/react-dom/cjs/react-dom.development.js:3991:12)
      at dispatchEventForPluginEventSystem (node_modules/react-dom/cjs/react-dom.development.js:9287:3)
      at dispatchEventWithEnableCapturePhaseSelectiveHydrationWithoutDiscreteEventReplay (node_modules/react-dom/cjs/react-dom.development.js:6465:5)
      at dispatchEvent (node_modules/react-dom/cjs/react-dom.development.js:6457:5)
      at dispatchDiscreteEvent (node_modules/react-dom/cjs/react-dom.development.js:6430:5)
      at HTMLDivElement.callTheUserObjectsOperation (node_modules/jsdom/lib/jsdom/living/generated/EventListener.js:26:30)
      at innerInvokeEventListeners (node_modules/jsdom/lib/jsdom/living/events/EventTarget-impl.js:338:25)
      at invokeEventListeners (node_modules/jsdom/lib/jsdom/living/events/EventTarget-impl.js:274:3)
      at HTMLInputElementImpl._dispatch (node_modules/jsdom/lib/jsdom/living/events/EventTarget-impl.js:221:9)
      at HTMLInputElementImpl.dispatchEvent (node_modules/jsdom/lib/jsdom/living/events/EventTarget-impl.js:94:17)
      at HTMLInputElement.dispatchEvent (node_modules/jsdom/lib/jsdom/living/generated/EventTarget.js:231:34)
      at node_modules/@testing-library/dom/dist/events.js:19:20
      at Object.eventWrapper (node_modules/@testing-library/dom/dist/config.js:25:23)
      at fireEvent (node_modules/@testing-library/dom/dist/events.js:12:35)
      at fireEvent.<computed> [as input] (node_modules/@testing-library/dom/dist/events.js:110:36)
      at fireInputEvent (node_modules/@testing-library/user-event/dist/keyboard/shared/fireInputEvent.js:31:18)
      at Object.handle (node_modules/@testing-library/user-event/dist/keyboard/plugins/character.js:138:32)
      at applyPlugins (node_modules/@testing-library/user-event/dist/keyboard/keyboardImplementation.js:157:12)
      at keypress (node_modules/@testing-library/user-event/dist/keyboard/keyboardImplementation.js:135:5)
      at keyboardImplementation (node_modules/@testing-library/user-event/dist/keyboard/keyboardImplementation.js:53:9)
      at keyboardImplementation (node_modules/@testing-library/user-event/dist/keyboard/keyboardImplementation.js:81:12)
      at keyboardImplementationWrapper (node_modules/@testing-library/user-event/dist/keyboard/index.js:55:65)
      at typeImplementation (node_modules/@testing-library/user-event/dist/type/typeImplementation.js:49:51)
      at Object.type (node_modules/@testing-library/user-event/dist/type/index.js:27:60)
      at Object.<anonymous> (src/components/InvestmentAnalyzer.test.js:18:21)

    console.error
      Warning: An update to InvestmentAnalyzer inside a test was not wrapped in act(...).
      
      When testing, code that causes React state updates should be wrapped into act(...):
      
      act(() => {
        /* fire events that update state */
      });
      /* assert on the output */
      
      This ensures that you're testing the behavior the user would see in the browser. Learn more at https://reactjs.org/link/wrap-tests-with-act
          at InvestmentAnalyzer (C:\Users\Andre Cadima\Documents\Gestion De Calidad de Sistemas\Calculadora_Pruebas_Unitarias\src\components\InvestmentAnalyzer.js:9:43)

    [0m [90m 31 |[39m       [name][33m:[39m value
     [90m 32 |[39m     }))[33m;[39m
    [31m[1m>[22m[39m[90m 33 |[39m     setError([32m''[39m)[33m;[39m
     [90m    |[39m     [31m[1m^[22m[39m
     [90m 34 |[39m   }[33m;[39m
     [90m 35 |[39m
     [90m 36 |[39m   [36mconst[39m handleSubmit [33m=[39m (e) [33m=>[39m {[0m

      at printWarning (node_modules/react-dom/cjs/react-dom.development.js:86:30)
      at error (node_modules/react-dom/cjs/react-dom.development.js:60:7)
      at warnIfUpdatesNotWrappedWithActDEV (node_modules/react-dom/cjs/react-dom.development.js:27628:9)
      at scheduleUpdateOnFiber (node_modules/react-dom/cjs/react-dom.development.js:25547:5)
      at setError (node_modules/react-dom/cjs/react-dom.development.js:16708:7)
      at handleChange (src/components/InvestmentAnalyzer.js:33:5)
      at HTMLUnknownElement.callCallback (node_modules/react-dom/cjs/react-dom.development.js:4164:14)
      at HTMLUnknownElement.callTheUserObjectsOperation (node_modules/jsdom/lib/jsdom/living/generated/EventListener.js:26:30)
      at innerInvokeEventListeners (node_modules/jsdom/lib/jsdom/living/events/EventTarget-impl.js:338:25)
      at invokeEventListeners (node_modules/jsdom/lib/jsdom/living/events/EventTarget-impl.js:274:3)
      at HTMLUnknownElementImpl._dispatch (node_modules/jsdom/lib/jsdom/living/events/EventTarget-impl.js:221:9)
      at HTMLUnknownElementImpl.dispatchEvent (node_modules/jsdom/lib/jsdom/living/events/EventTarget-impl.js:94:17)
      at HTMLUnknownElement.dispatchEvent (node_modules/jsdom/lib/jsdom/living/generated/EventTarget.js:231:34)
      at Object.invokeGuardedCallbackDev (node_modules/react-dom/cjs/react-dom.development.js:4213:16)
      at invokeGuardedCallback (node_modules/react-dom/cjs/react-dom.development.js:4277:31)
      at invokeGuardedCallbackAndCatchFirstError (node_modules/react-dom/cjs/react-dom.development.js:4291:25)
      at executeDispatch (node_modules/react-dom/cjs/react-dom.development.js:9041:3)
      at processDispatchQueueItemsInOrder (node_modules/react-dom/cjs/react-dom.development.js:9073:7)
      at processDispatchQueue (node_modules/react-dom/cjs/react-dom.development.js:9086:5)
      at dispatchEventsForPlugins (node_modules/react-dom/cjs/react-dom.development.js:9097:3)
      at node_modules/react-dom/cjs/react-dom.development.js:9288:12
      at batchedUpdates$1 (node_modules/react-dom/cjs/react-dom.development.js:26179:12)
      at batchedUpdates (node_modules/react-dom/cjs/react-dom.development.js:3991:12)
      at dispatchEventForPluginEventSystem (node_modules/react-dom/cjs/react-dom.development.js:9287:3)
      at dispatchEventWithEnableCapturePhaseSelectiveHydrationWithoutDiscreteEventReplay (node_modules/react-dom/cjs/react-dom.development.js:6465:5)
      at dispatchEvent (node_modules/react-dom/cjs/react-dom.development.js:6457:5)
      at dispatchDiscreteEvent (node_modules/react-dom/cjs/react-dom.development.js:6430:5)
      at HTMLDivElement.callTheUserObjectsOperation (node_modules/jsdom/lib/jsdom/living/generated/EventListener.js:26:30)
      at innerInvokeEventListeners (node_modules/jsdom/lib/jsdom/living/events/EventTarget-impl.js:338:25)
      at invokeEventListeners (node_modules/jsdom/lib/jsdom/living/events/EventTarget-impl.js:274:3)
      at HTMLInputElementImpl._dispatch (node_modules/jsdom/lib/jsdom/living/events/EventTarget-impl.js:221:9)
      at HTMLInputElementImpl.dispatchEvent (node_modules/jsdom/lib/jsdom/living/events/EventTarget-impl.js:94:17)
      at HTMLInputElement.dispatchEvent (node_modules/jsdom/lib/jsdom/living/generated/EventTarget.js:231:34)
      at node_modules/@testing-library/dom/dist/events.js:19:20
      at Object.eventWrapper (node_modules/@testing-library/dom/dist/config.js:25:23)
      at fireEvent (node_modules/@testing-library/dom/dist/events.js:12:35)
      at fireEvent.<computed> [as input] (node_modules/@testing-library/dom/dist/events.js:110:36)
      at fireInputEvent (node_modules/@testing-library/user-event/dist/keyboard/shared/fireInputEvent.js:31:18)
      at Object.handle (node_modules/@testing-library/user-event/dist/keyboard/plugins/character.js:138:32)
      at applyPlugins (node_modules/@testing-library/user-event/dist/keyboard/keyboardImplementation.js:157:12)
      at keypress (node_modules/@testing-library/user-event/dist/keyboard/keyboardImplementation.js:135:5)
      at keyboardImplementation (node_modules/@testing-library/user-event/dist/keyboard/keyboardImplementation.js:53:9)
      at keyboardImplementation (node_modules/@testing-library/user-event/dist/keyboard/keyboardImplementation.js:81:12)
      at keyboardImplementationWrapper (node_modules/@testing-library/user-event/dist/keyboard/index.js:55:65)
      at typeImplementation (node_modules/@testing-library/user-event/dist/type/typeImplementation.js:49:51)
      at Object.type (node_modules/@testing-library/user-event/dist/type/index.js:27:60)
      at Object.<anonymous> (src/components/InvestmentAnalyzer.test.js:18:21)

    console.error
      Warning: An update to InvestmentAnalyzer inside a test was not wrapped in act(...).
      
      When testing, code that causes React state updates should be wrapped into act(...):
      
      act(() => {
        /* fire events that update state */
      });
      /* assert on the output */
      
      This ensures that you're testing the behavior the user would see in the browser. Learn more at https://reactjs.org/link/wrap-tests-with-act
          at InvestmentAnalyzer (C:\Users\Andre Cadima\Documents\Gestion De Calidad de Sistemas\Calculadora_Pruebas_Unitarias\src\components\InvestmentAnalyzer.js:9:43)

    [0m [90m 27 |[39m   [36mconst[39m handleChange [33m=[39m (e) [33m=>[39m {
     [90m 28 |[39m     [36mconst[39m { name[33m,[39m value } [33m=[39m e[33m.[39mtarget[33m;[39m
    [31m[1m>[22m[39m[90m 29 |[39m     setFormData(prev [33m=>[39m ({
     [90m    |[39m     [31m[1m^[22m[39m
     [90m 30 |[39m       [33m...[39mprev[33m,[39m
     [90m 31 |[39m       [name][33m:[39m value
     [90m 32 |[39m     }))[33m;[39m[0m

      at printWarning (node_modules/react-dom/cjs/react-dom.development.js:86:30)
      at error (node_modules/react-dom/cjs/react-dom.development.js:60:7)
      at warnIfUpdatesNotWrappedWithActDEV (node_modules/react-dom/cjs/react-dom.development.js:27628:9)
      at scheduleUpdateOnFiber (node_modules/react-dom/cjs/react-dom.development.js:25547:5)
      at setFormData (node_modules/react-dom/cjs/react-dom.development.js:16708:7)
      at handleChange (src/components/InvestmentAnalyzer.js:29:5)
      at HTMLUnknownElement.callCallback (node_modules/react-dom/cjs/react-dom.development.js:4164:14)
      at HTMLUnknownElement.callTheUserObjectsOperation (node_modules/jsdom/lib/jsdom/living/generated/EventListener.js:26:30)
      at innerInvokeEventListeners (node_modules/jsdom/lib/jsdom/living/events/EventTarget-impl.js:338:25)
      at invokeEventListeners (node_modules/jsdom/lib/jsdom/living/events/EventTarget-impl.js:274:3)
      at HTMLUnknownElementImpl._dispatch (node_modules/jsdom/lib/jsdom/living/events/EventTarget-impl.js:221:9)
      at HTMLUnknownElementImpl.dispatchEvent (node_modules/jsdom/lib/jsdom/living/events/EventTarget-impl.js:94:17)
      at HTMLUnknownElement.dispatchEvent (node_modules/jsdom/lib/jsdom/living/generated/EventTarget.js:231:34)
      at Object.invokeGuardedCallbackDev (node_modules/react-dom/cjs/react-dom.development.js:4213:16)
      at invokeGuardedCallback (node_modules/react-dom/cjs/react-dom.development.js:4277:31)
      at invokeGuardedCallbackAndCatchFirstError (node_modules/react-dom/cjs/react-dom.development.js:4291:25)
      at executeDispatch (node_modules/react-dom/cjs/react-dom.development.js:9041:3)
      at processDispatchQueueItemsInOrder (node_modules/react-dom/cjs/react-dom.development.js:9073:7)
      at processDispatchQueue (node_modules/react-dom/cjs/react-dom.development.js:9086:5)
      at dispatchEventsForPlugins (node_modules/react-dom/cjs/react-dom.development.js:9097:3)
      at node_modules/react-dom/cjs/react-dom.development.js:9288:12
      at batchedUpdates$1 (node_modules/react-dom/cjs/react-dom.development.js:26179:12)
      at batchedUpdates (node_modules/react-dom/cjs/react-dom.development.js:3991:12)
      at dispatchEventForPluginEventSystem (node_modules/react-dom/cjs/react-dom.development.js:9287:3)
      at dispatchEventWithEnableCapturePhaseSelectiveHydrationWithoutDiscreteEventReplay (node_modules/react-dom/cjs/react-dom.development.js:6465:5)
      at dispatchEvent (node_modules/react-dom/cjs/react-dom.development.js:6457:5)
      at dispatchDiscreteEvent (node_modules/react-dom/cjs/react-dom.development.js:6430:5)
      at HTMLDivElement.callTheUserObjectsOperation (node_modules/jsdom/lib/jsdom/living/generated/EventListener.js:26:30)
      at innerInvokeEventListeners (node_modules/jsdom/lib/jsdom/living/events/EventTarget-impl.js:338:25)
      at invokeEventListeners (node_modules/jsdom/lib/jsdom/living/events/EventTarget-impl.js:274:3)
      at HTMLInputElementImpl._dispatch (node_modules/jsdom/lib/jsdom/living/events/EventTarget-impl.js:221:9)
      at HTMLInputElementImpl.dispatchEvent (node_modules/jsdom/lib/jsdom/living/events/EventTarget-impl.js:94:17)
      at HTMLInputElement.dispatchEvent (node_modules/jsdom/lib/jsdom/living/generated/EventTarget.js:231:34)
      at node_modules/@testing-library/dom/dist/events.js:19:20
      at Object.eventWrapper (node_modules/@testing-library/dom/dist/config.js:25:23)
      at fireEvent (node_modules/@testing-library/dom/dist/events.js:12:35)
      at fireEvent.<computed> [as input] (node_modules/@testing-library/dom/dist/events.js:110:36)
      at fireInputEvent (node_modules/@testing-library/user-event/dist/keyboard/shared/fireInputEvent.js:31:18)
      at Object.handle (node_modules/@testing-library/user-event/dist/keyboard/plugins/character.js:138:32)
      at applyPlugins (node_modules/@testing-library/user-event/dist/keyboard/keyboardImplementation.js:157:12)
      at keypress (node_modules/@testing-library/user-event/dist/keyboard/keyboardImplementation.js:135:5)
      at keyboardImplementation (node_modules/@testing-library/user-event/dist/keyboard/keyboardImplementation.js:53:9)
      at keyboardImplementation (node_modules/@testing-library/user-event/dist/keyboard/keyboardImplementation.js:81:12)
      at keyboardImplementation (node_modules/@testing-library/user-event/dist/keyboard/keyboardImplementation.js:81:12)
      at keyboardImplementationWrapper (node_modules/@testing-library/user-event/dist/keyboard/index.js:55:65)
      at typeImplementation (node_modules/@testing-library/user-event/dist/type/typeImplementation.js:49:51)
      at Object.type (node_modules/@testing-library/user-event/dist/type/index.js:27:60)
      at Object.<anonymous> (src/components/InvestmentAnalyzer.test.js:18:21)

    console.error
      Warning: An update to InvestmentAnalyzer inside a test was not wrapped in act(...).
      
      When testing, code that causes React state updates should be wrapped into act(...):
      
      act(() => {
        /* fire events that update state */
      });
      /* assert on the output */
      
      This ensures that you're testing the behavior the user would see in the browser. Learn more at https://reactjs.org/link/wrap-tests-with-act
          at InvestmentAnalyzer (C:\Users\Andre Cadima\Documents\Gestion De Calidad de Sistemas\Calculadora_Pruebas_Unitarias\src\components\InvestmentAnalyzer.js:9:43)

    [0m [90m 31 |[39m       [name][33m:[39m value
     [90m 32 |[39m     }))[33m;[39m
    [31m[1m>[22m[39m[90m 33 |[39m     setError([32m''[39m)[33m;[39m
     [90m    |[39m     [31m[1m^[22m[39m
     [90m 34 |[39m   }[33m;[39m
     [90m 35 |[39m
     [90m 36 |[39m   [36mconst[39m handleSubmit [33m=[39m (e) [33m=>[39m {[0m

      at printWarning (node_modules/react-dom/cjs/react-dom.development.js:86:30)
      at error (node_modules/react-dom/cjs/react-dom.development.js:60:7)
      at warnIfUpdatesNotWrappedWithActDEV (node_modules/react-dom/cjs/react-dom.development.js:27628:9)
      at scheduleUpdateOnFiber (node_modules/react-dom/cjs/react-dom.development.js:25547:5)
      at setError (node_modules/react-dom/cjs/react-dom.development.js:16708:7)
      at handleChange (src/components/InvestmentAnalyzer.js:33:5)
      at HTMLUnknownElement.callCallback (node_modules/react-dom/cjs/react-dom.development.js:4164:14)
      at HTMLUnknownElement.callTheUserObjectsOperation (node_modules/jsdom/lib/jsdom/living/generated/EventListener.js:26:30)
      at innerInvokeEventListeners (node_modules/jsdom/lib/jsdom/living/events/EventTarget-impl.js:338:25)
      at invokeEventListeners (node_modules/jsdom/lib/jsdom/living/events/EventTarget-impl.js:274:3)
      at HTMLUnknownElementImpl._dispatch (node_modules/jsdom/lib/jsdom/living/events/EventTarget-impl.js:221:9)
      at HTMLUnknownElementImpl.dispatchEvent (node_modules/jsdom/lib/jsdom/living/events/EventTarget-impl.js:94:17)
      at HTMLUnknownElement.dispatchEvent (node_modules/jsdom/lib/jsdom/living/generated/EventTarget.js:231:34)
      at Object.invokeGuardedCallbackDev (node_modules/react-dom/cjs/react-dom.development.js:4213:16)
      at invokeGuardedCallback (node_modules/react-dom/cjs/react-dom.development.js:4277:31)
      at invokeGuardedCallbackAndCatchFirstError (node_modules/react-dom/cjs/react-dom.development.js:4291:25)
      at executeDispatch (node_modules/react-dom/cjs/react-dom.development.js:9041:3)
      at processDispatchQueueItemsInOrder (node_modules/react-dom/cjs/react-dom.development.js:9073:7)
      at processDispatchQueue (node_modules/react-dom/cjs/react-dom.development.js:9086:5)
      at dispatchEventsForPlugins (node_modules/react-dom/cjs/react-dom.development.js:9097:3)
      at node_modules/react-dom/cjs/react-dom.development.js:9288:12
      at batchedUpdates$1 (node_modules/react-dom/cjs/react-dom.development.js:26179:12)
      at batchedUpdates (node_modules/react-dom/cjs/react-dom.development.js:3991:12)
      at dispatchEventForPluginEventSystem (node_modules/react-dom/cjs/react-dom.development.js:9287:3)
      at dispatchEventWithEnableCapturePhaseSelectiveHydrationWithoutDiscreteEventReplay (node_modules/react-dom/cjs/react-dom.development.js:6465:5)
      at dispatchEvent (node_modules/react-dom/cjs/react-dom.development.js:6457:5)
      at dispatchDiscreteEvent (node_modules/react-dom/cjs/react-dom.development.js:6430:5)
      at HTMLDivElement.callTheUserObjectsOperation (node_modules/jsdom/lib/jsdom/living/generated/EventListener.js:26:30)
      at innerInvokeEventListeners (node_modules/jsdom/lib/jsdom/living/events/EventTarget-impl.js:338:25)
      at invokeEventListeners (node_modules/jsdom/lib/jsdom/living/events/EventTarget-impl.js:274:3)
      at HTMLInputElementImpl._dispatch (node_modules/jsdom/lib/jsdom/living/events/EventTarget-impl.js:221:9)
      at HTMLInputElementImpl.dispatchEvent (node_modules/jsdom/lib/jsdom/living/events/EventTarget-impl.js:94:17)
      at HTMLInputElement.dispatchEvent (node_modules/jsdom/lib/jsdom/living/generated/EventTarget.js:231:34)
      at node_modules/@testing-library/dom/dist/events.js:19:20
      at Object.eventWrapper (node_modules/@testing-library/dom/dist/config.js:25:23)
      at fireEvent (node_modules/@testing-library/dom/dist/events.js:12:35)
      at fireEvent.<computed> [as input] (node_modules/@testing-library/dom/dist/events.js:110:36)
      at fireInputEvent (node_modules/@testing-library/user-event/dist/keyboard/shared/fireInputEvent.js:31:18)
      at Object.handle (node_modules/@testing-library/user-event/dist/keyboard/plugins/character.js:138:32)
      at applyPlugins (node_modules/@testing-library/user-event/dist/keyboard/keyboardImplementation.js:157:12)
      at keypress (node_modules/@testing-library/user-event/dist/keyboard/keyboardImplementation.js:135:5)
      at keyboardImplementation (node_modules/@testing-library/user-event/dist/keyboard/keyboardImplementation.js:53:9)
      at keyboardImplementation (node_modules/@testing-library/user-event/dist/keyboard/keyboardImplementation.js:81:12)
      at keyboardImplementation (node_modules/@testing-library/user-event/dist/keyboard/keyboardImplementation.js:81:12)
      at keyboardImplementationWrapper (node_modules/@testing-library/user-event/dist/keyboard/index.js:55:65)
      at typeImplementation (node_modules/@testing-library/user-event/dist/type/typeImplementation.js:49:51)
      at Object.type (node_modules/@testing-library/user-event/dist/type/index.js:27:60)
      at Object.<anonymous> (src/components/InvestmentAnalyzer.test.js:18:21)

    console.error
      Warning: An update to InvestmentAnalyzer inside a test was not wrapped in act(...).
      
      When testing, code that causes React state updates should be wrapped into act(...):
      
      act(() => {
        /* fire events that update state */
      });
      /* assert on the output */
      
      This ensures that you're testing the behavior the user would see in the browser. Learn more at https://reactjs.org/link/wrap-tests-with-act
          at InvestmentAnalyzer (C:\Users\Andre Cadima\Documents\Gestion De Calidad de Sistemas\Calculadora_Pruebas_Unitarias\src\components\InvestmentAnalyzer.js:9:43)

    [0m [90m 27 |[39m   [36mconst[39m handleChange [33m=[39m (e) [33m=>[39m {
     [90m 28 |[39m     [36mconst[39m { name[33m,[39m value } [33m=[39m e[33m.[39mtarget[33m;[39m
    [31m[1m>[22m[39m[90m 29 |[39m     setFormData(prev [33m=>[39m ({
     [90m    |[39m     [31m[1m^[22m[39m
     [90m 30 |[39m       [33m...[39mprev[33m,[39m
     [90m 31 |[39m       [name][33m:[39m value
     [90m 32 |[39m     }))[33m;[39m[0m

      at printWarning (node_modules/react-dom/cjs/react-dom.development.js:86:30)
      at error (node_modules/react-dom/cjs/react-dom.development.js:60:7)
      at warnIfUpdatesNotWrappedWithActDEV (node_modules/react-dom/cjs/react-dom.development.js:27628:9)
      at scheduleUpdateOnFiber (node_modules/react-dom/cjs/react-dom.development.js:25547:5)
      at setFormData (node_modules/react-dom/cjs/react-dom.development.js:16708:7)
      at handleChange (src/components/InvestmentAnalyzer.js:29:5)
      at HTMLUnknownElement.callCallback (node_modules/react-dom/cjs/react-dom.development.js:4164:14)
      at HTMLUnknownElement.callTheUserObjectsOperation (node_modules/jsdom/lib/jsdom/living/generated/EventListener.js:26:30)
      at innerInvokeEventListeners (node_modules/jsdom/lib/jsdom/living/events/EventTarget-impl.js:338:25)
      at invokeEventListeners (node_modules/jsdom/lib/jsdom/living/events/EventTarget-impl.js:274:3)
      at HTMLUnknownElementImpl._dispatch (node_modules/jsdom/lib/jsdom/living/events/EventTarget-impl.js:221:9)
      at HTMLUnknownElementImpl.dispatchEvent (node_modules/jsdom/lib/jsdom/living/events/EventTarget-impl.js:94:17)
      at HTMLUnknownElement.dispatchEvent (node_modules/jsdom/lib/jsdom/living/generated/EventTarget.js:231:34)
      at Object.invokeGuardedCallbackDev (node_modules/react-dom/cjs/react-dom.development.js:4213:16)
      at invokeGuardedCallback (node_modules/react-dom/cjs/react-dom.development.js:4277:31)
      at invokeGuardedCallbackAndCatchFirstError (node_modules/react-dom/cjs/react-dom.development.js:4291:25)
      at executeDispatch (node_modules/react-dom/cjs/react-dom.development.js:9041:3)
      at processDispatchQueueItemsInOrder (node_modules/react-dom/cjs/react-dom.development.js:9073:7)
      at processDispatchQueue (node_modules/react-dom/cjs/react-dom.development.js:9086:5)
      at dispatchEventsForPlugins (node_modules/react-dom/cjs/react-dom.development.js:9097:3)
      at node_modules/react-dom/cjs/react-dom.development.js:9288:12
      at batchedUpdates$1 (node_modules/react-dom/cjs/react-dom.development.js:26179:12)
      at batchedUpdates (node_modules/react-dom/cjs/react-dom.development.js:3991:12)
      at dispatchEventForPluginEventSystem (node_modules/react-dom/cjs/react-dom.development.js:9287:3)
      at dispatchEventWithEnableCapturePhaseSelectiveHydrationWithoutDiscreteEventReplay (node_modules/react-dom/cjs/react-dom.development.js:6465:5)
      at dispatchEvent (node_modules/react-dom/cjs/react-dom.development.js:6457:5)
      at dispatchDiscreteEvent (node_modules/react-dom/cjs/react-dom.development.js:6430:5)
      at HTMLDivElement.callTheUserObjectsOperation (node_modules/jsdom/lib/jsdom/living/generated/EventListener.js:26:30)
      at innerInvokeEventListeners (node_modules/jsdom/lib/jsdom/living/events/EventTarget-impl.js:338:25)
      at invokeEventListeners (node_modules/jsdom/lib/jsdom/living/events/EventTarget-impl.js:274:3)
      at HTMLInputElementImpl._dispatch (node_modules/jsdom/lib/jsdom/living/events/EventTarget-impl.js:221:9)
      at HTMLInputElementImpl.dispatchEvent (node_modules/jsdom/lib/jsdom/living/events/EventTarget-impl.js:94:17)
      at HTMLInputElement.dispatchEvent (node_modules/jsdom/lib/jsdom/living/generated/EventTarget.js:231:34)
      at node_modules/@testing-library/dom/dist/events.js:19:20
      at Object.eventWrapper (node_modules/@testing-library/dom/dist/config.js:25:23)
      at fireEvent (node_modules/@testing-library/dom/dist/events.js:12:35)
      at fireEvent.<computed> [as input] (node_modules/@testing-library/dom/dist/events.js:110:36)
      at fireInputEvent (node_modules/@testing-library/user-event/dist/keyboard/shared/fireInputEvent.js:31:18)
      at Object.handle (node_modules/@testing-library/user-event/dist/keyboard/plugins/character.js:138:32)
      at applyPlugins (node_modules/@testing-library/user-event/dist/keyboard/keyboardImplementation.js:157:12)
      at keypress (node_modules/@testing-library/user-event/dist/keyboard/keyboardImplementation.js:135:5)
      at keyboardImplementation (node_modules/@testing-library/user-event/dist/keyboard/keyboardImplementation.js:53:9)
      at keyboardImplementation (node_modules/@testing-library/user-event/dist/keyboard/keyboardImplementation.js:81:12)
      at keyboardImplementation (node_modules/@testing-library/user-event/dist/keyboard/keyboardImplementation.js:81:12)
      at keyboardImplementation (node_modules/@testing-library/user-event/dist/keyboard/keyboardImplementation.js:81:12)
      at keyboardImplementationWrapper (node_modules/@testing-library/user-event/dist/keyboard/index.js:55:65)
      at typeImplementation (node_modules/@testing-library/user-event/dist/type/typeImplementation.js:49:51)
      at Object.type (node_modules/@testing-library/user-event/dist/type/index.js:27:60)

    console.error
      Warning: An update to InvestmentAnalyzer inside a test was not wrapped in act(...).
      
      When testing, code that causes React state updates should be wrapped into act(...):
      
      act(() => {
        /* fire events that update state */
      });
      /* assert on the output */
      
      This ensures that you're testing the behavior the user would see in the browser. Learn more at https://reactjs.org/link/wrap-tests-with-act
          at InvestmentAnalyzer (C:\Users\Andre Cadima\Documents\Gestion De Calidad de Sistemas\Calculadora_Pruebas_Unitarias\src\components\InvestmentAnalyzer.js:9:43)

    [0m [90m 31 |[39m       [name][33m:[39m value
     [90m 32 |[39m     }))[33m;[39m
    [31m[1m>[22m[39m[90m 33 |[39m     setError([32m''[39m)[33m;[39m
     [90m    |[39m     [31m[1m^[22m[39m
     [90m 34 |[39m   }[33m;[39m
     [90m 35 |[39m
     [90m 36 |[39m   [36mconst[39m handleSubmit [33m=[39m (e) [33m=>[39m {[0m

      at printWarning (node_modules/react-dom/cjs/react-dom.development.js:86:30)
      at error (node_modules/react-dom/cjs/react-dom.development.js:60:7)
      at warnIfUpdatesNotWrappedWithActDEV (node_modules/react-dom/cjs/react-dom.development.js:27628:9)
      at scheduleUpdateOnFiber (node_modules/react-dom/cjs/react-dom.development.js:25547:5)
      at setError (node_modules/react-dom/cjs/react-dom.development.js:16708:7)
      at handleChange (src/components/InvestmentAnalyzer.js:33:5)
      at HTMLUnknownElement.callCallback (node_modules/react-dom/cjs/react-dom.development.js:4164:14)
      at HTMLUnknownElement.callTheUserObjectsOperation (node_modules/jsdom/lib/jsdom/living/generated/EventListener.js:26:30)
      at innerInvokeEventListeners (node_modules/jsdom/lib/jsdom/living/events/EventTarget-impl.js:338:25)
      at invokeEventListeners (node_modules/jsdom/lib/jsdom/living/events/EventTarget-impl.js:274:3)
      at HTMLUnknownElementImpl._dispatch (node_modules/jsdom/lib/jsdom/living/events/EventTarget-impl.js:221:9)
      at HTMLUnknownElementImpl.dispatchEvent (node_modules/jsdom/lib/jsdom/living/events/EventTarget-impl.js:94:17)
      at HTMLUnknownElement.dispatchEvent (node_modules/jsdom/lib/jsdom/living/generated/EventTarget.js:231:34)
      at Object.invokeGuardedCallbackDev (node_modules/react-dom/cjs/react-dom.development.js:4213:16)
      at invokeGuardedCallback (node_modules/react-dom/cjs/react-dom.development.js:4277:31)
      at invokeGuardedCallbackAndCatchFirstError (node_modules/react-dom/cjs/react-dom.development.js:4291:25)
      at executeDispatch (node_modules/react-dom/cjs/react-dom.development.js:9041:3)
      at processDispatchQueueItemsInOrder (node_modules/react-dom/cjs/react-dom.development.js:9073:7)
      at processDispatchQueue (node_modules/react-dom/cjs/react-dom.development.js:9086:5)
      at dispatchEventsForPlugins (node_modules/react-dom/cjs/react-dom.development.js:9097:3)
      at node_modules/react-dom/cjs/react-dom.development.js:9288:12
      at batchedUpdates$1 (node_modules/react-dom/cjs/react-dom.development.js:26179:12)
      at batchedUpdates (node_modules/react-dom/cjs/react-dom.development.js:3991:12)
      at dispatchEventForPluginEventSystem (node_modules/react-dom/cjs/react-dom.development.js:9287:3)
      at dispatchEventWithEnableCapturePhaseSelectiveHydrationWithoutDiscreteEventReplay (node_modules/react-dom/cjs/react-dom.development.js:6465:5)
      at dispatchEvent (node_modules/react-dom/cjs/react-dom.development.js:6457:5)
      at dispatchDiscreteEvent (node_modules/react-dom/cjs/react-dom.development.js:6430:5)
      at HTMLDivElement.callTheUserObjectsOperation (node_modules/jsdom/lib/jsdom/living/generated/EventListener.js:26:30)
      at innerInvokeEventListeners (node_modules/jsdom/lib/jsdom/living/events/EventTarget-impl.js:338:25)
      at invokeEventListeners (node_modules/jsdom/lib/jsdom/living/events/EventTarget-impl.js:274:3)
      at HTMLInputElementImpl._dispatch (node_modules/jsdom/lib/jsdom/living/events/EventTarget-impl.js:221:9)
      at HTMLInputElementImpl.dispatchEvent (node_modules/jsdom/lib/jsdom/living/events/EventTarget-impl.js:94:17)
      at HTMLInputElement.dispatchEvent (node_modules/jsdom/lib/jsdom/living/generated/EventTarget.js:231:34)
      at node_modules/@testing-library/dom/dist/events.js:19:20
      at Object.eventWrapper (node_modules/@testing-library/dom/dist/config.js:25:23)
      at fireEvent (node_modules/@testing-library/dom/dist/events.js:12:35)
      at fireEvent.<computed> [as input] (node_modules/@testing-library/dom/dist/events.js:110:36)
      at fireInputEvent (node_modules/@testing-library/user-event/dist/keyboard/shared/fireInputEvent.js:31:18)
      at Object.handle (node_modules/@testing-library/user-event/dist/keyboard/plugins/character.js:138:32)
      at applyPlugins (node_modules/@testing-library/user-event/dist/keyboard/keyboardImplementation.js:157:12)
      at keypress (node_modules/@testing-library/user-event/dist/keyboard/keyboardImplementation.js:135:5)
      at keyboardImplementation (node_modules/@testing-library/user-event/dist/keyboard/keyboardImplementation.js:53:9)
      at keyboardImplementation (node_modules/@testing-library/user-event/dist/keyboard/keyboardImplementation.js:81:12)
      at keyboardImplementation (node_modules/@testing-library/user-event/dist/keyboard/keyboardImplementation.js:81:12)
      at keyboardImplementation (node_modules/@testing-library/user-event/dist/keyboard/keyboardImplementation.js:81:12)
      at keyboardImplementationWrapper (node_modules/@testing-library/user-event/dist/keyboard/index.js:55:65)
      at typeImplementation (node_modules/@testing-library/user-event/dist/type/typeImplementation.js:49:51)
      at Object.type (node_modules/@testing-library/user-event/dist/type/index.js:27:60)

    console.error
      Warning: An update to InvestmentAnalyzer inside a test was not wrapped in act(...).
      
      When testing, code that causes React state updates should be wrapped into act(...):
      
      act(() => {
        /* fire events that update state */
      });
      /* assert on the output */
      
      This ensures that you're testing the behavior the user would see in the browser. Learn more at https://reactjs.org/link/wrap-tests-with-act
          at InvestmentAnalyzer (C:\Users\Andre Cadima\Documents\Gestion De Calidad de Sistemas\Calculadora_Pruebas_Unitarias\src\components\InvestmentAnalyzer.js:9:43)

    [0m [90m 27 |[39m   [36mconst[39m handleChange [33m=[39m (e) [33m=>[39m {
     [90m 28 |[39m     [36mconst[39m { name[33m,[39m value } [33m=[39m e[33m.[39mtarget[33m;[39m
    [31m[1m>[22m[39m[90m 29 |[39m     setFormData(prev [33m=>[39m ({
     [90m    |[39m     [31m[1m^[22m[39m
     [90m 30 |[39m       [33m...[39mprev[33m,[39m
     [90m 31 |[39m       [name][33m:[39m value
     [90m 32 |[39m     }))[33m;[39m[0m

      at printWarning (node_modules/react-dom/cjs/react-dom.development.js:86:30)
      at error (node_modules/react-dom/cjs/react-dom.development.js:60:7)
      at warnIfUpdatesNotWrappedWithActDEV (node_modules/react-dom/cjs/react-dom.development.js:27628:9)
      at scheduleUpdateOnFiber (node_modules/react-dom/cjs/react-dom.development.js:25547:5)
      at setFormData (node_modules/react-dom/cjs/react-dom.development.js:16708:7)
      at handleChange (src/components/InvestmentAnalyzer.js:29:5)
      at HTMLUnknownElement.callCallback (node_modules/react-dom/cjs/react-dom.development.js:4164:14)
      at HTMLUnknownElement.callTheUserObjectsOperation (node_modules/jsdom/lib/jsdom/living/generated/EventListener.js:26:30)
      at innerInvokeEventListeners (node_modules/jsdom/lib/jsdom/living/events/EventTarget-impl.js:338:25)
      at invokeEventListeners (node_modules/jsdom/lib/jsdom/living/events/EventTarget-impl.js:274:3)
      at HTMLUnknownElementImpl._dispatch (node_modules/jsdom/lib/jsdom/living/events/EventTarget-impl.js:221:9)
      at HTMLUnknownElementImpl.dispatchEvent (node_modules/jsdom/lib/jsdom/living/events/EventTarget-impl.js:94:17)
      at HTMLUnknownElement.dispatchEvent (node_modules/jsdom/lib/jsdom/living/generated/EventTarget.js:231:34)
      at Object.invokeGuardedCallbackDev (node_modules/react-dom/cjs/react-dom.development.js:4213:16)
      at invokeGuardedCallback (node_modules/react-dom/cjs/react-dom.development.js:4277:31)
      at invokeGuardedCallbackAndCatchFirstError (node_modules/react-dom/cjs/react-dom.development.js:4291:25)
      at executeDispatch (node_modules/react-dom/cjs/react-dom.development.js:9041:3)
      at processDispatchQueueItemsInOrder (node_modules/react-dom/cjs/react-dom.development.js:9073:7)
      at processDispatchQueue (node_modules/react-dom/cjs/react-dom.development.js:9086:5)
      at dispatchEventsForPlugins (node_modules/react-dom/cjs/react-dom.development.js:9097:3)
      at node_modules/react-dom/cjs/react-dom.development.js:9288:12
      at batchedUpdates$1 (node_modules/react-dom/cjs/react-dom.development.js:26179:12)
      at batchedUpdates (node_modules/react-dom/cjs/react-dom.development.js:3991:12)
      at dispatchEventForPluginEventSystem (node_modules/react-dom/cjs/react-dom.development.js:9287:3)
      at dispatchEventWithEnableCapturePhaseSelectiveHydrationWithoutDiscreteEventReplay (node_modules/react-dom/cjs/react-dom.development.js:6465:5)
      at dispatchEvent (node_modules/react-dom/cjs/react-dom.development.js:6457:5)
      at dispatchDiscreteEvent (node_modules/react-dom/cjs/react-dom.development.js:6430:5)
      at HTMLDivElement.callTheUserObjectsOperation (node_modules/jsdom/lib/jsdom/living/generated/EventListener.js:26:30)
      at innerInvokeEventListeners (node_modules/jsdom/lib/jsdom/living/events/EventTarget-impl.js:338:25)
      at invokeEventListeners (node_modules/jsdom/lib/jsdom/living/events/EventTarget-impl.js:274:3)
      at HTMLInputElementImpl._dispatch (node_modules/jsdom/lib/jsdom/living/events/EventTarget-impl.js:221:9)
      at HTMLInputElementImpl.dispatchEvent (node_modules/jsdom/lib/jsdom/living/events/EventTarget-impl.js:94:17)
      at HTMLInputElement.dispatchEvent (node_modules/jsdom/lib/jsdom/living/generated/EventTarget.js:231:34)
      at node_modules/@testing-library/dom/dist/events.js:19:20
      at Object.eventWrapper (node_modules/@testing-library/dom/dist/config.js:25:23)
      at fireEvent (node_modules/@testing-library/dom/dist/events.js:12:35)
      at fireEvent.<computed> [as input] (node_modules/@testing-library/dom/dist/events.js:110:36)
      at fireInputEvent (node_modules/@testing-library/user-event/dist/keyboard/shared/fireInputEvent.js:31:18)
      at Object.handle (node_modules/@testing-library/user-event/dist/keyboard/plugins/character.js:138:32)
      at applyPlugins (node_modules/@testing-library/user-event/dist/keyboard/keyboardImplementation.js:157:12)
      at keypress (node_modules/@testing-library/user-event/dist/keyboard/keyboardImplementation.js:135:5)
      at keyboardImplementation (node_modules/@testing-library/user-event/dist/keyboard/keyboardImplementation.js:53:9)
      at keyboardImplementation (node_modules/@testing-library/user-event/dist/keyboard/keyboardImplementation.js:81:12)
      at keyboardImplementation (node_modules/@testing-library/user-event/dist/keyboard/keyboardImplementation.js:81:12)
      at keyboardImplementation (node_modules/@testing-library/user-event/dist/keyboard/keyboardImplementation.js:81:12)
      at keyboardImplementation (node_modules/@testing-library/user-event/dist/keyboard/keyboardImplementation.js:81:12)
      at keyboardImplementationWrapper (node_modules/@testing-library/user-event/dist/keyboard/index.js:55:65)
      at typeImplementation (node_modules/@testing-library/user-event/dist/type/typeImplementation.js:49:51)

    console.error
      Warning: An update to InvestmentAnalyzer inside a test was not wrapped in act(...).
      
      When testing, code that causes React state updates should be wrapped into act(...):
      
      act(() => {
        /* fire events that update state */
      });
      /* assert on the output */
      
      This ensures that you're testing the behavior the user would see in the browser. Learn more at https://reactjs.org/link/wrap-tests-with-act
          at InvestmentAnalyzer (C:\Users\Andre Cadima\Documents\Gestion De Calidad de Sistemas\Calculadora_Pruebas_Unitarias\src\components\InvestmentAnalyzer.js:9:43)

    [0m [90m 31 |[39m       [name][33m:[39m value
     [90m 32 |[39m     }))[33m;[39m
    [31m[1m>[22m[39m[90m 33 |[39m     setError([32m''[39m)[33m;[39m
     [90m    |[39m     [31m[1m^[22m[39m
     [90m 34 |[39m   }[33m;[39m
     [90m 35 |[39m
     [90m 36 |[39m   [36mconst[39m handleSubmit [33m=[39m (e) [33m=>[39m {[0m

      at printWarning (node_modules/react-dom/cjs/react-dom.development.js:86:30)
      at error (node_modules/react-dom/cjs/react-dom.development.js:60:7)
      at warnIfUpdatesNotWrappedWithActDEV (node_modules/react-dom/cjs/react-dom.development.js:27628:9)
      at scheduleUpdateOnFiber (node_modules/react-dom/cjs/react-dom.development.js:25547:5)
      at setError (node_modules/react-dom/cjs/react-dom.development.js:16708:7)
      at handleChange (src/components/InvestmentAnalyzer.js:33:5)
      at HTMLUnknownElement.callCallback (node_modules/react-dom/cjs/react-dom.development.js:4164:14)
      at HTMLUnknownElement.callTheUserObjectsOperation (node_modules/jsdom/lib/jsdom/living/generated/EventListener.js:26:30)
      at innerInvokeEventListeners (node_modules/jsdom/lib/jsdom/living/events/EventTarget-impl.js:338:25)
      at invokeEventListeners (node_modules/jsdom/lib/jsdom/living/events/EventTarget-impl.js:274:3)
      at HTMLUnknownElementImpl._dispatch (node_modules/jsdom/lib/jsdom/living/events/EventTarget-impl.js:221:9)
      at HTMLUnknownElementImpl.dispatchEvent (node_modules/jsdom/lib/jsdom/living/events/EventTarget-impl.js:94:17)
      at HTMLUnknownElement.dispatchEvent (node_modules/jsdom/lib/jsdom/living/generated/EventTarget.js:231:34)
      at Object.invokeGuardedCallbackDev (node_modules/react-dom/cjs/react-dom.development.js:4213:16)
      at invokeGuardedCallback (node_modules/react-dom/cjs/react-dom.development.js:4277:31)
      at invokeGuardedCallbackAndCatchFirstError (node_modules/react-dom/cjs/react-dom.development.js:4291:25)
      at executeDispatch (node_modules/react-dom/cjs/react-dom.development.js:9041:3)
      at processDispatchQueueItemsInOrder (node_modules/react-dom/cjs/react-dom.development.js:9073:7)
      at processDispatchQueue (node_modules/react-dom/cjs/react-dom.development.js:9086:5)
      at dispatchEventsForPlugins (node_modules/react-dom/cjs/react-dom.development.js:9097:3)
      at node_modules/react-dom/cjs/react-dom.development.js:9288:12
      at batchedUpdates$1 (node_modules/react-dom/cjs/react-dom.development.js:26179:12)
      at batchedUpdates (node_modules/react-dom/cjs/react-dom.development.js:3991:12)
      at dispatchEventForPluginEventSystem (node_modules/react-dom/cjs/react-dom.development.js:9287:3)
      at dispatchEventWithEnableCapturePhaseSelectiveHydrationWithoutDiscreteEventReplay (node_modules/react-dom/cjs/react-dom.development.js:6465:5)
      at dispatchEvent (node_modules/react-dom/cjs/react-dom.development.js:6457:5)
      at dispatchDiscreteEvent (node_modules/react-dom/cjs/react-dom.development.js:6430:5)
      at HTMLDivElement.callTheUserObjectsOperation (node_modules/jsdom/lib/jsdom/living/generated/EventListener.js:26:30)
      at innerInvokeEventListeners (node_modules/jsdom/lib/jsdom/living/events/EventTarget-impl.js:338:25)
      at invokeEventListeners (node_modules/jsdom/lib/jsdom/living/events/EventTarget-impl.js:274:3)
      at HTMLInputElementImpl._dispatch (node_modules/jsdom/lib/jsdom/living/events/EventTarget-impl.js:221:9)
      at HTMLInputElementImpl.dispatchEvent (node_modules/jsdom/lib/jsdom/living/events/EventTarget-impl.js:94:17)
      at HTMLInputElement.dispatchEvent (node_modules/jsdom/lib/jsdom/living/generated/EventTarget.js:231:34)
      at node_modules/@testing-library/dom/dist/events.js:19:20
      at Object.eventWrapper (node_modules/@testing-library/dom/dist/config.js:25:23)
      at fireEvent (node_modules/@testing-library/dom/dist/events.js:12:35)
      at fireEvent.<computed> [as input] (node_modules/@testing-library/dom/dist/events.js:110:36)
      at fireInputEvent (node_modules/@testing-library/user-event/dist/keyboard/shared/fireInputEvent.js:31:18)
      at Object.handle (node_modules/@testing-library/user-event/dist/keyboard/plugins/character.js:138:32)
      at applyPlugins (node_modules/@testing-library/user-event/dist/keyboard/keyboardImplementation.js:157:12)
      at keypress (node_modules/@testing-library/user-event/dist/keyboard/keyboardImplementation.js:135:5)
      at keyboardImplementation (node_modules/@testing-library/user-event/dist/keyboard/keyboardImplementation.js:53:9)
      at keyboardImplementation (node_modules/@testing-library/user-event/dist/keyboard/keyboardImplementation.js:81:12)
      at keyboardImplementation (node_modules/@testing-library/user-event/dist/keyboard/keyboardImplementation.js:81:12)
      at keyboardImplementation (node_modules/@testing-library/user-event/dist/keyboard/keyboardImplementation.js:81:12)
      at keyboardImplementation (node_modules/@testing-library/user-event/dist/keyboard/keyboardImplementation.js:81:12)
      at keyboardImplementationWrapper (node_modules/@testing-library/user-event/dist/keyboard/index.js:55:65)
      at typeImplementation (node_modules/@testing-library/user-event/dist/type/typeImplementation.js:49:51)

    console.error
      Warning: An update to InvestmentAnalyzer inside a test was not wrapped in act(...).
      
      When testing, code that causes React state updates should be wrapped into act(...):
      
      act(() => {
        /* fire events that update state */
      });
      /* assert on the output */
      
      This ensures that you're testing the behavior the user would see in the browser. Learn more at https://reactjs.org/link/wrap-tests-with-act
          at InvestmentAnalyzer (C:\Users\Andre Cadima\Documents\Gestion De Calidad de Sistemas\Calculadora_Pruebas_Unitarias\src\components\InvestmentAnalyzer.js:9:43)

    [0m [90m 27 |[39m   [36mconst[39m handleChange [33m=[39m (e) [33m=>[39m {
     [90m 28 |[39m     [36mconst[39m { name[33m,[39m value } [33m=[39m e[33m.[39mtarget[33m;[39m
    [31m[1m>[22m[39m[90m 29 |[39m     setFormData(prev [33m=>[39m ({
     [90m    |[39m     [31m[1m^[22m[39m
     [90m 30 |[39m       [33m...[39mprev[33m,[39m
     [90m 31 |[39m       [name][33m:[39m value
     [90m 32 |[39m     }))[33m;[39m[0m

      at printWarning (node_modules/react-dom/cjs/react-dom.development.js:86:30)
      at error (node_modules/react-dom/cjs/react-dom.development.js:60:7)
      at warnIfUpdatesNotWrappedWithActDEV (node_modules/react-dom/cjs/react-dom.development.js:27628:9)
      at scheduleUpdateOnFiber (node_modules/react-dom/cjs/react-dom.development.js:25547:5)
      at setFormData (node_modules/react-dom/cjs/react-dom.development.js:16708:7)
      at handleChange (src/components/InvestmentAnalyzer.js:29:5)
      at HTMLUnknownElement.callCallback (node_modules/react-dom/cjs/react-dom.development.js:4164:14)
      at HTMLUnknownElement.callTheUserObjectsOperation (node_modules/jsdom/lib/jsdom/living/generated/EventListener.js:26:30)
      at innerInvokeEventListeners (node_modules/jsdom/lib/jsdom/living/events/EventTarget-impl.js:338:25)
      at invokeEventListeners (node_modules/jsdom/lib/jsdom/living/events/EventTarget-impl.js:274:3)
      at HTMLUnknownElementImpl._dispatch (node_modules/jsdom/lib/jsdom/living/events/EventTarget-impl.js:221:9)
      at HTMLUnknownElementImpl.dispatchEvent (node_modules/jsdom/lib/jsdom/living/events/EventTarget-impl.js:94:17)
      at HTMLUnknownElement.dispatchEvent (node_modules/jsdom/lib/jsdom/living/generated/EventTarget.js:231:34)
      at Object.invokeGuardedCallbackDev (node_modules/react-dom/cjs/react-dom.development.js:4213:16)
      at invokeGuardedCallback (node_modules/react-dom/cjs/react-dom.development.js:4277:31)
      at invokeGuardedCallbackAndCatchFirstError (node_modules/react-dom/cjs/react-dom.development.js:4291:25)
      at executeDispatch (node_modules/react-dom/cjs/react-dom.development.js:9041:3)
      at processDispatchQueueItemsInOrder (node_modules/react-dom/cjs/react-dom.development.js:9073:7)
      at processDispatchQueue (node_modules/react-dom/cjs/react-dom.development.js:9086:5)
      at dispatchEventsForPlugins (node_modules/react-dom/cjs/react-dom.development.js:9097:3)
      at node_modules/react-dom/cjs/react-dom.development.js:9288:12
      at batchedUpdates$1 (node_modules/react-dom/cjs/react-dom.development.js:26179:12)
      at batchedUpdates (node_modules/react-dom/cjs/react-dom.development.js:3991:12)
      at dispatchEventForPluginEventSystem (node_modules/react-dom/cjs/react-dom.development.js:9287:3)
      at dispatchEventWithEnableCapturePhaseSelectiveHydrationWithoutDiscreteEventReplay (node_modules/react-dom/cjs/react-dom.development.js:6465:5)
      at dispatchEvent (node_modules/react-dom/cjs/react-dom.development.js:6457:5)
      at dispatchDiscreteEvent (node_modules/react-dom/cjs/react-dom.development.js:6430:5)
      at HTMLDivElement.callTheUserObjectsOperation (node_modules/jsdom/lib/jsdom/living/generated/EventListener.js:26:30)
      at innerInvokeEventListeners (node_modules/jsdom/lib/jsdom/living/events/EventTarget-impl.js:338:25)
      at invokeEventListeners (node_modules/jsdom/lib/jsdom/living/events/EventTarget-impl.js:274:3)
      at HTMLInputElementImpl._dispatch (node_modules/jsdom/lib/jsdom/living/events/EventTarget-impl.js:221:9)
      at HTMLInputElementImpl.dispatchEvent (node_modules/jsdom/lib/jsdom/living/events/EventTarget-impl.js:94:17)
      at HTMLInputElement.dispatchEvent (node_modules/jsdom/lib/jsdom/living/generated/EventTarget.js:231:34)
      at node_modules/@testing-library/dom/dist/events.js:19:20
      at Object.eventWrapper (node_modules/@testing-library/dom/dist/config.js:25:23)
      at fireEvent (node_modules/@testing-library/dom/dist/events.js:12:35)
      at fireEvent.<computed> [as input] (node_modules/@testing-library/dom/dist/events.js:110:36)
      at fireInputEvent (node_modules/@testing-library/user-event/dist/keyboard/shared/fireInputEvent.js:31:18)
      at Object.handle (node_modules/@testing-library/user-event/dist/keyboard/plugins/control.js:53:32)
      at applyPlugins (node_modules/@testing-library/user-event/dist/keyboard/keyboardImplementation.js:157:12)
      at keydown (node_modules/@testing-library/user-event/dist/keyboard/keyboardImplementation.js:123:5)
      at keyboardImplementation (node_modules/@testing-library/user-event/dist/keyboard/keyboardImplementation.js:50:34)
      at keyboardImplementation (node_modules/@testing-library/user-event/dist/keyboard/keyboardImplementation.js:81:12)
      at keyboardImplementationWrapper (node_modules/@testing-library/user-event/dist/keyboard/index.js:55:65)
      at typeImplementation (node_modules/@testing-library/user-event/dist/type/typeImplementation.js:49:51)
      at type (node_modules/@testing-library/user-event/dist/type/index.js:27:60)
      at Object.clear (node_modules/@testing-library/user-event/dist/clear.js:34:18)
      at Object.<anonymous> (src/components/InvestmentAnalyzer.test.js:19:21)

    console.error
      Warning: An update to InvestmentAnalyzer inside a test was not wrapped in act(...).
      
      When testing, code that causes React state updates should be wrapped into act(...):
      
      act(() => {
        /* fire events that update state */
      });
      /* assert on the output */
      
      This ensures that you're testing the behavior the user would see in the browser. Learn more at https://reactjs.org/link/wrap-tests-with-act
          at InvestmentAnalyzer (C:\Users\Andre Cadima\Documents\Gestion De Calidad de Sistemas\Calculadora_Pruebas_Unitarias\src\components\InvestmentAnalyzer.js:9:43)

    [0m [90m 31 |[39m       [name][33m:[39m value
     [90m 32 |[39m     }))[33m;[39m
    [31m[1m>[22m[39m[90m 33 |[39m     setError([32m''[39m)[33m;[39m
     [90m    |[39m     [31m[1m^[22m[39m
     [90m 34 |[39m   }[33m;[39m
     [90m 35 |[39m
     [90m 36 |[39m   [36mconst[39m handleSubmit [33m=[39m (e) [33m=>[39m {[0m

      at printWarning (node_modules/react-dom/cjs/react-dom.development.js:86:30)
      at error (node_modules/react-dom/cjs/react-dom.development.js:60:7)
      at warnIfUpdatesNotWrappedWithActDEV (node_modules/react-dom/cjs/react-dom.development.js:27628:9)
      at scheduleUpdateOnFiber (node_modules/react-dom/cjs/react-dom.development.js:25547:5)
      at setError (node_modules/react-dom/cjs/react-dom.development.js:16708:7)
      at handleChange (src/components/InvestmentAnalyzer.js:33:5)
      at HTMLUnknownElement.callCallback (node_modules/react-dom/cjs/react-dom.development.js:4164:14)
      at HTMLUnknownElement.callTheUserObjectsOperation (node_modules/jsdom/lib/jsdom/living/generated/EventListener.js:26:30)
      at innerInvokeEventListeners (node_modules/jsdom/lib/jsdom/living/events/EventTarget-impl.js:338:25)
      at invokeEventListeners (node_modules/jsdom/lib/jsdom/living/events/EventTarget-impl.js:274:3)
      at HTMLUnknownElementImpl._dispatch (node_modules/jsdom/lib/jsdom/living/events/EventTarget-impl.js:221:9)
      at HTMLUnknownElementImpl.dispatchEvent (node_modules/jsdom/lib/jsdom/living/events/EventTarget-impl.js:94:17)
      at HTMLUnknownElement.dispatchEvent (node_modules/jsdom/lib/jsdom/living/generated/EventTarget.js:231:34)
      at Object.invokeGuardedCallbackDev (node_modules/react-dom/cjs/react-dom.development.js:4213:16)
      at invokeGuardedCallback (node_modules/react-dom/cjs/react-dom.development.js:4277:31)
      at invokeGuardedCallbackAndCatchFirstError (node_modules/react-dom/cjs/react-dom.development.js:4291:25)
      at executeDispatch (node_modules/react-dom/cjs/react-dom.development.js:9041:3)
      at processDispatchQueueItemsInOrder (node_modules/react-dom/cjs/react-dom.development.js:9073:7)
      at processDispatchQueue (node_modules/react-dom/cjs/react-dom.development.js:9086:5)
      at dispatchEventsForPlugins (node_modules/react-dom/cjs/react-dom.development.js:9097:3)
      at node_modules/react-dom/cjs/react-dom.development.js:9288:12
      at batchedUpdates$1 (node_modules/react-dom/cjs/react-dom.development.js:26179:12)
      at batchedUpdates (node_modules/react-dom/cjs/react-dom.development.js:3991:12)
      at dispatchEventForPluginEventSystem (node_modules/react-dom/cjs/react-dom.development.js:9287:3)
      at dispatchEventWithEnableCapturePhaseSelectiveHydrationWithoutDiscreteEventReplay (node_modules/react-dom/cjs/react-dom.development.js:6465:5)
      at dispatchEvent (node_modules/react-dom/cjs/react-dom.development.js:6457:5)
      at dispatchDiscreteEvent (node_modules/react-dom/cjs/react-dom.development.js:6430:5)
      at HTMLDivElement.callTheUserObjectsOperation (node_modules/jsdom/lib/jsdom/living/generated/EventListener.js:26:30)
      at innerInvokeEventListeners (node_modules/jsdom/lib/jsdom/living/events/EventTarget-impl.js:338:25)
      at invokeEventListeners (node_modules/jsdom/lib/jsdom/living/events/EventTarget-impl.js:274:3)
      at HTMLInputElementImpl._dispatch (node_modules/jsdom/lib/jsdom/living/events/EventTarget-impl.js:221:9)
      at HTMLInputElementImpl.dispatchEvent (node_modules/jsdom/lib/jsdom/living/events/EventTarget-impl.js:94:17)
      at HTMLInputElement.dispatchEvent (node_modules/jsdom/lib/jsdom/living/generated/EventTarget.js:231:34)
      at node_modules/@testing-library/dom/dist/events.js:19:20
      at Object.eventWrapper (node_modules/@testing-library/dom/dist/config.js:25:23)
      at fireEvent (node_modules/@testing-library/dom/dist/events.js:12:35)
      at fireEvent.<computed> [as input] (node_modules/@testing-library/dom/dist/events.js:110:36)
      at fireInputEvent (node_modules/@testing-library/user-event/dist/keyboard/shared/fireInputEvent.js:31:18)
      at Object.handle (node_modules/@testing-library/user-event/dist/keyboard/plugins/control.js:53:32)
      at applyPlugins (node_modules/@testing-library/user-event/dist/keyboard/keyboardImplementation.js:157:12)
      at keydown (node_modules/@testing-library/user-event/dist/keyboard/keyboardImplementation.js:123:5)
      at keyboardImplementation (node_modules/@testing-library/user-event/dist/keyboard/keyboardImplementation.js:50:34)
      at keyboardImplementation (node_modules/@testing-library/user-event/dist/keyboard/keyboardImplementation.js:81:12)
      at keyboardImplementationWrapper (node_modules/@testing-library/user-event/dist/keyboard/index.js:55:65)
      at typeImplementation (node_modules/@testing-library/user-event/dist/type/typeImplementation.js:49:51)
      at type (node_modules/@testing-library/user-event/dist/type/index.js:27:60)
      at Object.clear (node_modules/@testing-library/user-event/dist/clear.js:34:18)
      at Object.<anonymous> (src/components/InvestmentAnalyzer.test.js:19:21)

    console.error
      Warning: An update to InvestmentAnalyzer inside a test was not wrapped in act(...).
      
      When testing, code that causes React state updates should be wrapped into act(...):
      
      act(() => {
        /* fire events that update state */
      });
      /* assert on the output */
      
      This ensures that you're testing the behavior the user would see in the browser. Learn more at https://reactjs.org/link/wrap-tests-with-act
          at InvestmentAnalyzer (C:\Users\Andre Cadima\Documents\Gestion De Calidad de Sistemas\Calculadora_Pruebas_Unitarias\src\components\InvestmentAnalyzer.js:9:43)

    [0m [90m 27 |[39m   [36mconst[39m handleChange [33m=[39m (e) [33m=>[39m {
     [90m 28 |[39m     [36mconst[39m { name[33m,[39m value } [33m=[39m e[33m.[39mtarget[33m;[39m
    [31m[1m>[22m[39m[90m 29 |[39m     setFormData(prev [33m=>[39m ({
     [90m    |[39m     [31m[1m^[22m[39m
     [90m 30 |[39m       [33m...[39mprev[33m,[39m
     [90m 31 |[39m       [name][33m:[39m value
     [90m 32 |[39m     }))[33m;[39m[0m

      at printWarning (node_modules/react-dom/cjs/react-dom.development.js:86:30)
      at error (node_modules/react-dom/cjs/react-dom.development.js:60:7)
      at warnIfUpdatesNotWrappedWithActDEV (node_modules/react-dom/cjs/react-dom.development.js:27628:9)
      at scheduleUpdateOnFiber (node_modules/react-dom/cjs/react-dom.development.js:25547:5)
      at setFormData (node_modules/react-dom/cjs/react-dom.development.js:16708:7)
      at handleChange (src/components/InvestmentAnalyzer.js:29:5)
      at HTMLUnknownElement.callCallback (node_modules/react-dom/cjs/react-dom.development.js:4164:14)
      at HTMLUnknownElement.callTheUserObjectsOperation (node_modules/jsdom/lib/jsdom/living/generated/EventListener.js:26:30)
      at innerInvokeEventListeners (node_modules/jsdom/lib/jsdom/living/events/EventTarget-impl.js:338:25)
      at invokeEventListeners (node_modules/jsdom/lib/jsdom/living/events/EventTarget-impl.js:274:3)
      at HTMLUnknownElementImpl._dispatch (node_modules/jsdom/lib/jsdom/living/events/EventTarget-impl.js:221:9)
      at HTMLUnknownElementImpl.dispatchEvent (node_modules/jsdom/lib/jsdom/living/events/EventTarget-impl.js:94:17)
      at HTMLUnknownElement.dispatchEvent (node_modules/jsdom/lib/jsdom/living/generated/EventTarget.js:231:34)
      at Object.invokeGuardedCallbackDev (node_modules/react-dom/cjs/react-dom.development.js:4213:16)
      at invokeGuardedCallback (node_modules/react-dom/cjs/react-dom.development.js:4277:31)
      at invokeGuardedCallbackAndCatchFirstError (node_modules/react-dom/cjs/react-dom.development.js:4291:25)
      at executeDispatch (node_modules/react-dom/cjs/react-dom.development.js:9041:3)
      at processDispatchQueueItemsInOrder (node_modules/react-dom/cjs/react-dom.development.js:9073:7)
      at processDispatchQueue (node_modules/react-dom/cjs/react-dom.development.js:9086:5)
      at dispatchEventsForPlugins (node_modules/react-dom/cjs/react-dom.development.js:9097:3)
      at node_modules/react-dom/cjs/react-dom.development.js:9288:12
      at batchedUpdates$1 (node_modules/react-dom/cjs/react-dom.development.js:26179:12)
      at batchedUpdates (node_modules/react-dom/cjs/react-dom.development.js:3991:12)
      at dispatchEventForPluginEventSystem (node_modules/react-dom/cjs/react-dom.development.js:9287:3)
      at dispatchEventWithEnableCapturePhaseSelectiveHydrationWithoutDiscreteEventReplay (node_modules/react-dom/cjs/react-dom.development.js:6465:5)
      at dispatchEvent (node_modules/react-dom/cjs/react-dom.development.js:6457:5)
      at dispatchDiscreteEvent (node_modules/react-dom/cjs/react-dom.development.js:6430:5)
      at HTMLDivElement.callTheUserObjectsOperation (node_modules/jsdom/lib/jsdom/living/generated/EventListener.js:26:30)
      at innerInvokeEventListeners (node_modules/jsdom/lib/jsdom/living/events/EventTarget-impl.js:338:25)
      at invokeEventListeners (node_modules/jsdom/lib/jsdom/living/events/EventTarget-impl.js:274:3)
      at HTMLInputElementImpl._dispatch (node_modules/jsdom/lib/jsdom/living/events/EventTarget-impl.js:221:9)
      at HTMLInputElementImpl.dispatchEvent (node_modules/jsdom/lib/jsdom/living/events/EventTarget-impl.js:94:17)
      at HTMLInputElement.dispatchEvent (node_modules/jsdom/lib/jsdom/living/generated/EventTarget.js:231:34)
      at node_modules/@testing-library/dom/dist/events.js:19:20
      at Object.eventWrapper (node_modules/@testing-library/dom/dist/config.js:25:23)
      at fireEvent (node_modules/@testing-library/dom/dist/events.js:12:35)
      at fireEvent.<computed> [as input] (node_modules/@testing-library/dom/dist/events.js:110:36)
      at fireInputEvent (node_modules/@testing-library/user-event/dist/keyboard/shared/fireInputEvent.js:31:18)
      at Object.handle (node_modules/@testing-library/user-event/dist/keyboard/plugins/character.js:138:32)
      at applyPlugins (node_modules/@testing-library/user-event/dist/keyboard/keyboardImplementation.js:157:12)
      at keypress (node_modules/@testing-library/user-event/dist/keyboard/keyboardImplementation.js:135:5)
      at keyboardImplementation (node_modules/@testing-library/user-event/dist/keyboard/keyboardImplementation.js:53:9)
      at keyboardImplementationWrapper (node_modules/@testing-library/user-event/dist/keyboard/index.js:55:65)
      at typeImplementation (node_modules/@testing-library/user-event/dist/type/typeImplementation.js:49:51)
      at Object.type (node_modules/@testing-library/user-event/dist/type/index.js:27:60)
      at Object.<anonymous> (src/components/InvestmentAnalyzer.test.js:20:21)

    console.error
      Warning: An update to InvestmentAnalyzer inside a test was not wrapped in act(...).
      
      When testing, code that causes React state updates should be wrapped into act(...):
      
      act(() => {
        /* fire events that update state */
      });
      /* assert on the output */
      
      This ensures that you're testing the behavior the user would see in the browser. Learn more at https://reactjs.org/link/wrap-tests-with-act
          at InvestmentAnalyzer (C:\Users\Andre Cadima\Documents\Gestion De Calidad de Sistemas\Calculadora_Pruebas_Unitarias\src\components\InvestmentAnalyzer.js:9:43)

    [0m [90m 31 |[39m       [name][33m:[39m value
     [90m 32 |[39m     }))[33m;[39m
    [31m[1m>[22m[39m[90m 33 |[39m     setError([32m''[39m)[33m;[39m
     [90m    |[39m     [31m[1m^[22m[39m
     [90m 34 |[39m   }[33m;[39m
     [90m 35 |[39m
     [90m 36 |[39m   [36mconst[39m handleSubmit [33m=[39m (e) [33m=>[39m {[0m

      at printWarning (node_modules/react-dom/cjs/react-dom.development.js:86:30)
      at error (node_modules/react-dom/cjs/react-dom.development.js:60:7)
      at warnIfUpdatesNotWrappedWithActDEV (node_modules/react-dom/cjs/react-dom.development.js:27628:9)
      at scheduleUpdateOnFiber (node_modules/react-dom/cjs/react-dom.development.js:25547:5)
      at setError (node_modules/react-dom/cjs/react-dom.development.js:16708:7)
      at handleChange (src/components/InvestmentAnalyzer.js:33:5)
      at HTMLUnknownElement.callCallback (node_modules/react-dom/cjs/react-dom.development.js:4164:14)
      at HTMLUnknownElement.callTheUserObjectsOperation (node_modules/jsdom/lib/jsdom/living/generated/EventListener.js:26:30)
      at innerInvokeEventListeners (node_modules/jsdom/lib/jsdom/living/events/EventTarget-impl.js:338:25)
      at invokeEventListeners (node_modules/jsdom/lib/jsdom/living/events/EventTarget-impl.js:274:3)
      at HTMLUnknownElementImpl._dispatch (node_modules/jsdom/lib/jsdom/living/events/EventTarget-impl.js:221:9)
      at HTMLUnknownElementImpl.dispatchEvent (node_modules/jsdom/lib/jsdom/living/events/EventTarget-impl.js:94:17)
      at HTMLUnknownElement.dispatchEvent (node_modules/jsdom/lib/jsdom/living/generated/EventTarget.js:231:34)
      at Object.invokeGuardedCallbackDev (node_modules/react-dom/cjs/react-dom.development.js:4213:16)
      at invokeGuardedCallback (node_modules/react-dom/cjs/react-dom.development.js:4277:31)
      at invokeGuardedCallbackAndCatchFirstError (node_modules/react-dom/cjs/react-dom.development.js:4291:25)
      at executeDispatch (node_modules/react-dom/cjs/react-dom.development.js:9041:3)
      at processDispatchQueueItemsInOrder (node_modules/react-dom/cjs/react-dom.development.js:9073:7)
      at processDispatchQueue (node_modules/react-dom/cjs/react-dom.development.js:9086:5)
      at dispatchEventsForPlugins (node_modules/react-dom/cjs/react-dom.development.js:9097:3)
      at node_modules/react-dom/cjs/react-dom.development.js:9288:12
      at batchedUpdates$1 (node_modules/react-dom/cjs/react-dom.development.js:26179:12)
      at batchedUpdates (node_modules/react-dom/cjs/react-dom.development.js:3991:12)
      at dispatchEventForPluginEventSystem (node_modules/react-dom/cjs/react-dom.development.js:9287:3)
      at dispatchEventWithEnableCapturePhaseSelectiveHydrationWithoutDiscreteEventReplay (node_modules/react-dom/cjs/react-dom.development.js:6465:5)
      at dispatchEvent (node_modules/react-dom/cjs/react-dom.development.js:6457:5)
      at dispatchDiscreteEvent (node_modules/react-dom/cjs/react-dom.development.js:6430:5)
      at HTMLDivElement.callTheUserObjectsOperation (node_modules/jsdom/lib/jsdom/living/generated/EventListener.js:26:30)
      at innerInvokeEventListeners (node_modules/jsdom/lib/jsdom/living/events/EventTarget-impl.js:338:25)
      at invokeEventListeners (node_modules/jsdom/lib/jsdom/living/events/EventTarget-impl.js:274:3)
      at HTMLInputElementImpl._dispatch (node_modules/jsdom/lib/jsdom/living/events/EventTarget-impl.js:221:9)
      at HTMLInputElementImpl.dispatchEvent (node_modules/jsdom/lib/jsdom/living/events/EventTarget-impl.js:94:17)
      at HTMLInputElement.dispatchEvent (node_modules/jsdom/lib/jsdom/living/generated/EventTarget.js:231:34)
      at node_modules/@testing-library/dom/dist/events.js:19:20
      at Object.eventWrapper (node_modules/@testing-library/dom/dist/config.js:25:23)
      at fireEvent (node_modules/@testing-library/dom/dist/events.js:12:35)
      at fireEvent.<computed> [as input] (node_modules/@testing-library/dom/dist/events.js:110:36)
      at fireInputEvent (node_modules/@testing-library/user-event/dist/keyboard/shared/fireInputEvent.js:31:18)
      at Object.handle (node_modules/@testing-library/user-event/dist/keyboard/plugins/character.js:138:32)
      at applyPlugins (node_modules/@testing-library/user-event/dist/keyboard/keyboardImplementation.js:157:12)
      at keypress (node_modules/@testing-library/user-event/dist/keyboard/keyboardImplementation.js:135:5)
      at keyboardImplementation (node_modules/@testing-library/user-event/dist/keyboard/keyboardImplementation.js:53:9)
      at keyboardImplementationWrapper (node_modules/@testing-library/user-event/dist/keyboard/index.js:55:65)
      at typeImplementation (node_modules/@testing-library/user-event/dist/type/typeImplementation.js:49:51)
      at Object.type (node_modules/@testing-library/user-event/dist/type/index.js:27:60)
      at Object.<anonymous> (src/components/InvestmentAnalyzer.test.js:20:21)

    console.error
      Warning: An update to InvestmentAnalyzer inside a test was not wrapped in act(...).
      
      When testing, code that causes React state updates should be wrapped into act(...):
      
      act(() => {
        /* fire events that update state */
      });
      /* assert on the output */
      
      This ensures that you're testing the behavior the user would see in the browser. Learn more at https://reactjs.org/link/wrap-tests-with-act
          at InvestmentAnalyzer (C:\Users\Andre Cadima\Documents\Gestion De Calidad de Sistemas\Calculadora_Pruebas_Unitarias\src\components\InvestmentAnalyzer.js:9:43)

    [0m [90m 27 |[39m   [36mconst[39m handleChange [33m=[39m (e) [33m=>[39m {
     [90m 28 |[39m     [36mconst[39m { name[33m,[39m value } [33m=[39m e[33m.[39mtarget[33m;[39m
    [31m[1m>[22m[39m[90m 29 |[39m     setFormData(prev [33m=>[39m ({
     [90m    |[39m     [31m[1m^[22m[39m
     [90m 30 |[39m       [33m...[39mprev[33m,[39m
     [90m 31 |[39m       [name][33m:[39m value
     [90m 32 |[39m     }))[33m;[39m[0m

      at printWarning (node_modules/react-dom/cjs/react-dom.development.js:86:30)
      at error (node_modules/react-dom/cjs/react-dom.development.js:60:7)
      at warnIfUpdatesNotWrappedWithActDEV (node_modules/react-dom/cjs/react-dom.development.js:27628:9)
      at scheduleUpdateOnFiber (node_modules/react-dom/cjs/react-dom.development.js:25547:5)
      at setFormData (node_modules/react-dom/cjs/react-dom.development.js:16708:7)
      at handleChange (src/components/InvestmentAnalyzer.js:29:5)
      at HTMLUnknownElement.callCallback (node_modules/react-dom/cjs/react-dom.development.js:4164:14)
      at HTMLUnknownElement.callTheUserObjectsOperation (node_modules/jsdom/lib/jsdom/living/generated/EventListener.js:26:30)
      at innerInvokeEventListeners (node_modules/jsdom/lib/jsdom/living/events/EventTarget-impl.js:338:25)
      at invokeEventListeners (node_modules/jsdom/lib/jsdom/living/events/EventTarget-impl.js:274:3)
      at HTMLUnknownElementImpl._dispatch (node_modules/jsdom/lib/jsdom/living/events/EventTarget-impl.js:221:9)
      at HTMLUnknownElementImpl.dispatchEvent (node_modules/jsdom/lib/jsdom/living/events/EventTarget-impl.js:94:17)
      at HTMLUnknownElement.dispatchEvent (node_modules/jsdom/lib/jsdom/living/generated/EventTarget.js:231:34)
      at Object.invokeGuardedCallbackDev (node_modules/react-dom/cjs/react-dom.development.js:4213:16)
      at invokeGuardedCallback (node_modules/react-dom/cjs/react-dom.development.js:4277:31)
      at invokeGuardedCallbackAndCatchFirstError (node_modules/react-dom/cjs/react-dom.development.js:4291:25)
      at executeDispatch (node_modules/react-dom/cjs/react-dom.development.js:9041:3)
      at processDispatchQueueItemsInOrder (node_modules/react-dom/cjs/react-dom.development.js:9073:7)
      at processDispatchQueue (node_modules/react-dom/cjs/react-dom.development.js:9086:5)
      at dispatchEventsForPlugins (node_modules/react-dom/cjs/react-dom.development.js:9097:3)
      at node_modules/react-dom/cjs/react-dom.development.js:9288:12
      at batchedUpdates$1 (node_modules/react-dom/cjs/react-dom.development.js:26179:12)
      at batchedUpdates (node_modules/react-dom/cjs/react-dom.development.js:3991:12)
      at dispatchEventForPluginEventSystem (node_modules/react-dom/cjs/react-dom.development.js:9287:3)
      at dispatchEventWithEnableCapturePhaseSelectiveHydrationWithoutDiscreteEventReplay (node_modules/react-dom/cjs/react-dom.development.js:6465:5)
      at dispatchEvent (node_modules/react-dom/cjs/react-dom.development.js:6457:5)
      at dispatchDiscreteEvent (node_modules/react-dom/cjs/react-dom.development.js:6430:5)
      at HTMLDivElement.callTheUserObjectsOperation (node_modules/jsdom/lib/jsdom/living/generated/EventListener.js:26:30)
      at innerInvokeEventListeners (node_modules/jsdom/lib/jsdom/living/events/EventTarget-impl.js:338:25)
      at invokeEventListeners (node_modules/jsdom/lib/jsdom/living/events/EventTarget-impl.js:274:3)
      at HTMLInputElementImpl._dispatch (node_modules/jsdom/lib/jsdom/living/events/EventTarget-impl.js:221:9)
      at HTMLInputElementImpl.dispatchEvent (node_modules/jsdom/lib/jsdom/living/events/EventTarget-impl.js:94:17)
      at HTMLInputElement.dispatchEvent (node_modules/jsdom/lib/jsdom/living/generated/EventTarget.js:231:34)
      at node_modules/@testing-library/dom/dist/events.js:19:20
      at Object.eventWrapper (node_modules/@testing-library/dom/dist/config.js:25:23)
      at fireEvent (node_modules/@testing-library/dom/dist/events.js:12:35)
      at fireEvent.<computed> [as input] (node_modules/@testing-library/dom/dist/events.js:110:36)
      at fireInputEvent (node_modules/@testing-library/user-event/dist/keyboard/shared/fireInputEvent.js:31:18)
      at Object.handle (node_modules/@testing-library/user-event/dist/keyboard/plugins/control.js:53:32)
      at applyPlugins (node_modules/@testing-library/user-event/dist/keyboard/keyboardImplementation.js:157:12)
      at keydown (node_modules/@testing-library/user-event/dist/keyboard/keyboardImplementation.js:123:5)
      at keyboardImplementation (node_modules/@testing-library/user-event/dist/keyboard/keyboardImplementation.js:50:34)
      at keyboardImplementation (node_modules/@testing-library/user-event/dist/keyboard/keyboardImplementation.js:81:12)
      at keyboardImplementationWrapper (node_modules/@testing-library/user-event/dist/keyboard/index.js:55:65)
      at typeImplementation (node_modules/@testing-library/user-event/dist/type/typeImplementation.js:49:51)
      at type (node_modules/@testing-library/user-event/dist/type/index.js:27:60)
      at Object.clear (node_modules/@testing-library/user-event/dist/clear.js:34:18)
      at Object.<anonymous> (src/components/InvestmentAnalyzer.test.js:21:21)

    console.error
      Warning: An update to InvestmentAnalyzer inside a test was not wrapped in act(...).
      
      When testing, code that causes React state updates should be wrapped into act(...):
      
      act(() => {
        /* fire events that update state */
      });
      /* assert on the output */
      
      This ensures that you're testing the behavior the user would see in the browser. Learn more at https://reactjs.org/link/wrap-tests-with-act
          at InvestmentAnalyzer (C:\Users\Andre Cadima\Documents\Gestion De Calidad de Sistemas\Calculadora_Pruebas_Unitarias\src\components\InvestmentAnalyzer.js:9:43)

    [0m [90m 31 |[39m       [name][33m:[39m value
     [90m 32 |[39m     }))[33m;[39m
    [31m[1m>[22m[39m[90m 33 |[39m     setError([32m''[39m)[33m;[39m
     [90m    |[39m     [31m[1m^[22m[39m
     [90m 34 |[39m   }[33m;[39m
     [90m 35 |[39m
     [90m 36 |[39m   [36mconst[39m handleSubmit [33m=[39m (e) [33m=>[39m {[0m

      at printWarning (node_modules/react-dom/cjs/react-dom.development.js:86:30)
      at error (node_modules/react-dom/cjs/react-dom.development.js:60:7)
      at warnIfUpdatesNotWrappedWithActDEV (node_modules/react-dom/cjs/react-dom.development.js:27628:9)
      at scheduleUpdateOnFiber (node_modules/react-dom/cjs/react-dom.development.js:25547:5)
      at setError (node_modules/react-dom/cjs/react-dom.development.js:16708:7)
      at handleChange (src/components/InvestmentAnalyzer.js:33:5)
      at HTMLUnknownElement.callCallback (node_modules/react-dom/cjs/react-dom.development.js:4164:14)
      at HTMLUnknownElement.callTheUserObjectsOperation (node_modules/jsdom/lib/jsdom/living/generated/EventListener.js:26:30)
      at innerInvokeEventListeners (node_modules/jsdom/lib/jsdom/living/events/EventTarget-impl.js:338:25)
      at invokeEventListeners (node_modules/jsdom/lib/jsdom/living/events/EventTarget-impl.js:274:3)
      at HTMLUnknownElementImpl._dispatch (node_modules/jsdom/lib/jsdom/living/events/EventTarget-impl.js:221:9)
      at HTMLUnknownElementImpl.dispatchEvent (node_modules/jsdom/lib/jsdom/living/events/EventTarget-impl.js:94:17)
      at HTMLUnknownElement.dispatchEvent (node_modules/jsdom/lib/jsdom/living/generated/EventTarget.js:231:34)
      at Object.invokeGuardedCallbackDev (node_modules/react-dom/cjs/react-dom.development.js:4213:16)
      at invokeGuardedCallback (node_modules/react-dom/cjs/react-dom.development.js:4277:31)
      at invokeGuardedCallbackAndCatchFirstError (node_modules/react-dom/cjs/react-dom.development.js:4291:25)
      at executeDispatch (node_modules/react-dom/cjs/react-dom.development.js:9041:3)
      at processDispatchQueueItemsInOrder (node_modules/react-dom/cjs/react-dom.development.js:9073:7)
      at processDispatchQueue (node_modules/react-dom/cjs/react-dom.development.js:9086:5)
      at dispatchEventsForPlugins (node_modules/react-dom/cjs/react-dom.development.js:9097:3)
      at node_modules/react-dom/cjs/react-dom.development.js:9288:12
      at batchedUpdates$1 (node_modules/react-dom/cjs/react-dom.development.js:26179:12)
      at batchedUpdates (node_modules/react-dom/cjs/react-dom.development.js:3991:12)
      at dispatchEventForPluginEventSystem (node_modules/react-dom/cjs/react-dom.development.js:9287:3)
      at dispatchEventWithEnableCapturePhaseSelectiveHydrationWithoutDiscreteEventReplay (node_modules/react-dom/cjs/react-dom.development.js:6465:5)
      at dispatchEvent (node_modules/react-dom/cjs/react-dom.development.js:6457:5)
      at dispatchDiscreteEvent (node_modules/react-dom/cjs/react-dom.development.js:6430:5)
      at HTMLDivElement.callTheUserObjectsOperation (node_modules/jsdom/lib/jsdom/living/generated/EventListener.js:26:30)
      at innerInvokeEventListeners (node_modules/jsdom/lib/jsdom/living/events/EventTarget-impl.js:338:25)
      at invokeEventListeners (node_modules/jsdom/lib/jsdom/living/events/EventTarget-impl.js:274:3)
      at HTMLInputElementImpl._dispatch (node_modules/jsdom/lib/jsdom/living/events/EventTarget-impl.js:221:9)
      at HTMLInputElementImpl.dispatchEvent (node_modules/jsdom/lib/jsdom/living/events/EventTarget-impl.js:94:17)
      at HTMLInputElement.dispatchEvent (node_modules/jsdom/lib/jsdom/living/generated/EventTarget.js:231:34)
      at node_modules/@testing-library/dom/dist/events.js:19:20
      at Object.eventWrapper (node_modules/@testing-library/dom/dist/config.js:25:23)
      at fireEvent (node_modules/@testing-library/dom/dist/events.js:12:35)
      at fireEvent.<computed> [as input] (node_modules/@testing-library/dom/dist/events.js:110:36)
      at fireInputEvent (node_modules/@testing-library/user-event/dist/keyboard/shared/fireInputEvent.js:31:18)
      at Object.handle (node_modules/@testing-library/user-event/dist/keyboard/plugins/control.js:53:32)
      at applyPlugins (node_modules/@testing-library/user-event/dist/keyboard/keyboardImplementation.js:157:12)
      at keydown (node_modules/@testing-library/user-event/dist/keyboard/keyboardImplementation.js:123:5)
      at keyboardImplementation (node_modules/@testing-library/user-event/dist/keyboard/keyboardImplementation.js:50:34)
      at keyboardImplementation (node_modules/@testing-library/user-event/dist/keyboard/keyboardImplementation.js:81:12)
      at keyboardImplementationWrapper (node_modules/@testing-library/user-event/dist/keyboard/index.js:55:65)
      at typeImplementation (node_modules/@testing-library/user-event/dist/type/typeImplementation.js:49:51)
      at type (node_modules/@testing-library/user-event/dist/type/index.js:27:60)
      at Object.clear (node_modules/@testing-library/user-event/dist/clear.js:34:18)
      at Object.<anonymous> (src/components/InvestmentAnalyzer.test.js:21:21)

    console.error
      Warning: An update to InvestmentAnalyzer inside a test was not wrapped in act(...).
      
      When testing, code that causes React state updates should be wrapped into act(...):
      
      act(() => {
        /* fire events that update state */
      });
      /* assert on the output */
      
      This ensures that you're testing the behavior the user would see in the browser. Learn more at https://reactjs.org/link/wrap-tests-with-act
          at InvestmentAnalyzer (C:\Users\Andre Cadima\Documents\Gestion De Calidad de Sistemas\Calculadora_Pruebas_Unitarias\src\components\InvestmentAnalyzer.js:9:43)

    [0m [90m 27 |[39m   [36mconst[39m handleChange [33m=[39m (e) [33m=>[39m {
     [90m 28 |[39m     [36mconst[39m { name[33m,[39m value } [33m=[39m e[33m.[39mtarget[33m;[39m
    [31m[1m>[22m[39m[90m 29 |[39m     setFormData(prev [33m=>[39m ({
     [90m    |[39m     [31m[1m^[22m[39m
     [90m 30 |[39m       [33m...[39mprev[33m,[39m
     [90m 31 |[39m       [name][33m:[39m value
     [90m 32 |[39m     }))[33m;[39m[0m

      at printWarning (node_modules/react-dom/cjs/react-dom.development.js:86:30)
      at error (node_modules/react-dom/cjs/react-dom.development.js:60:7)
      at warnIfUpdatesNotWrappedWithActDEV (node_modules/react-dom/cjs/react-dom.development.js:27628:9)
      at scheduleUpdateOnFiber (node_modules/react-dom/cjs/react-dom.development.js:25547:5)
      at setFormData (node_modules/react-dom/cjs/react-dom.development.js:16708:7)
      at handleChange (src/components/InvestmentAnalyzer.js:29:5)
      at HTMLUnknownElement.callCallback (node_modules/react-dom/cjs/react-dom.development.js:4164:14)
      at HTMLUnknownElement.callTheUserObjectsOperation (node_modules/jsdom/lib/jsdom/living/generated/EventListener.js:26:30)
      at innerInvokeEventListeners (node_modules/jsdom/lib/jsdom/living/events/EventTarget-impl.js:338:25)
      at invokeEventListeners (node_modules/jsdom/lib/jsdom/living/events/EventTarget-impl.js:274:3)
      at HTMLUnknownElementImpl._dispatch (node_modules/jsdom/lib/jsdom/living/events/EventTarget-impl.js:221:9)
      at HTMLUnknownElementImpl.dispatchEvent (node_modules/jsdom/lib/jsdom/living/events/EventTarget-impl.js:94:17)
      at HTMLUnknownElement.dispatchEvent (node_modules/jsdom/lib/jsdom/living/generated/EventTarget.js:231:34)
      at Object.invokeGuardedCallbackDev (node_modules/react-dom/cjs/react-dom.development.js:4213:16)
      at invokeGuardedCallback (node_modules/react-dom/cjs/react-dom.development.js:4277:31)
      at invokeGuardedCallbackAndCatchFirstError (node_modules/react-dom/cjs/react-dom.development.js:4291:25)
      at executeDispatch (node_modules/react-dom/cjs/react-dom.development.js:9041:3)
      at processDispatchQueueItemsInOrder (node_modules/react-dom/cjs/react-dom.development.js:9073:7)
      at processDispatchQueue (node_modules/react-dom/cjs/react-dom.development.js:9086:5)
      at dispatchEventsForPlugins (node_modules/react-dom/cjs/react-dom.development.js:9097:3)
      at node_modules/react-dom/cjs/react-dom.development.js:9288:12
      at batchedUpdates$1 (node_modules/react-dom/cjs/react-dom.development.js:26179:12)
      at batchedUpdates (node_modules/react-dom/cjs/react-dom.development.js:3991:12)
      at dispatchEventForPluginEventSystem (node_modules/react-dom/cjs/react-dom.development.js:9287:3)
      at dispatchEventWithEnableCapturePhaseSelectiveHydrationWithoutDiscreteEventReplay (node_modules/react-dom/cjs/react-dom.development.js:6465:5)
      at dispatchEvent (node_modules/react-dom/cjs/react-dom.development.js:6457:5)
      at dispatchDiscreteEvent (node_modules/react-dom/cjs/react-dom.development.js:6430:5)
      at HTMLDivElement.callTheUserObjectsOperation (node_modules/jsdom/lib/jsdom/living/generated/EventListener.js:26:30)
      at innerInvokeEventListeners (node_modules/jsdom/lib/jsdom/living/events/EventTarget-impl.js:338:25)
      at invokeEventListeners (node_modules/jsdom/lib/jsdom/living/events/EventTarget-impl.js:274:3)
      at HTMLInputElementImpl._dispatch (node_modules/jsdom/lib/jsdom/living/events/EventTarget-impl.js:221:9)
      at HTMLInputElementImpl.dispatchEvent (node_modules/jsdom/lib/jsdom/living/events/EventTarget-impl.js:94:17)
      at HTMLInputElement.dispatchEvent (node_modules/jsdom/lib/jsdom/living/generated/EventTarget.js:231:34)
      at node_modules/@testing-library/dom/dist/events.js:19:20
      at Object.eventWrapper (node_modules/@testing-library/dom/dist/config.js:25:23)
      at fireEvent (node_modules/@testing-library/dom/dist/events.js:12:35)
      at fireEvent.<computed> [as input] (node_modules/@testing-library/dom/dist/events.js:110:36)
      at fireInputEvent (node_modules/@testing-library/user-event/dist/keyboard/shared/fireInputEvent.js:31:18)
      at Object.handle (node_modules/@testing-library/user-event/dist/keyboard/plugins/character.js:138:32)
      at applyPlugins (node_modules/@testing-library/user-event/dist/keyboard/keyboardImplementation.js:157:12)
      at keypress (node_modules/@testing-library/user-event/dist/keyboard/keyboardImplementation.js:135:5)
      at keyboardImplementation (node_modules/@testing-library/user-event/dist/keyboard/keyboardImplementation.js:53:9)
      at keyboardImplementationWrapper (node_modules/@testing-library/user-event/dist/keyboard/index.js:55:65)
      at typeImplementation (node_modules/@testing-library/user-event/dist/type/typeImplementation.js:49:51)
      at Object.type (node_modules/@testing-library/user-event/dist/type/index.js:27:60)
      at Object.<anonymous> (src/components/InvestmentAnalyzer.test.js:22:21)

    console.error
      Warning: An update to InvestmentAnalyzer inside a test was not wrapped in act(...).
      
      When testing, code that causes React state updates should be wrapped into act(...):
      
      act(() => {
        /* fire events that update state */
      });
      /* assert on the output */
      
      This ensures that you're testing the behavior the user would see in the browser. Learn more at https://reactjs.org/link/wrap-tests-with-act
          at InvestmentAnalyzer (C:\Users\Andre Cadima\Documents\Gestion De Calidad de Sistemas\Calculadora_Pruebas_Unitarias\src\components\InvestmentAnalyzer.js:9:43)

    [0m [90m 31 |[39m       [name][33m:[39m value
     [90m 32 |[39m     }))[33m;[39m
    [31m[1m>[22m[39m[90m 33 |[39m     setError([32m''[39m)[33m;[39m
     [90m    |[39m     [31m[1m^[22m[39m
     [90m 34 |[39m   }[33m;[39m
     [90m 35 |[39m
     [90m 36 |[39m   [36mconst[39m handleSubmit [33m=[39m (e) [33m=>[39m {[0m

      at printWarning (node_modules/react-dom/cjs/react-dom.development.js:86:30)
      at error (node_modules/react-dom/cjs/react-dom.development.js:60:7)
      at warnIfUpdatesNotWrappedWithActDEV (node_modules/react-dom/cjs/react-dom.development.js:27628:9)
      at scheduleUpdateOnFiber (node_modules/react-dom/cjs/react-dom.development.js:25547:5)
      at setError (node_modules/react-dom/cjs/react-dom.development.js:16708:7)
      at handleChange (src/components/InvestmentAnalyzer.js:33:5)
      at HTMLUnknownElement.callCallback (node_modules/react-dom/cjs/react-dom.development.js:4164:14)
      at HTMLUnknownElement.callTheUserObjectsOperation (node_modules/jsdom/lib/jsdom/living/generated/EventListener.js:26:30)
      at innerInvokeEventListeners (node_modules/jsdom/lib/jsdom/living/events/EventTarget-impl.js:338:25)
      at invokeEventListeners (node_modules/jsdom/lib/jsdom/living/events/EventTarget-impl.js:274:3)
      at HTMLUnknownElementImpl._dispatch (node_modules/jsdom/lib/jsdom/living/events/EventTarget-impl.js:221:9)
      at HTMLUnknownElementImpl.dispatchEvent (node_modules/jsdom/lib/jsdom/living/events/EventTarget-impl.js:94:17)
      at HTMLUnknownElement.dispatchEvent (node_modules/jsdom/lib/jsdom/living/generated/EventTarget.js:231:34)
      at Object.invokeGuardedCallbackDev (node_modules/react-dom/cjs/react-dom.development.js:4213:16)
      at invokeGuardedCallback (node_modules/react-dom/cjs/react-dom.development.js:4277:31)
      at invokeGuardedCallbackAndCatchFirstError (node_modules/react-dom/cjs/react-dom.development.js:4291:25)
      at executeDispatch (node_modules/react-dom/cjs/react-dom.development.js:9041:3)
      at processDispatchQueueItemsInOrder (node_modules/react-dom/cjs/react-dom.development.js:9073:7)
      at processDispatchQueue (node_modules/react-dom/cjs/react-dom.development.js:9086:5)
      at dispatchEventsForPlugins (node_modules/react-dom/cjs/react-dom.development.js:9097:3)
      at node_modules/react-dom/cjs/react-dom.development.js:9288:12
      at batchedUpdates$1 (node_modules/react-dom/cjs/react-dom.development.js:26179:12)
      at batchedUpdates (node_modules/react-dom/cjs/react-dom.development.js:3991:12)
      at dispatchEventForPluginEventSystem (node_modules/react-dom/cjs/react-dom.development.js:9287:3)
      at dispatchEventWithEnableCapturePhaseSelectiveHydrationWithoutDiscreteEventReplay (node_modules/react-dom/cjs/react-dom.development.js:6465:5)
      at dispatchEvent (node_modules/react-dom/cjs/react-dom.development.js:6457:5)
      at dispatchDiscreteEvent (node_modules/react-dom/cjs/react-dom.development.js:6430:5)
      at HTMLDivElement.callTheUserObjectsOperation (node_modules/jsdom/lib/jsdom/living/generated/EventListener.js:26:30)
      at innerInvokeEventListeners (node_modules/jsdom/lib/jsdom/living/events/EventTarget-impl.js:338:25)
      at invokeEventListeners (node_modules/jsdom/lib/jsdom/living/events/EventTarget-impl.js:274:3)
      at HTMLInputElementImpl._dispatch (node_modules/jsdom/lib/jsdom/living/events/EventTarget-impl.js:221:9)
      at HTMLInputElementImpl.dispatchEvent (node_modules/jsdom/lib/jsdom/living/events/EventTarget-impl.js:94:17)
      at HTMLInputElement.dispatchEvent (node_modules/jsdom/lib/jsdom/living/generated/EventTarget.js:231:34)
      at node_modules/@testing-library/dom/dist/events.js:19:20
      at Object.eventWrapper (node_modules/@testing-library/dom/dist/config.js:25:23)
      at fireEvent (node_modules/@testing-library/dom/dist/events.js:12:35)
      at fireEvent.<computed> [as input] (node_modules/@testing-library/dom/dist/events.js:110:36)
      at fireInputEvent (node_modules/@testing-library/user-event/dist/keyboard/shared/fireInputEvent.js:31:18)
      at Object.handle (node_modules/@testing-library/user-event/dist/keyboard/plugins/character.js:138:32)
      at applyPlugins (node_modules/@testing-library/user-event/dist/keyboard/keyboardImplementation.js:157:12)
      at keypress (node_modules/@testing-library/user-event/dist/keyboard/keyboardImplementation.js:135:5)
      at keyboardImplementation (node_modules/@testing-library/user-event/dist/keyboard/keyboardImplementation.js:53:9)
      at keyboardImplementationWrapper (node_modules/@testing-library/user-event/dist/keyboard/index.js:55:65)
      at typeImplementation (node_modules/@testing-library/user-event/dist/type/typeImplementation.js:49:51)
      at Object.type (node_modules/@testing-library/user-event/dist/type/index.js:27:60)
      at Object.<anonymous> (src/components/InvestmentAnalyzer.test.js:22:21)

    console.error
      Warning: An update to InvestmentAnalyzer inside a test was not wrapped in act(...).
      
      When testing, code that causes React state updates should be wrapped into act(...):
      
      act(() => {
        /* fire events that update state */
      });
      /* assert on the output */
      
      This ensures that you're testing the behavior the user would see in the browser. Learn more at https://reactjs.org/link/wrap-tests-with-act
          at InvestmentAnalyzer (C:\Users\Andre Cadima\Documents\Gestion De Calidad de Sistemas\Calculadora_Pruebas_Unitarias\src\components\InvestmentAnalyzer.js:9:43)

    [0m [90m 27 |[39m   [36mconst[39m handleChange [33m=[39m (e) [33m=>[39m {
     [90m 28 |[39m     [36mconst[39m { name[33m,[39m value } [33m=[39m e[33m.[39mtarget[33m;[39m
    [31m[1m>[22m[39m[90m 29 |[39m     setFormData(prev [33m=>[39m ({
     [90m    |[39m     [31m[1m^[22m[39m
     [90m 30 |[39m       [33m...[39mprev[33m,[39m
     [90m 31 |[39m       [name][33m:[39m value
     [90m 32 |[39m     }))[33m;[39m[0m

      at printWarning (node_modules/react-dom/cjs/react-dom.development.js:86:30)
      at error (node_modules/react-dom/cjs/react-dom.development.js:60:7)
      at warnIfUpdatesNotWrappedWithActDEV (node_modules/react-dom/cjs/react-dom.development.js:27628:9)
      at scheduleUpdateOnFiber (node_modules/react-dom/cjs/react-dom.development.js:25547:5)
      at setFormData (node_modules/react-dom/cjs/react-dom.development.js:16708:7)
      at handleChange (src/components/InvestmentAnalyzer.js:29:5)
      at HTMLUnknownElement.callCallback (node_modules/react-dom/cjs/react-dom.development.js:4164:14)
      at HTMLUnknownElement.callTheUserObjectsOperation (node_modules/jsdom/lib/jsdom/living/generated/EventListener.js:26:30)
      at innerInvokeEventListeners (node_modules/jsdom/lib/jsdom/living/events/EventTarget-impl.js:338:25)
      at invokeEventListeners (node_modules/jsdom/lib/jsdom/living/events/EventTarget-impl.js:274:3)
      at HTMLUnknownElementImpl._dispatch (node_modules/jsdom/lib/jsdom/living/events/EventTarget-impl.js:221:9)
      at HTMLUnknownElementImpl.dispatchEvent (node_modules/jsdom/lib/jsdom/living/events/EventTarget-impl.js:94:17)
      at HTMLUnknownElement.dispatchEvent (node_modules/jsdom/lib/jsdom/living/generated/EventTarget.js:231:34)
      at Object.invokeGuardedCallbackDev (node_modules/react-dom/cjs/react-dom.development.js:4213:16)
      at invokeGuardedCallback (node_modules/react-dom/cjs/react-dom.development.js:4277:31)
      at invokeGuardedCallbackAndCatchFirstError (node_modules/react-dom/cjs/react-dom.development.js:4291:25)
      at executeDispatch (node_modules/react-dom/cjs/react-dom.development.js:9041:3)
      at processDispatchQueueItemsInOrder (node_modules/react-dom/cjs/react-dom.development.js:9073:7)
      at processDispatchQueue (node_modules/react-dom/cjs/react-dom.development.js:9086:5)
      at dispatchEventsForPlugins (node_modules/react-dom/cjs/react-dom.development.js:9097:3)
      at node_modules/react-dom/cjs/react-dom.development.js:9288:12
      at batchedUpdates$1 (node_modules/react-dom/cjs/react-dom.development.js:26179:12)
      at batchedUpdates (node_modules/react-dom/cjs/react-dom.development.js:3991:12)
      at dispatchEventForPluginEventSystem (node_modules/react-dom/cjs/react-dom.development.js:9287:3)
      at dispatchEventWithEnableCapturePhaseSelectiveHydrationWithoutDiscreteEventReplay (node_modules/react-dom/cjs/react-dom.development.js:6465:5)
      at dispatchEvent (node_modules/react-dom/cjs/react-dom.development.js:6457:5)
      at dispatchDiscreteEvent (node_modules/react-dom/cjs/react-dom.development.js:6430:5)
      at HTMLDivElement.callTheUserObjectsOperation (node_modules/jsdom/lib/jsdom/living/generated/EventListener.js:26:30)
      at innerInvokeEventListeners (node_modules/jsdom/lib/jsdom/living/events/EventTarget-impl.js:338:25)
      at invokeEventListeners (node_modules/jsdom/lib/jsdom/living/events/EventTarget-impl.js:274:3)
      at HTMLSelectElementImpl._dispatch (node_modules/jsdom/lib/jsdom/living/events/EventTarget-impl.js:221:9)
      at HTMLSelectElementImpl.dispatchEvent (node_modules/jsdom/lib/jsdom/living/events/EventTarget-impl.js:94:17)
      at Proxy.dispatchEvent (node_modules/jsdom/lib/jsdom/living/generated/EventTarget.js:231:34)
      at node_modules/@testing-library/dom/dist/events.js:19:20
      at Object.eventWrapper (node_modules/@testing-library/dom/dist/config.js:25:23)
      at fireEvent (node_modules/@testing-library/dom/dist/events.js:12:35)
      at fireEvent.<computed> [as change] (node_modules/@testing-library/dom/dist/events.js:110:36)
      at selectOption (node_modules/@testing-library/user-event/dist/select-options.js:137:20)
      at selectOptions (node_modules/@testing-library/user-event/dist/select-options.js:90:7)
      at Object.<anonymous> (src/components/InvestmentAnalyzer.test.js:23:21)

    console.error
      Warning: An update to InvestmentAnalyzer inside a test was not wrapped in act(...).
      
      When testing, code that causes React state updates should be wrapped into act(...):
      
      act(() => {
        /* fire events that update state */
      });
      /* assert on the output */
      
      This ensures that you're testing the behavior the user would see in the browser. Learn more at https://reactjs.org/link/wrap-tests-with-act
          at InvestmentAnalyzer (C:\Users\Andre Cadima\Documents\Gestion De Calidad de Sistemas\Calculadora_Pruebas_Unitarias\src\components\InvestmentAnalyzer.js:9:43)

    [0m [90m 31 |[39m       [name][33m:[39m value
     [90m 32 |[39m     }))[33m;[39m
    [31m[1m>[22m[39m[90m 33 |[39m     setError([32m''[39m)[33m;[39m
     [90m    |[39m     [31m[1m^[22m[39m
     [90m 34 |[39m   }[33m;[39m
     [90m 35 |[39m
     [90m 36 |[39m   [36mconst[39m handleSubmit [33m=[39m (e) [33m=>[39m {[0m

      at printWarning (node_modules/react-dom/cjs/react-dom.development.js:86:30)
      at error (node_modules/react-dom/cjs/react-dom.development.js:60:7)
      at warnIfUpdatesNotWrappedWithActDEV (node_modules/react-dom/cjs/react-dom.development.js:27628:9)
      at scheduleUpdateOnFiber (node_modules/react-dom/cjs/react-dom.development.js:25547:5)
      at setError (node_modules/react-dom/cjs/react-dom.development.js:16708:7)
      at handleChange (src/components/InvestmentAnalyzer.js:33:5)
      at HTMLUnknownElement.callCallback (node_modules/react-dom/cjs/react-dom.development.js:4164:14)
      at HTMLUnknownElement.callTheUserObjectsOperation (node_modules/jsdom/lib/jsdom/living/generated/EventListener.js:26:30)
      at innerInvokeEventListeners (node_modules/jsdom/lib/jsdom/living/events/EventTarget-impl.js:338:25)
      at invokeEventListeners (node_modules/jsdom/lib/jsdom/living/events/EventTarget-impl.js:274:3)
      at HTMLUnknownElementImpl._dispatch (node_modules/jsdom/lib/jsdom/living/events/EventTarget-impl.js:221:9)
      at HTMLUnknownElementImpl.dispatchEvent (node_modules/jsdom/lib/jsdom/living/events/EventTarget-impl.js:94:17)
      at HTMLUnknownElement.dispatchEvent (node_modules/jsdom/lib/jsdom/living/generated/EventTarget.js:231:34)
      at Object.invokeGuardedCallbackDev (node_modules/react-dom/cjs/react-dom.development.js:4213:16)
      at invokeGuardedCallback (node_modules/react-dom/cjs/react-dom.development.js:4277:31)
      at invokeGuardedCallbackAndCatchFirstError (node_modules/react-dom/cjs/react-dom.development.js:4291:25)
      at executeDispatch (node_modules/react-dom/cjs/react-dom.development.js:9041:3)
      at processDispatchQueueItemsInOrder (node_modules/react-dom/cjs/react-dom.development.js:9073:7)
      at processDispatchQueue (node_modules/react-dom/cjs/react-dom.development.js:9086:5)
      at dispatchEventsForPlugins (node_modules/react-dom/cjs/react-dom.development.js:9097:3)
      at node_modules/react-dom/cjs/react-dom.development.js:9288:12
      at batchedUpdates$1 (node_modules/react-dom/cjs/react-dom.development.js:26179:12)
      at batchedUpdates (node_modules/react-dom/cjs/react-dom.development.js:3991:12)
      at dispatchEventForPluginEventSystem (node_modules/react-dom/cjs/react-dom.development.js:9287:3)
      at dispatchEventWithEnableCapturePhaseSelectiveHydrationWithoutDiscreteEventReplay (node_modules/react-dom/cjs/react-dom.development.js:6465:5)
      at dispatchEvent (node_modules/react-dom/cjs/react-dom.development.js:6457:5)
      at dispatchDiscreteEvent (node_modules/react-dom/cjs/react-dom.development.js:6430:5)
      at HTMLDivElement.callTheUserObjectsOperation (node_modules/jsdom/lib/jsdom/living/generated/EventListener.js:26:30)
      at innerInvokeEventListeners (node_modules/jsdom/lib/jsdom/living/events/EventTarget-impl.js:338:25)
      at invokeEventListeners (node_modules/jsdom/lib/jsdom/living/events/EventTarget-impl.js:274:3)
      at HTMLSelectElementImpl._dispatch (node_modules/jsdom/lib/jsdom/living/events/EventTarget-impl.js:221:9)
      at HTMLSelectElementImpl.dispatchEvent (node_modules/jsdom/lib/jsdom/living/events/EventTarget-impl.js:94:17)
      at Proxy.dispatchEvent (node_modules/jsdom/lib/jsdom/living/generated/EventTarget.js:231:34)
      at node_modules/@testing-library/dom/dist/events.js:19:20
      at Object.eventWrapper (node_modules/@testing-library/dom/dist/config.js:25:23)
      at fireEvent (node_modules/@testing-library/dom/dist/events.js:12:35)
      at fireEvent.<computed> [as change] (node_modules/@testing-library/dom/dist/events.js:110:36)
      at selectOption (node_modules/@testing-library/user-event/dist/select-options.js:137:20)
      at selectOptions (node_modules/@testing-library/user-event/dist/select-options.js:90:7)
      at Object.<anonymous> (src/components/InvestmentAnalyzer.test.js:23:21)

    console.error
      Warning: An update to InvestmentAnalyzer inside a test was not wrapped in act(...).
      
      When testing, code that causes React state updates should be wrapped into act(...):
      
      act(() => {
        /* fire events that update state */
      });
      /* assert on the output */
      
      This ensures that you're testing the behavior the user would see in the browser. Learn more at https://reactjs.org/link/wrap-tests-with-act
          at InvestmentAnalyzer (C:\Users\Andre Cadima\Documents\Gestion De Calidad de Sistemas\Calculadora_Pruebas_Unitarias\src\components\InvestmentAnalyzer.js:9:43)

    [0m [90m 50 |[39m     [36mconst[39m interestEarned [33m=[39m finalAmount [33m-[39m principal[33m;[39m
     [90m 51 |[39m
    [31m[1m>[22m[39m[90m 52 |[39m     setResult({
     [90m    |[39m     [31m[1m^[22m[39m
     [90m 53 |[39m       principal[33m,[39m
     [90m 54 |[39m       rate[33m,[39m
     [90m 55 |[39m       years[33m,[39m[0m

      at printWarning (node_modules/react-dom/cjs/react-dom.development.js:86:30)
      at error (node_modules/react-dom/cjs/react-dom.development.js:60:7)
      at warnIfUpdatesNotWrappedWithActDEV (node_modules/react-dom/cjs/react-dom.development.js:27628:9)
      at scheduleUpdateOnFiber (node_modules/react-dom/cjs/react-dom.development.js:25547:5)
      at setResult (node_modules/react-dom/cjs/react-dom.development.js:16708:7)
      at handleSubmit (src/components/InvestmentAnalyzer.js:52:5)
      at HTMLUnknownElement.callCallback (node_modules/react-dom/cjs/react-dom.development.js:4164:14)
      at HTMLUnknownElement.callTheUserObjectsOperation (node_modules/jsdom/lib/jsdom/living/generated/EventListener.js:26:30)
      at innerInvokeEventListeners (node_modules/jsdom/lib/jsdom/living/events/EventTarget-impl.js:338:25)
      at invokeEventListeners (node_modules/jsdom/lib/jsdom/living/events/EventTarget-impl.js:274:3)
      at HTMLUnknownElementImpl._dispatch (node_modules/jsdom/lib/jsdom/living/events/EventTarget-impl.js:221:9)
      at HTMLUnknownElementImpl.dispatchEvent (node_modules/jsdom/lib/jsdom/living/events/EventTarget-impl.js:94:17)
      at HTMLUnknownElement.dispatchEvent (node_modules/jsdom/lib/jsdom/living/generated/EventTarget.js:231:34)
      at Object.invokeGuardedCallbackDev (node_modules/react-dom/cjs/react-dom.development.js:4213:16)
      at invokeGuardedCallback (node_modules/react-dom/cjs/react-dom.development.js:4277:31)
      at invokeGuardedCallbackAndCatchFirstError (node_modules/react-dom/cjs/react-dom.development.js:4291:25)
      at executeDispatch (node_modules/react-dom/cjs/react-dom.development.js:9041:3)
      at processDispatchQueueItemsInOrder (node_modules/react-dom/cjs/react-dom.development.js:9073:7)
      at processDispatchQueue (node_modules/react-dom/cjs/react-dom.development.js:9086:5)
      at dispatchEventsForPlugins (node_modules/react-dom/cjs/react-dom.development.js:9097:3)
      at node_modules/react-dom/cjs/react-dom.development.js:9288:12
      at batchedUpdates$1 (node_modules/react-dom/cjs/react-dom.development.js:26179:12)
      at batchedUpdates (node_modules/react-dom/cjs/react-dom.development.js:3991:12)
      at dispatchEventForPluginEventSystem (node_modules/react-dom/cjs/react-dom.development.js:9287:3)
      at dispatchEventWithEnableCapturePhaseSelectiveHydrationWithoutDiscreteEventReplay (node_modules/react-dom/cjs/react-dom.development.js:6465:5)
      at dispatchEvent (node_modules/react-dom/cjs/react-dom.development.js:6457:5)
      at dispatchDiscreteEvent (node_modules/react-dom/cjs/react-dom.development.js:6430:5)
      at HTMLDivElement.callTheUserObjectsOperation (node_modules/jsdom/lib/jsdom/living/generated/EventListener.js:26:30)
      at innerInvokeEventListeners (node_modules/jsdom/lib/jsdom/living/events/EventTarget-impl.js:338:25)
      at invokeEventListeners (node_modules/jsdom/lib/jsdom/living/events/EventTarget-impl.js:274:3)
      at HTMLFormElementImpl._dispatch (node_modules/jsdom/lib/jsdom/living/events/EventTarget-impl.js:221:9)
      at fireAnEvent (node_modules/jsdom/lib/jsdom/living/helpers/events.js:18:36)
      at HTMLFormElementImpl.submit (node_modules/jsdom/lib/jsdom/living/nodes/HTMLFormElement-impl.js:84:10)
      at HTMLFormElementImpl._doSubmit (node_modules/jsdom/lib/jsdom/living/nodes/HTMLFormElement-impl.js:80:10)
      at HTMLButtonElementImpl._activationBehavior (node_modules/jsdom/lib/jsdom/living/nodes/HTMLButtonElement-impl.js:23:14)
      at HTMLButtonElementImpl._dispatch (node_modules/jsdom/lib/jsdom/living/events/EventTarget-impl.js:240:26)
      at HTMLButtonElementImpl.dispatchEvent (node_modules/jsdom/lib/jsdom/living/events/EventTarget-impl.js:94:17)
      at HTMLButtonElement.dispatchEvent (node_modules/jsdom/lib/jsdom/living/generated/EventTarget.js:231:34)
      at node_modules/@testing-library/dom/dist/events.js:19:20
      at Object.eventWrapper (node_modules/@testing-library/dom/dist/config.js:25:23)
      at fireEvent (node_modules/@testing-library/dom/dist/events.js:12:35)
      at fireEvent.<computed> [as click] (node_modules/@testing-library/dom/dist/events.js:110:36)
      at fireClick (node_modules/@testing-library/user-event/dist/click.js:150:20)
      at clickElement (node_modules/@testing-library/user-event/dist/click.js:91:5)
      at Object.click (node_modules/@testing-library/user-event/dist/click.js:140:5)
      at Object.<anonymous> (src/components/InvestmentAnalyzer.test.js:25:21)

PASS src/components/MortgageCalculator.test.js
  ● Console

    console.error
      Warning: `ReactDOMTestUtils.act` is deprecated in favor of `React.act`. Import `act` from `react` instead of `react-dom/test-utils`. See https://react.dev/warnings/react-dom-test-utils for more info.

    [0m [90m  6 |[39m describe([32m'MortgageCalculator'[39m[33m,[39m () [33m=>[39m {
     [90m  7 |[39m   it([32m'renders the main calculator form'[39m[33m,[39m () [33m=>[39m {
    [31m[1m>[22m[39m[90m  8 |[39m     render([33m<[39m[33mMortgageCalculator[39m [33m/[39m[33m>[39m)[33m;[39m
     [90m    |[39m           [31m[1m^[22m[39m
     [90m  9 |[39m
     [90m 10 |[39m     expect(screen[33m.[39mgetByRole([32m'heading'[39m[33m,[39m { name[33m:[39m [35m/Calculadora de Hipotecas/i[39m }))[33m.[39mtoBeInTheDocument()[33m;[39m
     [90m 11 |[39m     expect(screen[33m.[39mgetByLabelText([35m/Salario Anual Primario/i[39m))[33m.[39mtoBeInTheDocument()[33m;[39m[0m

      at printWarning (node_modules/react-dom/cjs/react-dom-test-utils.development.js:71:30)
      at error (node_modules/react-dom/cjs/react-dom-test-utils.development.js:45:7)
      at actWithWarning (node_modules/react-dom/cjs/react-dom-test-utils.development.js:1736:7)
      at node_modules/@testing-library/react/dist/act-compat.js:63:25
      at renderRoot (node_modules/@testing-library/react/dist/pure.js:159:26)
      at render (node_modules/@testing-library/react/dist/pure.js:246:10)
      at Object.<anonymous> (src/components/MortgageCalculator.test.js:8:11)

    console.error
      Warning: An update to MortgageCalculator inside a test was not wrapped in act(...).
      
      When testing, code that causes React state updates should be wrapped into act(...):
      
      act(() => {
        /* fire events that update state */
      });
      /* assert on the output */
      
      This ensures that you're testing the behavior the user would see in the browser. Learn more at https://reactjs.org/link/wrap-tests-with-act
          at MortgageCalculator (C:\Users\Andre Cadima\Documents\Gestion De Calidad de Sistemas\Calculadora_Pruebas_Unitarias\src\components\MortgageCalculator.js:7:43)

    [0m [90m 34 |[39m     [36mif[39m ([33m![39mformData[33m.[39minterest [33m||[39m parseFloat(formData[33m.[39minterest) [33m<[39m [35m0[39m) newErrors[33m.[39minterest [33m=[39m [32m'Se requiere una tasa válida'[39m[33m;[39m
     [90m 35 |[39m     
    [31m[1m>[22m[39m[90m 36 |[39m     setErrors(newErrors)[33m;[39m
     [90m    |[39m     [31m[1m^[22m[39m
     [90m 37 |[39m     [36mreturn[39m [33mObject[39m[33m.[39mkeys(newErrors)[33m.[39mlength [33m===[39m [35m0[39m[33m;[39m
     [90m 38 |[39m   }[33m;[39m
     [90m 39 |[39m[0m

      at printWarning (node_modules/react-dom/cjs/react-dom.development.js:86:30)
      at error (node_modules/react-dom/cjs/react-dom.development.js:60:7)
      at warnIfUpdatesNotWrappedWithActDEV (node_modules/react-dom/cjs/react-dom.development.js:27628:9)
      at scheduleUpdateOnFiber (node_modules/react-dom/cjs/react-dom.development.js:25547:5)
      at setErrors (node_modules/react-dom/cjs/react-dom.development.js:16708:7)
      at validateForm (src/components/MortgageCalculator.js:36:5)
      at handleSubmit (src/components/MortgageCalculator.js:91:10)
      at HTMLUnknownElement.callCallback (node_modules/react-dom/cjs/react-dom.development.js:4164:14)
      at HTMLUnknownElement.callTheUserObjectsOperation (node_modules/jsdom/lib/jsdom/living/generated/EventListener.js:26:30)
      at innerInvokeEventListeners (node_modules/jsdom/lib/jsdom/living/events/EventTarget-impl.js:338:25)
      at invokeEventListeners (node_modules/jsdom/lib/jsdom/living/events/EventTarget-impl.js:274:3)
      at HTMLUnknownElementImpl._dispatch (node_modules/jsdom/lib/jsdom/living/events/EventTarget-impl.js:221:9)
      at HTMLUnknownElementImpl.dispatchEvent (node_modules/jsdom/lib/jsdom/living/events/EventTarget-impl.js:94:17)
      at HTMLUnknownElement.dispatchEvent (node_modules/jsdom/lib/jsdom/living/generated/EventTarget.js:231:34)
      at Object.invokeGuardedCallbackDev (node_modules/react-dom/cjs/react-dom.development.js:4213:16)
      at invokeGuardedCallback (node_modules/react-dom/cjs/react-dom.development.js:4277:31)
      at invokeGuardedCallbackAndCatchFirstError (node_modules/react-dom/cjs/react-dom.development.js:4291:25)
      at executeDispatch (node_modules/react-dom/cjs/react-dom.development.js:9041:3)
      at processDispatchQueueItemsInOrder (node_modules/react-dom/cjs/react-dom.development.js:9073:7)
      at processDispatchQueue (node_modules/react-dom/cjs/react-dom.development.js:9086:5)
      at dispatchEventsForPlugins (node_modules/react-dom/cjs/react-dom.development.js:9097:3)
      at node_modules/react-dom/cjs/react-dom.development.js:9288:12
      at batchedUpdates$1 (node_modules/react-dom/cjs/react-dom.development.js:26179:12)
      at batchedUpdates (node_modules/react-dom/cjs/react-dom.development.js:3991:12)
      at dispatchEventForPluginEventSystem (node_modules/react-dom/cjs/react-dom.development.js:9287:3)
      at dispatchEventWithEnableCapturePhaseSelectiveHydrationWithoutDiscreteEventReplay (node_modules/react-dom/cjs/react-dom.development.js:6465:5)
      at dispatchEvent (node_modules/react-dom/cjs/react-dom.development.js:6457:5)
      at dispatchDiscreteEvent (node_modules/react-dom/cjs/react-dom.development.js:6430:5)
      at HTMLDivElement.callTheUserObjectsOperation (node_modules/jsdom/lib/jsdom/living/generated/EventListener.js:26:30)
      at innerInvokeEventListeners (node_modules/jsdom/lib/jsdom/living/events/EventTarget-impl.js:338:25)
      at invokeEventListeners (node_modules/jsdom/lib/jsdom/living/events/EventTarget-impl.js:274:3)
      at HTMLFormElementImpl._dispatch (node_modules/jsdom/lib/jsdom/living/events/EventTarget-impl.js:221:9)
      at fireAnEvent (node_modules/jsdom/lib/jsdom/living/helpers/events.js:18:36)
      at HTMLFormElementImpl.submit (node_modules/jsdom/lib/jsdom/living/nodes/HTMLFormElement-impl.js:84:10)
      at HTMLFormElementImpl._doSubmit (node_modules/jsdom/lib/jsdom/living/nodes/HTMLFormElement-impl.js:80:10)
      at HTMLButtonElementImpl._activationBehavior (node_modules/jsdom/lib/jsdom/living/nodes/HTMLButtonElement-impl.js:23:14)
      at HTMLButtonElementImpl._dispatch (node_modules/jsdom/lib/jsdom/living/events/EventTarget-impl.js:240:26)
      at HTMLButtonElementImpl.dispatchEvent (node_modules/jsdom/lib/jsdom/living/events/EventTarget-impl.js:94:17)
      at HTMLButtonElement.dispatchEvent (node_modules/jsdom/lib/jsdom/living/generated/EventTarget.js:231:34)
      at node_modules/@testing-library/dom/dist/events.js:19:20
      at Object.eventWrapper (node_modules/@testing-library/dom/dist/config.js:25:23)
      at fireEvent (node_modules/@testing-library/dom/dist/events.js:12:35)
      at fireEvent.<computed> [as click] (node_modules/@testing-library/dom/dist/events.js:110:36)
      at fireClick (node_modules/@testing-library/user-event/dist/click.js:150:20)
      at clickElement (node_modules/@testing-library/user-event/dist/click.js:91:5)
      at Object.click (node_modules/@testing-library/user-event/dist/click.js:140:5)
      at Object.<anonymous> (src/components/MortgageCalculator.test.js:20:21)

    console.error
      Warning: An update to MortgageCalculator inside a test was not wrapped in act(...).
      
      When testing, code that causes React state updates should be wrapped into act(...):
      
      act(() => {
        /* fire events that update state */
      });
      /* assert on the output */
      
      This ensures that you're testing the behavior the user would see in the browser. Learn more at https://reactjs.org/link/wrap-tests-with-act
          at MortgageCalculator (C:\Users\Andre Cadima\Documents\Gestion De Calidad de Sistemas\Calculadora_Pruebas_Unitarias\src\components\MortgageCalculator.js:7:43)

    [0m [90m 40 |[39m   [36mconst[39m handleChange [33m=[39m (e) [33m=>[39m {
     [90m 41 |[39m     [36mconst[39m { name[33m,[39m value } [33m=[39m e[33m.[39mtarget[33m;[39m
    [31m[1m>[22m[39m[90m 42 |[39m     setFormData(prev [33m=>[39m ({
     [90m    |[39m     [31m[1m^[22m[39m
     [90m 43 |[39m       [33m...[39mprev[33m,[39m
     [90m 44 |[39m       [name][33m:[39m value
     [90m 45 |[39m     }))[33m;[39m[0m

      at printWarning (node_modules/react-dom/cjs/react-dom.development.js:86:30)
      at error (node_modules/react-dom/cjs/react-dom.development.js:60:7)
      at warnIfUpdatesNotWrappedWithActDEV (node_modules/react-dom/cjs/react-dom.development.js:27628:9)
      at scheduleUpdateOnFiber (node_modules/react-dom/cjs/react-dom.development.js:25547:5)
      at setFormData (node_modules/react-dom/cjs/react-dom.development.js:16708:7)
      at handleChange (src/components/MortgageCalculator.js:42:5)
      at HTMLUnknownElement.callCallback (node_modules/react-dom/cjs/react-dom.development.js:4164:14)
      at HTMLUnknownElement.callTheUserObjectsOperation (node_modules/jsdom/lib/jsdom/living/generated/EventListener.js:26:30)
      at innerInvokeEventListeners (node_modules/jsdom/lib/jsdom/living/events/EventTarget-impl.js:338:25)
      at invokeEventListeners (node_modules/jsdom/lib/jsdom/living/events/EventTarget-impl.js:274:3)
      at HTMLUnknownElementImpl._dispatch (node_modules/jsdom/lib/jsdom/living/events/EventTarget-impl.js:221:9)
      at HTMLUnknownElementImpl.dispatchEvent (node_modules/jsdom/lib/jsdom/living/events/EventTarget-impl.js:94:17)
      at HTMLUnknownElement.dispatchEvent (node_modules/jsdom/lib/jsdom/living/generated/EventTarget.js:231:34)
      at Object.invokeGuardedCallbackDev (node_modules/react-dom/cjs/react-dom.development.js:4213:16)
      at invokeGuardedCallback (node_modules/react-dom/cjs/react-dom.development.js:4277:31)
      at invokeGuardedCallbackAndCatchFirstError (node_modules/react-dom/cjs/react-dom.development.js:4291:25)
      at executeDispatch (node_modules/react-dom/cjs/react-dom.development.js:9041:3)
      at processDispatchQueueItemsInOrder (node_modules/react-dom/cjs/react-dom.development.js:9073:7)
      at processDispatchQueue (node_modules/react-dom/cjs/react-dom.development.js:9086:5)
      at dispatchEventsForPlugins (node_modules/react-dom/cjs/react-dom.development.js:9097:3)
      at node_modules/react-dom/cjs/react-dom.development.js:9288:12
      at batchedUpdates$1 (node_modules/react-dom/cjs/react-dom.development.js:26179:12)
      at batchedUpdates (node_modules/react-dom/cjs/react-dom.development.js:3991:12)
      at dispatchEventForPluginEventSystem (node_modules/react-dom/cjs/react-dom.development.js:9287:3)
      at dispatchEventWithEnableCapturePhaseSelectiveHydrationWithoutDiscreteEventReplay (node_modules/react-dom/cjs/react-dom.development.js:6465:5)
      at dispatchEvent (node_modules/react-dom/cjs/react-dom.development.js:6457:5)
      at dispatchDiscreteEvent (node_modules/react-dom/cjs/react-dom.development.js:6430:5)
      at HTMLDivElement.callTheUserObjectsOperation (node_modules/jsdom/lib/jsdom/living/generated/EventListener.js:26:30)
      at innerInvokeEventListeners (node_modules/jsdom/lib/jsdom/living/events/EventTarget-impl.js:338:25)
      at invokeEventListeners (node_modules/jsdom/lib/jsdom/living/events/EventTarget-impl.js:274:3)
      at HTMLInputElementImpl._dispatch (node_modules/jsdom/lib/jsdom/living/events/EventTarget-impl.js:221:9)
      at HTMLInputElementImpl.dispatchEvent (node_modules/jsdom/lib/jsdom/living/events/EventTarget-impl.js:94:17)
      at HTMLInputElement.dispatchEvent (node_modules/jsdom/lib/jsdom/living/generated/EventTarget.js:231:34)
      at node_modules/@testing-library/dom/dist/events.js:19:20
      at Object.eventWrapper (node_modules/@testing-library/dom/dist/config.js:25:23)
      at fireEvent (node_modules/@testing-library/dom/dist/events.js:12:35)
      at fireEvent.<computed> [as input] (node_modules/@testing-library/dom/dist/events.js:110:36)
      at fireInputEvent (node_modules/@testing-library/user-event/dist/keyboard/shared/fireInputEvent.js:31:18)
      at Object.handle (node_modules/@testing-library/user-event/dist/keyboard/plugins/character.js:138:32)
      at applyPlugins (node_modules/@testing-library/user-event/dist/keyboard/keyboardImplementation.js:157:12)
      at keypress (node_modules/@testing-library/user-event/dist/keyboard/keyboardImplementation.js:135:5)
      at keyboardImplementation (node_modules/@testing-library/user-event/dist/keyboard/keyboardImplementation.js:53:9)
      at keyboardImplementationWrapper (node_modules/@testing-library/user-event/dist/keyboard/index.js:55:65)
      at typeImplementation (node_modules/@testing-library/user-event/dist/type/typeImplementation.js:49:51)
      at Object.type (node_modules/@testing-library/user-event/dist/type/index.js:27:60)
      at Object.<anonymous> (src/components/MortgageCalculator.test.js:30:21)

    console.error
      Warning: An update to MortgageCalculator inside a test was not wrapped in act(...).
      
      When testing, code that causes React state updates should be wrapped into act(...):
      
      act(() => {
        /* fire events that update state */
      });
      /* assert on the output */
      
      This ensures that you're testing the behavior the user would see in the browser. Learn more at https://reactjs.org/link/wrap-tests-with-act
          at MortgageCalculator (C:\Users\Andre Cadima\Documents\Gestion De Calidad de Sistemas\Calculadora_Pruebas_Unitarias\src\components\MortgageCalculator.js:7:43)

    [0m [90m 40 |[39m   [36mconst[39m handleChange [33m=[39m (e) [33m=>[39m {
     [90m 41 |[39m     [36mconst[39m { name[33m,[39m value } [33m=[39m e[33m.[39mtarget[33m;[39m
    [31m[1m>[22m[39m[90m 42 |[39m     setFormData(prev [33m=>[39m ({
     [90m    |[39m     [31m[1m^[22m[39m
     [90m 43 |[39m       [33m...[39mprev[33m,[39m
     [90m 44 |[39m       [name][33m:[39m value
     [90m 45 |[39m     }))[33m;[39m[0m

      at printWarning (node_modules/react-dom/cjs/react-dom.development.js:86:30)
      at error (node_modules/react-dom/cjs/react-dom.development.js:60:7)
      at warnIfUpdatesNotWrappedWithActDEV (node_modules/react-dom/cjs/react-dom.development.js:27628:9)
      at scheduleUpdateOnFiber (node_modules/react-dom/cjs/react-dom.development.js:25547:5)
      at setFormData (node_modules/react-dom/cjs/react-dom.development.js:16708:7)
      at handleChange (src/components/MortgageCalculator.js:42:5)
      at HTMLUnknownElement.callCallback (node_modules/react-dom/cjs/react-dom.development.js:4164:14)
      at HTMLUnknownElement.callTheUserObjectsOperation (node_modules/jsdom/lib/jsdom/living/generated/EventListener.js:26:30)
      at innerInvokeEventListeners (node_modules/jsdom/lib/jsdom/living/events/EventTarget-impl.js:338:25)
      at invokeEventListeners (node_modules/jsdom/lib/jsdom/living/events/EventTarget-impl.js:274:3)
      at HTMLUnknownElementImpl._dispatch (node_modules/jsdom/lib/jsdom/living/events/EventTarget-impl.js:221:9)
      at HTMLUnknownElementImpl.dispatchEvent (node_modules/jsdom/lib/jsdom/living/events/EventTarget-impl.js:94:17)
      at HTMLUnknownElement.dispatchEvent (node_modules/jsdom/lib/jsdom/living/generated/EventTarget.js:231:34)
      at Object.invokeGuardedCallbackDev (node_modules/react-dom/cjs/react-dom.development.js:4213:16)
      at invokeGuardedCallback (node_modules/react-dom/cjs/react-dom.development.js:4277:31)
      at invokeGuardedCallbackAndCatchFirstError (node_modules/react-dom/cjs/react-dom.development.js:4291:25)
      at executeDispatch (node_modules/react-dom/cjs/react-dom.development.js:9041:3)
      at processDispatchQueueItemsInOrder (node_modules/react-dom/cjs/react-dom.development.js:9073:7)
      at processDispatchQueue (node_modules/react-dom/cjs/react-dom.development.js:9086:5)
      at dispatchEventsForPlugins (node_modules/react-dom/cjs/react-dom.development.js:9097:3)
      at node_modules/react-dom/cjs/react-dom.development.js:9288:12
      at batchedUpdates$1 (node_modules/react-dom/cjs/react-dom.development.js:26179:12)
      at batchedUpdates (node_modules/react-dom/cjs/react-dom.development.js:3991:12)
      at dispatchEventForPluginEventSystem (node_modules/react-dom/cjs/react-dom.development.js:9287:3)
      at dispatchEventWithEnableCapturePhaseSelectiveHydrationWithoutDiscreteEventReplay (node_modules/react-dom/cjs/react-dom.development.js:6465:5)
      at dispatchEvent (node_modules/react-dom/cjs/react-dom.development.js:6457:5)
      at dispatchDiscreteEvent (node_modules/react-dom/cjs/react-dom.development.js:6430:5)
      at HTMLDivElement.callTheUserObjectsOperation (node_modules/jsdom/lib/jsdom/living/generated/EventListener.js:26:30)
      at innerInvokeEventListeners (node_modules/jsdom/lib/jsdom/living/events/EventTarget-impl.js:338:25)
      at invokeEventListeners (node_modules/jsdom/lib/jsdom/living/events/EventTarget-impl.js:274:3)
      at HTMLInputElementImpl._dispatch (node_modules/jsdom/lib/jsdom/living/events/EventTarget-impl.js:221:9)
      at HTMLInputElementImpl.dispatchEvent (node_modules/jsdom/lib/jsdom/living/events/EventTarget-impl.js:94:17)
      at HTMLInputElement.dispatchEvent (node_modules/jsdom/lib/jsdom/living/generated/EventTarget.js:231:34)
      at node_modules/@testing-library/dom/dist/events.js:19:20
      at Object.eventWrapper (node_modules/@testing-library/dom/dist/config.js:25:23)
      at fireEvent (node_modules/@testing-library/dom/dist/events.js:12:35)
      at fireEvent.<computed> [as input] (node_modules/@testing-library/dom/dist/events.js:110:36)
      at fireInputEvent (node_modules/@testing-library/user-event/dist/keyboard/shared/fireInputEvent.js:31:18)
      at Object.handle (node_modules/@testing-library/user-event/dist/keyboard/plugins/character.js:138:32)
      at applyPlugins (node_modules/@testing-library/user-event/dist/keyboard/keyboardImplementation.js:157:12)
      at keypress (node_modules/@testing-library/user-event/dist/keyboard/keyboardImplementation.js:135:5)
      at keyboardImplementation (node_modules/@testing-library/user-event/dist/keyboard/keyboardImplementation.js:53:9)
      at keyboardImplementation (node_modules/@testing-library/user-event/dist/keyboard/keyboardImplementation.js:81:12)
      at keyboardImplementationWrapper (node_modules/@testing-library/user-event/dist/keyboard/index.js:55:65)
      at typeImplementation (node_modules/@testing-library/user-event/dist/type/typeImplementation.js:49:51)
      at Object.type (node_modules/@testing-library/user-event/dist/type/index.js:27:60)
      at Object.<anonymous> (src/components/MortgageCalculator.test.js:30:21)

    console.error
      Warning: An update to MortgageCalculator inside a test was not wrapped in act(...).
      
      When testing, code that causes React state updates should be wrapped into act(...):
      
      act(() => {
        /* fire events that update state */
      });
      /* assert on the output */
      
      This ensures that you're testing the behavior the user would see in the browser. Learn more at https://reactjs.org/link/wrap-tests-with-act
          at MortgageCalculator (C:\Users\Andre Cadima\Documents\Gestion De Calidad de Sistemas\Calculadora_Pruebas_Unitarias\src\components\MortgageCalculator.js:7:43)

    [0m [90m 40 |[39m   [36mconst[39m handleChange [33m=[39m (e) [33m=>[39m {
     [90m 41 |[39m     [36mconst[39m { name[33m,[39m value } [33m=[39m e[33m.[39mtarget[33m;[39m
    [31m[1m>[22m[39m[90m 42 |[39m     setFormData(prev [33m=>[39m ({
     [90m    |[39m     [31m[1m^[22m[39m
     [90m 43 |[39m       [33m...[39mprev[33m,[39m
     [90m 44 |[39m       [name][33m:[39m value
     [90m 45 |[39m     }))[33m;[39m[0m

      at printWarning (node_modules/react-dom/cjs/react-dom.development.js:86:30)
      at error (node_modules/react-dom/cjs/react-dom.development.js:60:7)
      at warnIfUpdatesNotWrappedWithActDEV (node_modules/react-dom/cjs/react-dom.development.js:27628:9)
      at scheduleUpdateOnFiber (node_modules/react-dom/cjs/react-dom.development.js:25547:5)
      at setFormData (node_modules/react-dom/cjs/react-dom.development.js:16708:7)
      at handleChange (src/components/MortgageCalculator.js:42:5)
      at HTMLUnknownElement.callCallback (node_modules/react-dom/cjs/react-dom.development.js:4164:14)
      at HTMLUnknownElement.callTheUserObjectsOperation (node_modules/jsdom/lib/jsdom/living/generated/EventListener.js:26:30)
      at innerInvokeEventListeners (node_modules/jsdom/lib/jsdom/living/events/EventTarget-impl.js:338:25)
      at invokeEventListeners (node_modules/jsdom/lib/jsdom/living/events/EventTarget-impl.js:274:3)
      at HTMLUnknownElementImpl._dispatch (node_modules/jsdom/lib/jsdom/living/events/EventTarget-impl.js:221:9)
      at HTMLUnknownElementImpl.dispatchEvent (node_modules/jsdom/lib/jsdom/living/events/EventTarget-impl.js:94:17)
      at HTMLUnknownElement.dispatchEvent (node_modules/jsdom/lib/jsdom/living/generated/EventTarget.js:231:34)
      at Object.invokeGuardedCallbackDev (node_modules/react-dom/cjs/react-dom.development.js:4213:16)
      at invokeGuardedCallback (node_modules/react-dom/cjs/react-dom.development.js:4277:31)
      at invokeGuardedCallbackAndCatchFirstError (node_modules/react-dom/cjs/react-dom.development.js:4291:25)
      at executeDispatch (node_modules/react-dom/cjs/react-dom.development.js:9041:3)
      at processDispatchQueueItemsInOrder (node_modules/react-dom/cjs/react-dom.development.js:9073:7)
      at processDispatchQueue (node_modules/react-dom/cjs/react-dom.development.js:9086:5)
      at dispatchEventsForPlugins (node_modules/react-dom/cjs/react-dom.development.js:9097:3)
      at node_modules/react-dom/cjs/react-dom.development.js:9288:12
      at batchedUpdates$1 (node_modules/react-dom/cjs/react-dom.development.js:26179:12)
      at batchedUpdates (node_modules/react-dom/cjs/react-dom.development.js:3991:12)
      at dispatchEventForPluginEventSystem (node_modules/react-dom/cjs/react-dom.development.js:9287:3)
      at dispatchEventWithEnableCapturePhaseSelectiveHydrationWithoutDiscreteEventReplay (node_modules/react-dom/cjs/react-dom.development.js:6465:5)
      at dispatchEvent (node_modules/react-dom/cjs/react-dom.development.js:6457:5)
      at dispatchDiscreteEvent (node_modules/react-dom/cjs/react-dom.development.js:6430:5)
      at HTMLDivElement.callTheUserObjectsOperation (node_modules/jsdom/lib/jsdom/living/generated/EventListener.js:26:30)
      at innerInvokeEventListeners (node_modules/jsdom/lib/jsdom/living/events/EventTarget-impl.js:338:25)
      at invokeEventListeners (node_modules/jsdom/lib/jsdom/living/events/EventTarget-impl.js:274:3)
      at HTMLInputElementImpl._dispatch (node_modules/jsdom/lib/jsdom/living/events/EventTarget-impl.js:221:9)
      at HTMLInputElementImpl.dispatchEvent (node_modules/jsdom/lib/jsdom/living/events/EventTarget-impl.js:94:17)
      at HTMLInputElement.dispatchEvent (node_modules/jsdom/lib/jsdom/living/generated/EventTarget.js:231:34)
      at node_modules/@testing-library/dom/dist/events.js:19:20
      at Object.eventWrapper (node_modules/@testing-library/dom/dist/config.js:25:23)
      at fireEvent (node_modules/@testing-library/dom/dist/events.js:12:35)
      at fireEvent.<computed> [as input] (node_modules/@testing-library/dom/dist/events.js:110:36)
      at fireInputEvent (node_modules/@testing-library/user-event/dist/keyboard/shared/fireInputEvent.js:31:18)
      at Object.handle (node_modules/@testing-library/user-event/dist/keyboard/plugins/character.js:138:32)
      at applyPlugins (node_modules/@testing-library/user-event/dist/keyboard/keyboardImplementation.js:157:12)
      at keypress (node_modules/@testing-library/user-event/dist/keyboard/keyboardImplementation.js:135:5)
      at keyboardImplementation (node_modules/@testing-library/user-event/dist/keyboard/keyboardImplementation.js:53:9)
      at keyboardImplementation (node_modules/@testing-library/user-event/dist/keyboard/keyboardImplementation.js:81:12)
      at keyboardImplementation (node_modules/@testing-library/user-event/dist/keyboard/keyboardImplementation.js:81:12)
      at keyboardImplementationWrapper (node_modules/@testing-library/user-event/dist/keyboard/index.js:55:65)
      at typeImplementation (node_modules/@testing-library/user-event/dist/type/typeImplementation.js:49:51)
      at Object.type (node_modules/@testing-library/user-event/dist/type/index.js:27:60)
      at Object.<anonymous> (src/components/MortgageCalculator.test.js:30:21)

    console.error
      Warning: An update to MortgageCalculator inside a test was not wrapped in act(...).
      
      When testing, code that causes React state updates should be wrapped into act(...):
      
      act(() => {
        /* fire events that update state */
      });
      /* assert on the output */
      
      This ensures that you're testing the behavior the user would see in the browser. Learn more at https://reactjs.org/link/wrap-tests-with-act
          at MortgageCalculator (C:\Users\Andre Cadima\Documents\Gestion De Calidad de Sistemas\Calculadora_Pruebas_Unitarias\src\components\MortgageCalculator.js:7:43)

    [0m [90m 40 |[39m   [36mconst[39m handleChange [33m=[39m (e) [33m=>[39m {
     [90m 41 |[39m     [36mconst[39m { name[33m,[39m value } [33m=[39m e[33m.[39mtarget[33m;[39m
    [31m[1m>[22m[39m[90m 42 |[39m     setFormData(prev [33m=>[39m ({
     [90m    |[39m     [31m[1m^[22m[39m
     [90m 43 |[39m       [33m...[39mprev[33m,[39m
     [90m 44 |[39m       [name][33m:[39m value
     [90m 45 |[39m     }))[33m;[39m[0m

      at printWarning (node_modules/react-dom/cjs/react-dom.development.js:86:30)
      at error (node_modules/react-dom/cjs/react-dom.development.js:60:7)
      at warnIfUpdatesNotWrappedWithActDEV (node_modules/react-dom/cjs/react-dom.development.js:27628:9)
      at scheduleUpdateOnFiber (node_modules/react-dom/cjs/react-dom.development.js:25547:5)
      at setFormData (node_modules/react-dom/cjs/react-dom.development.js:16708:7)
      at handleChange (src/components/MortgageCalculator.js:42:5)
      at HTMLUnknownElement.callCallback (node_modules/react-dom/cjs/react-dom.development.js:4164:14)
      at HTMLUnknownElement.callTheUserObjectsOperation (node_modules/jsdom/lib/jsdom/living/generated/EventListener.js:26:30)
      at innerInvokeEventListeners (node_modules/jsdom/lib/jsdom/living/events/EventTarget-impl.js:338:25)
      at invokeEventListeners (node_modules/jsdom/lib/jsdom/living/events/EventTarget-impl.js:274:3)
      at HTMLUnknownElementImpl._dispatch (node_modules/jsdom/lib/jsdom/living/events/EventTarget-impl.js:221:9)
      at HTMLUnknownElementImpl.dispatchEvent (node_modules/jsdom/lib/jsdom/living/events/EventTarget-impl.js:94:17)
      at HTMLUnknownElement.dispatchEvent (node_modules/jsdom/lib/jsdom/living/generated/EventTarget.js:231:34)
      at Object.invokeGuardedCallbackDev (node_modules/react-dom/cjs/react-dom.development.js:4213:16)
      at invokeGuardedCallback (node_modules/react-dom/cjs/react-dom.development.js:4277:31)
      at invokeGuardedCallbackAndCatchFirstError (node_modules/react-dom/cjs/react-dom.development.js:4291:25)
      at executeDispatch (node_modules/react-dom/cjs/react-dom.development.js:9041:3)
      at processDispatchQueueItemsInOrder (node_modules/react-dom/cjs/react-dom.development.js:9073:7)
      at processDispatchQueue (node_modules/react-dom/cjs/react-dom.development.js:9086:5)
      at dispatchEventsForPlugins (node_modules/react-dom/cjs/react-dom.development.js:9097:3)
      at node_modules/react-dom/cjs/react-dom.development.js:9288:12
      at batchedUpdates$1 (node_modules/react-dom/cjs/react-dom.development.js:26179:12)
      at batchedUpdates (node_modules/react-dom/cjs/react-dom.development.js:3991:12)
      at dispatchEventForPluginEventSystem (node_modules/react-dom/cjs/react-dom.development.js:9287:3)
      at dispatchEventWithEnableCapturePhaseSelectiveHydrationWithoutDiscreteEventReplay (node_modules/react-dom/cjs/react-dom.development.js:6465:5)
      at dispatchEvent (node_modules/react-dom/cjs/react-dom.development.js:6457:5)
      at dispatchDiscreteEvent (node_modules/react-dom/cjs/react-dom.development.js:6430:5)
      at HTMLDivElement.callTheUserObjectsOperation (node_modules/jsdom/lib/jsdom/living/generated/EventListener.js:26:30)
      at innerInvokeEventListeners (node_modules/jsdom/lib/jsdom/living/events/EventTarget-impl.js:338:25)
      at invokeEventListeners (node_modules/jsdom/lib/jsdom/living/events/EventTarget-impl.js:274:3)
      at HTMLInputElementImpl._dispatch (node_modules/jsdom/lib/jsdom/living/events/EventTarget-impl.js:221:9)
      at HTMLInputElementImpl.dispatchEvent (node_modules/jsdom/lib/jsdom/living/events/EventTarget-impl.js:94:17)
      at HTMLInputElement.dispatchEvent (node_modules/jsdom/lib/jsdom/living/generated/EventTarget.js:231:34)
      at node_modules/@testing-library/dom/dist/events.js:19:20
      at Object.eventWrapper (node_modules/@testing-library/dom/dist/config.js:25:23)
      at fireEvent (node_modules/@testing-library/dom/dist/events.js:12:35)
      at fireEvent.<computed> [as input] (node_modules/@testing-library/dom/dist/events.js:110:36)
      at fireInputEvent (node_modules/@testing-library/user-event/dist/keyboard/shared/fireInputEvent.js:31:18)
      at Object.handle (node_modules/@testing-library/user-event/dist/keyboard/plugins/character.js:138:32)
      at applyPlugins (node_modules/@testing-library/user-event/dist/keyboard/keyboardImplementation.js:157:12)
      at keypress (node_modules/@testing-library/user-event/dist/keyboard/keyboardImplementation.js:135:5)
      at keyboardImplementation (node_modules/@testing-library/user-event/dist/keyboard/keyboardImplementation.js:53:9)
      at keyboardImplementation (node_modules/@testing-library/user-event/dist/keyboard/keyboardImplementation.js:81:12)
      at keyboardImplementation (node_modules/@testing-library/user-event/dist/keyboard/keyboardImplementation.js:81:12)
      at keyboardImplementation (node_modules/@testing-library/user-event/dist/keyboard/keyboardImplementation.js:81:12)
      at keyboardImplementationWrapper (node_modules/@testing-library/user-event/dist/keyboard/index.js:55:65)
      at typeImplementation (node_modules/@testing-library/user-event/dist/type/typeImplementation.js:49:51)
      at Object.type (node_modules/@testing-library/user-event/dist/type/index.js:27:60)

    console.error
      Warning: An update to MortgageCalculator inside a test was not wrapped in act(...).
      
      When testing, code that causes React state updates should be wrapped into act(...):
      
      act(() => {
        /* fire events that update state */
      });
      /* assert on the output */
      
      This ensures that you're testing the behavior the user would see in the browser. Learn more at https://reactjs.org/link/wrap-tests-with-act
          at MortgageCalculator (C:\Users\Andre Cadima\Documents\Gestion De Calidad de Sistemas\Calculadora_Pruebas_Unitarias\src\components\MortgageCalculator.js:7:43)

    [0m [90m 40 |[39m   [36mconst[39m handleChange [33m=[39m (e) [33m=>[39m {
     [90m 41 |[39m     [36mconst[39m { name[33m,[39m value } [33m=[39m e[33m.[39mtarget[33m;[39m
    [31m[1m>[22m[39m[90m 42 |[39m     setFormData(prev [33m=>[39m ({
     [90m    |[39m     [31m[1m^[22m[39m
     [90m 43 |[39m       [33m...[39mprev[33m,[39m
     [90m 44 |[39m       [name][33m:[39m value
     [90m 45 |[39m     }))[33m;[39m[0m

      at printWarning (node_modules/react-dom/cjs/react-dom.development.js:86:30)
      at error (node_modules/react-dom/cjs/react-dom.development.js:60:7)
      at warnIfUpdatesNotWrappedWithActDEV (node_modules/react-dom/cjs/react-dom.development.js:27628:9)
      at scheduleUpdateOnFiber (node_modules/react-dom/cjs/react-dom.development.js:25547:5)
      at setFormData (node_modules/react-dom/cjs/react-dom.development.js:16708:7)
      at handleChange (src/components/MortgageCalculator.js:42:5)
      at HTMLUnknownElement.callCallback (node_modules/react-dom/cjs/react-dom.development.js:4164:14)
      at HTMLUnknownElement.callTheUserObjectsOperation (node_modules/jsdom/lib/jsdom/living/generated/EventListener.js:26:30)
      at innerInvokeEventListeners (node_modules/jsdom/lib/jsdom/living/events/EventTarget-impl.js:338:25)
      at invokeEventListeners (node_modules/jsdom/lib/jsdom/living/events/EventTarget-impl.js:274:3)
      at HTMLUnknownElementImpl._dispatch (node_modules/jsdom/lib/jsdom/living/events/EventTarget-impl.js:221:9)
      at HTMLUnknownElementImpl.dispatchEvent (node_modules/jsdom/lib/jsdom/living/events/EventTarget-impl.js:94:17)
      at HTMLUnknownElement.dispatchEvent (node_modules/jsdom/lib/jsdom/living/generated/EventTarget.js:231:34)
      at Object.invokeGuardedCallbackDev (node_modules/react-dom/cjs/react-dom.development.js:4213:16)
      at invokeGuardedCallback (node_modules/react-dom/cjs/react-dom.development.js:4277:31)
      at invokeGuardedCallbackAndCatchFirstError (node_modules/react-dom/cjs/react-dom.development.js:4291:25)
      at executeDispatch (node_modules/react-dom/cjs/react-dom.development.js:9041:3)
      at processDispatchQueueItemsInOrder (node_modules/react-dom/cjs/react-dom.development.js:9073:7)
      at processDispatchQueue (node_modules/react-dom/cjs/react-dom.development.js:9086:5)
      at dispatchEventsForPlugins (node_modules/react-dom/cjs/react-dom.development.js:9097:3)
      at node_modules/react-dom/cjs/react-dom.development.js:9288:12
      at batchedUpdates$1 (node_modules/react-dom/cjs/react-dom.development.js:26179:12)
      at batchedUpdates (node_modules/react-dom/cjs/react-dom.development.js:3991:12)
      at dispatchEventForPluginEventSystem (node_modules/react-dom/cjs/react-dom.development.js:9287:3)
      at dispatchEventWithEnableCapturePhaseSelectiveHydrationWithoutDiscreteEventReplay (node_modules/react-dom/cjs/react-dom.development.js:6465:5)
      at dispatchEvent (node_modules/react-dom/cjs/react-dom.development.js:6457:5)
      at dispatchDiscreteEvent (node_modules/react-dom/cjs/react-dom.development.js:6430:5)
      at HTMLDivElement.callTheUserObjectsOperation (node_modules/jsdom/lib/jsdom/living/generated/EventListener.js:26:30)
      at innerInvokeEventListeners (node_modules/jsdom/lib/jsdom/living/events/EventTarget-impl.js:338:25)
      at invokeEventListeners (node_modules/jsdom/lib/jsdom/living/events/EventTarget-impl.js:274:3)
      at HTMLInputElementImpl._dispatch (node_modules/jsdom/lib/jsdom/living/events/EventTarget-impl.js:221:9)
      at HTMLInputElementImpl.dispatchEvent (node_modules/jsdom/lib/jsdom/living/events/EventTarget-impl.js:94:17)
      at HTMLInputElement.dispatchEvent (node_modules/jsdom/lib/jsdom/living/generated/EventTarget.js:231:34)
      at node_modules/@testing-library/dom/dist/events.js:19:20
      at Object.eventWrapper (node_modules/@testing-library/dom/dist/config.js:25:23)
      at fireEvent (node_modules/@testing-library/dom/dist/events.js:12:35)
      at fireEvent.<computed> [as input] (node_modules/@testing-library/dom/dist/events.js:110:36)
      at fireInputEvent (node_modules/@testing-library/user-event/dist/keyboard/shared/fireInputEvent.js:31:18)
      at Object.handle (node_modules/@testing-library/user-event/dist/keyboard/plugins/character.js:138:32)
      at applyPlugins (node_modules/@testing-library/user-event/dist/keyboard/keyboardImplementation.js:157:12)
      at keypress (node_modules/@testing-library/user-event/dist/keyboard/keyboardImplementation.js:135:5)
      at keyboardImplementation (node_modules/@testing-library/user-event/dist/keyboard/keyboardImplementation.js:53:9)
      at keyboardImplementation (node_modules/@testing-library/user-event/dist/keyboard/keyboardImplementation.js:81:12)
      at keyboardImplementation (node_modules/@testing-library/user-event/dist/keyboard/keyboardImplementation.js:81:12)
      at keyboardImplementation (node_modules/@testing-library/user-event/dist/keyboard/keyboardImplementation.js:81:12)
      at keyboardImplementation (node_modules/@testing-library/user-event/dist/keyboard/keyboardImplementation.js:81:12)
      at keyboardImplementationWrapper (node_modules/@testing-library/user-event/dist/keyboard/index.js:55:65)
      at typeImplementation (node_modules/@testing-library/user-event/dist/type/typeImplementation.js:49:51)

    console.error
      Warning: An update to MortgageCalculator inside a test was not wrapped in act(...).
      
      When testing, code that causes React state updates should be wrapped into act(...):
      
      act(() => {
        /* fire events that update state */
      });
      /* assert on the output */
      
      This ensures that you're testing the behavior the user would see in the browser. Learn more at https://reactjs.org/link/wrap-tests-with-act
          at MortgageCalculator (C:\Users\Andre Cadima\Documents\Gestion De Calidad de Sistemas\Calculadora_Pruebas_Unitarias\src\components\MortgageCalculator.js:7:43)

    [0m [90m 40 |[39m   [36mconst[39m handleChange [33m=[39m (e) [33m=>[39m {
     [90m 41 |[39m     [36mconst[39m { name[33m,[39m value } [33m=[39m e[33m.[39mtarget[33m;[39m
    [31m[1m>[22m[39m[90m 42 |[39m     setFormData(prev [33m=>[39m ({
     [90m    |[39m     [31m[1m^[22m[39m
     [90m 43 |[39m       [33m...[39mprev[33m,[39m
     [90m 44 |[39m       [name][33m:[39m value
     [90m 45 |[39m     }))[33m;[39m[0m

      at printWarning (node_modules/react-dom/cjs/react-dom.development.js:86:30)
      at error (node_modules/react-dom/cjs/react-dom.development.js:60:7)
      at warnIfUpdatesNotWrappedWithActDEV (node_modules/react-dom/cjs/react-dom.development.js:27628:9)
      at scheduleUpdateOnFiber (node_modules/react-dom/cjs/react-dom.development.js:25547:5)
      at setFormData (node_modules/react-dom/cjs/react-dom.development.js:16708:7)
      at handleChange (src/components/MortgageCalculator.js:42:5)
      at HTMLUnknownElement.callCallback (node_modules/react-dom/cjs/react-dom.development.js:4164:14)
      at HTMLUnknownElement.callTheUserObjectsOperation (node_modules/jsdom/lib/jsdom/living/generated/EventListener.js:26:30)
      at innerInvokeEventListeners (node_modules/jsdom/lib/jsdom/living/events/EventTarget-impl.js:338:25)
      at invokeEventListeners (node_modules/jsdom/lib/jsdom/living/events/EventTarget-impl.js:274:3)
      at HTMLUnknownElementImpl._dispatch (node_modules/jsdom/lib/jsdom/living/events/EventTarget-impl.js:221:9)
      at HTMLUnknownElementImpl.dispatchEvent (node_modules/jsdom/lib/jsdom/living/events/EventTarget-impl.js:94:17)
      at HTMLUnknownElement.dispatchEvent (node_modules/jsdom/lib/jsdom/living/generated/EventTarget.js:231:34)
      at Object.invokeGuardedCallbackDev (node_modules/react-dom/cjs/react-dom.development.js:4213:16)
      at invokeGuardedCallback (node_modules/react-dom/cjs/react-dom.development.js:4277:31)
      at invokeGuardedCallbackAndCatchFirstError (node_modules/react-dom/cjs/react-dom.development.js:4291:25)
      at executeDispatch (node_modules/react-dom/cjs/react-dom.development.js:9041:3)
      at processDispatchQueueItemsInOrder (node_modules/react-dom/cjs/react-dom.development.js:9073:7)
      at processDispatchQueue (node_modules/react-dom/cjs/react-dom.development.js:9086:5)
      at dispatchEventsForPlugins (node_modules/react-dom/cjs/react-dom.development.js:9097:3)
      at node_modules/react-dom/cjs/react-dom.development.js:9288:12
      at batchedUpdates$1 (node_modules/react-dom/cjs/react-dom.development.js:26179:12)
      at batchedUpdates (node_modules/react-dom/cjs/react-dom.development.js:3991:12)
      at dispatchEventForPluginEventSystem (node_modules/react-dom/cjs/react-dom.development.js:9287:3)
      at dispatchEventWithEnableCapturePhaseSelectiveHydrationWithoutDiscreteEventReplay (node_modules/react-dom/cjs/react-dom.development.js:6465:5)
      at dispatchEvent (node_modules/react-dom/cjs/react-dom.development.js:6457:5)
      at dispatchDiscreteEvent (node_modules/react-dom/cjs/react-dom.development.js:6430:5)
      at HTMLDivElement.callTheUserObjectsOperation (node_modules/jsdom/lib/jsdom/living/generated/EventListener.js:26:30)
      at innerInvokeEventListeners (node_modules/jsdom/lib/jsdom/living/events/EventTarget-impl.js:338:25)
      at invokeEventListeners (node_modules/jsdom/lib/jsdom/living/events/EventTarget-impl.js:274:3)
      at HTMLInputElementImpl._dispatch (node_modules/jsdom/lib/jsdom/living/events/EventTarget-impl.js:221:9)
      at HTMLInputElementImpl.dispatchEvent (node_modules/jsdom/lib/jsdom/living/events/EventTarget-impl.js:94:17)
      at HTMLInputElement.dispatchEvent (node_modules/jsdom/lib/jsdom/living/generated/EventTarget.js:231:34)
      at node_modules/@testing-library/dom/dist/events.js:19:20
      at Object.eventWrapper (node_modules/@testing-library/dom/dist/config.js:25:23)
      at fireEvent (node_modules/@testing-library/dom/dist/events.js:12:35)
      at fireEvent.<computed> [as input] (node_modules/@testing-library/dom/dist/events.js:110:36)
      at fireInputEvent (node_modules/@testing-library/user-event/dist/keyboard/shared/fireInputEvent.js:31:18)
      at Object.handle (node_modules/@testing-library/user-event/dist/keyboard/plugins/character.js:138:32)
      at applyPlugins (node_modules/@testing-library/user-event/dist/keyboard/keyboardImplementation.js:157:12)
      at keypress (node_modules/@testing-library/user-event/dist/keyboard/keyboardImplementation.js:135:5)
      at keyboardImplementation (node_modules/@testing-library/user-event/dist/keyboard/keyboardImplementation.js:53:9)
      at keyboardImplementationWrapper (node_modules/@testing-library/user-event/dist/keyboard/index.js:55:65)
      at typeImplementation (node_modules/@testing-library/user-event/dist/type/typeImplementation.js:49:51)
      at Object.type (node_modules/@testing-library/user-event/dist/type/index.js:27:60)
      at Object.<anonymous> (src/components/MortgageCalculator.test.js:31:21)

    console.error
      Warning: An update to MortgageCalculator inside a test was not wrapped in act(...).
      
      When testing, code that causes React state updates should be wrapped into act(...):
      
      act(() => {
        /* fire events that update state */
      });
      /* assert on the output */
      
      This ensures that you're testing the behavior the user would see in the browser. Learn more at https://reactjs.org/link/wrap-tests-with-act
          at MortgageCalculator (C:\Users\Andre Cadima\Documents\Gestion De Calidad de Sistemas\Calculadora_Pruebas_Unitarias\src\components\MortgageCalculator.js:7:43)

    [0m [90m 40 |[39m   [36mconst[39m handleChange [33m=[39m (e) [33m=>[39m {
     [90m 41 |[39m     [36mconst[39m { name[33m,[39m value } [33m=[39m e[33m.[39mtarget[33m;[39m
    [31m[1m>[22m[39m[90m 42 |[39m     setFormData(prev [33m=>[39m ({
     [90m    |[39m     [31m[1m^[22m[39m
     [90m 43 |[39m       [33m...[39mprev[33m,[39m
     [90m 44 |[39m       [name][33m:[39m value
     [90m 45 |[39m     }))[33m;[39m[0m

      at printWarning (node_modules/react-dom/cjs/react-dom.development.js:86:30)
      at error (node_modules/react-dom/cjs/react-dom.development.js:60:7)
      at warnIfUpdatesNotWrappedWithActDEV (node_modules/react-dom/cjs/react-dom.development.js:27628:9)
      at scheduleUpdateOnFiber (node_modules/react-dom/cjs/react-dom.development.js:25547:5)
      at setFormData (node_modules/react-dom/cjs/react-dom.development.js:16708:7)
      at handleChange (src/components/MortgageCalculator.js:42:5)
      at HTMLUnknownElement.callCallback (node_modules/react-dom/cjs/react-dom.development.js:4164:14)
      at HTMLUnknownElement.callTheUserObjectsOperation (node_modules/jsdom/lib/jsdom/living/generated/EventListener.js:26:30)
      at innerInvokeEventListeners (node_modules/jsdom/lib/jsdom/living/events/EventTarget-impl.js:338:25)
      at invokeEventListeners (node_modules/jsdom/lib/jsdom/living/events/EventTarget-impl.js:274:3)
      at HTMLUnknownElementImpl._dispatch (node_modules/jsdom/lib/jsdom/living/events/EventTarget-impl.js:221:9)
      at HTMLUnknownElementImpl.dispatchEvent (node_modules/jsdom/lib/jsdom/living/events/EventTarget-impl.js:94:17)
      at HTMLUnknownElement.dispatchEvent (node_modules/jsdom/lib/jsdom/living/generated/EventTarget.js:231:34)
      at Object.invokeGuardedCallbackDev (node_modules/react-dom/cjs/react-dom.development.js:4213:16)
      at invokeGuardedCallback (node_modules/react-dom/cjs/react-dom.development.js:4277:31)
      at invokeGuardedCallbackAndCatchFirstError (node_modules/react-dom/cjs/react-dom.development.js:4291:25)
      at executeDispatch (node_modules/react-dom/cjs/react-dom.development.js:9041:3)
      at processDispatchQueueItemsInOrder (node_modules/react-dom/cjs/react-dom.development.js:9073:7)
      at processDispatchQueue (node_modules/react-dom/cjs/react-dom.development.js:9086:5)
      at dispatchEventsForPlugins (node_modules/react-dom/cjs/react-dom.development.js:9097:3)
      at node_modules/react-dom/cjs/react-dom.development.js:9288:12
      at batchedUpdates$1 (node_modules/react-dom/cjs/react-dom.development.js:26179:12)
      at batchedUpdates (node_modules/react-dom/cjs/react-dom.development.js:3991:12)
      at dispatchEventForPluginEventSystem (node_modules/react-dom/cjs/react-dom.development.js:9287:3)
      at dispatchEventWithEnableCapturePhaseSelectiveHydrationWithoutDiscreteEventReplay (node_modules/react-dom/cjs/react-dom.development.js:6465:5)
      at dispatchEvent (node_modules/react-dom/cjs/react-dom.development.js:6457:5)
      at dispatchDiscreteEvent (node_modules/react-dom/cjs/react-dom.development.js:6430:5)
      at HTMLDivElement.callTheUserObjectsOperation (node_modules/jsdom/lib/jsdom/living/generated/EventListener.js:26:30)
      at innerInvokeEventListeners (node_modules/jsdom/lib/jsdom/living/events/EventTarget-impl.js:338:25)
      at invokeEventListeners (node_modules/jsdom/lib/jsdom/living/events/EventTarget-impl.js:274:3)
      at HTMLInputElementImpl._dispatch (node_modules/jsdom/lib/jsdom/living/events/EventTarget-impl.js:221:9)
      at HTMLInputElementImpl.dispatchEvent (node_modules/jsdom/lib/jsdom/living/events/EventTarget-impl.js:94:17)
      at HTMLInputElement.dispatchEvent (node_modules/jsdom/lib/jsdom/living/generated/EventTarget.js:231:34)
      at node_modules/@testing-library/dom/dist/events.js:19:20
      at Object.eventWrapper (node_modules/@testing-library/dom/dist/config.js:25:23)
      at fireEvent (node_modules/@testing-library/dom/dist/events.js:12:35)
      at fireEvent.<computed> [as input] (node_modules/@testing-library/dom/dist/events.js:110:36)
      at fireInputEvent (node_modules/@testing-library/user-event/dist/keyboard/shared/fireInputEvent.js:31:18)
      at Object.handle (node_modules/@testing-library/user-event/dist/keyboard/plugins/character.js:138:32)
      at applyPlugins (node_modules/@testing-library/user-event/dist/keyboard/keyboardImplementation.js:157:12)
      at keypress (node_modules/@testing-library/user-event/dist/keyboard/keyboardImplementation.js:135:5)
      at keyboardImplementation (node_modules/@testing-library/user-event/dist/keyboard/keyboardImplementation.js:53:9)
      at keyboardImplementation (node_modules/@testing-library/user-event/dist/keyboard/keyboardImplementation.js:81:12)
      at keyboardImplementationWrapper (node_modules/@testing-library/user-event/dist/keyboard/index.js:55:65)
      at typeImplementation (node_modules/@testing-library/user-event/dist/type/typeImplementation.js:49:51)
      at Object.type (node_modules/@testing-library/user-event/dist/type/index.js:27:60)
      at Object.<anonymous> (src/components/MortgageCalculator.test.js:31:21)

    console.error
      Warning: An update to MortgageCalculator inside a test was not wrapped in act(...).
      
      When testing, code that causes React state updates should be wrapped into act(...):
      
      act(() => {
        /* fire events that update state */
      });
      /* assert on the output */
      
      This ensures that you're testing the behavior the user would see in the browser. Learn more at https://reactjs.org/link/wrap-tests-with-act
          at MortgageCalculator (C:\Users\Andre Cadima\Documents\Gestion De Calidad de Sistemas\Calculadora_Pruebas_Unitarias\src\components\MortgageCalculator.js:7:43)

    [0m [90m 40 |[39m   [36mconst[39m handleChange [33m=[39m (e) [33m=>[39m {
     [90m 41 |[39m     [36mconst[39m { name[33m,[39m value } [33m=[39m e[33m.[39mtarget[33m;[39m
    [31m[1m>[22m[39m[90m 42 |[39m     setFormData(prev [33m=>[39m ({
     [90m    |[39m     [31m[1m^[22m[39m
     [90m 43 |[39m       [33m...[39mprev[33m,[39m
     [90m 44 |[39m       [name][33m:[39m value
     [90m 45 |[39m     }))[33m;[39m[0m

      at printWarning (node_modules/react-dom/cjs/react-dom.development.js:86:30)
      at error (node_modules/react-dom/cjs/react-dom.development.js:60:7)
      at warnIfUpdatesNotWrappedWithActDEV (node_modules/react-dom/cjs/react-dom.development.js:27628:9)
      at scheduleUpdateOnFiber (node_modules/react-dom/cjs/react-dom.development.js:25547:5)
      at setFormData (node_modules/react-dom/cjs/react-dom.development.js:16708:7)
      at handleChange (src/components/MortgageCalculator.js:42:5)
      at HTMLUnknownElement.callCallback (node_modules/react-dom/cjs/react-dom.development.js:4164:14)
      at HTMLUnknownElement.callTheUserObjectsOperation (node_modules/jsdom/lib/jsdom/living/generated/EventListener.js:26:30)
      at innerInvokeEventListeners (node_modules/jsdom/lib/jsdom/living/events/EventTarget-impl.js:338:25)
      at invokeEventListeners (node_modules/jsdom/lib/jsdom/living/events/EventTarget-impl.js:274:3)
      at HTMLUnknownElementImpl._dispatch (node_modules/jsdom/lib/jsdom/living/events/EventTarget-impl.js:221:9)
      at HTMLUnknownElementImpl.dispatchEvent (node_modules/jsdom/lib/jsdom/living/events/EventTarget-impl.js:94:17)
      at HTMLUnknownElement.dispatchEvent (node_modules/jsdom/lib/jsdom/living/generated/EventTarget.js:231:34)
      at Object.invokeGuardedCallbackDev (node_modules/react-dom/cjs/react-dom.development.js:4213:16)
      at invokeGuardedCallback (node_modules/react-dom/cjs/react-dom.development.js:4277:31)
      at invokeGuardedCallbackAndCatchFirstError (node_modules/react-dom/cjs/react-dom.development.js:4291:25)
      at executeDispatch (node_modules/react-dom/cjs/react-dom.development.js:9041:3)
      at processDispatchQueueItemsInOrder (node_modules/react-dom/cjs/react-dom.development.js:9073:7)
      at processDispatchQueue (node_modules/react-dom/cjs/react-dom.development.js:9086:5)
      at dispatchEventsForPlugins (node_modules/react-dom/cjs/react-dom.development.js:9097:3)
      at node_modules/react-dom/cjs/react-dom.development.js:9288:12
      at batchedUpdates$1 (node_modules/react-dom/cjs/react-dom.development.js:26179:12)
      at batchedUpdates (node_modules/react-dom/cjs/react-dom.development.js:3991:12)
      at dispatchEventForPluginEventSystem (node_modules/react-dom/cjs/react-dom.development.js:9287:3)
      at dispatchEventWithEnableCapturePhaseSelectiveHydrationWithoutDiscreteEventReplay (node_modules/react-dom/cjs/react-dom.development.js:6465:5)
      at dispatchEvent (node_modules/react-dom/cjs/react-dom.development.js:6457:5)
      at dispatchDiscreteEvent (node_modules/react-dom/cjs/react-dom.development.js:6430:5)
      at HTMLDivElement.callTheUserObjectsOperation (node_modules/jsdom/lib/jsdom/living/generated/EventListener.js:26:30)
      at innerInvokeEventListeners (node_modules/jsdom/lib/jsdom/living/events/EventTarget-impl.js:338:25)
      at invokeEventListeners (node_modules/jsdom/lib/jsdom/living/events/EventTarget-impl.js:274:3)
      at HTMLInputElementImpl._dispatch (node_modules/jsdom/lib/jsdom/living/events/EventTarget-impl.js:221:9)
      at HTMLInputElementImpl.dispatchEvent (node_modules/jsdom/lib/jsdom/living/events/EventTarget-impl.js:94:17)
      at HTMLInputElement.dispatchEvent (node_modules/jsdom/lib/jsdom/living/generated/EventTarget.js:231:34)
      at node_modules/@testing-library/dom/dist/events.js:19:20
      at Object.eventWrapper (node_modules/@testing-library/dom/dist/config.js:25:23)
      at fireEvent (node_modules/@testing-library/dom/dist/events.js:12:35)
      at fireEvent.<computed> [as input] (node_modules/@testing-library/dom/dist/events.js:110:36)
      at fireInputEvent (node_modules/@testing-library/user-event/dist/keyboard/shared/fireInputEvent.js:31:18)
      at Object.handle (node_modules/@testing-library/user-event/dist/keyboard/plugins/character.js:138:32)
      at applyPlugins (node_modules/@testing-library/user-event/dist/keyboard/keyboardImplementation.js:157:12)
      at keypress (node_modules/@testing-library/user-event/dist/keyboard/keyboardImplementation.js:135:5)
      at keyboardImplementation (node_modules/@testing-library/user-event/dist/keyboard/keyboardImplementation.js:53:9)
      at keyboardImplementation (node_modules/@testing-library/user-event/dist/keyboard/keyboardImplementation.js:81:12)
      at keyboardImplementation (node_modules/@testing-library/user-event/dist/keyboard/keyboardImplementation.js:81:12)
      at keyboardImplementationWrapper (node_modules/@testing-library/user-event/dist/keyboard/index.js:55:65)
      at typeImplementation (node_modules/@testing-library/user-event/dist/type/typeImplementation.js:49:51)
      at Object.type (node_modules/@testing-library/user-event/dist/type/index.js:27:60)
      at Object.<anonymous> (src/components/MortgageCalculator.test.js:31:21)

    console.error
      Warning: An update to MortgageCalculator inside a test was not wrapped in act(...).
      
      When testing, code that causes React state updates should be wrapped into act(...):
      
      act(() => {
        /* fire events that update state */
      });
      /* assert on the output */
      
      This ensures that you're testing the behavior the user would see in the browser. Learn more at https://reactjs.org/link/wrap-tests-with-act
          at MortgageCalculator (C:\Users\Andre Cadima\Documents\Gestion De Calidad de Sistemas\Calculadora_Pruebas_Unitarias\src\components\MortgageCalculator.js:7:43)

    [0m [90m 40 |[39m   [36mconst[39m handleChange [33m=[39m (e) [33m=>[39m {
     [90m 41 |[39m     [36mconst[39m { name[33m,[39m value } [33m=[39m e[33m.[39mtarget[33m;[39m
    [31m[1m>[22m[39m[90m 42 |[39m     setFormData(prev [33m=>[39m ({
     [90m    |[39m     [31m[1m^[22m[39m
     [90m 43 |[39m       [33m...[39mprev[33m,[39m
     [90m 44 |[39m       [name][33m:[39m value
     [90m 45 |[39m     }))[33m;[39m[0m

      at printWarning (node_modules/react-dom/cjs/react-dom.development.js:86:30)
      at error (node_modules/react-dom/cjs/react-dom.development.js:60:7)
      at warnIfUpdatesNotWrappedWithActDEV (node_modules/react-dom/cjs/react-dom.development.js:27628:9)
      at scheduleUpdateOnFiber (node_modules/react-dom/cjs/react-dom.development.js:25547:5)
      at setFormData (node_modules/react-dom/cjs/react-dom.development.js:16708:7)
      at handleChange (src/components/MortgageCalculator.js:42:5)
      at HTMLUnknownElement.callCallback (node_modules/react-dom/cjs/react-dom.development.js:4164:14)
      at HTMLUnknownElement.callTheUserObjectsOperation (node_modules/jsdom/lib/jsdom/living/generated/EventListener.js:26:30)
      at innerInvokeEventListeners (node_modules/jsdom/lib/jsdom/living/events/EventTarget-impl.js:338:25)
      at invokeEventListeners (node_modules/jsdom/lib/jsdom/living/events/EventTarget-impl.js:274:3)
      at HTMLUnknownElementImpl._dispatch (node_modules/jsdom/lib/jsdom/living/events/EventTarget-impl.js:221:9)
      at HTMLUnknownElementImpl.dispatchEvent (node_modules/jsdom/lib/jsdom/living/events/EventTarget-impl.js:94:17)
      at HTMLUnknownElement.dispatchEvent (node_modules/jsdom/lib/jsdom/living/generated/EventTarget.js:231:34)
      at Object.invokeGuardedCallbackDev (node_modules/react-dom/cjs/react-dom.development.js:4213:16)
      at invokeGuardedCallback (node_modules/react-dom/cjs/react-dom.development.js:4277:31)
      at invokeGuardedCallbackAndCatchFirstError (node_modules/react-dom/cjs/react-dom.development.js:4291:25)
      at executeDispatch (node_modules/react-dom/cjs/react-dom.development.js:9041:3)
      at processDispatchQueueItemsInOrder (node_modules/react-dom/cjs/react-dom.development.js:9073:7)
      at processDispatchQueue (node_modules/react-dom/cjs/react-dom.development.js:9086:5)
      at dispatchEventsForPlugins (node_modules/react-dom/cjs/react-dom.development.js:9097:3)
      at node_modules/react-dom/cjs/react-dom.development.js:9288:12
      at batchedUpdates$1 (node_modules/react-dom/cjs/react-dom.development.js:26179:12)
      at batchedUpdates (node_modules/react-dom/cjs/react-dom.development.js:3991:12)
      at dispatchEventForPluginEventSystem (node_modules/react-dom/cjs/react-dom.development.js:9287:3)
      at dispatchEventWithEnableCapturePhaseSelectiveHydrationWithoutDiscreteEventReplay (node_modules/react-dom/cjs/react-dom.development.js:6465:5)
      at dispatchEvent (node_modules/react-dom/cjs/react-dom.development.js:6457:5)
      at dispatchDiscreteEvent (node_modules/react-dom/cjs/react-dom.development.js:6430:5)
      at HTMLDivElement.callTheUserObjectsOperation (node_modules/jsdom/lib/jsdom/living/generated/EventListener.js:26:30)
      at innerInvokeEventListeners (node_modules/jsdom/lib/jsdom/living/events/EventTarget-impl.js:338:25)
      at invokeEventListeners (node_modules/jsdom/lib/jsdom/living/events/EventTarget-impl.js:274:3)
      at HTMLInputElementImpl._dispatch (node_modules/jsdom/lib/jsdom/living/events/EventTarget-impl.js:221:9)
      at HTMLInputElementImpl.dispatchEvent (node_modules/jsdom/lib/jsdom/living/events/EventTarget-impl.js:94:17)
      at HTMLInputElement.dispatchEvent (node_modules/jsdom/lib/jsdom/living/generated/EventTarget.js:231:34)
      at node_modules/@testing-library/dom/dist/events.js:19:20
      at Object.eventWrapper (node_modules/@testing-library/dom/dist/config.js:25:23)
      at fireEvent (node_modules/@testing-library/dom/dist/events.js:12:35)
      at fireEvent.<computed> [as input] (node_modules/@testing-library/dom/dist/events.js:110:36)
      at fireInputEvent (node_modules/@testing-library/user-event/dist/keyboard/shared/fireInputEvent.js:31:18)
      at Object.handle (node_modules/@testing-library/user-event/dist/keyboard/plugins/character.js:138:32)
      at applyPlugins (node_modules/@testing-library/user-event/dist/keyboard/keyboardImplementation.js:157:12)
      at keypress (node_modules/@testing-library/user-event/dist/keyboard/keyboardImplementation.js:135:5)
      at keyboardImplementation (node_modules/@testing-library/user-event/dist/keyboard/keyboardImplementation.js:53:9)
      at keyboardImplementation (node_modules/@testing-library/user-event/dist/keyboard/keyboardImplementation.js:81:12)
      at keyboardImplementation (node_modules/@testing-library/user-event/dist/keyboard/keyboardImplementation.js:81:12)
      at keyboardImplementation (node_modules/@testing-library/user-event/dist/keyboard/keyboardImplementation.js:81:12)
      at keyboardImplementationWrapper (node_modules/@testing-library/user-event/dist/keyboard/index.js:55:65)
      at typeImplementation (node_modules/@testing-library/user-event/dist/type/typeImplementation.js:49:51)
      at Object.type (node_modules/@testing-library/user-event/dist/type/index.js:27:60)

    console.error
      Warning: An update to MortgageCalculator inside a test was not wrapped in act(...).
      
      When testing, code that causes React state updates should be wrapped into act(...):
      
      act(() => {
        /* fire events that update state */
      });
      /* assert on the output */
      
      This ensures that you're testing the behavior the user would see in the browser. Learn more at https://reactjs.org/link/wrap-tests-with-act
          at MortgageCalculator (C:\Users\Andre Cadima\Documents\Gestion De Calidad de Sistemas\Calculadora_Pruebas_Unitarias\src\components\MortgageCalculator.js:7:43)

    [0m [90m 40 |[39m   [36mconst[39m handleChange [33m=[39m (e) [33m=>[39m {
     [90m 41 |[39m     [36mconst[39m { name[33m,[39m value } [33m=[39m e[33m.[39mtarget[33m;[39m
    [31m[1m>[22m[39m[90m 42 |[39m     setFormData(prev [33m=>[39m ({
     [90m    |[39m     [31m[1m^[22m[39m
     [90m 43 |[39m       [33m...[39mprev[33m,[39m
     [90m 44 |[39m       [name][33m:[39m value
     [90m 45 |[39m     }))[33m;[39m[0m

      at printWarning (node_modules/react-dom/cjs/react-dom.development.js:86:30)
      at error (node_modules/react-dom/cjs/react-dom.development.js:60:7)
      at warnIfUpdatesNotWrappedWithActDEV (node_modules/react-dom/cjs/react-dom.development.js:27628:9)
      at scheduleUpdateOnFiber (node_modules/react-dom/cjs/react-dom.development.js:25547:5)
      at setFormData (node_modules/react-dom/cjs/react-dom.development.js:16708:7)
      at handleChange (src/components/MortgageCalculator.js:42:5)
      at HTMLUnknownElement.callCallback (node_modules/react-dom/cjs/react-dom.development.js:4164:14)
      at HTMLUnknownElement.callTheUserObjectsOperation (node_modules/jsdom/lib/jsdom/living/generated/EventListener.js:26:30)
      at innerInvokeEventListeners (node_modules/jsdom/lib/jsdom/living/events/EventTarget-impl.js:338:25)
      at invokeEventListeners (node_modules/jsdom/lib/jsdom/living/events/EventTarget-impl.js:274:3)
      at HTMLUnknownElementImpl._dispatch (node_modules/jsdom/lib/jsdom/living/events/EventTarget-impl.js:221:9)
      at HTMLUnknownElementImpl.dispatchEvent (node_modules/jsdom/lib/jsdom/living/events/EventTarget-impl.js:94:17)
      at HTMLUnknownElement.dispatchEvent (node_modules/jsdom/lib/jsdom/living/generated/EventTarget.js:231:34)
      at Object.invokeGuardedCallbackDev (node_modules/react-dom/cjs/react-dom.development.js:4213:16)
      at invokeGuardedCallback (node_modules/react-dom/cjs/react-dom.development.js:4277:31)
      at invokeGuardedCallbackAndCatchFirstError (node_modules/react-dom/cjs/react-dom.development.js:4291:25)
      at executeDispatch (node_modules/react-dom/cjs/react-dom.development.js:9041:3)
      at processDispatchQueueItemsInOrder (node_modules/react-dom/cjs/react-dom.development.js:9073:7)
      at processDispatchQueue (node_modules/react-dom/cjs/react-dom.development.js:9086:5)
      at dispatchEventsForPlugins (node_modules/react-dom/cjs/react-dom.development.js:9097:3)
      at node_modules/react-dom/cjs/react-dom.development.js:9288:12
      at batchedUpdates$1 (node_modules/react-dom/cjs/react-dom.development.js:26179:12)
      at batchedUpdates (node_modules/react-dom/cjs/react-dom.development.js:3991:12)
      at dispatchEventForPluginEventSystem (node_modules/react-dom/cjs/react-dom.development.js:9287:3)
      at dispatchEventWithEnableCapturePhaseSelectiveHydrationWithoutDiscreteEventReplay (node_modules/react-dom/cjs/react-dom.development.js:6465:5)
      at dispatchEvent (node_modules/react-dom/cjs/react-dom.development.js:6457:5)
      at dispatchDiscreteEvent (node_modules/react-dom/cjs/react-dom.development.js:6430:5)
      at HTMLDivElement.callTheUserObjectsOperation (node_modules/jsdom/lib/jsdom/living/generated/EventListener.js:26:30)
      at innerInvokeEventListeners (node_modules/jsdom/lib/jsdom/living/events/EventTarget-impl.js:338:25)
      at invokeEventListeners (node_modules/jsdom/lib/jsdom/living/events/EventTarget-impl.js:274:3)
      at HTMLInputElementImpl._dispatch (node_modules/jsdom/lib/jsdom/living/events/EventTarget-impl.js:221:9)
      at HTMLInputElementImpl.dispatchEvent (node_modules/jsdom/lib/jsdom/living/events/EventTarget-impl.js:94:17)
      at HTMLInputElement.dispatchEvent (node_modules/jsdom/lib/jsdom/living/generated/EventTarget.js:231:34)
      at node_modules/@testing-library/dom/dist/events.js:19:20
      at Object.eventWrapper (node_modules/@testing-library/dom/dist/config.js:25:23)
      at fireEvent (node_modules/@testing-library/dom/dist/events.js:12:35)
      at fireEvent.<computed> [as input] (node_modules/@testing-library/dom/dist/events.js:110:36)
      at fireInputEvent (node_modules/@testing-library/user-event/dist/keyboard/shared/fireInputEvent.js:31:18)
      at Object.handle (node_modules/@testing-library/user-event/dist/keyboard/plugins/character.js:138:32)
      at applyPlugins (node_modules/@testing-library/user-event/dist/keyboard/keyboardImplementation.js:157:12)
      at keypress (node_modules/@testing-library/user-event/dist/keyboard/keyboardImplementation.js:135:5)
      at keyboardImplementation (node_modules/@testing-library/user-event/dist/keyboard/keyboardImplementation.js:53:9)
      at keyboardImplementation (node_modules/@testing-library/user-event/dist/keyboard/keyboardImplementation.js:81:12)
      at keyboardImplementation (node_modules/@testing-library/user-event/dist/keyboard/keyboardImplementation.js:81:12)
      at keyboardImplementation (node_modules/@testing-library/user-event/dist/keyboard/keyboardImplementation.js:81:12)
      at keyboardImplementation (node_modules/@testing-library/user-event/dist/keyboard/keyboardImplementation.js:81:12)
      at keyboardImplementationWrapper (node_modules/@testing-library/user-event/dist/keyboard/index.js:55:65)
      at typeImplementation (node_modules/@testing-library/user-event/dist/type/typeImplementation.js:49:51)

    console.error
      Warning: An update to MortgageCalculator inside a test was not wrapped in act(...).
      
      When testing, code that causes React state updates should be wrapped into act(...):
      
      act(() => {
        /* fire events that update state */
      });
      /* assert on the output */
      
      This ensures that you're testing the behavior the user would see in the browser. Learn more at https://reactjs.org/link/wrap-tests-with-act
          at MortgageCalculator (C:\Users\Andre Cadima\Documents\Gestion De Calidad de Sistemas\Calculadora_Pruebas_Unitarias\src\components\MortgageCalculator.js:7:43)

    [0m [90m 40 |[39m   [36mconst[39m handleChange [33m=[39m (e) [33m=>[39m {
     [90m 41 |[39m     [36mconst[39m { name[33m,[39m value } [33m=[39m e[33m.[39mtarget[33m;[39m
    [31m[1m>[22m[39m[90m 42 |[39m     setFormData(prev [33m=>[39m ({
     [90m    |[39m     [31m[1m^[22m[39m
     [90m 43 |[39m       [33m...[39mprev[33m,[39m
     [90m 44 |[39m       [name][33m:[39m value
     [90m 45 |[39m     }))[33m;[39m[0m

      at printWarning (node_modules/react-dom/cjs/react-dom.development.js:86:30)
      at error (node_modules/react-dom/cjs/react-dom.development.js:60:7)
      at warnIfUpdatesNotWrappedWithActDEV (node_modules/react-dom/cjs/react-dom.development.js:27628:9)
      at scheduleUpdateOnFiber (node_modules/react-dom/cjs/react-dom.development.js:25547:5)
      at setFormData (node_modules/react-dom/cjs/react-dom.development.js:16708:7)
      at handleChange (src/components/MortgageCalculator.js:42:5)
      at HTMLUnknownElement.callCallback (node_modules/react-dom/cjs/react-dom.development.js:4164:14)
      at HTMLUnknownElement.callTheUserObjectsOperation (node_modules/jsdom/lib/jsdom/living/generated/EventListener.js:26:30)
      at innerInvokeEventListeners (node_modules/jsdom/lib/jsdom/living/events/EventTarget-impl.js:338:25)
      at invokeEventListeners (node_modules/jsdom/lib/jsdom/living/events/EventTarget-impl.js:274:3)
      at HTMLUnknownElementImpl._dispatch (node_modules/jsdom/lib/jsdom/living/events/EventTarget-impl.js:221:9)
      at HTMLUnknownElementImpl.dispatchEvent (node_modules/jsdom/lib/jsdom/living/events/EventTarget-impl.js:94:17)
      at HTMLUnknownElement.dispatchEvent (node_modules/jsdom/lib/jsdom/living/generated/EventTarget.js:231:34)
      at Object.invokeGuardedCallbackDev (node_modules/react-dom/cjs/react-dom.development.js:4213:16)
      at invokeGuardedCallback (node_modules/react-dom/cjs/react-dom.development.js:4277:31)
      at invokeGuardedCallbackAndCatchFirstError (node_modules/react-dom/cjs/react-dom.development.js:4291:25)
      at executeDispatch (node_modules/react-dom/cjs/react-dom.development.js:9041:3)
      at processDispatchQueueItemsInOrder (node_modules/react-dom/cjs/react-dom.development.js:9073:7)
      at processDispatchQueue (node_modules/react-dom/cjs/react-dom.development.js:9086:5)
      at dispatchEventsForPlugins (node_modules/react-dom/cjs/react-dom.development.js:9097:3)
      at node_modules/react-dom/cjs/react-dom.development.js:9288:12
      at batchedUpdates$1 (node_modules/react-dom/cjs/react-dom.development.js:26179:12)
      at batchedUpdates (node_modules/react-dom/cjs/react-dom.development.js:3991:12)
      at dispatchEventForPluginEventSystem (node_modules/react-dom/cjs/react-dom.development.js:9287:3)
      at dispatchEventWithEnableCapturePhaseSelectiveHydrationWithoutDiscreteEventReplay (node_modules/react-dom/cjs/react-dom.development.js:6465:5)
      at dispatchEvent (node_modules/react-dom/cjs/react-dom.development.js:6457:5)
      at dispatchDiscreteEvent (node_modules/react-dom/cjs/react-dom.development.js:6430:5)
      at HTMLDivElement.callTheUserObjectsOperation (node_modules/jsdom/lib/jsdom/living/generated/EventListener.js:26:30)
      at innerInvokeEventListeners (node_modules/jsdom/lib/jsdom/living/events/EventTarget-impl.js:338:25)
      at invokeEventListeners (node_modules/jsdom/lib/jsdom/living/events/EventTarget-impl.js:274:3)
      at HTMLInputElementImpl._dispatch (node_modules/jsdom/lib/jsdom/living/events/EventTarget-impl.js:221:9)
      at HTMLInputElementImpl.dispatchEvent (node_modules/jsdom/lib/jsdom/living/events/EventTarget-impl.js:94:17)
      at HTMLInputElement.dispatchEvent (node_modules/jsdom/lib/jsdom/living/generated/EventTarget.js:231:34)
      at node_modules/@testing-library/dom/dist/events.js:19:20
      at Object.eventWrapper (node_modules/@testing-library/dom/dist/config.js:25:23)
      at fireEvent (node_modules/@testing-library/dom/dist/events.js:12:35)
      at fireEvent.<computed> [as input] (node_modules/@testing-library/dom/dist/events.js:110:36)
      at fireInputEvent (node_modules/@testing-library/user-event/dist/keyboard/shared/fireInputEvent.js:31:18)
      at Object.handle (node_modules/@testing-library/user-event/dist/keyboard/plugins/character.js:138:32)
      at applyPlugins (node_modules/@testing-library/user-event/dist/keyboard/keyboardImplementation.js:157:12)
      at keypress (node_modules/@testing-library/user-event/dist/keyboard/keyboardImplementation.js:135:5)
      at keyboardImplementation (node_modules/@testing-library/user-event/dist/keyboard/keyboardImplementation.js:53:9)
      at keyboardImplementationWrapper (node_modules/@testing-library/user-event/dist/keyboard/index.js:55:65)
      at typeImplementation (node_modules/@testing-library/user-event/dist/type/typeImplementation.js:49:51)
      at Object.type (node_modules/@testing-library/user-event/dist/type/index.js:27:60)
      at Object.<anonymous> (src/components/MortgageCalculator.test.js:32:21)

    console.error
      Warning: An update to MortgageCalculator inside a test was not wrapped in act(...).
      
      When testing, code that causes React state updates should be wrapped into act(...):
      
      act(() => {
        /* fire events that update state */
      });
      /* assert on the output */
      
      This ensures that you're testing the behavior the user would see in the browser. Learn more at https://reactjs.org/link/wrap-tests-with-act
          at MortgageCalculator (C:\Users\Andre Cadima\Documents\Gestion De Calidad de Sistemas\Calculadora_Pruebas_Unitarias\src\components\MortgageCalculator.js:7:43)

    [0m [90m 40 |[39m   [36mconst[39m handleChange [33m=[39m (e) [33m=>[39m {
     [90m 41 |[39m     [36mconst[39m { name[33m,[39m value } [33m=[39m e[33m.[39mtarget[33m;[39m
    [31m[1m>[22m[39m[90m 42 |[39m     setFormData(prev [33m=>[39m ({
     [90m    |[39m     [31m[1m^[22m[39m
     [90m 43 |[39m       [33m...[39mprev[33m,[39m
     [90m 44 |[39m       [name][33m:[39m value
     [90m 45 |[39m     }))[33m;[39m[0m

      at printWarning (node_modules/react-dom/cjs/react-dom.development.js:86:30)
      at error (node_modules/react-dom/cjs/react-dom.development.js:60:7)
      at warnIfUpdatesNotWrappedWithActDEV (node_modules/react-dom/cjs/react-dom.development.js:27628:9)
      at scheduleUpdateOnFiber (node_modules/react-dom/cjs/react-dom.development.js:25547:5)
      at setFormData (node_modules/react-dom/cjs/react-dom.development.js:16708:7)
      at handleChange (src/components/MortgageCalculator.js:42:5)
      at HTMLUnknownElement.callCallback (node_modules/react-dom/cjs/react-dom.development.js:4164:14)
      at HTMLUnknownElement.callTheUserObjectsOperation (node_modules/jsdom/lib/jsdom/living/generated/EventListener.js:26:30)
      at innerInvokeEventListeners (node_modules/jsdom/lib/jsdom/living/events/EventTarget-impl.js:338:25)
      at invokeEventListeners (node_modules/jsdom/lib/jsdom/living/events/EventTarget-impl.js:274:3)
      at HTMLUnknownElementImpl._dispatch (node_modules/jsdom/lib/jsdom/living/events/EventTarget-impl.js:221:9)
      at HTMLUnknownElementImpl.dispatchEvent (node_modules/jsdom/lib/jsdom/living/events/EventTarget-impl.js:94:17)
      at HTMLUnknownElement.dispatchEvent (node_modules/jsdom/lib/jsdom/living/generated/EventTarget.js:231:34)
      at Object.invokeGuardedCallbackDev (node_modules/react-dom/cjs/react-dom.development.js:4213:16)
      at invokeGuardedCallback (node_modules/react-dom/cjs/react-dom.development.js:4277:31)
      at invokeGuardedCallbackAndCatchFirstError (node_modules/react-dom/cjs/react-dom.development.js:4291:25)
      at executeDispatch (node_modules/react-dom/cjs/react-dom.development.js:9041:3)
      at processDispatchQueueItemsInOrder (node_modules/react-dom/cjs/react-dom.development.js:9073:7)
      at processDispatchQueue (node_modules/react-dom/cjs/react-dom.development.js:9086:5)
      at dispatchEventsForPlugins (node_modules/react-dom/cjs/react-dom.development.js:9097:3)
      at node_modules/react-dom/cjs/react-dom.development.js:9288:12
      at batchedUpdates$1 (node_modules/react-dom/cjs/react-dom.development.js:26179:12)
      at batchedUpdates (node_modules/react-dom/cjs/react-dom.development.js:3991:12)
      at dispatchEventForPluginEventSystem (node_modules/react-dom/cjs/react-dom.development.js:9287:3)
      at dispatchEventWithEnableCapturePhaseSelectiveHydrationWithoutDiscreteEventReplay (node_modules/react-dom/cjs/react-dom.development.js:6465:5)
      at dispatchEvent (node_modules/react-dom/cjs/react-dom.development.js:6457:5)
      at dispatchDiscreteEvent (node_modules/react-dom/cjs/react-dom.development.js:6430:5)
      at HTMLDivElement.callTheUserObjectsOperation (node_modules/jsdom/lib/jsdom/living/generated/EventListener.js:26:30)
      at innerInvokeEventListeners (node_modules/jsdom/lib/jsdom/living/events/EventTarget-impl.js:338:25)
      at invokeEventListeners (node_modules/jsdom/lib/jsdom/living/events/EventTarget-impl.js:274:3)
      at HTMLInputElementImpl._dispatch (node_modules/jsdom/lib/jsdom/living/events/EventTarget-impl.js:221:9)
      at HTMLInputElementImpl.dispatchEvent (node_modules/jsdom/lib/jsdom/living/events/EventTarget-impl.js:94:17)
      at HTMLInputElement.dispatchEvent (node_modules/jsdom/lib/jsdom/living/generated/EventTarget.js:231:34)
      at node_modules/@testing-library/dom/dist/events.js:19:20
      at Object.eventWrapper (node_modules/@testing-library/dom/dist/config.js:25:23)
      at fireEvent (node_modules/@testing-library/dom/dist/events.js:12:35)
      at fireEvent.<computed> [as input] (node_modules/@testing-library/dom/dist/events.js:110:36)
      at fireInputEvent (node_modules/@testing-library/user-event/dist/keyboard/shared/fireInputEvent.js:31:18)
      at Object.handle (node_modules/@testing-library/user-event/dist/keyboard/plugins/character.js:138:32)
      at applyPlugins (node_modules/@testing-library/user-event/dist/keyboard/keyboardImplementation.js:157:12)
      at keypress (node_modules/@testing-library/user-event/dist/keyboard/keyboardImplementation.js:135:5)
      at keyboardImplementation (node_modules/@testing-library/user-event/dist/keyboard/keyboardImplementation.js:53:9)
      at keyboardImplementation (node_modules/@testing-library/user-event/dist/keyboard/keyboardImplementation.js:81:12)
      at keyboardImplementationWrapper (node_modules/@testing-library/user-event/dist/keyboard/index.js:55:65)
      at typeImplementation (node_modules/@testing-library/user-event/dist/type/typeImplementation.js:49:51)
      at Object.type (node_modules/@testing-library/user-event/dist/type/index.js:27:60)
      at Object.<anonymous> (src/components/MortgageCalculator.test.js:32:21)

    console.error
      Warning: An update to MortgageCalculator inside a test was not wrapped in act(...).
      
      When testing, code that causes React state updates should be wrapped into act(...):
      
      act(() => {
        /* fire events that update state */
      });
      /* assert on the output */
      
      This ensures that you're testing the behavior the user would see in the browser. Learn more at https://reactjs.org/link/wrap-tests-with-act
          at MortgageCalculator (C:\Users\Andre Cadima\Documents\Gestion De Calidad de Sistemas\Calculadora_Pruebas_Unitarias\src\components\MortgageCalculator.js:7:43)

    [0m [90m 40 |[39m   [36mconst[39m handleChange [33m=[39m (e) [33m=>[39m {
     [90m 41 |[39m     [36mconst[39m { name[33m,[39m value } [33m=[39m e[33m.[39mtarget[33m;[39m
    [31m[1m>[22m[39m[90m 42 |[39m     setFormData(prev [33m=>[39m ({
     [90m    |[39m     [31m[1m^[22m[39m
     [90m 43 |[39m       [33m...[39mprev[33m,[39m
     [90m 44 |[39m       [name][33m:[39m value
     [90m 45 |[39m     }))[33m;[39m[0m

      at printWarning (node_modules/react-dom/cjs/react-dom.development.js:86:30)
      at error (node_modules/react-dom/cjs/react-dom.development.js:60:7)
      at warnIfUpdatesNotWrappedWithActDEV (node_modules/react-dom/cjs/react-dom.development.js:27628:9)
      at scheduleUpdateOnFiber (node_modules/react-dom/cjs/react-dom.development.js:25547:5)
      at setFormData (node_modules/react-dom/cjs/react-dom.development.js:16708:7)
      at handleChange (src/components/MortgageCalculator.js:42:5)
      at HTMLUnknownElement.callCallback (node_modules/react-dom/cjs/react-dom.development.js:4164:14)
      at HTMLUnknownElement.callTheUserObjectsOperation (node_modules/jsdom/lib/jsdom/living/generated/EventListener.js:26:30)
      at innerInvokeEventListeners (node_modules/jsdom/lib/jsdom/living/events/EventTarget-impl.js:338:25)
      at invokeEventListeners (node_modules/jsdom/lib/jsdom/living/events/EventTarget-impl.js:274:3)
      at HTMLUnknownElementImpl._dispatch (node_modules/jsdom/lib/jsdom/living/events/EventTarget-impl.js:221:9)
      at HTMLUnknownElementImpl.dispatchEvent (node_modules/jsdom/lib/jsdom/living/events/EventTarget-impl.js:94:17)
      at HTMLUnknownElement.dispatchEvent (node_modules/jsdom/lib/jsdom/living/generated/EventTarget.js:231:34)
      at Object.invokeGuardedCallbackDev (node_modules/react-dom/cjs/react-dom.development.js:4213:16)
      at invokeGuardedCallback (node_modules/react-dom/cjs/react-dom.development.js:4277:31)
      at invokeGuardedCallbackAndCatchFirstError (node_modules/react-dom/cjs/react-dom.development.js:4291:25)
      at executeDispatch (node_modules/react-dom/cjs/react-dom.development.js:9041:3)
      at processDispatchQueueItemsInOrder (node_modules/react-dom/cjs/react-dom.development.js:9073:7)
      at processDispatchQueue (node_modules/react-dom/cjs/react-dom.development.js:9086:5)
      at dispatchEventsForPlugins (node_modules/react-dom/cjs/react-dom.development.js:9097:3)
      at node_modules/react-dom/cjs/react-dom.development.js:9288:12
      at batchedUpdates$1 (node_modules/react-dom/cjs/react-dom.development.js:26179:12)
      at batchedUpdates (node_modules/react-dom/cjs/react-dom.development.js:3991:12)
      at dispatchEventForPluginEventSystem (node_modules/react-dom/cjs/react-dom.development.js:9287:3)
      at dispatchEventWithEnableCapturePhaseSelectiveHydrationWithoutDiscreteEventReplay (node_modules/react-dom/cjs/react-dom.development.js:6465:5)
      at dispatchEvent (node_modules/react-dom/cjs/react-dom.development.js:6457:5)
      at dispatchDiscreteEvent (node_modules/react-dom/cjs/react-dom.development.js:6430:5)
      at HTMLDivElement.callTheUserObjectsOperation (node_modules/jsdom/lib/jsdom/living/generated/EventListener.js:26:30)
      at innerInvokeEventListeners (node_modules/jsdom/lib/jsdom/living/events/EventTarget-impl.js:338:25)
      at invokeEventListeners (node_modules/jsdom/lib/jsdom/living/events/EventTarget-impl.js:274:3)
      at HTMLInputElementImpl._dispatch (node_modules/jsdom/lib/jsdom/living/events/EventTarget-impl.js:221:9)
      at HTMLInputElementImpl.dispatchEvent (node_modules/jsdom/lib/jsdom/living/events/EventTarget-impl.js:94:17)
      at HTMLInputElement.dispatchEvent (node_modules/jsdom/lib/jsdom/living/generated/EventTarget.js:231:34)
      at node_modules/@testing-library/dom/dist/events.js:19:20
      at Object.eventWrapper (node_modules/@testing-library/dom/dist/config.js:25:23)
      at fireEvent (node_modules/@testing-library/dom/dist/events.js:12:35)
      at fireEvent.<computed> [as input] (node_modules/@testing-library/dom/dist/events.js:110:36)
      at fireInputEvent (node_modules/@testing-library/user-event/dist/keyboard/shared/fireInputEvent.js:31:18)
      at Object.handle (node_modules/@testing-library/user-event/dist/keyboard/plugins/character.js:138:32)
      at applyPlugins (node_modules/@testing-library/user-event/dist/keyboard/keyboardImplementation.js:157:12)
      at keypress (node_modules/@testing-library/user-event/dist/keyboard/keyboardImplementation.js:135:5)
      at keyboardImplementation (node_modules/@testing-library/user-event/dist/keyboard/keyboardImplementation.js:53:9)
      at keyboardImplementation (node_modules/@testing-library/user-event/dist/keyboard/keyboardImplementation.js:81:12)
      at keyboardImplementation (node_modules/@testing-library/user-event/dist/keyboard/keyboardImplementation.js:81:12)
      at keyboardImplementationWrapper (node_modules/@testing-library/user-event/dist/keyboard/index.js:55:65)
      at typeImplementation (node_modules/@testing-library/user-event/dist/type/typeImplementation.js:49:51)
      at Object.type (node_modules/@testing-library/user-event/dist/type/index.js:27:60)
      at Object.<anonymous> (src/components/MortgageCalculator.test.js:32:21)

    console.error
      Warning: An update to MortgageCalculator inside a test was not wrapped in act(...).
      
      When testing, code that causes React state updates should be wrapped into act(...):
      
      act(() => {
        /* fire events that update state */
      });
      /* assert on the output */
      
      This ensures that you're testing the behavior the user would see in the browser. Learn more at https://reactjs.org/link/wrap-tests-with-act
          at MortgageCalculator (C:\Users\Andre Cadima\Documents\Gestion De Calidad de Sistemas\Calculadora_Pruebas_Unitarias\src\components\MortgageCalculator.js:7:43)

    [0m [90m 34 |[39m     [36mif[39m ([33m![39mformData[33m.[39minterest [33m||[39m parseFloat(formData[33m.[39minterest) [33m<[39m [35m0[39m) newErrors[33m.[39minterest [33m=[39m [32m'Se requiere una tasa válida'[39m[33m;[39m
     [90m 35 |[39m     
    [31m[1m>[22m[39m[90m 36 |[39m     setErrors(newErrors)[33m;[39m
     [90m    |[39m     [31m[1m^[22m[39m
     [90m 37 |[39m     [36mreturn[39m [33mObject[39m[33m.[39mkeys(newErrors)[33m.[39mlength [33m===[39m [35m0[39m[33m;[39m
     [90m 38 |[39m   }[33m;[39m
     [90m 39 |[39m[0m

      at printWarning (node_modules/react-dom/cjs/react-dom.development.js:86:30)
      at error (node_modules/react-dom/cjs/react-dom.development.js:60:7)
      at warnIfUpdatesNotWrappedWithActDEV (node_modules/react-dom/cjs/react-dom.development.js:27628:9)
      at scheduleUpdateOnFiber (node_modules/react-dom/cjs/react-dom.development.js:25547:5)
      at setErrors (node_modules/react-dom/cjs/react-dom.development.js:16708:7)
      at validateForm (src/components/MortgageCalculator.js:36:5)
      at handleSubmit (src/components/MortgageCalculator.js:91:10)
      at HTMLUnknownElement.callCallback (node_modules/react-dom/cjs/react-dom.development.js:4164:14)
      at HTMLUnknownElement.callTheUserObjectsOperation (node_modules/jsdom/lib/jsdom/living/generated/EventListener.js:26:30)
      at innerInvokeEventListeners (node_modules/jsdom/lib/jsdom/living/events/EventTarget-impl.js:338:25)
      at invokeEventListeners (node_modules/jsdom/lib/jsdom/living/events/EventTarget-impl.js:274:3)
      at HTMLUnknownElementImpl._dispatch (node_modules/jsdom/lib/jsdom/living/events/EventTarget-impl.js:221:9)
      at HTMLUnknownElementImpl.dispatchEvent (node_modules/jsdom/lib/jsdom/living/events/EventTarget-impl.js:94:17)
      at HTMLUnknownElement.dispatchEvent (node_modules/jsdom/lib/jsdom/living/generated/EventTarget.js:231:34)
      at Object.invokeGuardedCallbackDev (node_modules/react-dom/cjs/react-dom.development.js:4213:16)
      at invokeGuardedCallback (node_modules/react-dom/cjs/react-dom.development.js:4277:31)
      at invokeGuardedCallbackAndCatchFirstError (node_modules/react-dom/cjs/react-dom.development.js:4291:25)
      at executeDispatch (node_modules/react-dom/cjs/react-dom.development.js:9041:3)
      at processDispatchQueueItemsInOrder (node_modules/react-dom/cjs/react-dom.development.js:9073:7)
      at processDispatchQueue (node_modules/react-dom/cjs/react-dom.development.js:9086:5)
      at dispatchEventsForPlugins (node_modules/react-dom/cjs/react-dom.development.js:9097:3)
      at node_modules/react-dom/cjs/react-dom.development.js:9288:12
      at batchedUpdates$1 (node_modules/react-dom/cjs/react-dom.development.js:26179:12)
      at batchedUpdates (node_modules/react-dom/cjs/react-dom.development.js:3991:12)
      at dispatchEventForPluginEventSystem (node_modules/react-dom/cjs/react-dom.development.js:9287:3)
      at dispatchEventWithEnableCapturePhaseSelectiveHydrationWithoutDiscreteEventReplay (node_modules/react-dom/cjs/react-dom.development.js:6465:5)
      at dispatchEvent (node_modules/react-dom/cjs/react-dom.development.js:6457:5)
      at dispatchDiscreteEvent (node_modules/react-dom/cjs/react-dom.development.js:6430:5)
      at HTMLDivElement.callTheUserObjectsOperation (node_modules/jsdom/lib/jsdom/living/generated/EventListener.js:26:30)
      at innerInvokeEventListeners (node_modules/jsdom/lib/jsdom/living/events/EventTarget-impl.js:338:25)
      at invokeEventListeners (node_modules/jsdom/lib/jsdom/living/events/EventTarget-impl.js:274:3)
      at HTMLFormElementImpl._dispatch (node_modules/jsdom/lib/jsdom/living/events/EventTarget-impl.js:221:9)
      at fireAnEvent (node_modules/jsdom/lib/jsdom/living/helpers/events.js:18:36)
      at HTMLFormElementImpl.submit (node_modules/jsdom/lib/jsdom/living/nodes/HTMLFormElement-impl.js:84:10)
      at HTMLFormElementImpl._doSubmit (node_modules/jsdom/lib/jsdom/living/nodes/HTMLFormElement-impl.js:80:10)
      at HTMLButtonElementImpl._activationBehavior (node_modules/jsdom/lib/jsdom/living/nodes/HTMLButtonElement-impl.js:23:14)
      at HTMLButtonElementImpl._dispatch (node_modules/jsdom/lib/jsdom/living/events/EventTarget-impl.js:240:26)
      at HTMLButtonElementImpl.dispatchEvent (node_modules/jsdom/lib/jsdom/living/events/EventTarget-impl.js:94:17)
      at HTMLButtonElement.dispatchEvent (node_modules/jsdom/lib/jsdom/living/generated/EventTarget.js:231:34)
      at node_modules/@testing-library/dom/dist/events.js:19:20
      at Object.eventWrapper (node_modules/@testing-library/dom/dist/config.js:25:23)
      at fireEvent (node_modules/@testing-library/dom/dist/events.js:12:35)
      at fireEvent.<computed> [as click] (node_modules/@testing-library/dom/dist/events.js:110:36)
      at fireClick (node_modules/@testing-library/user-event/dist/click.js:150:20)
      at clickElement (node_modules/@testing-library/user-event/dist/click.js:91:5)
      at Object.click (node_modules/@testing-library/user-event/dist/click.js:140:5)
      at Object.<anonymous> (src/components/MortgageCalculator.test.js:34:21)

    console.error
      Warning: An update to MortgageCalculator inside a test was not wrapped in act(...).
      
      When testing, code that causes React state updates should be wrapped into act(...):
      
      act(() => {
        /* fire events that update state */
      });
      /* assert on the output */
      
      This ensures that you're testing the behavior the user would see in the browser. Learn more at https://reactjs.org/link/wrap-tests-with-act
          at MortgageCalculator (C:\Users\Andre Cadima\Documents\Gestion De Calidad de Sistemas\Calculadora_Pruebas_Unitarias\src\components\MortgageCalculator.js:7:43)

    [0m [90m 92 |[39m
     [90m 93 |[39m     [36mconst[39m newResults [33m=[39m calculateResults(formData[33m,[39m adjustableValues)[33m;[39m
    [31m[1m>[22m[39m[90m 94 |[39m     setResults(newResults)[33m;[39m
     [90m    |[39m     [31m[1m^[22m[39m
     [90m 95 |[39m   }[33m;[39m
     [90m 96 |[39m
     [90m 97 |[39m   [36mconst[39m handleRecalculate [33m=[39m () [33m=>[39m {[0m

      at printWarning (node_modules/react-dom/cjs/react-dom.development.js:86:30)
      at error (node_modules/react-dom/cjs/react-dom.development.js:60:7)
      at warnIfUpdatesNotWrappedWithActDEV (node_modules/react-dom/cjs/react-dom.development.js:27628:9)
      at scheduleUpdateOnFiber (node_modules/react-dom/cjs/react-dom.development.js:25547:5)
      at setResults (node_modules/react-dom/cjs/react-dom.development.js:16708:7)
      at handleSubmit (src/components/MortgageCalculator.js:94:5)
      at HTMLUnknownElement.callCallback (node_modules/react-dom/cjs/react-dom.development.js:4164:14)
      at HTMLUnknownElement.callTheUserObjectsOperation (node_modules/jsdom/lib/jsdom/living/generated/EventListener.js:26:30)
      at innerInvokeEventListeners (node_modules/jsdom/lib/jsdom/living/events/EventTarget-impl.js:338:25)
      at invokeEventListeners (node_modules/jsdom/lib/jsdom/living/events/EventTarget-impl.js:274:3)
      at HTMLUnknownElementImpl._dispatch (node_modules/jsdom/lib/jsdom/living/events/EventTarget-impl.js:221:9)
      at HTMLUnknownElementImpl.dispatchEvent (node_modules/jsdom/lib/jsdom/living/events/EventTarget-impl.js:94:17)
      at HTMLUnknownElement.dispatchEvent (node_modules/jsdom/lib/jsdom/living/generated/EventTarget.js:231:34)
      at Object.invokeGuardedCallbackDev (node_modules/react-dom/cjs/react-dom.development.js:4213:16)
      at invokeGuardedCallback (node_modules/react-dom/cjs/react-dom.development.js:4277:31)
      at invokeGuardedCallbackAndCatchFirstError (node_modules/react-dom/cjs/react-dom.development.js:4291:25)
      at executeDispatch (node_modules/react-dom/cjs/react-dom.development.js:9041:3)
      at processDispatchQueueItemsInOrder (node_modules/react-dom/cjs/react-dom.development.js:9073:7)
      at processDispatchQueue (node_modules/react-dom/cjs/react-dom.development.js:9086:5)
      at dispatchEventsForPlugins (node_modules/react-dom/cjs/react-dom.development.js:9097:3)
      at node_modules/react-dom/cjs/react-dom.development.js:9288:12
      at batchedUpdates$1 (node_modules/react-dom/cjs/react-dom.development.js:26179:12)
      at batchedUpdates (node_modules/react-dom/cjs/react-dom.development.js:3991:12)
      at dispatchEventForPluginEventSystem (node_modules/react-dom/cjs/react-dom.development.js:9287:3)
      at dispatchEventWithEnableCapturePhaseSelectiveHydrationWithoutDiscreteEventReplay (node_modules/react-dom/cjs/react-dom.development.js:6465:5)
      at dispatchEvent (node_modules/react-dom/cjs/react-dom.development.js:6457:5)
      at dispatchDiscreteEvent (node_modules/react-dom/cjs/react-dom.development.js:6430:5)
      at HTMLDivElement.callTheUserObjectsOperation (node_modules/jsdom/lib/jsdom/living/generated/EventListener.js:26:30)
      at innerInvokeEventListeners (node_modules/jsdom/lib/jsdom/living/events/EventTarget-impl.js:338:25)
      at invokeEventListeners (node_modules/jsdom/lib/jsdom/living/events/EventTarget-impl.js:274:3)
      at HTMLFormElementImpl._dispatch (node_modules/jsdom/lib/jsdom/living/events/EventTarget-impl.js:221:9)
      at fireAnEvent (node_modules/jsdom/lib/jsdom/living/helpers/events.js:18:36)
      at HTMLFormElementImpl.submit (node_modules/jsdom/lib/jsdom/living/nodes/HTMLFormElement-impl.js:84:10)
      at HTMLFormElementImpl._doSubmit (node_modules/jsdom/lib/jsdom/living/nodes/HTMLFormElement-impl.js:80:10)
      at HTMLButtonElementImpl._activationBehavior (node_modules/jsdom/lib/jsdom/living/nodes/HTMLButtonElement-impl.js:23:14)
      at HTMLButtonElementImpl._dispatch (node_modules/jsdom/lib/jsdom/living/events/EventTarget-impl.js:240:26)
      at HTMLButtonElementImpl.dispatchEvent (node_modules/jsdom/lib/jsdom/living/events/EventTarget-impl.js:94:17)
      at HTMLButtonElement.dispatchEvent (node_modules/jsdom/lib/jsdom/living/generated/EventTarget.js:231:34)
      at node_modules/@testing-library/dom/dist/events.js:19:20
      at Object.eventWrapper (node_modules/@testing-library/dom/dist/config.js:25:23)
      at fireEvent (node_modules/@testing-library/dom/dist/events.js:12:35)
      at fireEvent.<computed> [as click] (node_modules/@testing-library/dom/dist/events.js:110:36)
      at fireClick (node_modules/@testing-library/user-event/dist/click.js:150:20)
      at clickElement (node_modules/@testing-library/user-event/dist/click.js:91:5)
      at Object.click (node_modules/@testing-library/user-event/dist/click.js:140:5)
      at Object.<anonymous> (src/components/MortgageCalculator.test.js:34:21)

    console.error
      Warning: An update to MortgageCalculator inside a test was not wrapped in act(...).
      
      When testing, code that causes React state updates should be wrapped into act(...):
      
      act(() => {
        /* fire events that update state */
      });
      /* assert on the output */
      
      This ensures that you're testing the behavior the user would see in the browser. Learn more at https://reactjs.org/link/wrap-tests-with-act
          at MortgageCalculator (C:\Users\Andre Cadima\Documents\Gestion De Calidad de Sistemas\Calculadora_Pruebas_Unitarias\src\components\MortgageCalculator.js:7:43)

    [0m [90m 40 |[39m   [36mconst[39m handleChange [33m=[39m (e) [33m=>[39m {
     [90m 41 |[39m     [36mconst[39m { name[33m,[39m value } [33m=[39m e[33m.[39mtarget[33m;[39m
    [31m[1m>[22m[39m[90m 42 |[39m     setFormData(prev [33m=>[39m ({
     [90m    |[39m     [31m[1m^[22m[39m
     [90m 43 |[39m       [33m...[39mprev[33m,[39m
     [90m 44 |[39m       [name][33m:[39m value
     [90m 45 |[39m     }))[33m;[39m[0m

      at printWarning (node_modules/react-dom/cjs/react-dom.development.js:86:30)
      at error (node_modules/react-dom/cjs/react-dom.development.js:60:7)
      at warnIfUpdatesNotWrappedWithActDEV (node_modules/react-dom/cjs/react-dom.development.js:27628:9)
      at scheduleUpdateOnFiber (node_modules/react-dom/cjs/react-dom.development.js:25547:5)
      at setFormData (node_modules/react-dom/cjs/react-dom.development.js:16708:7)
      at handleChange (src/components/MortgageCalculator.js:42:5)
      at HTMLUnknownElement.callCallback (node_modules/react-dom/cjs/react-dom.development.js:4164:14)
      at HTMLUnknownElement.callTheUserObjectsOperation (node_modules/jsdom/lib/jsdom/living/generated/EventListener.js:26:30)
      at innerInvokeEventListeners (node_modules/jsdom/lib/jsdom/living/events/EventTarget-impl.js:338:25)
      at invokeEventListeners (node_modules/jsdom/lib/jsdom/living/events/EventTarget-impl.js:274:3)
      at HTMLUnknownElementImpl._dispatch (node_modules/jsdom/lib/jsdom/living/events/EventTarget-impl.js:221:9)
      at HTMLUnknownElementImpl.dispatchEvent (node_modules/jsdom/lib/jsdom/living/events/EventTarget-impl.js:94:17)
      at HTMLUnknownElement.dispatchEvent (node_modules/jsdom/lib/jsdom/living/generated/EventTarget.js:231:34)
      at Object.invokeGuardedCallbackDev (node_modules/react-dom/cjs/react-dom.development.js:4213:16)
      at invokeGuardedCallback (node_modules/react-dom/cjs/react-dom.development.js:4277:31)
      at invokeGuardedCallbackAndCatchFirstError (node_modules/react-dom/cjs/react-dom.development.js:4291:25)
      at executeDispatch (node_modules/react-dom/cjs/react-dom.development.js:9041:3)
      at processDispatchQueueItemsInOrder (node_modules/react-dom/cjs/react-dom.development.js:9073:7)
      at processDispatchQueue (node_modules/react-dom/cjs/react-dom.development.js:9086:5)
      at dispatchEventsForPlugins (node_modules/react-dom/cjs/react-dom.development.js:9097:3)
      at node_modules/react-dom/cjs/react-dom.development.js:9288:12
      at batchedUpdates$1 (node_modules/react-dom/cjs/react-dom.development.js:26179:12)
      at batchedUpdates (node_modules/react-dom/cjs/react-dom.development.js:3991:12)
      at dispatchEventForPluginEventSystem (node_modules/react-dom/cjs/react-dom.development.js:9287:3)
      at dispatchEventWithEnableCapturePhaseSelectiveHydrationWithoutDiscreteEventReplay (node_modules/react-dom/cjs/react-dom.development.js:6465:5)
      at dispatchEvent (node_modules/react-dom/cjs/react-dom.development.js:6457:5)
      at dispatchDiscreteEvent (node_modules/react-dom/cjs/react-dom.development.js:6430:5)
      at HTMLDivElement.callTheUserObjectsOperation (node_modules/jsdom/lib/jsdom/living/generated/EventListener.js:26:30)
      at innerInvokeEventListeners (node_modules/jsdom/lib/jsdom/living/events/EventTarget-impl.js:338:25)
      at invokeEventListeners (node_modules/jsdom/lib/jsdom/living/events/EventTarget-impl.js:274:3)
      at HTMLInputElementImpl._dispatch (node_modules/jsdom/lib/jsdom/living/events/EventTarget-impl.js:221:9)
      at HTMLInputElementImpl.dispatchEvent (node_modules/jsdom/lib/jsdom/living/events/EventTarget-impl.js:94:17)
      at HTMLInputElement.dispatchEvent (node_modules/jsdom/lib/jsdom/living/generated/EventTarget.js:231:34)
      at node_modules/@testing-library/dom/dist/events.js:19:20
      at Object.eventWrapper (node_modules/@testing-library/dom/dist/config.js:25:23)
      at fireEvent (node_modules/@testing-library/dom/dist/events.js:12:35)
      at fireEvent.<computed> [as input] (node_modules/@testing-library/dom/dist/events.js:110:36)
      at fireInputEvent (node_modules/@testing-library/user-event/dist/keyboard/shared/fireInputEvent.js:31:18)
      at Object.handle (node_modules/@testing-library/user-event/dist/keyboard/plugins/character.js:138:32)
      at applyPlugins (node_modules/@testing-library/user-event/dist/keyboard/keyboardImplementation.js:157:12)
      at keypress (node_modules/@testing-library/user-event/dist/keyboard/keyboardImplementation.js:135:5)
      at keyboardImplementation (node_modules/@testing-library/user-event/dist/keyboard/keyboardImplementation.js:53:9)
      at keyboardImplementationWrapper (node_modules/@testing-library/user-event/dist/keyboard/index.js:55:65)
      at typeImplementation (node_modules/@testing-library/user-event/dist/type/typeImplementation.js:49:51)
      at Object.type (node_modules/@testing-library/user-event/dist/type/index.js:27:60)
      at Object.<anonymous> (src/components/MortgageCalculator.test.js:44:21)

    console.error
      Warning: An update to MortgageCalculator inside a test was not wrapped in act(...).
      
      When testing, code that causes React state updates should be wrapped into act(...):
      
      act(() => {
        /* fire events that update state */
      });
      /* assert on the output */
      
      This ensures that you're testing the behavior the user would see in the browser. Learn more at https://reactjs.org/link/wrap-tests-with-act
          at MortgageCalculator (C:\Users\Andre Cadima\Documents\Gestion De Calidad de Sistemas\Calculadora_Pruebas_Unitarias\src\components\MortgageCalculator.js:7:43)

    [0m [90m 40 |[39m   [36mconst[39m handleChange [33m=[39m (e) [33m=>[39m {
     [90m 41 |[39m     [36mconst[39m { name[33m,[39m value } [33m=[39m e[33m.[39mtarget[33m;[39m
    [31m[1m>[22m[39m[90m 42 |[39m     setFormData(prev [33m=>[39m ({
     [90m    |[39m     [31m[1m^[22m[39m
     [90m 43 |[39m       [33m...[39mprev[33m,[39m
     [90m 44 |[39m       [name][33m:[39m value
     [90m 45 |[39m     }))[33m;[39m[0m

      at printWarning (node_modules/react-dom/cjs/react-dom.development.js:86:30)
      at error (node_modules/react-dom/cjs/react-dom.development.js:60:7)
      at warnIfUpdatesNotWrappedWithActDEV (node_modules/react-dom/cjs/react-dom.development.js:27628:9)
      at scheduleUpdateOnFiber (node_modules/react-dom/cjs/react-dom.development.js:25547:5)
      at setFormData (node_modules/react-dom/cjs/react-dom.development.js:16708:7)
      at handleChange (src/components/MortgageCalculator.js:42:5)
      at HTMLUnknownElement.callCallback (node_modules/react-dom/cjs/react-dom.development.js:4164:14)
      at HTMLUnknownElement.callTheUserObjectsOperation (node_modules/jsdom/lib/jsdom/living/generated/EventListener.js:26:30)
      at innerInvokeEventListeners (node_modules/jsdom/lib/jsdom/living/events/EventTarget-impl.js:338:25)
      at invokeEventListeners (node_modules/jsdom/lib/jsdom/living/events/EventTarget-impl.js:274:3)
      at HTMLUnknownElementImpl._dispatch (node_modules/jsdom/lib/jsdom/living/events/EventTarget-impl.js:221:9)
      at HTMLUnknownElementImpl.dispatchEvent (node_modules/jsdom/lib/jsdom/living/events/EventTarget-impl.js:94:17)
      at HTMLUnknownElement.dispatchEvent (node_modules/jsdom/lib/jsdom/living/generated/EventTarget.js:231:34)
      at Object.invokeGuardedCallbackDev (node_modules/react-dom/cjs/react-dom.development.js:4213:16)
      at invokeGuardedCallback (node_modules/react-dom/cjs/react-dom.development.js:4277:31)
      at invokeGuardedCallbackAndCatchFirstError (node_modules/react-dom/cjs/react-dom.development.js:4291:25)
      at executeDispatch (node_modules/react-dom/cjs/react-dom.development.js:9041:3)
      at processDispatchQueueItemsInOrder (node_modules/react-dom/cjs/react-dom.development.js:9073:7)
      at processDispatchQueue (node_modules/react-dom/cjs/react-dom.development.js:9086:5)
      at dispatchEventsForPlugins (node_modules/react-dom/cjs/react-dom.development.js:9097:3)
      at node_modules/react-dom/cjs/react-dom.development.js:9288:12
      at batchedUpdates$1 (node_modules/react-dom/cjs/react-dom.development.js:26179:12)
      at batchedUpdates (node_modules/react-dom/cjs/react-dom.development.js:3991:12)
      at dispatchEventForPluginEventSystem (node_modules/react-dom/cjs/react-dom.development.js:9287:3)
      at dispatchEventWithEnableCapturePhaseSelectiveHydrationWithoutDiscreteEventReplay (node_modules/react-dom/cjs/react-dom.development.js:6465:5)
      at dispatchEvent (node_modules/react-dom/cjs/react-dom.development.js:6457:5)
      at dispatchDiscreteEvent (node_modules/react-dom/cjs/react-dom.development.js:6430:5)
      at HTMLDivElement.callTheUserObjectsOperation (node_modules/jsdom/lib/jsdom/living/generated/EventListener.js:26:30)
      at innerInvokeEventListeners (node_modules/jsdom/lib/jsdom/living/events/EventTarget-impl.js:338:25)
      at invokeEventListeners (node_modules/jsdom/lib/jsdom/living/events/EventTarget-impl.js:274:3)
      at HTMLInputElementImpl._dispatch (node_modules/jsdom/lib/jsdom/living/events/EventTarget-impl.js:221:9)
      at HTMLInputElementImpl.dispatchEvent (node_modules/jsdom/lib/jsdom/living/events/EventTarget-impl.js:94:17)
      at HTMLInputElement.dispatchEvent (node_modules/jsdom/lib/jsdom/living/generated/EventTarget.js:231:34)
      at node_modules/@testing-library/dom/dist/events.js:19:20
      at Object.eventWrapper (node_modules/@testing-library/dom/dist/config.js:25:23)
      at fireEvent (node_modules/@testing-library/dom/dist/events.js:12:35)
      at fireEvent.<computed> [as input] (node_modules/@testing-library/dom/dist/events.js:110:36)
      at fireInputEvent (node_modules/@testing-library/user-event/dist/keyboard/shared/fireInputEvent.js:31:18)
      at Object.handle (node_modules/@testing-library/user-event/dist/keyboard/plugins/character.js:138:32)
      at applyPlugins (node_modules/@testing-library/user-event/dist/keyboard/keyboardImplementation.js:157:12)
      at keypress (node_modules/@testing-library/user-event/dist/keyboard/keyboardImplementation.js:135:5)
      at keyboardImplementation (node_modules/@testing-library/user-event/dist/keyboard/keyboardImplementation.js:53:9)
      at keyboardImplementation (node_modules/@testing-library/user-event/dist/keyboard/keyboardImplementation.js:81:12)
      at keyboardImplementationWrapper (node_modules/@testing-library/user-event/dist/keyboard/index.js:55:65)
      at typeImplementation (node_modules/@testing-library/user-event/dist/type/typeImplementation.js:49:51)
      at Object.type (node_modules/@testing-library/user-event/dist/type/index.js:27:60)
      at Object.<anonymous> (src/components/MortgageCalculator.test.js:44:21)

    console.error
      Warning: An update to MortgageCalculator inside a test was not wrapped in act(...).
      
      When testing, code that causes React state updates should be wrapped into act(...):
      
      act(() => {
        /* fire events that update state */
      });
      /* assert on the output */
      
      This ensures that you're testing the behavior the user would see in the browser. Learn more at https://reactjs.org/link/wrap-tests-with-act
          at MortgageCalculator (C:\Users\Andre Cadima\Documents\Gestion De Calidad de Sistemas\Calculadora_Pruebas_Unitarias\src\components\MortgageCalculator.js:7:43)

    [0m [90m 40 |[39m   [36mconst[39m handleChange [33m=[39m (e) [33m=>[39m {
     [90m 41 |[39m     [36mconst[39m { name[33m,[39m value } [33m=[39m e[33m.[39mtarget[33m;[39m
    [31m[1m>[22m[39m[90m 42 |[39m     setFormData(prev [33m=>[39m ({
     [90m    |[39m     [31m[1m^[22m[39m
     [90m 43 |[39m       [33m...[39mprev[33m,[39m
     [90m 44 |[39m       [name][33m:[39m value
     [90m 45 |[39m     }))[33m;[39m[0m

      at printWarning (node_modules/react-dom/cjs/react-dom.development.js:86:30)
      at error (node_modules/react-dom/cjs/react-dom.development.js:60:7)
      at warnIfUpdatesNotWrappedWithActDEV (node_modules/react-dom/cjs/react-dom.development.js:27628:9)
      at scheduleUpdateOnFiber (node_modules/react-dom/cjs/react-dom.development.js:25547:5)
      at setFormData (node_modules/react-dom/cjs/react-dom.development.js:16708:7)
      at handleChange (src/components/MortgageCalculator.js:42:5)
      at HTMLUnknownElement.callCallback (node_modules/react-dom/cjs/react-dom.development.js:4164:14)
      at HTMLUnknownElement.callTheUserObjectsOperation (node_modules/jsdom/lib/jsdom/living/generated/EventListener.js:26:30)
      at innerInvokeEventListeners (node_modules/jsdom/lib/jsdom/living/events/EventTarget-impl.js:338:25)
      at invokeEventListeners (node_modules/jsdom/lib/jsdom/living/events/EventTarget-impl.js:274:3)
      at HTMLUnknownElementImpl._dispatch (node_modules/jsdom/lib/jsdom/living/events/EventTarget-impl.js:221:9)
      at HTMLUnknownElementImpl.dispatchEvent (node_modules/jsdom/lib/jsdom/living/events/EventTarget-impl.js:94:17)
      at HTMLUnknownElement.dispatchEvent (node_modules/jsdom/lib/jsdom/living/generated/EventTarget.js:231:34)
      at Object.invokeGuardedCallbackDev (node_modules/react-dom/cjs/react-dom.development.js:4213:16)
      at invokeGuardedCallback (node_modules/react-dom/cjs/react-dom.development.js:4277:31)
      at invokeGuardedCallbackAndCatchFirstError (node_modules/react-dom/cjs/react-dom.development.js:4291:25)
      at executeDispatch (node_modules/react-dom/cjs/react-dom.development.js:9041:3)
      at processDispatchQueueItemsInOrder (node_modules/react-dom/cjs/react-dom.development.js:9073:7)
      at processDispatchQueue (node_modules/react-dom/cjs/react-dom.development.js:9086:5)
      at dispatchEventsForPlugins (node_modules/react-dom/cjs/react-dom.development.js:9097:3)
      at node_modules/react-dom/cjs/react-dom.development.js:9288:12
      at batchedUpdates$1 (node_modules/react-dom/cjs/react-dom.development.js:26179:12)
      at batchedUpdates (node_modules/react-dom/cjs/react-dom.development.js:3991:12)
      at dispatchEventForPluginEventSystem (node_modules/react-dom/cjs/react-dom.development.js:9287:3)
      at dispatchEventWithEnableCapturePhaseSelectiveHydrationWithoutDiscreteEventReplay (node_modules/react-dom/cjs/react-dom.development.js:6465:5)
      at dispatchEvent (node_modules/react-dom/cjs/react-dom.development.js:6457:5)
      at dispatchDiscreteEvent (node_modules/react-dom/cjs/react-dom.development.js:6430:5)
      at HTMLDivElement.callTheUserObjectsOperation (node_modules/jsdom/lib/jsdom/living/generated/EventListener.js:26:30)
      at innerInvokeEventListeners (node_modules/jsdom/lib/jsdom/living/events/EventTarget-impl.js:338:25)
      at invokeEventListeners (node_modules/jsdom/lib/jsdom/living/events/EventTarget-impl.js:274:3)
      at HTMLInputElementImpl._dispatch (node_modules/jsdom/lib/jsdom/living/events/EventTarget-impl.js:221:9)
      at HTMLInputElementImpl.dispatchEvent (node_modules/jsdom/lib/jsdom/living/events/EventTarget-impl.js:94:17)
      at HTMLInputElement.dispatchEvent (node_modules/jsdom/lib/jsdom/living/generated/EventTarget.js:231:34)
      at node_modules/@testing-library/dom/dist/events.js:19:20
      at Object.eventWrapper (node_modules/@testing-library/dom/dist/config.js:25:23)
      at fireEvent (node_modules/@testing-library/dom/dist/events.js:12:35)
      at fireEvent.<computed> [as input] (node_modules/@testing-library/dom/dist/events.js:110:36)
      at fireInputEvent (node_modules/@testing-library/user-event/dist/keyboard/shared/fireInputEvent.js:31:18)
      at Object.handle (node_modules/@testing-library/user-event/dist/keyboard/plugins/character.js:138:32)
      at applyPlugins (node_modules/@testing-library/user-event/dist/keyboard/keyboardImplementation.js:157:12)
      at keypress (node_modules/@testing-library/user-event/dist/keyboard/keyboardImplementation.js:135:5)
      at keyboardImplementation (node_modules/@testing-library/user-event/dist/keyboard/keyboardImplementation.js:53:9)
      at keyboardImplementation (node_modules/@testing-library/user-event/dist/keyboard/keyboardImplementation.js:81:12)
      at keyboardImplementation (node_modules/@testing-library/user-event/dist/keyboard/keyboardImplementation.js:81:12)
      at keyboardImplementationWrapper (node_modules/@testing-library/user-event/dist/keyboard/index.js:55:65)
      at typeImplementation (node_modules/@testing-library/user-event/dist/type/typeImplementation.js:49:51)
      at Object.type (node_modules/@testing-library/user-event/dist/type/index.js:27:60)
      at Object.<anonymous> (src/components/MortgageCalculator.test.js:44:21)

    console.error
      Warning: An update to MortgageCalculator inside a test was not wrapped in act(...).
      
      When testing, code that causes React state updates should be wrapped into act(...):
      
      act(() => {
        /* fire events that update state */
      });
      /* assert on the output */
      
      This ensures that you're testing the behavior the user would see in the browser. Learn more at https://reactjs.org/link/wrap-tests-with-act
          at MortgageCalculator (C:\Users\Andre Cadima\Documents\Gestion De Calidad de Sistemas\Calculadora_Pruebas_Unitarias\src\components\MortgageCalculator.js:7:43)

    [0m [90m 40 |[39m   [36mconst[39m handleChange [33m=[39m (e) [33m=>[39m {
     [90m 41 |[39m     [36mconst[39m { name[33m,[39m value } [33m=[39m e[33m.[39mtarget[33m;[39m
    [31m[1m>[22m[39m[90m 42 |[39m     setFormData(prev [33m=>[39m ({
     [90m    |[39m     [31m[1m^[22m[39m
     [90m 43 |[39m       [33m...[39mprev[33m,[39m
     [90m 44 |[39m       [name][33m:[39m value
     [90m 45 |[39m     }))[33m;[39m[0m

      at printWarning (node_modules/react-dom/cjs/react-dom.development.js:86:30)
      at error (node_modules/react-dom/cjs/react-dom.development.js:60:7)
      at warnIfUpdatesNotWrappedWithActDEV (node_modules/react-dom/cjs/react-dom.development.js:27628:9)
      at scheduleUpdateOnFiber (node_modules/react-dom/cjs/react-dom.development.js:25547:5)
      at setFormData (node_modules/react-dom/cjs/react-dom.development.js:16708:7)
      at handleChange (src/components/MortgageCalculator.js:42:5)
      at HTMLUnknownElement.callCallback (node_modules/react-dom/cjs/react-dom.development.js:4164:14)
      at HTMLUnknownElement.callTheUserObjectsOperation (node_modules/jsdom/lib/jsdom/living/generated/EventListener.js:26:30)
      at innerInvokeEventListeners (node_modules/jsdom/lib/jsdom/living/events/EventTarget-impl.js:338:25)
      at invokeEventListeners (node_modules/jsdom/lib/jsdom/living/events/EventTarget-impl.js:274:3)
      at HTMLUnknownElementImpl._dispatch (node_modules/jsdom/lib/jsdom/living/events/EventTarget-impl.js:221:9)
      at HTMLUnknownElementImpl.dispatchEvent (node_modules/jsdom/lib/jsdom/living/events/EventTarget-impl.js:94:17)
      at HTMLUnknownElement.dispatchEvent (node_modules/jsdom/lib/jsdom/living/generated/EventTarget.js:231:34)
      at Object.invokeGuardedCallbackDev (node_modules/react-dom/cjs/react-dom.development.js:4213:16)
      at invokeGuardedCallback (node_modules/react-dom/cjs/react-dom.development.js:4277:31)
      at invokeGuardedCallbackAndCatchFirstError (node_modules/react-dom/cjs/react-dom.development.js:4291:25)
      at executeDispatch (node_modules/react-dom/cjs/react-dom.development.js:9041:3)
      at processDispatchQueueItemsInOrder (node_modules/react-dom/cjs/react-dom.development.js:9073:7)
      at processDispatchQueue (node_modules/react-dom/cjs/react-dom.development.js:9086:5)
      at dispatchEventsForPlugins (node_modules/react-dom/cjs/react-dom.development.js:9097:3)
      at node_modules/react-dom/cjs/react-dom.development.js:9288:12
      at batchedUpdates$1 (node_modules/react-dom/cjs/react-dom.development.js:26179:12)
      at batchedUpdates (node_modules/react-dom/cjs/react-dom.development.js:3991:12)
      at dispatchEventForPluginEventSystem (node_modules/react-dom/cjs/react-dom.development.js:9287:3)
      at dispatchEventWithEnableCapturePhaseSelectiveHydrationWithoutDiscreteEventReplay (node_modules/react-dom/cjs/react-dom.development.js:6465:5)
      at dispatchEvent (node_modules/react-dom/cjs/react-dom.development.js:6457:5)
      at dispatchDiscreteEvent (node_modules/react-dom/cjs/react-dom.development.js:6430:5)
      at HTMLDivElement.callTheUserObjectsOperation (node_modules/jsdom/lib/jsdom/living/generated/EventListener.js:26:30)
      at innerInvokeEventListeners (node_modules/jsdom/lib/jsdom/living/events/EventTarget-impl.js:338:25)
      at invokeEventListeners (node_modules/jsdom/lib/jsdom/living/events/EventTarget-impl.js:274:3)
      at HTMLInputElementImpl._dispatch (node_modules/jsdom/lib/jsdom/living/events/EventTarget-impl.js:221:9)
      at HTMLInputElementImpl.dispatchEvent (node_modules/jsdom/lib/jsdom/living/events/EventTarget-impl.js:94:17)
      at HTMLInputElement.dispatchEvent (node_modules/jsdom/lib/jsdom/living/generated/EventTarget.js:231:34)
      at node_modules/@testing-library/dom/dist/events.js:19:20
      at Object.eventWrapper (node_modules/@testing-library/dom/dist/config.js:25:23)
      at fireEvent (node_modules/@testing-library/dom/dist/events.js:12:35)
      at fireEvent.<computed> [as input] (node_modules/@testing-library/dom/dist/events.js:110:36)
      at fireInputEvent (node_modules/@testing-library/user-event/dist/keyboard/shared/fireInputEvent.js:31:18)
      at Object.handle (node_modules/@testing-library/user-event/dist/keyboard/plugins/character.js:138:32)
      at applyPlugins (node_modules/@testing-library/user-event/dist/keyboard/keyboardImplementation.js:157:12)
      at keypress (node_modules/@testing-library/user-event/dist/keyboard/keyboardImplementation.js:135:5)
      at keyboardImplementation (node_modules/@testing-library/user-event/dist/keyboard/keyboardImplementation.js:53:9)
      at keyboardImplementation (node_modules/@testing-library/user-event/dist/keyboard/keyboardImplementation.js:81:12)
      at keyboardImplementation (node_modules/@testing-library/user-event/dist/keyboard/keyboardImplementation.js:81:12)
      at keyboardImplementation (node_modules/@testing-library/user-event/dist/keyboard/keyboardImplementation.js:81:12)
      at keyboardImplementationWrapper (node_modules/@testing-library/user-event/dist/keyboard/index.js:55:65)
      at typeImplementation (node_modules/@testing-library/user-event/dist/type/typeImplementation.js:49:51)
      at Object.type (node_modules/@testing-library/user-event/dist/type/index.js:27:60)

    console.error
      Warning: An update to MortgageCalculator inside a test was not wrapped in act(...).
      
      When testing, code that causes React state updates should be wrapped into act(...):
      
      act(() => {
        /* fire events that update state */
      });
      /* assert on the output */
      
      This ensures that you're testing the behavior the user would see in the browser. Learn more at https://reactjs.org/link/wrap-tests-with-act
          at MortgageCalculator (C:\Users\Andre Cadima\Documents\Gestion De Calidad de Sistemas\Calculadora_Pruebas_Unitarias\src\components\MortgageCalculator.js:7:43)

    [0m [90m 40 |[39m   [36mconst[39m handleChange [33m=[39m (e) [33m=>[39m {
     [90m 41 |[39m     [36mconst[39m { name[33m,[39m value } [33m=[39m e[33m.[39mtarget[33m;[39m
    [31m[1m>[22m[39m[90m 42 |[39m     setFormData(prev [33m=>[39m ({
     [90m    |[39m     [31m[1m^[22m[39m
     [90m 43 |[39m       [33m...[39mprev[33m,[39m
     [90m 44 |[39m       [name][33m:[39m value
     [90m 45 |[39m     }))[33m;[39m[0m

      at printWarning (node_modules/react-dom/cjs/react-dom.development.js:86:30)
      at error (node_modules/react-dom/cjs/react-dom.development.js:60:7)
      at warnIfUpdatesNotWrappedWithActDEV (node_modules/react-dom/cjs/react-dom.development.js:27628:9)
      at scheduleUpdateOnFiber (node_modules/react-dom/cjs/react-dom.development.js:25547:5)
      at setFormData (node_modules/react-dom/cjs/react-dom.development.js:16708:7)
      at handleChange (src/components/MortgageCalculator.js:42:5)
      at HTMLUnknownElement.callCallback (node_modules/react-dom/cjs/react-dom.development.js:4164:14)
      at HTMLUnknownElement.callTheUserObjectsOperation (node_modules/jsdom/lib/jsdom/living/generated/EventListener.js:26:30)
      at innerInvokeEventListeners (node_modules/jsdom/lib/jsdom/living/events/EventTarget-impl.js:338:25)
      at invokeEventListeners (node_modules/jsdom/lib/jsdom/living/events/EventTarget-impl.js:274:3)
      at HTMLUnknownElementImpl._dispatch (node_modules/jsdom/lib/jsdom/living/events/EventTarget-impl.js:221:9)
      at HTMLUnknownElementImpl.dispatchEvent (node_modules/jsdom/lib/jsdom/living/events/EventTarget-impl.js:94:17)
      at HTMLUnknownElement.dispatchEvent (node_modules/jsdom/lib/jsdom/living/generated/EventTarget.js:231:34)
      at Object.invokeGuardedCallbackDev (node_modules/react-dom/cjs/react-dom.development.js:4213:16)
      at invokeGuardedCallback (node_modules/react-dom/cjs/react-dom.development.js:4277:31)
      at invokeGuardedCallbackAndCatchFirstError (node_modules/react-dom/cjs/react-dom.development.js:4291:25)
      at executeDispatch (node_modules/react-dom/cjs/react-dom.development.js:9041:3)
      at processDispatchQueueItemsInOrder (node_modules/react-dom/cjs/react-dom.development.js:9073:7)
      at processDispatchQueue (node_modules/react-dom/cjs/react-dom.development.js:9086:5)
      at dispatchEventsForPlugins (node_modules/react-dom/cjs/react-dom.development.js:9097:3)
      at node_modules/react-dom/cjs/react-dom.development.js:9288:12
      at batchedUpdates$1 (node_modules/react-dom/cjs/react-dom.development.js:26179:12)
      at batchedUpdates (node_modules/react-dom/cjs/react-dom.development.js:3991:12)
      at dispatchEventForPluginEventSystem (node_modules/react-dom/cjs/react-dom.development.js:9287:3)
      at dispatchEventWithEnableCapturePhaseSelectiveHydrationWithoutDiscreteEventReplay (node_modules/react-dom/cjs/react-dom.development.js:6465:5)
      at dispatchEvent (node_modules/react-dom/cjs/react-dom.development.js:6457:5)
      at dispatchDiscreteEvent (node_modules/react-dom/cjs/react-dom.development.js:6430:5)
      at HTMLDivElement.callTheUserObjectsOperation (node_modules/jsdom/lib/jsdom/living/generated/EventListener.js:26:30)
      at innerInvokeEventListeners (node_modules/jsdom/lib/jsdom/living/events/EventTarget-impl.js:338:25)
      at invokeEventListeners (node_modules/jsdom/lib/jsdom/living/events/EventTarget-impl.js:274:3)
      at HTMLInputElementImpl._dispatch (node_modules/jsdom/lib/jsdom/living/events/EventTarget-impl.js:221:9)
      at HTMLInputElementImpl.dispatchEvent (node_modules/jsdom/lib/jsdom/living/events/EventTarget-impl.js:94:17)
      at HTMLInputElement.dispatchEvent (node_modules/jsdom/lib/jsdom/living/generated/EventTarget.js:231:34)
      at node_modules/@testing-library/dom/dist/events.js:19:20
      at Object.eventWrapper (node_modules/@testing-library/dom/dist/config.js:25:23)
      at fireEvent (node_modules/@testing-library/dom/dist/events.js:12:35)
      at fireEvent.<computed> [as input] (node_modules/@testing-library/dom/dist/events.js:110:36)
      at fireInputEvent (node_modules/@testing-library/user-event/dist/keyboard/shared/fireInputEvent.js:31:18)
      at Object.handle (node_modules/@testing-library/user-event/dist/keyboard/plugins/character.js:138:32)
      at applyPlugins (node_modules/@testing-library/user-event/dist/keyboard/keyboardImplementation.js:157:12)
      at keypress (node_modules/@testing-library/user-event/dist/keyboard/keyboardImplementation.js:135:5)
      at keyboardImplementation (node_modules/@testing-library/user-event/dist/keyboard/keyboardImplementation.js:53:9)
      at keyboardImplementation (node_modules/@testing-library/user-event/dist/keyboard/keyboardImplementation.js:81:12)
      at keyboardImplementation (node_modules/@testing-library/user-event/dist/keyboard/keyboardImplementation.js:81:12)
      at keyboardImplementation (node_modules/@testing-library/user-event/dist/keyboard/keyboardImplementation.js:81:12)
      at keyboardImplementation (node_modules/@testing-library/user-event/dist/keyboard/keyboardImplementation.js:81:12)
      at keyboardImplementationWrapper (node_modules/@testing-library/user-event/dist/keyboard/index.js:55:65)
      at typeImplementation (node_modules/@testing-library/user-event/dist/type/typeImplementation.js:49:51)

    console.error
      Warning: An update to MortgageCalculator inside a test was not wrapped in act(...).
      
      When testing, code that causes React state updates should be wrapped into act(...):
      
      act(() => {
        /* fire events that update state */
      });
      /* assert on the output */
      
      This ensures that you're testing the behavior the user would see in the browser. Learn more at https://reactjs.org/link/wrap-tests-with-act
          at MortgageCalculator (C:\Users\Andre Cadima\Documents\Gestion De Calidad de Sistemas\Calculadora_Pruebas_Unitarias\src\components\MortgageCalculator.js:7:43)

    [0m [90m 40 |[39m   [36mconst[39m handleChange [33m=[39m (e) [33m=>[39m {
     [90m 41 |[39m     [36mconst[39m { name[33m,[39m value } [33m=[39m e[33m.[39mtarget[33m;[39m
    [31m[1m>[22m[39m[90m 42 |[39m     setFormData(prev [33m=>[39m ({
     [90m    |[39m     [31m[1m^[22m[39m
     [90m 43 |[39m       [33m...[39mprev[33m,[39m
     [90m 44 |[39m       [name][33m:[39m value
     [90m 45 |[39m     }))[33m;[39m[0m

      at printWarning (node_modules/react-dom/cjs/react-dom.development.js:86:30)
      at error (node_modules/react-dom/cjs/react-dom.development.js:60:7)
      at warnIfUpdatesNotWrappedWithActDEV (node_modules/react-dom/cjs/react-dom.development.js:27628:9)
      at scheduleUpdateOnFiber (node_modules/react-dom/cjs/react-dom.development.js:25547:5)
      at setFormData (node_modules/react-dom/cjs/react-dom.development.js:16708:7)
      at handleChange (src/components/MortgageCalculator.js:42:5)
      at HTMLUnknownElement.callCallback (node_modules/react-dom/cjs/react-dom.development.js:4164:14)
      at HTMLUnknownElement.callTheUserObjectsOperation (node_modules/jsdom/lib/jsdom/living/generated/EventListener.js:26:30)
      at innerInvokeEventListeners (node_modules/jsdom/lib/jsdom/living/events/EventTarget-impl.js:338:25)
      at invokeEventListeners (node_modules/jsdom/lib/jsdom/living/events/EventTarget-impl.js:274:3)
      at HTMLUnknownElementImpl._dispatch (node_modules/jsdom/lib/jsdom/living/events/EventTarget-impl.js:221:9)
      at HTMLUnknownElementImpl.dispatchEvent (node_modules/jsdom/lib/jsdom/living/events/EventTarget-impl.js:94:17)
      at HTMLUnknownElement.dispatchEvent (node_modules/jsdom/lib/jsdom/living/generated/EventTarget.js:231:34)
      at Object.invokeGuardedCallbackDev (node_modules/react-dom/cjs/react-dom.development.js:4213:16)
      at invokeGuardedCallback (node_modules/react-dom/cjs/react-dom.development.js:4277:31)
      at invokeGuardedCallbackAndCatchFirstError (node_modules/react-dom/cjs/react-dom.development.js:4291:25)
      at executeDispatch (node_modules/react-dom/cjs/react-dom.development.js:9041:3)
      at processDispatchQueueItemsInOrder (node_modules/react-dom/cjs/react-dom.development.js:9073:7)
      at processDispatchQueue (node_modules/react-dom/cjs/react-dom.development.js:9086:5)
      at dispatchEventsForPlugins (node_modules/react-dom/cjs/react-dom.development.js:9097:3)
      at node_modules/react-dom/cjs/react-dom.development.js:9288:12
      at batchedUpdates$1 (node_modules/react-dom/cjs/react-dom.development.js:26179:12)
      at batchedUpdates (node_modules/react-dom/cjs/react-dom.development.js:3991:12)
      at dispatchEventForPluginEventSystem (node_modules/react-dom/cjs/react-dom.development.js:9287:3)
      at dispatchEventWithEnableCapturePhaseSelectiveHydrationWithoutDiscreteEventReplay (node_modules/react-dom/cjs/react-dom.development.js:6465:5)
      at dispatchEvent (node_modules/react-dom/cjs/react-dom.development.js:6457:5)
      at dispatchDiscreteEvent (node_modules/react-dom/cjs/react-dom.development.js:6430:5)
      at HTMLDivElement.callTheUserObjectsOperation (node_modules/jsdom/lib/jsdom/living/generated/EventListener.js:26:30)
      at innerInvokeEventListeners (node_modules/jsdom/lib/jsdom/living/events/EventTarget-impl.js:338:25)
      at invokeEventListeners (node_modules/jsdom/lib/jsdom/living/events/EventTarget-impl.js:274:3)
      at HTMLInputElementImpl._dispatch (node_modules/jsdom/lib/jsdom/living/events/EventTarget-impl.js:221:9)
      at HTMLInputElementImpl.dispatchEvent (node_modules/jsdom/lib/jsdom/living/events/EventTarget-impl.js:94:17)
      at HTMLInputElement.dispatchEvent (node_modules/jsdom/lib/jsdom/living/generated/EventTarget.js:231:34)
      at node_modules/@testing-library/dom/dist/events.js:19:20
      at Object.eventWrapper (node_modules/@testing-library/dom/dist/config.js:25:23)
      at fireEvent (node_modules/@testing-library/dom/dist/events.js:12:35)
      at fireEvent.<computed> [as input] (node_modules/@testing-library/dom/dist/events.js:110:36)
      at fireInputEvent (node_modules/@testing-library/user-event/dist/keyboard/shared/fireInputEvent.js:31:18)
      at Object.handle (node_modules/@testing-library/user-event/dist/keyboard/plugins/character.js:138:32)
      at applyPlugins (node_modules/@testing-library/user-event/dist/keyboard/keyboardImplementation.js:157:12)
      at keypress (node_modules/@testing-library/user-event/dist/keyboard/keyboardImplementation.js:135:5)
      at keyboardImplementation (node_modules/@testing-library/user-event/dist/keyboard/keyboardImplementation.js:53:9)
      at keyboardImplementationWrapper (node_modules/@testing-library/user-event/dist/keyboard/index.js:55:65)
      at typeImplementation (node_modules/@testing-library/user-event/dist/type/typeImplementation.js:49:51)
      at Object.type (node_modules/@testing-library/user-event/dist/type/index.js:27:60)
      at Object.<anonymous> (src/components/MortgageCalculator.test.js:45:21)

    console.error
      Warning: An update to MortgageCalculator inside a test was not wrapped in act(...).
      
      When testing, code that causes React state updates should be wrapped into act(...):
      
      act(() => {
        /* fire events that update state */
      });
      /* assert on the output */
      
      This ensures that you're testing the behavior the user would see in the browser. Learn more at https://reactjs.org/link/wrap-tests-with-act
          at MortgageCalculator (C:\Users\Andre Cadima\Documents\Gestion De Calidad de Sistemas\Calculadora_Pruebas_Unitarias\src\components\MortgageCalculator.js:7:43)

    [0m [90m 40 |[39m   [36mconst[39m handleChange [33m=[39m (e) [33m=>[39m {
     [90m 41 |[39m     [36mconst[39m { name[33m,[39m value } [33m=[39m e[33m.[39mtarget[33m;[39m
    [31m[1m>[22m[39m[90m 42 |[39m     setFormData(prev [33m=>[39m ({
     [90m    |[39m     [31m[1m^[22m[39m
     [90m 43 |[39m       [33m...[39mprev[33m,[39m
     [90m 44 |[39m       [name][33m:[39m value
     [90m 45 |[39m     }))[33m;[39m[0m

      at printWarning (node_modules/react-dom/cjs/react-dom.development.js:86:30)
      at error (node_modules/react-dom/cjs/react-dom.development.js:60:7)
      at warnIfUpdatesNotWrappedWithActDEV (node_modules/react-dom/cjs/react-dom.development.js:27628:9)
      at scheduleUpdateOnFiber (node_modules/react-dom/cjs/react-dom.development.js:25547:5)
      at setFormData (node_modules/react-dom/cjs/react-dom.development.js:16708:7)
      at handleChange (src/components/MortgageCalculator.js:42:5)
      at HTMLUnknownElement.callCallback (node_modules/react-dom/cjs/react-dom.development.js:4164:14)
      at HTMLUnknownElement.callTheUserObjectsOperation (node_modules/jsdom/lib/jsdom/living/generated/EventListener.js:26:30)
      at innerInvokeEventListeners (node_modules/jsdom/lib/jsdom/living/events/EventTarget-impl.js:338:25)
      at invokeEventListeners (node_modules/jsdom/lib/jsdom/living/events/EventTarget-impl.js:274:3)
      at HTMLUnknownElementImpl._dispatch (node_modules/jsdom/lib/jsdom/living/events/EventTarget-impl.js:221:9)
      at HTMLUnknownElementImpl.dispatchEvent (node_modules/jsdom/lib/jsdom/living/events/EventTarget-impl.js:94:17)
      at HTMLUnknownElement.dispatchEvent (node_modules/jsdom/lib/jsdom/living/generated/EventTarget.js:231:34)
      at Object.invokeGuardedCallbackDev (node_modules/react-dom/cjs/react-dom.development.js:4213:16)
      at invokeGuardedCallback (node_modules/react-dom/cjs/react-dom.development.js:4277:31)
      at invokeGuardedCallbackAndCatchFirstError (node_modules/react-dom/cjs/react-dom.development.js:4291:25)
      at executeDispatch (node_modules/react-dom/cjs/react-dom.development.js:9041:3)
      at processDispatchQueueItemsInOrder (node_modules/react-dom/cjs/react-dom.development.js:9073:7)
      at processDispatchQueue (node_modules/react-dom/cjs/react-dom.development.js:9086:5)
      at dispatchEventsForPlugins (node_modules/react-dom/cjs/react-dom.development.js:9097:3)
      at node_modules/react-dom/cjs/react-dom.development.js:9288:12
      at batchedUpdates$1 (node_modules/react-dom/cjs/react-dom.development.js:26179:12)
      at batchedUpdates (node_modules/react-dom/cjs/react-dom.development.js:3991:12)
      at dispatchEventForPluginEventSystem (node_modules/react-dom/cjs/react-dom.development.js:9287:3)
      at dispatchEventWithEnableCapturePhaseSelectiveHydrationWithoutDiscreteEventReplay (node_modules/react-dom/cjs/react-dom.development.js:6465:5)
      at dispatchEvent (node_modules/react-dom/cjs/react-dom.development.js:6457:5)
      at dispatchDiscreteEvent (node_modules/react-dom/cjs/react-dom.development.js:6430:5)
      at HTMLDivElement.callTheUserObjectsOperation (node_modules/jsdom/lib/jsdom/living/generated/EventListener.js:26:30)
      at innerInvokeEventListeners (node_modules/jsdom/lib/jsdom/living/events/EventTarget-impl.js:338:25)
      at invokeEventListeners (node_modules/jsdom/lib/jsdom/living/events/EventTarget-impl.js:274:3)
      at HTMLInputElementImpl._dispatch (node_modules/jsdom/lib/jsdom/living/events/EventTarget-impl.js:221:9)
      at HTMLInputElementImpl.dispatchEvent (node_modules/jsdom/lib/jsdom/living/events/EventTarget-impl.js:94:17)
      at HTMLInputElement.dispatchEvent (node_modules/jsdom/lib/jsdom/living/generated/EventTarget.js:231:34)
      at node_modules/@testing-library/dom/dist/events.js:19:20
      at Object.eventWrapper (node_modules/@testing-library/dom/dist/config.js:25:23)
      at fireEvent (node_modules/@testing-library/dom/dist/events.js:12:35)
      at fireEvent.<computed> [as input] (node_modules/@testing-library/dom/dist/events.js:110:36)
      at fireInputEvent (node_modules/@testing-library/user-event/dist/keyboard/shared/fireInputEvent.js:31:18)
      at Object.handle (node_modules/@testing-library/user-event/dist/keyboard/plugins/character.js:138:32)
      at applyPlugins (node_modules/@testing-library/user-event/dist/keyboard/keyboardImplementation.js:157:12)
      at keypress (node_modules/@testing-library/user-event/dist/keyboard/keyboardImplementation.js:135:5)
      at keyboardImplementation (node_modules/@testing-library/user-event/dist/keyboard/keyboardImplementation.js:53:9)
      at keyboardImplementation (node_modules/@testing-library/user-event/dist/keyboard/keyboardImplementation.js:81:12)
      at keyboardImplementationWrapper (node_modules/@testing-library/user-event/dist/keyboard/index.js:55:65)
      at typeImplementation (node_modules/@testing-library/user-event/dist/type/typeImplementation.js:49:51)
      at Object.type (node_modules/@testing-library/user-event/dist/type/index.js:27:60)
      at Object.<anonymous> (src/components/MortgageCalculator.test.js:45:21)

    console.error
      Warning: An update to MortgageCalculator inside a test was not wrapped in act(...).
      
      When testing, code that causes React state updates should be wrapped into act(...):
      
      act(() => {
        /* fire events that update state */
      });
      /* assert on the output */
      
      This ensures that you're testing the behavior the user would see in the browser. Learn more at https://reactjs.org/link/wrap-tests-with-act
          at MortgageCalculator (C:\Users\Andre Cadima\Documents\Gestion De Calidad de Sistemas\Calculadora_Pruebas_Unitarias\src\components\MortgageCalculator.js:7:43)

    [0m [90m 40 |[39m   [36mconst[39m handleChange [33m=[39m (e) [33m=>[39m {
     [90m 41 |[39m     [36mconst[39m { name[33m,[39m value } [33m=[39m e[33m.[39mtarget[33m;[39m
    [31m[1m>[22m[39m[90m 42 |[39m     setFormData(prev [33m=>[39m ({
     [90m    |[39m     [31m[1m^[22m[39m
     [90m 43 |[39m       [33m...[39mprev[33m,[39m
     [90m 44 |[39m       [name][33m:[39m value
     [90m 45 |[39m     }))[33m;[39m[0m

      at printWarning (node_modules/react-dom/cjs/react-dom.development.js:86:30)
      at error (node_modules/react-dom/cjs/react-dom.development.js:60:7)
      at warnIfUpdatesNotWrappedWithActDEV (node_modules/react-dom/cjs/react-dom.development.js:27628:9)
      at scheduleUpdateOnFiber (node_modules/react-dom/cjs/react-dom.development.js:25547:5)
      at setFormData (node_modules/react-dom/cjs/react-dom.development.js:16708:7)
      at handleChange (src/components/MortgageCalculator.js:42:5)
      at HTMLUnknownElement.callCallback (node_modules/react-dom/cjs/react-dom.development.js:4164:14)
      at HTMLUnknownElement.callTheUserObjectsOperation (node_modules/jsdom/lib/jsdom/living/generated/EventListener.js:26:30)
      at innerInvokeEventListeners (node_modules/jsdom/lib/jsdom/living/events/EventTarget-impl.js:338:25)
      at invokeEventListeners (node_modules/jsdom/lib/jsdom/living/events/EventTarget-impl.js:274:3)
      at HTMLUnknownElementImpl._dispatch (node_modules/jsdom/lib/jsdom/living/events/EventTarget-impl.js:221:9)
      at HTMLUnknownElementImpl.dispatchEvent (node_modules/jsdom/lib/jsdom/living/events/EventTarget-impl.js:94:17)
      at HTMLUnknownElement.dispatchEvent (node_modules/jsdom/lib/jsdom/living/generated/EventTarget.js:231:34)
      at Object.invokeGuardedCallbackDev (node_modules/react-dom/cjs/react-dom.development.js:4213:16)
      at invokeGuardedCallback (node_modules/react-dom/cjs/react-dom.development.js:4277:31)
      at invokeGuardedCallbackAndCatchFirstError (node_modules/react-dom/cjs/react-dom.development.js:4291:25)
      at executeDispatch (node_modules/react-dom/cjs/react-dom.development.js:9041:3)
      at processDispatchQueueItemsInOrder (node_modules/react-dom/cjs/react-dom.development.js:9073:7)
      at processDispatchQueue (node_modules/react-dom/cjs/react-dom.development.js:9086:5)
      at dispatchEventsForPlugins (node_modules/react-dom/cjs/react-dom.development.js:9097:3)
      at node_modules/react-dom/cjs/react-dom.development.js:9288:12
      at batchedUpdates$1 (node_modules/react-dom/cjs/react-dom.development.js:26179:12)
      at batchedUpdates (node_modules/react-dom/cjs/react-dom.development.js:3991:12)
      at dispatchEventForPluginEventSystem (node_modules/react-dom/cjs/react-dom.development.js:9287:3)
      at dispatchEventWithEnableCapturePhaseSelectiveHydrationWithoutDiscreteEventReplay (node_modules/react-dom/cjs/react-dom.development.js:6465:5)
      at dispatchEvent (node_modules/react-dom/cjs/react-dom.development.js:6457:5)
      at dispatchDiscreteEvent (node_modules/react-dom/cjs/react-dom.development.js:6430:5)
      at HTMLDivElement.callTheUserObjectsOperation (node_modules/jsdom/lib/jsdom/living/generated/EventListener.js:26:30)
      at innerInvokeEventListeners (node_modules/jsdom/lib/jsdom/living/events/EventTarget-impl.js:338:25)
      at invokeEventListeners (node_modules/jsdom/lib/jsdom/living/events/EventTarget-impl.js:274:3)
      at HTMLInputElementImpl._dispatch (node_modules/jsdom/lib/jsdom/living/events/EventTarget-impl.js:221:9)
      at HTMLInputElementImpl.dispatchEvent (node_modules/jsdom/lib/jsdom/living/events/EventTarget-impl.js:94:17)
      at HTMLInputElement.dispatchEvent (node_modules/jsdom/lib/jsdom/living/generated/EventTarget.js:231:34)
      at node_modules/@testing-library/dom/dist/events.js:19:20
      at Object.eventWrapper (node_modules/@testing-library/dom/dist/config.js:25:23)
      at fireEvent (node_modules/@testing-library/dom/dist/events.js:12:35)
      at fireEvent.<computed> [as input] (node_modules/@testing-library/dom/dist/events.js:110:36)
      at fireInputEvent (node_modules/@testing-library/user-event/dist/keyboard/shared/fireInputEvent.js:31:18)
      at Object.handle (node_modules/@testing-library/user-event/dist/keyboard/plugins/character.js:138:32)
      at applyPlugins (node_modules/@testing-library/user-event/dist/keyboard/keyboardImplementation.js:157:12)
      at keypress (node_modules/@testing-library/user-event/dist/keyboard/keyboardImplementation.js:135:5)
      at keyboardImplementation (node_modules/@testing-library/user-event/dist/keyboard/keyboardImplementation.js:53:9)
      at keyboardImplementation (node_modules/@testing-library/user-event/dist/keyboard/keyboardImplementation.js:81:12)
      at keyboardImplementation (node_modules/@testing-library/user-event/dist/keyboard/keyboardImplementation.js:81:12)
      at keyboardImplementationWrapper (node_modules/@testing-library/user-event/dist/keyboard/index.js:55:65)
      at typeImplementation (node_modules/@testing-library/user-event/dist/type/typeImplementation.js:49:51)
      at Object.type (node_modules/@testing-library/user-event/dist/type/index.js:27:60)
      at Object.<anonymous> (src/components/MortgageCalculator.test.js:45:21)

    console.error
      Warning: An update to MortgageCalculator inside a test was not wrapped in act(...).
      
      When testing, code that causes React state updates should be wrapped into act(...):
      
      act(() => {
        /* fire events that update state */
      });
      /* assert on the output */
      
      This ensures that you're testing the behavior the user would see in the browser. Learn more at https://reactjs.org/link/wrap-tests-with-act
          at MortgageCalculator (C:\Users\Andre Cadima\Documents\Gestion De Calidad de Sistemas\Calculadora_Pruebas_Unitarias\src\components\MortgageCalculator.js:7:43)

    [0m [90m 40 |[39m   [36mconst[39m handleChange [33m=[39m (e) [33m=>[39m {
     [90m 41 |[39m     [36mconst[39m { name[33m,[39m value } [33m=[39m e[33m.[39mtarget[33m;[39m
    [31m[1m>[22m[39m[90m 42 |[39m     setFormData(prev [33m=>[39m ({
     [90m    |[39m     [31m[1m^[22m[39m
     [90m 43 |[39m       [33m...[39mprev[33m,[39m
     [90m 44 |[39m       [name][33m:[39m value
     [90m 45 |[39m     }))[33m;[39m[0m

      at printWarning (node_modules/react-dom/cjs/react-dom.development.js:86:30)
      at error (node_modules/react-dom/cjs/react-dom.development.js:60:7)
      at warnIfUpdatesNotWrappedWithActDEV (node_modules/react-dom/cjs/react-dom.development.js:27628:9)
      at scheduleUpdateOnFiber (node_modules/react-dom/cjs/react-dom.development.js:25547:5)
      at setFormData (node_modules/react-dom/cjs/react-dom.development.js:16708:7)
      at handleChange (src/components/MortgageCalculator.js:42:5)
      at HTMLUnknownElement.callCallback (node_modules/react-dom/cjs/react-dom.development.js:4164:14)
      at HTMLUnknownElement.callTheUserObjectsOperation (node_modules/jsdom/lib/jsdom/living/generated/EventListener.js:26:30)
      at innerInvokeEventListeners (node_modules/jsdom/lib/jsdom/living/events/EventTarget-impl.js:338:25)
      at invokeEventListeners (node_modules/jsdom/lib/jsdom/living/events/EventTarget-impl.js:274:3)
      at HTMLUnknownElementImpl._dispatch (node_modules/jsdom/lib/jsdom/living/events/EventTarget-impl.js:221:9)
      at HTMLUnknownElementImpl.dispatchEvent (node_modules/jsdom/lib/jsdom/living/events/EventTarget-impl.js:94:17)
      at HTMLUnknownElement.dispatchEvent (node_modules/jsdom/lib/jsdom/living/generated/EventTarget.js:231:34)
      at Object.invokeGuardedCallbackDev (node_modules/react-dom/cjs/react-dom.development.js:4213:16)
      at invokeGuardedCallback (node_modules/react-dom/cjs/react-dom.development.js:4277:31)
      at invokeGuardedCallbackAndCatchFirstError (node_modules/react-dom/cjs/react-dom.development.js:4291:25)
      at executeDispatch (node_modules/react-dom/cjs/react-dom.development.js:9041:3)
      at processDispatchQueueItemsInOrder (node_modules/react-dom/cjs/react-dom.development.js:9073:7)
      at processDispatchQueue (node_modules/react-dom/cjs/react-dom.development.js:9086:5)
      at dispatchEventsForPlugins (node_modules/react-dom/cjs/react-dom.development.js:9097:3)
      at node_modules/react-dom/cjs/react-dom.development.js:9288:12
      at batchedUpdates$1 (node_modules/react-dom/cjs/react-dom.development.js:26179:12)
      at batchedUpdates (node_modules/react-dom/cjs/react-dom.development.js:3991:12)
      at dispatchEventForPluginEventSystem (node_modules/react-dom/cjs/react-dom.development.js:9287:3)
      at dispatchEventWithEnableCapturePhaseSelectiveHydrationWithoutDiscreteEventReplay (node_modules/react-dom/cjs/react-dom.development.js:6465:5)
      at dispatchEvent (node_modules/react-dom/cjs/react-dom.development.js:6457:5)
      at dispatchDiscreteEvent (node_modules/react-dom/cjs/react-dom.development.js:6430:5)
      at HTMLDivElement.callTheUserObjectsOperation (node_modules/jsdom/lib/jsdom/living/generated/EventListener.js:26:30)
      at innerInvokeEventListeners (node_modules/jsdom/lib/jsdom/living/events/EventTarget-impl.js:338:25)
      at invokeEventListeners (node_modules/jsdom/lib/jsdom/living/events/EventTarget-impl.js:274:3)
      at HTMLInputElementImpl._dispatch (node_modules/jsdom/lib/jsdom/living/events/EventTarget-impl.js:221:9)
      at HTMLInputElementImpl.dispatchEvent (node_modules/jsdom/lib/jsdom/living/events/EventTarget-impl.js:94:17)
      at HTMLInputElement.dispatchEvent (node_modules/jsdom/lib/jsdom/living/generated/EventTarget.js:231:34)
      at node_modules/@testing-library/dom/dist/events.js:19:20
      at Object.eventWrapper (node_modules/@testing-library/dom/dist/config.js:25:23)
      at fireEvent (node_modules/@testing-library/dom/dist/events.js:12:35)
      at fireEvent.<computed> [as input] (node_modules/@testing-library/dom/dist/events.js:110:36)
      at fireInputEvent (node_modules/@testing-library/user-event/dist/keyboard/shared/fireInputEvent.js:31:18)
      at Object.handle (node_modules/@testing-library/user-event/dist/keyboard/plugins/character.js:138:32)
      at applyPlugins (node_modules/@testing-library/user-event/dist/keyboard/keyboardImplementation.js:157:12)
      at keypress (node_modules/@testing-library/user-event/dist/keyboard/keyboardImplementation.js:135:5)
      at keyboardImplementation (node_modules/@testing-library/user-event/dist/keyboard/keyboardImplementation.js:53:9)
      at keyboardImplementation (node_modules/@testing-library/user-event/dist/keyboard/keyboardImplementation.js:81:12)
      at keyboardImplementation (node_modules/@testing-library/user-event/dist/keyboard/keyboardImplementation.js:81:12)
      at keyboardImplementation (node_modules/@testing-library/user-event/dist/keyboard/keyboardImplementation.js:81:12)
      at keyboardImplementationWrapper (node_modules/@testing-library/user-event/dist/keyboard/index.js:55:65)
      at typeImplementation (node_modules/@testing-library/user-event/dist/type/typeImplementation.js:49:51)
      at Object.type (node_modules/@testing-library/user-event/dist/type/index.js:27:60)

    console.error
      Warning: An update to MortgageCalculator inside a test was not wrapped in act(...).
      
      When testing, code that causes React state updates should be wrapped into act(...):
      
      act(() => {
        /* fire events that update state */
      });
      /* assert on the output */
      
      This ensures that you're testing the behavior the user would see in the browser. Learn more at https://reactjs.org/link/wrap-tests-with-act
          at MortgageCalculator (C:\Users\Andre Cadima\Documents\Gestion De Calidad de Sistemas\Calculadora_Pruebas_Unitarias\src\components\MortgageCalculator.js:7:43)

    [0m [90m 40 |[39m   [36mconst[39m handleChange [33m=[39m (e) [33m=>[39m {
     [90m 41 |[39m     [36mconst[39m { name[33m,[39m value } [33m=[39m e[33m.[39mtarget[33m;[39m
    [31m[1m>[22m[39m[90m 42 |[39m     setFormData(prev [33m=>[39m ({
     [90m    |[39m     [31m[1m^[22m[39m
     [90m 43 |[39m       [33m...[39mprev[33m,[39m
     [90m 44 |[39m       [name][33m:[39m value
     [90m 45 |[39m     }))[33m;[39m[0m

      at printWarning (node_modules/react-dom/cjs/react-dom.development.js:86:30)
      at error (node_modules/react-dom/cjs/react-dom.development.js:60:7)
      at warnIfUpdatesNotWrappedWithActDEV (node_modules/react-dom/cjs/react-dom.development.js:27628:9)
      at scheduleUpdateOnFiber (node_modules/react-dom/cjs/react-dom.development.js:25547:5)
      at setFormData (node_modules/react-dom/cjs/react-dom.development.js:16708:7)
      at handleChange (src/components/MortgageCalculator.js:42:5)
      at HTMLUnknownElement.callCallback (node_modules/react-dom/cjs/react-dom.development.js:4164:14)
      at HTMLUnknownElement.callTheUserObjectsOperation (node_modules/jsdom/lib/jsdom/living/generated/EventListener.js:26:30)
      at innerInvokeEventListeners (node_modules/jsdom/lib/jsdom/living/events/EventTarget-impl.js:338:25)
      at invokeEventListeners (node_modules/jsdom/lib/jsdom/living/events/EventTarget-impl.js:274:3)
      at HTMLUnknownElementImpl._dispatch (node_modules/jsdom/lib/jsdom/living/events/EventTarget-impl.js:221:9)
      at HTMLUnknownElementImpl.dispatchEvent (node_modules/jsdom/lib/jsdom/living/events/EventTarget-impl.js:94:17)
      at HTMLUnknownElement.dispatchEvent (node_modules/jsdom/lib/jsdom/living/generated/EventTarget.js:231:34)
      at Object.invokeGuardedCallbackDev (node_modules/react-dom/cjs/react-dom.development.js:4213:16)
      at invokeGuardedCallback (node_modules/react-dom/cjs/react-dom.development.js:4277:31)
      at invokeGuardedCallbackAndCatchFirstError (node_modules/react-dom/cjs/react-dom.development.js:4291:25)
      at executeDispatch (node_modules/react-dom/cjs/react-dom.development.js:9041:3)
      at processDispatchQueueItemsInOrder (node_modules/react-dom/cjs/react-dom.development.js:9073:7)
      at processDispatchQueue (node_modules/react-dom/cjs/react-dom.development.js:9086:5)
      at dispatchEventsForPlugins (node_modules/react-dom/cjs/react-dom.development.js:9097:3)
      at node_modules/react-dom/cjs/react-dom.development.js:9288:12
      at batchedUpdates$1 (node_modules/react-dom/cjs/react-dom.development.js:26179:12)
      at batchedUpdates (node_modules/react-dom/cjs/react-dom.development.js:3991:12)
      at dispatchEventForPluginEventSystem (node_modules/react-dom/cjs/react-dom.development.js:9287:3)
      at dispatchEventWithEnableCapturePhaseSelectiveHydrationWithoutDiscreteEventReplay (node_modules/react-dom/cjs/react-dom.development.js:6465:5)
      at dispatchEvent (node_modules/react-dom/cjs/react-dom.development.js:6457:5)
      at dispatchDiscreteEvent (node_modules/react-dom/cjs/react-dom.development.js:6430:5)
      at HTMLDivElement.callTheUserObjectsOperation (node_modules/jsdom/lib/jsdom/living/generated/EventListener.js:26:30)
      at innerInvokeEventListeners (node_modules/jsdom/lib/jsdom/living/events/EventTarget-impl.js:338:25)
      at invokeEventListeners (node_modules/jsdom/lib/jsdom/living/events/EventTarget-impl.js:274:3)
      at HTMLInputElementImpl._dispatch (node_modules/jsdom/lib/jsdom/living/events/EventTarget-impl.js:221:9)
      at HTMLInputElementImpl.dispatchEvent (node_modules/jsdom/lib/jsdom/living/events/EventTarget-impl.js:94:17)
      at HTMLInputElement.dispatchEvent (node_modules/jsdom/lib/jsdom/living/generated/EventTarget.js:231:34)
      at node_modules/@testing-library/dom/dist/events.js:19:20
      at Object.eventWrapper (node_modules/@testing-library/dom/dist/config.js:25:23)
      at fireEvent (node_modules/@testing-library/dom/dist/events.js:12:35)
      at fireEvent.<computed> [as input] (node_modules/@testing-library/dom/dist/events.js:110:36)
      at fireInputEvent (node_modules/@testing-library/user-event/dist/keyboard/shared/fireInputEvent.js:31:18)
      at Object.handle (node_modules/@testing-library/user-event/dist/keyboard/plugins/character.js:138:32)
      at applyPlugins (node_modules/@testing-library/user-event/dist/keyboard/keyboardImplementation.js:157:12)
      at keypress (node_modules/@testing-library/user-event/dist/keyboard/keyboardImplementation.js:135:5)
      at keyboardImplementation (node_modules/@testing-library/user-event/dist/keyboard/keyboardImplementation.js:53:9)
      at keyboardImplementation (node_modules/@testing-library/user-event/dist/keyboard/keyboardImplementation.js:81:12)
      at keyboardImplementation (node_modules/@testing-library/user-event/dist/keyboard/keyboardImplementation.js:81:12)
      at keyboardImplementation (node_modules/@testing-library/user-event/dist/keyboard/keyboardImplementation.js:81:12)
      at keyboardImplementation (node_modules/@testing-library/user-event/dist/keyboard/keyboardImplementation.js:81:12)
      at keyboardImplementationWrapper (node_modules/@testing-library/user-event/dist/keyboard/index.js:55:65)
      at typeImplementation (node_modules/@testing-library/user-event/dist/type/typeImplementation.js:49:51)

    console.error
      Warning: An update to MortgageCalculator inside a test was not wrapped in act(...).
      
      When testing, code that causes React state updates should be wrapped into act(...):
      
      act(() => {
        /* fire events that update state */
      });
      /* assert on the output */
      
      This ensures that you're testing the behavior the user would see in the browser. Learn more at https://reactjs.org/link/wrap-tests-with-act
          at MortgageCalculator (C:\Users\Andre Cadima\Documents\Gestion De Calidad de Sistemas\Calculadora_Pruebas_Unitarias\src\components\MortgageCalculator.js:7:43)

    [0m [90m 40 |[39m   [36mconst[39m handleChange [33m=[39m (e) [33m=>[39m {
     [90m 41 |[39m     [36mconst[39m { name[33m,[39m value } [33m=[39m e[33m.[39mtarget[33m;[39m
    [31m[1m>[22m[39m[90m 42 |[39m     setFormData(prev [33m=>[39m ({
     [90m    |[39m     [31m[1m^[22m[39m
     [90m 43 |[39m       [33m...[39mprev[33m,[39m
     [90m 44 |[39m       [name][33m:[39m value
     [90m 45 |[39m     }))[33m;[39m[0m

      at printWarning (node_modules/react-dom/cjs/react-dom.development.js:86:30)
      at error (node_modules/react-dom/cjs/react-dom.development.js:60:7)
      at warnIfUpdatesNotWrappedWithActDEV (node_modules/react-dom/cjs/react-dom.development.js:27628:9)
      at scheduleUpdateOnFiber (node_modules/react-dom/cjs/react-dom.development.js:25547:5)
      at setFormData (node_modules/react-dom/cjs/react-dom.development.js:16708:7)
      at handleChange (src/components/MortgageCalculator.js:42:5)
      at HTMLUnknownElement.callCallback (node_modules/react-dom/cjs/react-dom.development.js:4164:14)
      at HTMLUnknownElement.callTheUserObjectsOperation (node_modules/jsdom/lib/jsdom/living/generated/EventListener.js:26:30)
      at innerInvokeEventListeners (node_modules/jsdom/lib/jsdom/living/events/EventTarget-impl.js:338:25)
      at invokeEventListeners (node_modules/jsdom/lib/jsdom/living/events/EventTarget-impl.js:274:3)
      at HTMLUnknownElementImpl._dispatch (node_modules/jsdom/lib/jsdom/living/events/EventTarget-impl.js:221:9)
      at HTMLUnknownElementImpl.dispatchEvent (node_modules/jsdom/lib/jsdom/living/events/EventTarget-impl.js:94:17)
      at HTMLUnknownElement.dispatchEvent (node_modules/jsdom/lib/jsdom/living/generated/EventTarget.js:231:34)
      at Object.invokeGuardedCallbackDev (node_modules/react-dom/cjs/react-dom.development.js:4213:16)
      at invokeGuardedCallback (node_modules/react-dom/cjs/react-dom.development.js:4277:31)
      at invokeGuardedCallbackAndCatchFirstError (node_modules/react-dom/cjs/react-dom.development.js:4291:25)
      at executeDispatch (node_modules/react-dom/cjs/react-dom.development.js:9041:3)
      at processDispatchQueueItemsInOrder (node_modules/react-dom/cjs/react-dom.development.js:9073:7)
      at processDispatchQueue (node_modules/react-dom/cjs/react-dom.development.js:9086:5)
      at dispatchEventsForPlugins (node_modules/react-dom/cjs/react-dom.development.js:9097:3)
      at node_modules/react-dom/cjs/react-dom.development.js:9288:12
      at batchedUpdates$1 (node_modules/react-dom/cjs/react-dom.development.js:26179:12)
      at batchedUpdates (node_modules/react-dom/cjs/react-dom.development.js:3991:12)
      at dispatchEventForPluginEventSystem (node_modules/react-dom/cjs/react-dom.development.js:9287:3)
      at dispatchEventWithEnableCapturePhaseSelectiveHydrationWithoutDiscreteEventReplay (node_modules/react-dom/cjs/react-dom.development.js:6465:5)
      at dispatchEvent (node_modules/react-dom/cjs/react-dom.development.js:6457:5)
      at dispatchDiscreteEvent (node_modules/react-dom/cjs/react-dom.development.js:6430:5)
      at HTMLDivElement.callTheUserObjectsOperation (node_modules/jsdom/lib/jsdom/living/generated/EventListener.js:26:30)
      at innerInvokeEventListeners (node_modules/jsdom/lib/jsdom/living/events/EventTarget-impl.js:338:25)
      at invokeEventListeners (node_modules/jsdom/lib/jsdom/living/events/EventTarget-impl.js:274:3)
      at HTMLInputElementImpl._dispatch (node_modules/jsdom/lib/jsdom/living/events/EventTarget-impl.js:221:9)
      at HTMLInputElementImpl.dispatchEvent (node_modules/jsdom/lib/jsdom/living/events/EventTarget-impl.js:94:17)
      at HTMLInputElement.dispatchEvent (node_modules/jsdom/lib/jsdom/living/generated/EventTarget.js:231:34)
      at node_modules/@testing-library/dom/dist/events.js:19:20
      at Object.eventWrapper (node_modules/@testing-library/dom/dist/config.js:25:23)
      at fireEvent (node_modules/@testing-library/dom/dist/events.js:12:35)
      at fireEvent.<computed> [as input] (node_modules/@testing-library/dom/dist/events.js:110:36)
      at fireInputEvent (node_modules/@testing-library/user-event/dist/keyboard/shared/fireInputEvent.js:31:18)
      at Object.handle (node_modules/@testing-library/user-event/dist/keyboard/plugins/character.js:138:32)
      at applyPlugins (node_modules/@testing-library/user-event/dist/keyboard/keyboardImplementation.js:157:12)
      at keypress (node_modules/@testing-library/user-event/dist/keyboard/keyboardImplementation.js:135:5)
      at keyboardImplementation (node_modules/@testing-library/user-event/dist/keyboard/keyboardImplementation.js:53:9)
      at keyboardImplementationWrapper (node_modules/@testing-library/user-event/dist/keyboard/index.js:55:65)
      at typeImplementation (node_modules/@testing-library/user-event/dist/type/typeImplementation.js:49:51)
      at Object.type (node_modules/@testing-library/user-event/dist/type/index.js:27:60)
      at Object.<anonymous> (src/components/MortgageCalculator.test.js:46:21)

    console.error
      Warning: An update to MortgageCalculator inside a test was not wrapped in act(...).
      
      When testing, code that causes React state updates should be wrapped into act(...):
      
      act(() => {
        /* fire events that update state */
      });
      /* assert on the output */
      
      This ensures that you're testing the behavior the user would see in the browser. Learn more at https://reactjs.org/link/wrap-tests-with-act
          at MortgageCalculator (C:\Users\Andre Cadima\Documents\Gestion De Calidad de Sistemas\Calculadora_Pruebas_Unitarias\src\components\MortgageCalculator.js:7:43)

    [0m [90m 40 |[39m   [36mconst[39m handleChange [33m=[39m (e) [33m=>[39m {
     [90m 41 |[39m     [36mconst[39m { name[33m,[39m value } [33m=[39m e[33m.[39mtarget[33m;[39m
    [31m[1m>[22m[39m[90m 42 |[39m     setFormData(prev [33m=>[39m ({
     [90m    |[39m     [31m[1m^[22m[39m
     [90m 43 |[39m       [33m...[39mprev[33m,[39m
     [90m 44 |[39m       [name][33m:[39m value
     [90m 45 |[39m     }))[33m;[39m[0m

      at printWarning (node_modules/react-dom/cjs/react-dom.development.js:86:30)
      at error (node_modules/react-dom/cjs/react-dom.development.js:60:7)
      at warnIfUpdatesNotWrappedWithActDEV (node_modules/react-dom/cjs/react-dom.development.js:27628:9)
      at scheduleUpdateOnFiber (node_modules/react-dom/cjs/react-dom.development.js:25547:5)
      at setFormData (node_modules/react-dom/cjs/react-dom.development.js:16708:7)
      at handleChange (src/components/MortgageCalculator.js:42:5)
      at HTMLUnknownElement.callCallback (node_modules/react-dom/cjs/react-dom.development.js:4164:14)
      at HTMLUnknownElement.callTheUserObjectsOperation (node_modules/jsdom/lib/jsdom/living/generated/EventListener.js:26:30)
      at innerInvokeEventListeners (node_modules/jsdom/lib/jsdom/living/events/EventTarget-impl.js:338:25)
      at invokeEventListeners (node_modules/jsdom/lib/jsdom/living/events/EventTarget-impl.js:274:3)
      at HTMLUnknownElementImpl._dispatch (node_modules/jsdom/lib/jsdom/living/events/EventTarget-impl.js:221:9)
      at HTMLUnknownElementImpl.dispatchEvent (node_modules/jsdom/lib/jsdom/living/events/EventTarget-impl.js:94:17)
      at HTMLUnknownElement.dispatchEvent (node_modules/jsdom/lib/jsdom/living/generated/EventTarget.js:231:34)
      at Object.invokeGuardedCallbackDev (node_modules/react-dom/cjs/react-dom.development.js:4213:16)
      at invokeGuardedCallback (node_modules/react-dom/cjs/react-dom.development.js:4277:31)
      at invokeGuardedCallbackAndCatchFirstError (node_modules/react-dom/cjs/react-dom.development.js:4291:25)
      at executeDispatch (node_modules/react-dom/cjs/react-dom.development.js:9041:3)
      at processDispatchQueueItemsInOrder (node_modules/react-dom/cjs/react-dom.development.js:9073:7)
      at processDispatchQueue (node_modules/react-dom/cjs/react-dom.development.js:9086:5)
      at dispatchEventsForPlugins (node_modules/react-dom/cjs/react-dom.development.js:9097:3)
      at node_modules/react-dom/cjs/react-dom.development.js:9288:12
      at batchedUpdates$1 (node_modules/react-dom/cjs/react-dom.development.js:26179:12)
      at batchedUpdates (node_modules/react-dom/cjs/react-dom.development.js:3991:12)
      at dispatchEventForPluginEventSystem (node_modules/react-dom/cjs/react-dom.development.js:9287:3)
      at dispatchEventWithEnableCapturePhaseSelectiveHydrationWithoutDiscreteEventReplay (node_modules/react-dom/cjs/react-dom.development.js:6465:5)
      at dispatchEvent (node_modules/react-dom/cjs/react-dom.development.js:6457:5)
      at dispatchDiscreteEvent (node_modules/react-dom/cjs/react-dom.development.js:6430:5)
      at HTMLDivElement.callTheUserObjectsOperation (node_modules/jsdom/lib/jsdom/living/generated/EventListener.js:26:30)
      at innerInvokeEventListeners (node_modules/jsdom/lib/jsdom/living/events/EventTarget-impl.js:338:25)
      at invokeEventListeners (node_modules/jsdom/lib/jsdom/living/events/EventTarget-impl.js:274:3)
      at HTMLInputElementImpl._dispatch (node_modules/jsdom/lib/jsdom/living/events/EventTarget-impl.js:221:9)
      at HTMLInputElementImpl.dispatchEvent (node_modules/jsdom/lib/jsdom/living/events/EventTarget-impl.js:94:17)
      at HTMLInputElement.dispatchEvent (node_modules/jsdom/lib/jsdom/living/generated/EventTarget.js:231:34)
      at node_modules/@testing-library/dom/dist/events.js:19:20
      at Object.eventWrapper (node_modules/@testing-library/dom/dist/config.js:25:23)
      at fireEvent (node_modules/@testing-library/dom/dist/events.js:12:35)
      at fireEvent.<computed> [as input] (node_modules/@testing-library/dom/dist/events.js:110:36)
      at fireInputEvent (node_modules/@testing-library/user-event/dist/keyboard/shared/fireInputEvent.js:31:18)
      at Object.handle (node_modules/@testing-library/user-event/dist/keyboard/plugins/character.js:138:32)
      at applyPlugins (node_modules/@testing-library/user-event/dist/keyboard/keyboardImplementation.js:157:12)
      at keypress (node_modules/@testing-library/user-event/dist/keyboard/keyboardImplementation.js:135:5)
      at keyboardImplementation (node_modules/@testing-library/user-event/dist/keyboard/keyboardImplementation.js:53:9)
      at keyboardImplementation (node_modules/@testing-library/user-event/dist/keyboard/keyboardImplementation.js:81:12)
      at keyboardImplementationWrapper (node_modules/@testing-library/user-event/dist/keyboard/index.js:55:65)
      at typeImplementation (node_modules/@testing-library/user-event/dist/type/typeImplementation.js:49:51)
      at Object.type (node_modules/@testing-library/user-event/dist/type/index.js:27:60)
      at Object.<anonymous> (src/components/MortgageCalculator.test.js:46:21)

    console.error
      Warning: An update to MortgageCalculator inside a test was not wrapped in act(...).
      
      When testing, code that causes React state updates should be wrapped into act(...):
      
      act(() => {
        /* fire events that update state */
      });
      /* assert on the output */
      
      This ensures that you're testing the behavior the user would see in the browser. Learn more at https://reactjs.org/link/wrap-tests-with-act
          at MortgageCalculator (C:\Users\Andre Cadima\Documents\Gestion De Calidad de Sistemas\Calculadora_Pruebas_Unitarias\src\components\MortgageCalculator.js:7:43)

    [0m [90m 40 |[39m   [36mconst[39m handleChange [33m=[39m (e) [33m=>[39m {
     [90m 41 |[39m     [36mconst[39m { name[33m,[39m value } [33m=[39m e[33m.[39mtarget[33m;[39m
    [31m[1m>[22m[39m[90m 42 |[39m     setFormData(prev [33m=>[39m ({
     [90m    |[39m     [31m[1m^[22m[39m
     [90m 43 |[39m       [33m...[39mprev[33m,[39m
     [90m 44 |[39m       [name][33m:[39m value
     [90m 45 |[39m     }))[33m;[39m[0m

      at printWarning (node_modules/react-dom/cjs/react-dom.development.js:86:30)
      at error (node_modules/react-dom/cjs/react-dom.development.js:60:7)
      at warnIfUpdatesNotWrappedWithActDEV (node_modules/react-dom/cjs/react-dom.development.js:27628:9)
      at scheduleUpdateOnFiber (node_modules/react-dom/cjs/react-dom.development.js:25547:5)
      at setFormData (node_modules/react-dom/cjs/react-dom.development.js:16708:7)
      at handleChange (src/components/MortgageCalculator.js:42:5)
      at HTMLUnknownElement.callCallback (node_modules/react-dom/cjs/react-dom.development.js:4164:14)
      at HTMLUnknownElement.callTheUserObjectsOperation (node_modules/jsdom/lib/jsdom/living/generated/EventListener.js:26:30)
      at innerInvokeEventListeners (node_modules/jsdom/lib/jsdom/living/events/EventTarget-impl.js:338:25)
      at invokeEventListeners (node_modules/jsdom/lib/jsdom/living/events/EventTarget-impl.js:274:3)
      at HTMLUnknownElementImpl._dispatch (node_modules/jsdom/lib/jsdom/living/events/EventTarget-impl.js:221:9)
      at HTMLUnknownElementImpl.dispatchEvent (node_modules/jsdom/lib/jsdom/living/events/EventTarget-impl.js:94:17)
      at HTMLUnknownElement.dispatchEvent (node_modules/jsdom/lib/jsdom/living/generated/EventTarget.js:231:34)
      at Object.invokeGuardedCallbackDev (node_modules/react-dom/cjs/react-dom.development.js:4213:16)
      at invokeGuardedCallback (node_modules/react-dom/cjs/react-dom.development.js:4277:31)
      at invokeGuardedCallbackAndCatchFirstError (node_modules/react-dom/cjs/react-dom.development.js:4291:25)
      at executeDispatch (node_modules/react-dom/cjs/react-dom.development.js:9041:3)
      at processDispatchQueueItemsInOrder (node_modules/react-dom/cjs/react-dom.development.js:9073:7)
      at processDispatchQueue (node_modules/react-dom/cjs/react-dom.development.js:9086:5)
      at dispatchEventsForPlugins (node_modules/react-dom/cjs/react-dom.development.js:9097:3)
      at node_modules/react-dom/cjs/react-dom.development.js:9288:12
      at batchedUpdates$1 (node_modules/react-dom/cjs/react-dom.development.js:26179:12)
      at batchedUpdates (node_modules/react-dom/cjs/react-dom.development.js:3991:12)
      at dispatchEventForPluginEventSystem (node_modules/react-dom/cjs/react-dom.development.js:9287:3)
      at dispatchEventWithEnableCapturePhaseSelectiveHydrationWithoutDiscreteEventReplay (node_modules/react-dom/cjs/react-dom.development.js:6465:5)
      at dispatchEvent (node_modules/react-dom/cjs/react-dom.development.js:6457:5)
      at dispatchDiscreteEvent (node_modules/react-dom/cjs/react-dom.development.js:6430:5)
      at HTMLDivElement.callTheUserObjectsOperation (node_modules/jsdom/lib/jsdom/living/generated/EventListener.js:26:30)
      at innerInvokeEventListeners (node_modules/jsdom/lib/jsdom/living/events/EventTarget-impl.js:338:25)
      at invokeEventListeners (node_modules/jsdom/lib/jsdom/living/events/EventTarget-impl.js:274:3)
      at HTMLInputElementImpl._dispatch (node_modules/jsdom/lib/jsdom/living/events/EventTarget-impl.js:221:9)
      at HTMLInputElementImpl.dispatchEvent (node_modules/jsdom/lib/jsdom/living/events/EventTarget-impl.js:94:17)
      at HTMLInputElement.dispatchEvent (node_modules/jsdom/lib/jsdom/living/generated/EventTarget.js:231:34)
      at node_modules/@testing-library/dom/dist/events.js:19:20
      at Object.eventWrapper (node_modules/@testing-library/dom/dist/config.js:25:23)
      at fireEvent (node_modules/@testing-library/dom/dist/events.js:12:35)
      at fireEvent.<computed> [as input] (node_modules/@testing-library/dom/dist/events.js:110:36)
      at fireInputEvent (node_modules/@testing-library/user-event/dist/keyboard/shared/fireInputEvent.js:31:18)
      at Object.handle (node_modules/@testing-library/user-event/dist/keyboard/plugins/character.js:138:32)
      at applyPlugins (node_modules/@testing-library/user-event/dist/keyboard/keyboardImplementation.js:157:12)
      at keypress (node_modules/@testing-library/user-event/dist/keyboard/keyboardImplementation.js:135:5)
      at keyboardImplementation (node_modules/@testing-library/user-event/dist/keyboard/keyboardImplementation.js:53:9)
      at keyboardImplementation (node_modules/@testing-library/user-event/dist/keyboard/keyboardImplementation.js:81:12)
      at keyboardImplementation (node_modules/@testing-library/user-event/dist/keyboard/keyboardImplementation.js:81:12)
      at keyboardImplementationWrapper (node_modules/@testing-library/user-event/dist/keyboard/index.js:55:65)
      at typeImplementation (node_modules/@testing-library/user-event/dist/type/typeImplementation.js:49:51)
      at Object.type (node_modules/@testing-library/user-event/dist/type/index.js:27:60)
      at Object.<anonymous> (src/components/MortgageCalculator.test.js:46:21)

    console.error
      Warning: An update to MortgageCalculator inside a test was not wrapped in act(...).
      
      When testing, code that causes React state updates should be wrapped into act(...):
      
      act(() => {
        /* fire events that update state */
      });
      /* assert on the output */
      
      This ensures that you're testing the behavior the user would see in the browser. Learn more at https://reactjs.org/link/wrap-tests-with-act
          at MortgageCalculator (C:\Users\Andre Cadima\Documents\Gestion De Calidad de Sistemas\Calculadora_Pruebas_Unitarias\src\components\MortgageCalculator.js:7:43)

    [0m [90m 34 |[39m     [36mif[39m ([33m![39mformData[33m.[39minterest [33m||[39m parseFloat(formData[33m.[39minterest) [33m<[39m [35m0[39m) newErrors[33m.[39minterest [33m=[39m [32m'Se requiere una tasa válida'[39m[33m;[39m
     [90m 35 |[39m     
    [31m[1m>[22m[39m[90m 36 |[39m     setErrors(newErrors)[33m;[39m
     [90m    |[39m     [31m[1m^[22m[39m
     [90m 37 |[39m     [36mreturn[39m [33mObject[39m[33m.[39mkeys(newErrors)[33m.[39mlength [33m===[39m [35m0[39m[33m;[39m
     [90m 38 |[39m   }[33m;[39m
     [90m 39 |[39m[0m

      at printWarning (node_modules/react-dom/cjs/react-dom.development.js:86:30)
      at error (node_modules/react-dom/cjs/react-dom.development.js:60:7)
      at warnIfUpdatesNotWrappedWithActDEV (node_modules/react-dom/cjs/react-dom.development.js:27628:9)
      at scheduleUpdateOnFiber (node_modules/react-dom/cjs/react-dom.development.js:25547:5)
      at setErrors (node_modules/react-dom/cjs/react-dom.development.js:16708:7)
      at validateForm (src/components/MortgageCalculator.js:36:5)
      at handleSubmit (src/components/MortgageCalculator.js:91:10)
      at HTMLUnknownElement.callCallback (node_modules/react-dom/cjs/react-dom.development.js:4164:14)
      at HTMLUnknownElement.callTheUserObjectsOperation (node_modules/jsdom/lib/jsdom/living/generated/EventListener.js:26:30)
      at innerInvokeEventListeners (node_modules/jsdom/lib/jsdom/living/events/EventTarget-impl.js:338:25)
      at invokeEventListeners (node_modules/jsdom/lib/jsdom/living/events/EventTarget-impl.js:274:3)
      at HTMLUnknownElementImpl._dispatch (node_modules/jsdom/lib/jsdom/living/events/EventTarget-impl.js:221:9)
      at HTMLUnknownElementImpl.dispatchEvent (node_modules/jsdom/lib/jsdom/living/events/EventTarget-impl.js:94:17)
      at HTMLUnknownElement.dispatchEvent (node_modules/jsdom/lib/jsdom/living/generated/EventTarget.js:231:34)
      at Object.invokeGuardedCallbackDev (node_modules/react-dom/cjs/react-dom.development.js:4213:16)
      at invokeGuardedCallback (node_modules/react-dom/cjs/react-dom.development.js:4277:31)
      at invokeGuardedCallbackAndCatchFirstError (node_modules/react-dom/cjs/react-dom.development.js:4291:25)
      at executeDispatch (node_modules/react-dom/cjs/react-dom.development.js:9041:3)
      at processDispatchQueueItemsInOrder (node_modules/react-dom/cjs/react-dom.development.js:9073:7)
      at processDispatchQueue (node_modules/react-dom/cjs/react-dom.development.js:9086:5)
      at dispatchEventsForPlugins (node_modules/react-dom/cjs/react-dom.development.js:9097:3)
      at node_modules/react-dom/cjs/react-dom.development.js:9288:12
      at batchedUpdates$1 (node_modules/react-dom/cjs/react-dom.development.js:26179:12)
      at batchedUpdates (node_modules/react-dom/cjs/react-dom.development.js:3991:12)
      at dispatchEventForPluginEventSystem (node_modules/react-dom/cjs/react-dom.development.js:9287:3)
      at dispatchEventWithEnableCapturePhaseSelectiveHydrationWithoutDiscreteEventReplay (node_modules/react-dom/cjs/react-dom.development.js:6465:5)
      at dispatchEvent (node_modules/react-dom/cjs/react-dom.development.js:6457:5)
      at dispatchDiscreteEvent (node_modules/react-dom/cjs/react-dom.development.js:6430:5)
      at HTMLDivElement.callTheUserObjectsOperation (node_modules/jsdom/lib/jsdom/living/generated/EventListener.js:26:30)
      at innerInvokeEventListeners (node_modules/jsdom/lib/jsdom/living/events/EventTarget-impl.js:338:25)
      at invokeEventListeners (node_modules/jsdom/lib/jsdom/living/events/EventTarget-impl.js:274:3)
      at HTMLFormElementImpl._dispatch (node_modules/jsdom/lib/jsdom/living/events/EventTarget-impl.js:221:9)
      at fireAnEvent (node_modules/jsdom/lib/jsdom/living/helpers/events.js:18:36)
      at HTMLFormElementImpl.submit (node_modules/jsdom/lib/jsdom/living/nodes/HTMLFormElement-impl.js:84:10)
      at HTMLFormElementImpl._doSubmit (node_modules/jsdom/lib/jsdom/living/nodes/HTMLFormElement-impl.js:80:10)
      at HTMLButtonElementImpl._activationBehavior (node_modules/jsdom/lib/jsdom/living/nodes/HTMLButtonElement-impl.js:23:14)
      at HTMLButtonElementImpl._dispatch (node_modules/jsdom/lib/jsdom/living/events/EventTarget-impl.js:240:26)
      at HTMLButtonElementImpl.dispatchEvent (node_modules/jsdom/lib/jsdom/living/events/EventTarget-impl.js:94:17)
      at HTMLButtonElement.dispatchEvent (node_modules/jsdom/lib/jsdom/living/generated/EventTarget.js:231:34)
      at node_modules/@testing-library/dom/dist/events.js:19:20
      at Object.eventWrapper (node_modules/@testing-library/dom/dist/config.js:25:23)
      at fireEvent (node_modules/@testing-library/dom/dist/events.js:12:35)
      at fireEvent.<computed> [as click] (node_modules/@testing-library/dom/dist/events.js:110:36)
      at fireClick (node_modules/@testing-library/user-event/dist/click.js:150:20)
      at clickElement (node_modules/@testing-library/user-event/dist/click.js:91:5)
      at Object.click (node_modules/@testing-library/user-event/dist/click.js:140:5)
      at Object.<anonymous> (src/components/MortgageCalculator.test.js:47:21)

    console.error
      Warning: An update to MortgageCalculator inside a test was not wrapped in act(...).
      
      When testing, code that causes React state updates should be wrapped into act(...):
      
      act(() => {
        /* fire events that update state */
      });
      /* assert on the output */
      
      This ensures that you're testing the behavior the user would see in the browser. Learn more at https://reactjs.org/link/wrap-tests-with-act
          at MortgageCalculator (C:\Users\Andre Cadima\Documents\Gestion De Calidad de Sistemas\Calculadora_Pruebas_Unitarias\src\components\MortgageCalculator.js:7:43)

    [0m [90m 92 |[39m
     [90m 93 |[39m     [36mconst[39m newResults [33m=[39m calculateResults(formData[33m,[39m adjustableValues)[33m;[39m
    [31m[1m>[22m[39m[90m 94 |[39m     setResults(newResults)[33m;[39m
     [90m    |[39m     [31m[1m^[22m[39m
     [90m 95 |[39m   }[33m;[39m
     [90m 96 |[39m
     [90m 97 |[39m   [36mconst[39m handleRecalculate [33m=[39m () [33m=>[39m {[0m

      at printWarning (node_modules/react-dom/cjs/react-dom.development.js:86:30)
      at error (node_modules/react-dom/cjs/react-dom.development.js:60:7)
      at warnIfUpdatesNotWrappedWithActDEV (node_modules/react-dom/cjs/react-dom.development.js:27628:9)
      at scheduleUpdateOnFiber (node_modules/react-dom/cjs/react-dom.development.js:25547:5)
      at setResults (node_modules/react-dom/cjs/react-dom.development.js:16708:7)
      at handleSubmit (src/components/MortgageCalculator.js:94:5)
      at HTMLUnknownElement.callCallback (node_modules/react-dom/cjs/react-dom.development.js:4164:14)
      at HTMLUnknownElement.callTheUserObjectsOperation (node_modules/jsdom/lib/jsdom/living/generated/EventListener.js:26:30)
      at innerInvokeEventListeners (node_modules/jsdom/lib/jsdom/living/events/EventTarget-impl.js:338:25)
      at invokeEventListeners (node_modules/jsdom/lib/jsdom/living/events/EventTarget-impl.js:274:3)
      at HTMLUnknownElementImpl._dispatch (node_modules/jsdom/lib/jsdom/living/events/EventTarget-impl.js:221:9)
      at HTMLUnknownElementImpl.dispatchEvent (node_modules/jsdom/lib/jsdom/living/events/EventTarget-impl.js:94:17)
      at HTMLUnknownElement.dispatchEvent (node_modules/jsdom/lib/jsdom/living/generated/EventTarget.js:231:34)
      at Object.invokeGuardedCallbackDev (node_modules/react-dom/cjs/react-dom.development.js:4213:16)
      at invokeGuardedCallback (node_modules/react-dom/cjs/react-dom.development.js:4277:31)
      at invokeGuardedCallbackAndCatchFirstError (node_modules/react-dom/cjs/react-dom.development.js:4291:25)
      at executeDispatch (node_modules/react-dom/cjs/react-dom.development.js:9041:3)
      at processDispatchQueueItemsInOrder (node_modules/react-dom/cjs/react-dom.development.js:9073:7)
      at processDispatchQueue (node_modules/react-dom/cjs/react-dom.development.js:9086:5)
      at dispatchEventsForPlugins (node_modules/react-dom/cjs/react-dom.development.js:9097:3)
      at node_modules/react-dom/cjs/react-dom.development.js:9288:12
      at batchedUpdates$1 (node_modules/react-dom/cjs/react-dom.development.js:26179:12)
      at batchedUpdates (node_modules/react-dom/cjs/react-dom.development.js:3991:12)
      at dispatchEventForPluginEventSystem (node_modules/react-dom/cjs/react-dom.development.js:9287:3)
      at dispatchEventWithEnableCapturePhaseSelectiveHydrationWithoutDiscreteEventReplay (node_modules/react-dom/cjs/react-dom.development.js:6465:5)
      at dispatchEvent (node_modules/react-dom/cjs/react-dom.development.js:6457:5)
      at dispatchDiscreteEvent (node_modules/react-dom/cjs/react-dom.development.js:6430:5)
      at HTMLDivElement.callTheUserObjectsOperation (node_modules/jsdom/lib/jsdom/living/generated/EventListener.js:26:30)
      at innerInvokeEventListeners (node_modules/jsdom/lib/jsdom/living/events/EventTarget-impl.js:338:25)
      at invokeEventListeners (node_modules/jsdom/lib/jsdom/living/events/EventTarget-impl.js:274:3)
      at HTMLFormElementImpl._dispatch (node_modules/jsdom/lib/jsdom/living/events/EventTarget-impl.js:221:9)
      at fireAnEvent (node_modules/jsdom/lib/jsdom/living/helpers/events.js:18:36)
      at HTMLFormElementImpl.submit (node_modules/jsdom/lib/jsdom/living/nodes/HTMLFormElement-impl.js:84:10)
      at HTMLFormElementImpl._doSubmit (node_modules/jsdom/lib/jsdom/living/nodes/HTMLFormElement-impl.js:80:10)
      at HTMLButtonElementImpl._activationBehavior (node_modules/jsdom/lib/jsdom/living/nodes/HTMLButtonElement-impl.js:23:14)
      at HTMLButtonElementImpl._dispatch (node_modules/jsdom/lib/jsdom/living/events/EventTarget-impl.js:240:26)
      at HTMLButtonElementImpl.dispatchEvent (node_modules/jsdom/lib/jsdom/living/events/EventTarget-impl.js:94:17)
      at HTMLButtonElement.dispatchEvent (node_modules/jsdom/lib/jsdom/living/generated/EventTarget.js:231:34)
      at node_modules/@testing-library/dom/dist/events.js:19:20
      at Object.eventWrapper (node_modules/@testing-library/dom/dist/config.js:25:23)
      at fireEvent (node_modules/@testing-library/dom/dist/events.js:12:35)
      at fireEvent.<computed> [as click] (node_modules/@testing-library/dom/dist/events.js:110:36)
      at fireClick (node_modules/@testing-library/user-event/dist/click.js:150:20)
      at clickElement (node_modules/@testing-library/user-event/dist/click.js:91:5)
      at Object.click (node_modules/@testing-library/user-event/dist/click.js:140:5)
      at Object.<anonymous> (src/components/MortgageCalculator.test.js:47:21)

    console.error
      Warning: An update to MortgageCalculator inside a test was not wrapped in act(...).
      
      When testing, code that causes React state updates should be wrapped into act(...):
      
      act(() => {
        /* fire events that update state */
      });
      /* assert on the output */
      
      This ensures that you're testing the behavior the user would see in the browser. Learn more at https://reactjs.org/link/wrap-tests-with-act
          at MortgageCalculator (C:\Users\Andre Cadima\Documents\Gestion De Calidad de Sistemas\Calculadora_Pruebas_Unitarias\src\components\MortgageCalculator.js:7:43)

    [0m [90m 286 |[39m               [33m<[39m[33mbutton[39m
     [90m 287 |[39m                 className[33m=[39m[32m"adjustment-header"[39m
    [31m[1m>[22m[39m[90m 288 |[39m                 onClick[33m=[39m{() [33m=>[39m setShowAdjustmentPanel([33m![39mshowAdjustmentPanel)}
     [90m     |[39m                                [31m[1m^[22m[39m
     [90m 289 |[39m               [33m>[39m
     [90m 290 |[39m                 🔧 [33mAjustar[39m [33mValores[39m ([33mCredit[39m [33mScore[39m [33m/[39m [33mDeuda[39m [33mActual[39m)
     [90m 291 |[39m               [33m<[39m[33m/[39m[33mbutton[39m[33m>[39m[0m

      at printWarning (node_modules/react-dom/cjs/react-dom.development.js:86:30)
      at error (node_modules/react-dom/cjs/react-dom.development.js:60:7)
      at warnIfUpdatesNotWrappedWithActDEV (node_modules/react-dom/cjs/react-dom.development.js:27628:9)
      at scheduleUpdateOnFiber (node_modules/react-dom/cjs/react-dom.development.js:25547:5)
      at setShowAdjustmentPanel (node_modules/react-dom/cjs/react-dom.development.js:16708:7)
      at onClick (src/components/MortgageCalculator.js:288:32)
      at HTMLUnknownElement.callCallback (node_modules/react-dom/cjs/react-dom.development.js:4164:14)
      at HTMLUnknownElement.callTheUserObjectsOperation (node_modules/jsdom/lib/jsdom/living/generated/EventListener.js:26:30)
      at innerInvokeEventListeners (node_modules/jsdom/lib/jsdom/living/events/EventTarget-impl.js:338:25)
      at invokeEventListeners (node_modules/jsdom/lib/jsdom/living/events/EventTarget-impl.js:274:3)
      at HTMLUnknownElementImpl._dispatch (node_modules/jsdom/lib/jsdom/living/events/EventTarget-impl.js:221:9)
      at HTMLUnknownElementImpl.dispatchEvent (node_modules/jsdom/lib/jsdom/living/events/EventTarget-impl.js:94:17)
      at HTMLUnknownElement.dispatchEvent (node_modules/jsdom/lib/jsdom/living/generated/EventTarget.js:231:34)
      at Object.invokeGuardedCallbackDev (node_modules/react-dom/cjs/react-dom.development.js:4213:16)
      at invokeGuardedCallback (node_modules/react-dom/cjs/react-dom.development.js:4277:31)
      at invokeGuardedCallbackAndCatchFirstError (node_modules/react-dom/cjs/react-dom.development.js:4291:25)
      at executeDispatch (node_modules/react-dom/cjs/react-dom.development.js:9041:3)
      at processDispatchQueueItemsInOrder (node_modules/react-dom/cjs/react-dom.development.js:9073:7)
      at processDispatchQueue (node_modules/react-dom/cjs/react-dom.development.js:9086:5)
      at dispatchEventsForPlugins (node_modules/react-dom/cjs/react-dom.development.js:9097:3)
      at node_modules/react-dom/cjs/react-dom.development.js:9288:12
      at batchedUpdates$1 (node_modules/react-dom/cjs/react-dom.development.js:26179:12)
      at batchedUpdates (node_modules/react-dom/cjs/react-dom.development.js:3991:12)
      at dispatchEventForPluginEventSystem (node_modules/react-dom/cjs/react-dom.development.js:9287:3)
      at dispatchEventWithEnableCapturePhaseSelectiveHydrationWithoutDiscreteEventReplay (node_modules/react-dom/cjs/react-dom.development.js:6465:5)
      at dispatchEvent (node_modules/react-dom/cjs/react-dom.development.js:6457:5)
      at dispatchDiscreteEvent (node_modules/react-dom/cjs/react-dom.development.js:6430:5)
      at HTMLDivElement.callTheUserObjectsOperation (node_modules/jsdom/lib/jsdom/living/generated/EventListener.js:26:30)
      at innerInvokeEventListeners (node_modules/jsdom/lib/jsdom/living/events/EventTarget-impl.js:338:25)
      at invokeEventListeners (node_modules/jsdom/lib/jsdom/living/events/EventTarget-impl.js:274:3)
      at HTMLButtonElementImpl._dispatch (node_modules/jsdom/lib/jsdom/living/events/EventTarget-impl.js:221:9)
      at HTMLButtonElementImpl.dispatchEvent (node_modules/jsdom/lib/jsdom/living/events/EventTarget-impl.js:94:17)
      at HTMLButtonElement.dispatchEvent (node_modules/jsdom/lib/jsdom/living/generated/EventTarget.js:231:34)
      at node_modules/@testing-library/dom/dist/events.js:19:20
      at Object.eventWrapper (node_modules/@testing-library/dom/dist/config.js:25:23)
      at fireEvent (node_modules/@testing-library/dom/dist/events.js:12:35)
      at fireEvent.<computed> [as click] (node_modules/@testing-library/dom/dist/events.js:110:36)
      at fireClick (node_modules/@testing-library/user-event/dist/click.js:150:20)
      at clickElement (node_modules/@testing-library/user-event/dist/click.js:91:5)
      at Object.click (node_modules/@testing-library/user-event/dist/click.js:140:5)
      at Object.<anonymous> (src/components/MortgageCalculator.test.js:51:21)

    console.error
      Warning: An update to MortgageCalculator inside a test was not wrapped in act(...).
      
      When testing, code that causes React state updates should be wrapped into act(...):
      
      act(() => {
        /* fire events that update state */
      });
      /* assert on the output */
      
      This ensures that you're testing the behavior the user would see in the browser. Learn more at https://reactjs.org/link/wrap-tests-with-act
          at MortgageCalculator (C:\Users\Andre Cadima\Documents\Gestion De Calidad de Sistemas\Calculadora_Pruebas_Unitarias\src\components\MortgageCalculator.js:7:43)

    [0m [90m 54 |[39m   [36mconst[39m handleAdjustableChange [33m=[39m (e) [33m=>[39m {
     [90m 55 |[39m     [36mconst[39m { name[33m,[39m value } [33m=[39m e[33m.[39mtarget[33m;[39m
    [31m[1m>[22m[39m[90m 56 |[39m     setAdjustableValues(prev [33m=>[39m ({
     [90m    |[39m     [31m[1m^[22m[39m
     [90m 57 |[39m       [33m...[39mprev[33m,[39m
     [90m 58 |[39m       [name][33m:[39m value
     [90m 59 |[39m     }))[33m;[39m[0m

      at printWarning (node_modules/react-dom/cjs/react-dom.development.js:86:30)
      at error (node_modules/react-dom/cjs/react-dom.development.js:60:7)
      at warnIfUpdatesNotWrappedWithActDEV (node_modules/react-dom/cjs/react-dom.development.js:27628:9)
      at scheduleUpdateOnFiber (node_modules/react-dom/cjs/react-dom.development.js:25547:5)
      at setAdjustableValues (node_modules/react-dom/cjs/react-dom.development.js:16708:7)
      at handleAdjustableChange (src/components/MortgageCalculator.js:56:5)
      at HTMLUnknownElement.callCallback (node_modules/react-dom/cjs/react-dom.development.js:4164:14)
      at HTMLUnknownElement.callTheUserObjectsOperation (node_modules/jsdom/lib/jsdom/living/generated/EventListener.js:26:30)
      at innerInvokeEventListeners (node_modules/jsdom/lib/jsdom/living/events/EventTarget-impl.js:338:25)
      at invokeEventListeners (node_modules/jsdom/lib/jsdom/living/events/EventTarget-impl.js:274:3)
      at HTMLUnknownElementImpl._dispatch (node_modules/jsdom/lib/jsdom/living/events/EventTarget-impl.js:221:9)
      at HTMLUnknownElementImpl.dispatchEvent (node_modules/jsdom/lib/jsdom/living/events/EventTarget-impl.js:94:17)
      at HTMLUnknownElement.dispatchEvent (node_modules/jsdom/lib/jsdom/living/generated/EventTarget.js:231:34)
      at Object.invokeGuardedCallbackDev (node_modules/react-dom/cjs/react-dom.development.js:4213:16)
      at invokeGuardedCallback (node_modules/react-dom/cjs/react-dom.development.js:4277:31)
      at invokeGuardedCallbackAndCatchFirstError (node_modules/react-dom/cjs/react-dom.development.js:4291:25)
      at executeDispatch (node_modules/react-dom/cjs/react-dom.development.js:9041:3)
      at processDispatchQueueItemsInOrder (node_modules/react-dom/cjs/react-dom.development.js:9073:7)
      at processDispatchQueue (node_modules/react-dom/cjs/react-dom.development.js:9086:5)
      at dispatchEventsForPlugins (node_modules/react-dom/cjs/react-dom.development.js:9097:3)
      at node_modules/react-dom/cjs/react-dom.development.js:9288:12
      at batchedUpdates$1 (node_modules/react-dom/cjs/react-dom.development.js:26179:12)
      at batchedUpdates (node_modules/react-dom/cjs/react-dom.development.js:3991:12)
      at dispatchEventForPluginEventSystem (node_modules/react-dom/cjs/react-dom.development.js:9287:3)
      at dispatchEventWithEnableCapturePhaseSelectiveHydrationWithoutDiscreteEventReplay (node_modules/react-dom/cjs/react-dom.development.js:6465:5)
      at dispatchEvent (node_modules/react-dom/cjs/react-dom.development.js:6457:5)
      at dispatchDiscreteEvent (node_modules/react-dom/cjs/react-dom.development.js:6430:5)
      at HTMLDivElement.callTheUserObjectsOperation (node_modules/jsdom/lib/jsdom/living/generated/EventListener.js:26:30)
      at innerInvokeEventListeners (node_modules/jsdom/lib/jsdom/living/events/EventTarget-impl.js:338:25)
      at invokeEventListeners (node_modules/jsdom/lib/jsdom/living/events/EventTarget-impl.js:274:3)
      at HTMLInputElementImpl._dispatch (node_modules/jsdom/lib/jsdom/living/events/EventTarget-impl.js:221:9)
      at HTMLInputElementImpl.dispatchEvent (node_modules/jsdom/lib/jsdom/living/events/EventTarget-impl.js:94:17)
      at HTMLInputElement.dispatchEvent (node_modules/jsdom/lib/jsdom/living/generated/EventTarget.js:231:34)
      at node_modules/@testing-library/dom/dist/events.js:19:20
      at Object.eventWrapper (node_modules/@testing-library/dom/dist/config.js:25:23)
      at fireEvent (node_modules/@testing-library/dom/dist/events.js:12:35)
      at fireEvent.<computed> [as input] (node_modules/@testing-library/dom/dist/events.js:110:36)
      at fireInputEvent (node_modules/@testing-library/user-event/dist/keyboard/shared/fireInputEvent.js:31:18)
      at Object.handle (node_modules/@testing-library/user-event/dist/keyboard/plugins/control.js:53:32)
      at applyPlugins (node_modules/@testing-library/user-event/dist/keyboard/keyboardImplementation.js:157:12)
      at keydown (node_modules/@testing-library/user-event/dist/keyboard/keyboardImplementation.js:123:5)
      at keyboardImplementation (node_modules/@testing-library/user-event/dist/keyboard/keyboardImplementation.js:50:34)
      at keyboardImplementation (node_modules/@testing-library/user-event/dist/keyboard/keyboardImplementation.js:81:12)
      at keyboardImplementationWrapper (node_modules/@testing-library/user-event/dist/keyboard/index.js:55:65)
      at typeImplementation (node_modules/@testing-library/user-event/dist/type/typeImplementation.js:49:51)
      at type (node_modules/@testing-library/user-event/dist/type/index.js:27:60)
      at Object.clear (node_modules/@testing-library/user-event/dist/clear.js:34:18)
      at Object.<anonymous> (src/components/MortgageCalculator.test.js:52:21)

    console.error
      Warning: An update to MortgageCalculator inside a test was not wrapped in act(...).
      
      When testing, code that causes React state updates should be wrapped into act(...):
      
      act(() => {
        /* fire events that update state */
      });
      /* assert on the output */
      
      This ensures that you're testing the behavior the user would see in the browser. Learn more at https://reactjs.org/link/wrap-tests-with-act
          at MortgageCalculator (C:\Users\Andre Cadima\Documents\Gestion De Calidad de Sistemas\Calculadora_Pruebas_Unitarias\src\components\MortgageCalculator.js:7:43)

    [0m [90m 54 |[39m   [36mconst[39m handleAdjustableChange [33m=[39m (e) [33m=>[39m {
     [90m 55 |[39m     [36mconst[39m { name[33m,[39m value } [33m=[39m e[33m.[39mtarget[33m;[39m
    [31m[1m>[22m[39m[90m 56 |[39m     setAdjustableValues(prev [33m=>[39m ({
     [90m    |[39m     [31m[1m^[22m[39m
     [90m 57 |[39m       [33m...[39mprev[33m,[39m
     [90m 58 |[39m       [name][33m:[39m value
     [90m 59 |[39m     }))[33m;[39m[0m

      at printWarning (node_modules/react-dom/cjs/react-dom.development.js:86:30)
      at error (node_modules/react-dom/cjs/react-dom.development.js:60:7)
      at warnIfUpdatesNotWrappedWithActDEV (node_modules/react-dom/cjs/react-dom.development.js:27628:9)
      at scheduleUpdateOnFiber (node_modules/react-dom/cjs/react-dom.development.js:25547:5)
      at setAdjustableValues (node_modules/react-dom/cjs/react-dom.development.js:16708:7)
      at handleAdjustableChange (src/components/MortgageCalculator.js:56:5)
      at HTMLUnknownElement.callCallback (node_modules/react-dom/cjs/react-dom.development.js:4164:14)
      at HTMLUnknownElement.callTheUserObjectsOperation (node_modules/jsdom/lib/jsdom/living/generated/EventListener.js:26:30)
      at innerInvokeEventListeners (node_modules/jsdom/lib/jsdom/living/events/EventTarget-impl.js:338:25)
      at invokeEventListeners (node_modules/jsdom/lib/jsdom/living/events/EventTarget-impl.js:274:3)
      at HTMLUnknownElementImpl._dispatch (node_modules/jsdom/lib/jsdom/living/events/EventTarget-impl.js:221:9)
      at HTMLUnknownElementImpl.dispatchEvent (node_modules/jsdom/lib/jsdom/living/events/EventTarget-impl.js:94:17)
      at HTMLUnknownElement.dispatchEvent (node_modules/jsdom/lib/jsdom/living/generated/EventTarget.js:231:34)
      at Object.invokeGuardedCallbackDev (node_modules/react-dom/cjs/react-dom.development.js:4213:16)
      at invokeGuardedCallback (node_modules/react-dom/cjs/react-dom.development.js:4277:31)
      at invokeGuardedCallbackAndCatchFirstError (node_modules/react-dom/cjs/react-dom.development.js:4291:25)
      at executeDispatch (node_modules/react-dom/cjs/react-dom.development.js:9041:3)
      at processDispatchQueueItemsInOrder (node_modules/react-dom/cjs/react-dom.development.js:9073:7)
      at processDispatchQueue (node_modules/react-dom/cjs/react-dom.development.js:9086:5)
      at dispatchEventsForPlugins (node_modules/react-dom/cjs/react-dom.development.js:9097:3)
      at node_modules/react-dom/cjs/react-dom.development.js:9288:12
      at batchedUpdates$1 (node_modules/react-dom/cjs/react-dom.development.js:26179:12)
      at batchedUpdates (node_modules/react-dom/cjs/react-dom.development.js:3991:12)
      at dispatchEventForPluginEventSystem (node_modules/react-dom/cjs/react-dom.development.js:9287:3)
      at dispatchEventWithEnableCapturePhaseSelectiveHydrationWithoutDiscreteEventReplay (node_modules/react-dom/cjs/react-dom.development.js:6465:5)
      at dispatchEvent (node_modules/react-dom/cjs/react-dom.development.js:6457:5)
      at dispatchDiscreteEvent (node_modules/react-dom/cjs/react-dom.development.js:6430:5)
      at HTMLDivElement.callTheUserObjectsOperation (node_modules/jsdom/lib/jsdom/living/generated/EventListener.js:26:30)
      at innerInvokeEventListeners (node_modules/jsdom/lib/jsdom/living/events/EventTarget-impl.js:338:25)
      at invokeEventListeners (node_modules/jsdom/lib/jsdom/living/events/EventTarget-impl.js:274:3)
      at HTMLInputElementImpl._dispatch (node_modules/jsdom/lib/jsdom/living/events/EventTarget-impl.js:221:9)
      at HTMLInputElementImpl.dispatchEvent (node_modules/jsdom/lib/jsdom/living/events/EventTarget-impl.js:94:17)
      at HTMLInputElement.dispatchEvent (node_modules/jsdom/lib/jsdom/living/generated/EventTarget.js:231:34)
      at node_modules/@testing-library/dom/dist/events.js:19:20
      at Object.eventWrapper (node_modules/@testing-library/dom/dist/config.js:25:23)
      at fireEvent (node_modules/@testing-library/dom/dist/events.js:12:35)
      at fireEvent.<computed> [as input] (node_modules/@testing-library/dom/dist/events.js:110:36)
      at fireInputEvent (node_modules/@testing-library/user-event/dist/keyboard/shared/fireInputEvent.js:31:18)
      at Object.handle (node_modules/@testing-library/user-event/dist/keyboard/plugins/character.js:138:32)
      at applyPlugins (node_modules/@testing-library/user-event/dist/keyboard/keyboardImplementation.js:157:12)
      at keypress (node_modules/@testing-library/user-event/dist/keyboard/keyboardImplementation.js:135:5)
      at keyboardImplementation (node_modules/@testing-library/user-event/dist/keyboard/keyboardImplementation.js:53:9)
      at keyboardImplementationWrapper (node_modules/@testing-library/user-event/dist/keyboard/index.js:55:65)
      at typeImplementation (node_modules/@testing-library/user-event/dist/type/typeImplementation.js:49:51)
      at Object.type (node_modules/@testing-library/user-event/dist/type/index.js:27:60)
      at Object.<anonymous> (src/components/MortgageCalculator.test.js:53:21)

    console.error
      Warning: An update to MortgageCalculator inside a test was not wrapped in act(...).
      
      When testing, code that causes React state updates should be wrapped into act(...):
      
      act(() => {
        /* fire events that update state */
      });
      /* assert on the output */
      
      This ensures that you're testing the behavior the user would see in the browser. Learn more at https://reactjs.org/link/wrap-tests-with-act
          at MortgageCalculator (C:\Users\Andre Cadima\Documents\Gestion De Calidad de Sistemas\Calculadora_Pruebas_Unitarias\src\components\MortgageCalculator.js:7:43)

    [0m [90m 54 |[39m   [36mconst[39m handleAdjustableChange [33m=[39m (e) [33m=>[39m {
     [90m 55 |[39m     [36mconst[39m { name[33m,[39m value } [33m=[39m e[33m.[39mtarget[33m;[39m
    [31m[1m>[22m[39m[90m 56 |[39m     setAdjustableValues(prev [33m=>[39m ({
     [90m    |[39m     [31m[1m^[22m[39m
     [90m 57 |[39m       [33m...[39mprev[33m,[39m
     [90m 58 |[39m       [name][33m:[39m value
     [90m 59 |[39m     }))[33m;[39m[0m

      at printWarning (node_modules/react-dom/cjs/react-dom.development.js:86:30)
      at error (node_modules/react-dom/cjs/react-dom.development.js:60:7)
      at warnIfUpdatesNotWrappedWithActDEV (node_modules/react-dom/cjs/react-dom.development.js:27628:9)
      at scheduleUpdateOnFiber (node_modules/react-dom/cjs/react-dom.development.js:25547:5)
      at setAdjustableValues (node_modules/react-dom/cjs/react-dom.development.js:16708:7)
      at handleAdjustableChange (src/components/MortgageCalculator.js:56:5)
      at HTMLUnknownElement.callCallback (node_modules/react-dom/cjs/react-dom.development.js:4164:14)
      at HTMLUnknownElement.callTheUserObjectsOperation (node_modules/jsdom/lib/jsdom/living/generated/EventListener.js:26:30)
      at innerInvokeEventListeners (node_modules/jsdom/lib/jsdom/living/events/EventTarget-impl.js:338:25)
      at invokeEventListeners (node_modules/jsdom/lib/jsdom/living/events/EventTarget-impl.js:274:3)
      at HTMLUnknownElementImpl._dispatch (node_modules/jsdom/lib/jsdom/living/events/EventTarget-impl.js:221:9)
      at HTMLUnknownElementImpl.dispatchEvent (node_modules/jsdom/lib/jsdom/living/events/EventTarget-impl.js:94:17)
      at HTMLUnknownElement.dispatchEvent (node_modules/jsdom/lib/jsdom/living/generated/EventTarget.js:231:34)
      at Object.invokeGuardedCallbackDev (node_modules/react-dom/cjs/react-dom.development.js:4213:16)
      at invokeGuardedCallback (node_modules/react-dom/cjs/react-dom.development.js:4277:31)
      at invokeGuardedCallbackAndCatchFirstError (node_modules/react-dom/cjs/react-dom.development.js:4291:25)
      at executeDispatch (node_modules/react-dom/cjs/react-dom.development.js:9041:3)
      at processDispatchQueueItemsInOrder (node_modules/react-dom/cjs/react-dom.development.js:9073:7)
      at processDispatchQueue (node_modules/react-dom/cjs/react-dom.development.js:9086:5)
      at dispatchEventsForPlugins (node_modules/react-dom/cjs/react-dom.development.js:9097:3)
      at node_modules/react-dom/cjs/react-dom.development.js:9288:12
      at batchedUpdates$1 (node_modules/react-dom/cjs/react-dom.development.js:26179:12)
      at batchedUpdates (node_modules/react-dom/cjs/react-dom.development.js:3991:12)
      at dispatchEventForPluginEventSystem (node_modules/react-dom/cjs/react-dom.development.js:9287:3)
      at dispatchEventWithEnableCapturePhaseSelectiveHydrationWithoutDiscreteEventReplay (node_modules/react-dom/cjs/react-dom.development.js:6465:5)
      at dispatchEvent (node_modules/react-dom/cjs/react-dom.development.js:6457:5)
      at dispatchDiscreteEvent (node_modules/react-dom/cjs/react-dom.development.js:6430:5)
      at HTMLDivElement.callTheUserObjectsOperation (node_modules/jsdom/lib/jsdom/living/generated/EventListener.js:26:30)
      at innerInvokeEventListeners (node_modules/jsdom/lib/jsdom/living/events/EventTarget-impl.js:338:25)
      at invokeEventListeners (node_modules/jsdom/lib/jsdom/living/events/EventTarget-impl.js:274:3)
      at HTMLInputElementImpl._dispatch (node_modules/jsdom/lib/jsdom/living/events/EventTarget-impl.js:221:9)
      at HTMLInputElementImpl.dispatchEvent (node_modules/jsdom/lib/jsdom/living/events/EventTarget-impl.js:94:17)
      at HTMLInputElement.dispatchEvent (node_modules/jsdom/lib/jsdom/living/generated/EventTarget.js:231:34)
      at node_modules/@testing-library/dom/dist/events.js:19:20
      at Object.eventWrapper (node_modules/@testing-library/dom/dist/config.js:25:23)
      at fireEvent (node_modules/@testing-library/dom/dist/events.js:12:35)
      at fireEvent.<computed> [as input] (node_modules/@testing-library/dom/dist/events.js:110:36)
      at fireInputEvent (node_modules/@testing-library/user-event/dist/keyboard/shared/fireInputEvent.js:31:18)
      at Object.handle (node_modules/@testing-library/user-event/dist/keyboard/plugins/character.js:138:32)
      at applyPlugins (node_modules/@testing-library/user-event/dist/keyboard/keyboardImplementation.js:157:12)
      at keypress (node_modules/@testing-library/user-event/dist/keyboard/keyboardImplementation.js:135:5)
      at keyboardImplementation (node_modules/@testing-library/user-event/dist/keyboard/keyboardImplementation.js:53:9)
      at keyboardImplementation (node_modules/@testing-library/user-event/dist/keyboard/keyboardImplementation.js:81:12)
      at keyboardImplementationWrapper (node_modules/@testing-library/user-event/dist/keyboard/index.js:55:65)
      at typeImplementation (node_modules/@testing-library/user-event/dist/type/typeImplementation.js:49:51)
      at Object.type (node_modules/@testing-library/user-event/dist/type/index.js:27:60)
      at Object.<anonymous> (src/components/MortgageCalculator.test.js:53:21)

    console.error
      Warning: An update to MortgageCalculator inside a test was not wrapped in act(...).
      
      When testing, code that causes React state updates should be wrapped into act(...):
      
      act(() => {
        /* fire events that update state */
      });
      /* assert on the output */
      
      This ensures that you're testing the behavior the user would see in the browser. Learn more at https://reactjs.org/link/wrap-tests-with-act
          at MortgageCalculator (C:\Users\Andre Cadima\Documents\Gestion De Calidad de Sistemas\Calculadora_Pruebas_Unitarias\src\components\MortgageCalculator.js:7:43)

    [0m [90m 54 |[39m   [36mconst[39m handleAdjustableChange [33m=[39m (e) [33m=>[39m {
     [90m 55 |[39m     [36mconst[39m { name[33m,[39m value } [33m=[39m e[33m.[39mtarget[33m;[39m
    [31m[1m>[22m[39m[90m 56 |[39m     setAdjustableValues(prev [33m=>[39m ({
     [90m    |[39m     [31m[1m^[22m[39m
     [90m 57 |[39m       [33m...[39mprev[33m,[39m
     [90m 58 |[39m       [name][33m:[39m value
     [90m 59 |[39m     }))[33m;[39m[0m

      at printWarning (node_modules/react-dom/cjs/react-dom.development.js:86:30)
      at error (node_modules/react-dom/cjs/react-dom.development.js:60:7)
      at warnIfUpdatesNotWrappedWithActDEV (node_modules/react-dom/cjs/react-dom.development.js:27628:9)
      at scheduleUpdateOnFiber (node_modules/react-dom/cjs/react-dom.development.js:25547:5)
      at setAdjustableValues (node_modules/react-dom/cjs/react-dom.development.js:16708:7)
      at handleAdjustableChange (src/components/MortgageCalculator.js:56:5)
      at HTMLUnknownElement.callCallback (node_modules/react-dom/cjs/react-dom.development.js:4164:14)
      at HTMLUnknownElement.callTheUserObjectsOperation (node_modules/jsdom/lib/jsdom/living/generated/EventListener.js:26:30)
      at innerInvokeEventListeners (node_modules/jsdom/lib/jsdom/living/events/EventTarget-impl.js:338:25)
      at invokeEventListeners (node_modules/jsdom/lib/jsdom/living/events/EventTarget-impl.js:274:3)
      at HTMLUnknownElementImpl._dispatch (node_modules/jsdom/lib/jsdom/living/events/EventTarget-impl.js:221:9)
      at HTMLUnknownElementImpl.dispatchEvent (node_modules/jsdom/lib/jsdom/living/events/EventTarget-impl.js:94:17)
      at HTMLUnknownElement.dispatchEvent (node_modules/jsdom/lib/jsdom/living/generated/EventTarget.js:231:34)
      at Object.invokeGuardedCallbackDev (node_modules/react-dom/cjs/react-dom.development.js:4213:16)
      at invokeGuardedCallback (node_modules/react-dom/cjs/react-dom.development.js:4277:31)
      at invokeGuardedCallbackAndCatchFirstError (node_modules/react-dom/cjs/react-dom.development.js:4291:25)
      at executeDispatch (node_modules/react-dom/cjs/react-dom.development.js:9041:3)
      at processDispatchQueueItemsInOrder (node_modules/react-dom/cjs/react-dom.development.js:9073:7)
      at processDispatchQueue (node_modules/react-dom/cjs/react-dom.development.js:9086:5)
      at dispatchEventsForPlugins (node_modules/react-dom/cjs/react-dom.development.js:9097:3)
      at node_modules/react-dom/cjs/react-dom.development.js:9288:12
      at batchedUpdates$1 (node_modules/react-dom/cjs/react-dom.development.js:26179:12)
      at batchedUpdates (node_modules/react-dom/cjs/react-dom.development.js:3991:12)
      at dispatchEventForPluginEventSystem (node_modules/react-dom/cjs/react-dom.development.js:9287:3)
      at dispatchEventWithEnableCapturePhaseSelectiveHydrationWithoutDiscreteEventReplay (node_modules/react-dom/cjs/react-dom.development.js:6465:5)
      at dispatchEvent (node_modules/react-dom/cjs/react-dom.development.js:6457:5)
      at dispatchDiscreteEvent (node_modules/react-dom/cjs/react-dom.development.js:6430:5)
      at HTMLDivElement.callTheUserObjectsOperation (node_modules/jsdom/lib/jsdom/living/generated/EventListener.js:26:30)
      at innerInvokeEventListeners (node_modules/jsdom/lib/jsdom/living/events/EventTarget-impl.js:338:25)
      at invokeEventListeners (node_modules/jsdom/lib/jsdom/living/events/EventTarget-impl.js:274:3)
      at HTMLInputElementImpl._dispatch (node_modules/jsdom/lib/jsdom/living/events/EventTarget-impl.js:221:9)
      at HTMLInputElementImpl.dispatchEvent (node_modules/jsdom/lib/jsdom/living/events/EventTarget-impl.js:94:17)
      at HTMLInputElement.dispatchEvent (node_modules/jsdom/lib/jsdom/living/generated/EventTarget.js:231:34)
      at node_modules/@testing-library/dom/dist/events.js:19:20
      at Object.eventWrapper (node_modules/@testing-library/dom/dist/config.js:25:23)
      at fireEvent (node_modules/@testing-library/dom/dist/events.js:12:35)
      at fireEvent.<computed> [as input] (node_modules/@testing-library/dom/dist/events.js:110:36)
      at fireInputEvent (node_modules/@testing-library/user-event/dist/keyboard/shared/fireInputEvent.js:31:18)
      at Object.handle (node_modules/@testing-library/user-event/dist/keyboard/plugins/character.js:138:32)
      at applyPlugins (node_modules/@testing-library/user-event/dist/keyboard/keyboardImplementation.js:157:12)
      at keypress (node_modules/@testing-library/user-event/dist/keyboard/keyboardImplementation.js:135:5)
      at keyboardImplementation (node_modules/@testing-library/user-event/dist/keyboard/keyboardImplementation.js:53:9)
      at keyboardImplementation (node_modules/@testing-library/user-event/dist/keyboard/keyboardImplementation.js:81:12)
      at keyboardImplementation (node_modules/@testing-library/user-event/dist/keyboard/keyboardImplementation.js:81:12)
      at keyboardImplementationWrapper (node_modules/@testing-library/user-event/dist/keyboard/index.js:55:65)
      at typeImplementation (node_modules/@testing-library/user-event/dist/type/typeImplementation.js:49:51)
      at Object.type (node_modules/@testing-library/user-event/dist/type/index.js:27:60)
      at Object.<anonymous> (src/components/MortgageCalculator.test.js:53:21)

    console.error
      Warning: An update to MortgageCalculator inside a test was not wrapped in act(...).
      
      When testing, code that causes React state updates should be wrapped into act(...):
      
      act(() => {
        /* fire events that update state */
      });
      /* assert on the output */
      
      This ensures that you're testing the behavior the user would see in the browser. Learn more at https://reactjs.org/link/wrap-tests-with-act
          at MortgageCalculator (C:\Users\Andre Cadima\Documents\Gestion De Calidad de Sistemas\Calculadora_Pruebas_Unitarias\src\components\MortgageCalculator.js:7:43)

    [0m [90m  98 |[39m     [36mif[39m (results) {
     [90m  99 |[39m       [36mconst[39m newResults [33m=[39m calculateResults(formData[33m,[39m adjustableValues)[33m;[39m
    [31m[1m>[22m[39m[90m 100 |[39m       setResults(newResults)[33m;[39m
     [90m     |[39m       [31m[1m^[22m[39m
     [90m 101 |[39m       [90m// Mostrar mensaje de validación visual[39m
     [90m 102 |[39m       setShowRecalculateMessage([36mtrue[39m)[33m;[39m
     [90m 103 |[39m       setTimeout(() [33m=>[39m {[0m

      at printWarning (node_modules/react-dom/cjs/react-dom.development.js:86:30)
      at error (node_modules/react-dom/cjs/react-dom.development.js:60:7)
      at warnIfUpdatesNotWrappedWithActDEV (node_modules/react-dom/cjs/react-dom.development.js:27628:9)
      at scheduleUpdateOnFiber (node_modules/react-dom/cjs/react-dom.development.js:25547:5)
      at setResults (node_modules/react-dom/cjs/react-dom.development.js:16708:7)
      at handleRecalculate (src/components/MortgageCalculator.js:100:7)
      at HTMLUnknownElement.callCallback (node_modules/react-dom/cjs/react-dom.development.js:4164:14)
      at HTMLUnknownElement.callTheUserObjectsOperation (node_modules/jsdom/lib/jsdom/living/generated/EventListener.js:26:30)
      at innerInvokeEventListeners (node_modules/jsdom/lib/jsdom/living/events/EventTarget-impl.js:338:25)
      at invokeEventListeners (node_modules/jsdom/lib/jsdom/living/events/EventTarget-impl.js:274:3)
      at HTMLUnknownElementImpl._dispatch (node_modules/jsdom/lib/jsdom/living/events/EventTarget-impl.js:221:9)
      at HTMLUnknownElementImpl.dispatchEvent (node_modules/jsdom/lib/jsdom/living/events/EventTarget-impl.js:94:17)
      at HTMLUnknownElement.dispatchEvent (node_modules/jsdom/lib/jsdom/living/generated/EventTarget.js:231:34)
      at Object.invokeGuardedCallbackDev (node_modules/react-dom/cjs/react-dom.development.js:4213:16)
      at invokeGuardedCallback (node_modules/react-dom/cjs/react-dom.development.js:4277:31)
      at invokeGuardedCallbackAndCatchFirstError (node_modules/react-dom/cjs/react-dom.development.js:4291:25)
      at executeDispatch (node_modules/react-dom/cjs/react-dom.development.js:9041:3)
      at processDispatchQueueItemsInOrder (node_modules/react-dom/cjs/react-dom.development.js:9073:7)
      at processDispatchQueue (node_modules/react-dom/cjs/react-dom.development.js:9086:5)
      at dispatchEventsForPlugins (node_modules/react-dom/cjs/react-dom.development.js:9097:3)
      at node_modules/react-dom/cjs/react-dom.development.js:9288:12
      at batchedUpdates$1 (node_modules/react-dom/cjs/react-dom.development.js:26179:12)
      at batchedUpdates (node_modules/react-dom/cjs/react-dom.development.js:3991:12)
      at dispatchEventForPluginEventSystem (node_modules/react-dom/cjs/react-dom.development.js:9287:3)
      at dispatchEventWithEnableCapturePhaseSelectiveHydrationWithoutDiscreteEventReplay (node_modules/react-dom/cjs/react-dom.development.js:6465:5)
      at dispatchEvent (node_modules/react-dom/cjs/react-dom.development.js:6457:5)
      at dispatchDiscreteEvent (node_modules/react-dom/cjs/react-dom.development.js:6430:5)
      at HTMLDivElement.callTheUserObjectsOperation (node_modules/jsdom/lib/jsdom/living/generated/EventListener.js:26:30)
      at innerInvokeEventListeners (node_modules/jsdom/lib/jsdom/living/events/EventTarget-impl.js:338:25)
      at invokeEventListeners (node_modules/jsdom/lib/jsdom/living/events/EventTarget-impl.js:274:3)
      at HTMLButtonElementImpl._dispatch (node_modules/jsdom/lib/jsdom/living/events/EventTarget-impl.js:221:9)
      at HTMLButtonElementImpl.dispatchEvent (node_modules/jsdom/lib/jsdom/living/events/EventTarget-impl.js:94:17)
      at HTMLButtonElement.dispatchEvent (node_modules/jsdom/lib/jsdom/living/generated/EventTarget.js:231:34)
      at node_modules/@testing-library/dom/dist/events.js:19:20
      at Object.eventWrapper (node_modules/@testing-library/dom/dist/config.js:25:23)
      at fireEvent (node_modules/@testing-library/dom/dist/events.js:12:35)
      at fireEvent.<computed> [as click] (node_modules/@testing-library/dom/dist/events.js:110:36)
      at fireClick (node_modules/@testing-library/user-event/dist/click.js:150:20)
      at clickElement (node_modules/@testing-library/user-event/dist/click.js:91:5)
      at Object.click (node_modules/@testing-library/user-event/dist/click.js:140:5)
      at Object.<anonymous> (src/components/MortgageCalculator.test.js:54:21)

    console.error
      Warning: An update to MortgageCalculator inside a test was not wrapped in act(...).
      
      When testing, code that causes React state updates should be wrapped into act(...):
      
      act(() => {
        /* fire events that update state */
      });
      /* assert on the output */
      
      This ensures that you're testing the behavior the user would see in the browser. Learn more at https://reactjs.org/link/wrap-tests-with-act
          at MortgageCalculator (C:\Users\Andre Cadima\Documents\Gestion De Calidad de Sistemas\Calculadora_Pruebas_Unitarias\src\components\MortgageCalculator.js:7:43)

    [0m [90m 100 |[39m       setResults(newResults)[33m;[39m
     [90m 101 |[39m       [90m// Mostrar mensaje de validación visual[39m
    [31m[1m>[22m[39m[90m 102 |[39m       setShowRecalculateMessage([36mtrue[39m)[33m;[39m
     [90m     |[39m       [31m[1m^[22m[39m
     [90m 103 |[39m       setTimeout(() [33m=>[39m {
     [90m 104 |[39m         setShowRecalculateMessage([36mfalse[39m)[33m;[39m
     [90m 105 |[39m       }[33m,[39m [35m3000[39m)[33m;[39m[0m

      at printWarning (node_modules/react-dom/cjs/react-dom.development.js:86:30)
      at error (node_modules/react-dom/cjs/react-dom.development.js:60:7)
      at warnIfUpdatesNotWrappedWithActDEV (node_modules/react-dom/cjs/react-dom.development.js:27628:9)
      at scheduleUpdateOnFiber (node_modules/react-dom/cjs/react-dom.development.js:25547:5)
      at setShowRecalculateMessage (node_modules/react-dom/cjs/react-dom.development.js:16708:7)
      at handleRecalculate (src/components/MortgageCalculator.js:102:7)
      at HTMLUnknownElement.callCallback (node_modules/react-dom/cjs/react-dom.development.js:4164:14)
      at HTMLUnknownElement.callTheUserObjectsOperation (node_modules/jsdom/lib/jsdom/living/generated/EventListener.js:26:30)
      at innerInvokeEventListeners (node_modules/jsdom/lib/jsdom/living/events/EventTarget-impl.js:338:25)
      at invokeEventListeners (node_modules/jsdom/lib/jsdom/living/events/EventTarget-impl.js:274:3)
      at HTMLUnknownElementImpl._dispatch (node_modules/jsdom/lib/jsdom/living/events/EventTarget-impl.js:221:9)
      at HTMLUnknownElementImpl.dispatchEvent (node_modules/jsdom/lib/jsdom/living/events/EventTarget-impl.js:94:17)
      at HTMLUnknownElement.dispatchEvent (node_modules/jsdom/lib/jsdom/living/generated/EventTarget.js:231:34)
      at Object.invokeGuardedCallbackDev (node_modules/react-dom/cjs/react-dom.development.js:4213:16)
      at invokeGuardedCallback (node_modules/react-dom/cjs/react-dom.development.js:4277:31)
      at invokeGuardedCallbackAndCatchFirstError (node_modules/react-dom/cjs/react-dom.development.js:4291:25)
      at executeDispatch (node_modules/react-dom/cjs/react-dom.development.js:9041:3)
      at processDispatchQueueItemsInOrder (node_modules/react-dom/cjs/react-dom.development.js:9073:7)
      at processDispatchQueue (node_modules/react-dom/cjs/react-dom.development.js:9086:5)
      at dispatchEventsForPlugins (node_modules/react-dom/cjs/react-dom.development.js:9097:3)
      at node_modules/react-dom/cjs/react-dom.development.js:9288:12
      at batchedUpdates$1 (node_modules/react-dom/cjs/react-dom.development.js:26179:12)
      at batchedUpdates (node_modules/react-dom/cjs/react-dom.development.js:3991:12)
      at dispatchEventForPluginEventSystem (node_modules/react-dom/cjs/react-dom.development.js:9287:3)
      at dispatchEventWithEnableCapturePhaseSelectiveHydrationWithoutDiscreteEventReplay (node_modules/react-dom/cjs/react-dom.development.js:6465:5)
      at dispatchEvent (node_modules/react-dom/cjs/react-dom.development.js:6457:5)
      at dispatchDiscreteEvent (node_modules/react-dom/cjs/react-dom.development.js:6430:5)
      at HTMLDivElement.callTheUserObjectsOperation (node_modules/jsdom/lib/jsdom/living/generated/EventListener.js:26:30)
      at innerInvokeEventListeners (node_modules/jsdom/lib/jsdom/living/events/EventTarget-impl.js:338:25)
      at invokeEventListeners (node_modules/jsdom/lib/jsdom/living/events/EventTarget-impl.js:274:3)
      at HTMLButtonElementImpl._dispatch (node_modules/jsdom/lib/jsdom/living/events/EventTarget-impl.js:221:9)
      at HTMLButtonElementImpl.dispatchEvent (node_modules/jsdom/lib/jsdom/living/events/EventTarget-impl.js:94:17)
      at HTMLButtonElement.dispatchEvent (node_modules/jsdom/lib/jsdom/living/generated/EventTarget.js:231:34)
      at node_modules/@testing-library/dom/dist/events.js:19:20
      at Object.eventWrapper (node_modules/@testing-library/dom/dist/config.js:25:23)
      at fireEvent (node_modules/@testing-library/dom/dist/events.js:12:35)
      at fireEvent.<computed> [as click] (node_modules/@testing-library/dom/dist/events.js:110:36)
      at fireClick (node_modules/@testing-library/user-event/dist/click.js:150:20)
      at clickElement (node_modules/@testing-library/user-event/dist/click.js:91:5)
      at Object.click (node_modules/@testing-library/user-event/dist/click.js:140:5)
      at Object.<anonymous> (src/components/MortgageCalculator.test.js:54:21)

FAIL src/components/ComparisonTool.test.js
  ● Console

    console.error
      Warning: `ReactDOMTestUtils.act` is deprecated in favor of `React.act`. Import `act` from `react` instead of `react-dom/test-utils`. See https://react.dev/warnings/react-dom-test-utils for more info.

    [0m [90m  6 |[39m describe([32m'ComparisonTool'[39m[33m,[39m () [33m=>[39m {
     [90m  7 |[39m   it([32m'shows empty state initially'[39m[33m,[39m () [33m=>[39m {
    [31m[1m>[22m[39m[90m  8 |[39m     render([33m<[39m[33mComparisonTool[39m [33m/[39m[33m>[39m)[33m;[39m
     [90m    |[39m           [31m[1m^[22m[39m
     [90m  9 |[39m
     [90m 10 |[39m     expect(screen[33m.[39mgetByText([35m/Aún no hay escenarios/i[39m))[33m.[39mtoBeInTheDocument()[33m;[39m
     [90m 11 |[39m     expect(screen[33m.[39mgetByRole([32m'heading'[39m[33m,[39m { name[33m:[39m [35m/Comparar Escenarios \(0\)/i[39m }))[33m.[39mtoBeInTheDocument()[33m;[39m[0m

      at printWarning (node_modules/react-dom/cjs/react-dom-test-utils.development.js:71:30)
      at error (node_modules/react-dom/cjs/react-dom-test-utils.development.js:45:7)
      at actWithWarning (node_modules/react-dom/cjs/react-dom-test-utils.development.js:1736:7)
      at node_modules/@testing-library/react/dist/act-compat.js:63:25
      at renderRoot (node_modules/@testing-library/react/dist/pure.js:159:26)
      at render (node_modules/@testing-library/react/dist/pure.js:246:10)
      at Object.<anonymous> (src/components/ComparisonTool.test.js:8:11)

    console.error
      Warning: An update to ComparisonTool inside a test was not wrapped in act(...).
      
      When testing, code that causes React state updates should be wrapped into act(...):
      
      act(() => {
        /* fire events that update state */
      });
      /* assert on the output */
      
      This ensures that you're testing the behavior the user would see in the browser. Learn more at https://reactjs.org/link/wrap-tests-with-act
          at ComparisonTool (C:\Users\Andre Cadima\Documents\Gestion De Calidad de Sistemas\Calculadora_Pruebas_Unitarias\src\components\ComparisonTool.js:9:45)

    [0m [90m 35 |[39m   [36mconst[39m handleChange [33m=[39m (e) [33m=>[39m {
     [90m 36 |[39m     [36mconst[39m { name[33m,[39m value[33m,[39m type[33m,[39m checked } [33m=[39m e[33m.[39mtarget[33m;[39m
    [31m[1m>[22m[39m[90m 37 |[39m     setFormData(prev [33m=>[39m ({
     [90m    |[39m     [31m[1m^[22m[39m
     [90m 38 |[39m       [33m...[39mprev[33m,[39m
     [90m 39 |[39m       [name][33m:[39m type [33m===[39m [32m'checkbox'[39m [33m?[39m checked [33m:[39m value
     [90m 40 |[39m     }))[33m;[39m[0m

      at printWarning (node_modules/react-dom/cjs/react-dom.development.js:86:30)
      at error (node_modules/react-dom/cjs/react-dom.development.js:60:7)
      at warnIfUpdatesNotWrappedWithActDEV (node_modules/react-dom/cjs/react-dom.development.js:27628:9)
      at scheduleUpdateOnFiber (node_modules/react-dom/cjs/react-dom.development.js:25547:5)
      at setFormData (node_modules/react-dom/cjs/react-dom.development.js:16708:7)
      at handleChange (src/components/ComparisonTool.js:37:5)
      at HTMLUnknownElement.callCallback (node_modules/react-dom/cjs/react-dom.development.js:4164:14)
      at HTMLUnknownElement.callTheUserObjectsOperation (node_modules/jsdom/lib/jsdom/living/generated/EventListener.js:26:30)
      at innerInvokeEventListeners (node_modules/jsdom/lib/jsdom/living/events/EventTarget-impl.js:338:25)
      at invokeEventListeners (node_modules/jsdom/lib/jsdom/living/events/EventTarget-impl.js:274:3)
      at HTMLUnknownElementImpl._dispatch (node_modules/jsdom/lib/jsdom/living/events/EventTarget-impl.js:221:9)
      at HTMLUnknownElementImpl.dispatchEvent (node_modules/jsdom/lib/jsdom/living/events/EventTarget-impl.js:94:17)
      at HTMLUnknownElement.dispatchEvent (node_modules/jsdom/lib/jsdom/living/generated/EventTarget.js:231:34)
      at Object.invokeGuardedCallbackDev (node_modules/react-dom/cjs/react-dom.development.js:4213:16)
      at invokeGuardedCallback (node_modules/react-dom/cjs/react-dom.development.js:4277:31)
      at invokeGuardedCallbackAndCatchFirstError (node_modules/react-dom/cjs/react-dom.development.js:4291:25)
      at executeDispatch (node_modules/react-dom/cjs/react-dom.development.js:9041:3)
      at processDispatchQueueItemsInOrder (node_modules/react-dom/cjs/react-dom.development.js:9073:7)
      at processDispatchQueue (node_modules/react-dom/cjs/react-dom.development.js:9086:5)
      at dispatchEventsForPlugins (node_modules/react-dom/cjs/react-dom.development.js:9097:3)
      at node_modules/react-dom/cjs/react-dom.development.js:9288:12
      at batchedUpdates$1 (node_modules/react-dom/cjs/react-dom.development.js:26179:12)
      at batchedUpdates (node_modules/react-dom/cjs/react-dom.development.js:3991:12)
      at dispatchEventForPluginEventSystem (node_modules/react-dom/cjs/react-dom.development.js:9287:3)
      at dispatchEventWithEnableCapturePhaseSelectiveHydrationWithoutDiscreteEventReplay (node_modules/react-dom/cjs/react-dom.development.js:6465:5)
      at dispatchEvent (node_modules/react-dom/cjs/react-dom.development.js:6457:5)
      at dispatchDiscreteEvent (node_modules/react-dom/cjs/react-dom.development.js:6430:5)
      at HTMLDivElement.callTheUserObjectsOperation (node_modules/jsdom/lib/jsdom/living/generated/EventListener.js:26:30)
      at innerInvokeEventListeners (node_modules/jsdom/lib/jsdom/living/events/EventTarget-impl.js:338:25)
      at invokeEventListeners (node_modules/jsdom/lib/jsdom/living/events/EventTarget-impl.js:274:3)
      at HTMLInputElementImpl._dispatch (node_modules/jsdom/lib/jsdom/living/events/EventTarget-impl.js:221:9)
      at HTMLInputElementImpl.dispatchEvent (node_modules/jsdom/lib/jsdom/living/events/EventTarget-impl.js:94:17)
      at HTMLInputElement.dispatchEvent (node_modules/jsdom/lib/jsdom/living/generated/EventTarget.js:231:34)
      at node_modules/@testing-library/dom/dist/events.js:19:20
      at Object.eventWrapper (node_modules/@testing-library/dom/dist/config.js:25:23)
      at fireEvent (node_modules/@testing-library/dom/dist/events.js:12:35)
      at fireEvent.<computed> [as input] (node_modules/@testing-library/dom/dist/events.js:110:36)
      at fireInputEvent (node_modules/@testing-library/user-event/dist/keyboard/shared/fireInputEvent.js:31:18)
      at Object.handle (node_modules/@testing-library/user-event/dist/keyboard/plugins/character.js:167:32)
      at applyPlugins (node_modules/@testing-library/user-event/dist/keyboard/keyboardImplementation.js:157:12)
      at keypress (node_modules/@testing-library/user-event/dist/keyboard/keyboardImplementation.js:135:5)
      at keyboardImplementation (node_modules/@testing-library/user-event/dist/keyboard/keyboardImplementation.js:53:9)
      at keyboardImplementationWrapper (node_modules/@testing-library/user-event/dist/keyboard/index.js:55:65)
      at typeImplementation (node_modules/@testing-library/user-event/dist/type/typeImplementation.js:49:51)
      at Object.type (node_modules/@testing-library/user-event/dist/type/index.js:27:60)
      at Object.<anonymous> (src/components/ComparisonTool.test.js:26:21)

    console.error
      Warning: An update to ComparisonTool inside a test was not wrapped in act(...).
      
      When testing, code that causes React state updates should be wrapped into act(...):
      
      act(() => {
        /* fire events that update state */
      });
      /* assert on the output */
      
      This ensures that you're testing the behavior the user would see in the browser. Learn more at https://reactjs.org/link/wrap-tests-with-act
          at ComparisonTool (C:\Users\Andre Cadima\Documents\Gestion De Calidad de Sistemas\Calculadora_Pruebas_Unitarias\src\components\ComparisonTool.js:9:45)

    [0m [90m 35 |[39m   [36mconst[39m handleChange [33m=[39m (e) [33m=>[39m {
     [90m 36 |[39m     [36mconst[39m { name[33m,[39m value[33m,[39m type[33m,[39m checked } [33m=[39m e[33m.[39mtarget[33m;[39m
    [31m[1m>[22m[39m[90m 37 |[39m     setFormData(prev [33m=>[39m ({
     [90m    |[39m     [31m[1m^[22m[39m
     [90m 38 |[39m       [33m...[39mprev[33m,[39m
     [90m 39 |[39m       [name][33m:[39m type [33m===[39m [32m'checkbox'[39m [33m?[39m checked [33m:[39m value
     [90m 40 |[39m     }))[33m;[39m[0m

      at printWarning (node_modules/react-dom/cjs/react-dom.development.js:86:30)
      at error (node_modules/react-dom/cjs/react-dom.development.js:60:7)
      at warnIfUpdatesNotWrappedWithActDEV (node_modules/react-dom/cjs/react-dom.development.js:27628:9)
      at scheduleUpdateOnFiber (node_modules/react-dom/cjs/react-dom.development.js:25547:5)
      at setFormData (node_modules/react-dom/cjs/react-dom.development.js:16708:7)
      at handleChange (src/components/ComparisonTool.js:37:5)
      at HTMLUnknownElement.callCallback (node_modules/react-dom/cjs/react-dom.development.js:4164:14)
      at HTMLUnknownElement.callTheUserObjectsOperation (node_modules/jsdom/lib/jsdom/living/generated/EventListener.js:26:30)
      at innerInvokeEventListeners (node_modules/jsdom/lib/jsdom/living/events/EventTarget-impl.js:338:25)
      at invokeEventListeners (node_modules/jsdom/lib/jsdom/living/events/EventTarget-impl.js:274:3)
      at HTMLUnknownElementImpl._dispatch (node_modules/jsdom/lib/jsdom/living/events/EventTarget-impl.js:221:9)
      at HTMLUnknownElementImpl.dispatchEvent (node_modules/jsdom/lib/jsdom/living/events/EventTarget-impl.js:94:17)
      at HTMLUnknownElement.dispatchEvent (node_modules/jsdom/lib/jsdom/living/generated/EventTarget.js:231:34)
      at Object.invokeGuardedCallbackDev (node_modules/react-dom/cjs/react-dom.development.js:4213:16)
      at invokeGuardedCallback (node_modules/react-dom/cjs/react-dom.development.js:4277:31)
      at invokeGuardedCallbackAndCatchFirstError (node_modules/react-dom/cjs/react-dom.development.js:4291:25)
      at executeDispatch (node_modules/react-dom/cjs/react-dom.development.js:9041:3)
      at processDispatchQueueItemsInOrder (node_modules/react-dom/cjs/react-dom.development.js:9073:7)
      at processDispatchQueue (node_modules/react-dom/cjs/react-dom.development.js:9086:5)
      at dispatchEventsForPlugins (node_modules/react-dom/cjs/react-dom.development.js:9097:3)
      at node_modules/react-dom/cjs/react-dom.development.js:9288:12
      at batchedUpdates$1 (node_modules/react-dom/cjs/react-dom.development.js:26179:12)
      at batchedUpdates (node_modules/react-dom/cjs/react-dom.development.js:3991:12)
      at dispatchEventForPluginEventSystem (node_modules/react-dom/cjs/react-dom.development.js:9287:3)
      at dispatchEventWithEnableCapturePhaseSelectiveHydrationWithoutDiscreteEventReplay (node_modules/react-dom/cjs/react-dom.development.js:6465:5)
      at dispatchEvent (node_modules/react-dom/cjs/react-dom.development.js:6457:5)
      at dispatchDiscreteEvent (node_modules/react-dom/cjs/react-dom.development.js:6430:5)
      at HTMLDivElement.callTheUserObjectsOperation (node_modules/jsdom/lib/jsdom/living/generated/EventListener.js:26:30)
      at innerInvokeEventListeners (node_modules/jsdom/lib/jsdom/living/events/EventTarget-impl.js:338:25)
      at invokeEventListeners (node_modules/jsdom/lib/jsdom/living/events/EventTarget-impl.js:274:3)
      at HTMLInputElementImpl._dispatch (node_modules/jsdom/lib/jsdom/living/events/EventTarget-impl.js:221:9)
      at HTMLInputElementImpl.dispatchEvent (node_modules/jsdom/lib/jsdom/living/events/EventTarget-impl.js:94:17)
      at HTMLInputElement.dispatchEvent (node_modules/jsdom/lib/jsdom/living/generated/EventTarget.js:231:34)
      at node_modules/@testing-library/dom/dist/events.js:19:20
      at Object.eventWrapper (node_modules/@testing-library/dom/dist/config.js:25:23)
      at fireEvent (node_modules/@testing-library/dom/dist/events.js:12:35)
      at fireEvent.<computed> [as input] (node_modules/@testing-library/dom/dist/events.js:110:36)
      at fireInputEvent (node_modules/@testing-library/user-event/dist/keyboard/shared/fireInputEvent.js:31:18)
      at Object.handle (node_modules/@testing-library/user-event/dist/keyboard/plugins/character.js:167:32)
      at applyPlugins (node_modules/@testing-library/user-event/dist/keyboard/keyboardImplementation.js:157:12)
      at keypress (node_modules/@testing-library/user-event/dist/keyboard/keyboardImplementation.js:135:5)
      at keyboardImplementation (node_modules/@testing-library/user-event/dist/keyboard/keyboardImplementation.js:53:9)
      at keyboardImplementation (node_modules/@testing-library/user-event/dist/keyboard/keyboardImplementation.js:81:12)
      at keyboardImplementationWrapper (node_modules/@testing-library/user-event/dist/keyboard/index.js:55:65)
      at typeImplementation (node_modules/@testing-library/user-event/dist/type/typeImplementation.js:49:51)
      at Object.type (node_modules/@testing-library/user-event/dist/type/index.js:27:60)
      at Object.<anonymous> (src/components/ComparisonTool.test.js:26:21)

    console.error
      Warning: An update to ComparisonTool inside a test was not wrapped in act(...).
      
      When testing, code that causes React state updates should be wrapped into act(...):
      
      act(() => {
        /* fire events that update state */
      });
      /* assert on the output */
      
      This ensures that you're testing the behavior the user would see in the browser. Learn more at https://reactjs.org/link/wrap-tests-with-act
          at ComparisonTool (C:\Users\Andre Cadima\Documents\Gestion De Calidad de Sistemas\Calculadora_Pruebas_Unitarias\src\components\ComparisonTool.js:9:45)

    [0m [90m 35 |[39m   [36mconst[39m handleChange [33m=[39m (e) [33m=>[39m {
     [90m 36 |[39m     [36mconst[39m { name[33m,[39m value[33m,[39m type[33m,[39m checked } [33m=[39m e[33m.[39mtarget[33m;[39m
    [31m[1m>[22m[39m[90m 37 |[39m     setFormData(prev [33m=>[39m ({
     [90m    |[39m     [31m[1m^[22m[39m
     [90m 38 |[39m       [33m...[39mprev[33m,[39m
     [90m 39 |[39m       [name][33m:[39m type [33m===[39m [32m'checkbox'[39m [33m?[39m checked [33m:[39m value
     [90m 40 |[39m     }))[33m;[39m[0m

      at printWarning (node_modules/react-dom/cjs/react-dom.development.js:86:30)
      at error (node_modules/react-dom/cjs/react-dom.development.js:60:7)
      at warnIfUpdatesNotWrappedWithActDEV (node_modules/react-dom/cjs/react-dom.development.js:27628:9)
      at scheduleUpdateOnFiber (node_modules/react-dom/cjs/react-dom.development.js:25547:5)
      at setFormData (node_modules/react-dom/cjs/react-dom.development.js:16708:7)
      at handleChange (src/components/ComparisonTool.js:37:5)
      at HTMLUnknownElement.callCallback (node_modules/react-dom/cjs/react-dom.development.js:4164:14)
      at HTMLUnknownElement.callTheUserObjectsOperation (node_modules/jsdom/lib/jsdom/living/generated/EventListener.js:26:30)
      at innerInvokeEventListeners (node_modules/jsdom/lib/jsdom/living/events/EventTarget-impl.js:338:25)
      at invokeEventListeners (node_modules/jsdom/lib/jsdom/living/events/EventTarget-impl.js:274:3)
      at HTMLUnknownElementImpl._dispatch (node_modules/jsdom/lib/jsdom/living/events/EventTarget-impl.js:221:9)
      at HTMLUnknownElementImpl.dispatchEvent (node_modules/jsdom/lib/jsdom/living/events/EventTarget-impl.js:94:17)
      at HTMLUnknownElement.dispatchEvent (node_modules/jsdom/lib/jsdom/living/generated/EventTarget.js:231:34)
      at Object.invokeGuardedCallbackDev (node_modules/react-dom/cjs/react-dom.development.js:4213:16)
      at invokeGuardedCallback (node_modules/react-dom/cjs/react-dom.development.js:4277:31)
      at invokeGuardedCallbackAndCatchFirstError (node_modules/react-dom/cjs/react-dom.development.js:4291:25)
      at executeDispatch (node_modules/react-dom/cjs/react-dom.development.js:9041:3)
      at processDispatchQueueItemsInOrder (node_modules/react-dom/cjs/react-dom.development.js:9073:7)
      at processDispatchQueue (node_modules/react-dom/cjs/react-dom.development.js:9086:5)
      at dispatchEventsForPlugins (node_modules/react-dom/cjs/react-dom.development.js:9097:3)
      at node_modules/react-dom/cjs/react-dom.development.js:9288:12
      at batchedUpdates$1 (node_modules/react-dom/cjs/react-dom.development.js:26179:12)
      at batchedUpdates (node_modules/react-dom/cjs/react-dom.development.js:3991:12)
      at dispatchEventForPluginEventSystem (node_modules/react-dom/cjs/react-dom.development.js:9287:3)
      at dispatchEventWithEnableCapturePhaseSelectiveHydrationWithoutDiscreteEventReplay (node_modules/react-dom/cjs/react-dom.development.js:6465:5)
      at dispatchEvent (node_modules/react-dom/cjs/react-dom.development.js:6457:5)
      at dispatchDiscreteEvent (node_modules/react-dom/cjs/react-dom.development.js:6430:5)
      at HTMLDivElement.callTheUserObjectsOperation (node_modules/jsdom/lib/jsdom/living/generated/EventListener.js:26:30)
      at innerInvokeEventListeners (node_modules/jsdom/lib/jsdom/living/events/EventTarget-impl.js:338:25)
      at invokeEventListeners (node_modules/jsdom/lib/jsdom/living/events/EventTarget-impl.js:274:3)
      at HTMLInputElementImpl._dispatch (node_modules/jsdom/lib/jsdom/living/events/EventTarget-impl.js:221:9)
      at HTMLInputElementImpl.dispatchEvent (node_modules/jsdom/lib/jsdom/living/events/EventTarget-impl.js:94:17)
      at HTMLInputElement.dispatchEvent (node_modules/jsdom/lib/jsdom/living/generated/EventTarget.js:231:34)
      at node_modules/@testing-library/dom/dist/events.js:19:20
      at Object.eventWrapper (node_modules/@testing-library/dom/dist/config.js:25:23)
      at fireEvent (node_modules/@testing-library/dom/dist/events.js:12:35)
      at fireEvent.<computed> [as input] (node_modules/@testing-library/dom/dist/events.js:110:36)
      at fireInputEvent (node_modules/@testing-library/user-event/dist/keyboard/shared/fireInputEvent.js:31:18)
      at Object.handle (node_modules/@testing-library/user-event/dist/keyboard/plugins/character.js:167:32)
      at applyPlugins (node_modules/@testing-library/user-event/dist/keyboard/keyboardImplementation.js:157:12)
      at keypress (node_modules/@testing-library/user-event/dist/keyboard/keyboardImplementation.js:135:5)
      at keyboardImplementation (node_modules/@testing-library/user-event/dist/keyboard/keyboardImplementation.js:53:9)
      at keyboardImplementation (node_modules/@testing-library/user-event/dist/keyboard/keyboardImplementation.js:81:12)
      at keyboardImplementation (node_modules/@testing-library/user-event/dist/keyboard/keyboardImplementation.js:81:12)
      at keyboardImplementationWrapper (node_modules/@testing-library/user-event/dist/keyboard/index.js:55:65)
      at typeImplementation (node_modules/@testing-library/user-event/dist/type/typeImplementation.js:49:51)
      at Object.type (node_modules/@testing-library/user-event/dist/type/index.js:27:60)
      at Object.<anonymous> (src/components/ComparisonTool.test.js:26:21)

    console.error
      Warning: An update to ComparisonTool inside a test was not wrapped in act(...).
      
      When testing, code that causes React state updates should be wrapped into act(...):
      
      act(() => {
        /* fire events that update state */
      });
      /* assert on the output */
      
      This ensures that you're testing the behavior the user would see in the browser. Learn more at https://reactjs.org/link/wrap-tests-with-act
          at ComparisonTool (C:\Users\Andre Cadima\Documents\Gestion De Calidad de Sistemas\Calculadora_Pruebas_Unitarias\src\components\ComparisonTool.js:9:45)

    [0m [90m 35 |[39m   [36mconst[39m handleChange [33m=[39m (e) [33m=>[39m {
     [90m 36 |[39m     [36mconst[39m { name[33m,[39m value[33m,[39m type[33m,[39m checked } [33m=[39m e[33m.[39mtarget[33m;[39m
    [31m[1m>[22m[39m[90m 37 |[39m     setFormData(prev [33m=>[39m ({
     [90m    |[39m     [31m[1m^[22m[39m
     [90m 38 |[39m       [33m...[39mprev[33m,[39m
     [90m 39 |[39m       [name][33m:[39m type [33m===[39m [32m'checkbox'[39m [33m?[39m checked [33m:[39m value
     [90m 40 |[39m     }))[33m;[39m[0m

      at printWarning (node_modules/react-dom/cjs/react-dom.development.js:86:30)
      at error (node_modules/react-dom/cjs/react-dom.development.js:60:7)
      at warnIfUpdatesNotWrappedWithActDEV (node_modules/react-dom/cjs/react-dom.development.js:27628:9)
      at scheduleUpdateOnFiber (node_modules/react-dom/cjs/react-dom.development.js:25547:5)
      at setFormData (node_modules/react-dom/cjs/react-dom.development.js:16708:7)
      at handleChange (src/components/ComparisonTool.js:37:5)
      at HTMLUnknownElement.callCallback (node_modules/react-dom/cjs/react-dom.development.js:4164:14)
      at HTMLUnknownElement.callTheUserObjectsOperation (node_modules/jsdom/lib/jsdom/living/generated/EventListener.js:26:30)
      at innerInvokeEventListeners (node_modules/jsdom/lib/jsdom/living/events/EventTarget-impl.js:338:25)
      at invokeEventListeners (node_modules/jsdom/lib/jsdom/living/events/EventTarget-impl.js:274:3)
      at HTMLUnknownElementImpl._dispatch (node_modules/jsdom/lib/jsdom/living/events/EventTarget-impl.js:221:9)
      at HTMLUnknownElementImpl.dispatchEvent (node_modules/jsdom/lib/jsdom/living/events/EventTarget-impl.js:94:17)
      at HTMLUnknownElement.dispatchEvent (node_modules/jsdom/lib/jsdom/living/generated/EventTarget.js:231:34)
      at Object.invokeGuardedCallbackDev (node_modules/react-dom/cjs/react-dom.development.js:4213:16)
      at invokeGuardedCallback (node_modules/react-dom/cjs/react-dom.development.js:4277:31)
      at invokeGuardedCallbackAndCatchFirstError (node_modules/react-dom/cjs/react-dom.development.js:4291:25)
      at executeDispatch (node_modules/react-dom/cjs/react-dom.development.js:9041:3)
      at processDispatchQueueItemsInOrder (node_modules/react-dom/cjs/react-dom.development.js:9073:7)
      at processDispatchQueue (node_modules/react-dom/cjs/react-dom.development.js:9086:5)
      at dispatchEventsForPlugins (node_modules/react-dom/cjs/react-dom.development.js:9097:3)
      at node_modules/react-dom/cjs/react-dom.development.js:9288:12
      at batchedUpdates$1 (node_modules/react-dom/cjs/react-dom.development.js:26179:12)
      at batchedUpdates (node_modules/react-dom/cjs/react-dom.development.js:3991:12)
      at dispatchEventForPluginEventSystem (node_modules/react-dom/cjs/react-dom.development.js:9287:3)
      at dispatchEventWithEnableCapturePhaseSelectiveHydrationWithoutDiscreteEventReplay (node_modules/react-dom/cjs/react-dom.development.js:6465:5)
      at dispatchEvent (node_modules/react-dom/cjs/react-dom.development.js:6457:5)
      at dispatchDiscreteEvent (node_modules/react-dom/cjs/react-dom.development.js:6430:5)
      at HTMLDivElement.callTheUserObjectsOperation (node_modules/jsdom/lib/jsdom/living/generated/EventListener.js:26:30)
      at innerInvokeEventListeners (node_modules/jsdom/lib/jsdom/living/events/EventTarget-impl.js:338:25)
      at invokeEventListeners (node_modules/jsdom/lib/jsdom/living/events/EventTarget-impl.js:274:3)
      at HTMLInputElementImpl._dispatch (node_modules/jsdom/lib/jsdom/living/events/EventTarget-impl.js:221:9)
      at HTMLInputElementImpl.dispatchEvent (node_modules/jsdom/lib/jsdom/living/events/EventTarget-impl.js:94:17)
      at HTMLInputElement.dispatchEvent (node_modules/jsdom/lib/jsdom/living/generated/EventTarget.js:231:34)
      at node_modules/@testing-library/dom/dist/events.js:19:20
      at Object.eventWrapper (node_modules/@testing-library/dom/dist/config.js:25:23)
      at fireEvent (node_modules/@testing-library/dom/dist/events.js:12:35)
      at fireEvent.<computed> [as input] (node_modules/@testing-library/dom/dist/events.js:110:36)
      at fireInputEvent (node_modules/@testing-library/user-event/dist/keyboard/shared/fireInputEvent.js:31:18)
      at Object.handle (node_modules/@testing-library/user-event/dist/keyboard/plugins/character.js:167:32)
      at applyPlugins (node_modules/@testing-library/user-event/dist/keyboard/keyboardImplementation.js:157:12)
      at keypress (node_modules/@testing-library/user-event/dist/keyboard/keyboardImplementation.js:135:5)
      at keyboardImplementation (node_modules/@testing-library/user-event/dist/keyboard/keyboardImplementation.js:53:9)
      at keyboardImplementation (node_modules/@testing-library/user-event/dist/keyboard/keyboardImplementation.js:81:12)
      at keyboardImplementation (node_modules/@testing-library/user-event/dist/keyboard/keyboardImplementation.js:81:12)
      at keyboardImplementation (node_modules/@testing-library/user-event/dist/keyboard/keyboardImplementation.js:81:12)
      at keyboardImplementationWrapper (node_modules/@testing-library/user-event/dist/keyboard/index.js:55:65)
      at typeImplementation (node_modules/@testing-library/user-event/dist/type/typeImplementation.js:49:51)
      at Object.type (node_modules/@testing-library/user-event/dist/type/index.js:27:60)

    console.error
      Warning: An update to ComparisonTool inside a test was not wrapped in act(...).
      
      When testing, code that causes React state updates should be wrapped into act(...):
      
      act(() => {
        /* fire events that update state */
      });
      /* assert on the output */
      
      This ensures that you're testing the behavior the user would see in the browser. Learn more at https://reactjs.org/link/wrap-tests-with-act
          at ComparisonTool (C:\Users\Andre Cadima\Documents\Gestion De Calidad de Sistemas\Calculadora_Pruebas_Unitarias\src\components\ComparisonTool.js:9:45)

    [0m [90m 35 |[39m   [36mconst[39m handleChange [33m=[39m (e) [33m=>[39m {
     [90m 36 |[39m     [36mconst[39m { name[33m,[39m value[33m,[39m type[33m,[39m checked } [33m=[39m e[33m.[39mtarget[33m;[39m
    [31m[1m>[22m[39m[90m 37 |[39m     setFormData(prev [33m=>[39m ({
     [90m    |[39m     [31m[1m^[22m[39m
     [90m 38 |[39m       [33m...[39mprev[33m,[39m
     [90m 39 |[39m       [name][33m:[39m type [33m===[39m [32m'checkbox'[39m [33m?[39m checked [33m:[39m value
     [90m 40 |[39m     }))[33m;[39m[0m

      at printWarning (node_modules/react-dom/cjs/react-dom.development.js:86:30)
      at error (node_modules/react-dom/cjs/react-dom.development.js:60:7)
      at warnIfUpdatesNotWrappedWithActDEV (node_modules/react-dom/cjs/react-dom.development.js:27628:9)
      at scheduleUpdateOnFiber (node_modules/react-dom/cjs/react-dom.development.js:25547:5)
      at setFormData (node_modules/react-dom/cjs/react-dom.development.js:16708:7)
      at handleChange (src/components/ComparisonTool.js:37:5)
      at HTMLUnknownElement.callCallback (node_modules/react-dom/cjs/react-dom.development.js:4164:14)
      at HTMLUnknownElement.callTheUserObjectsOperation (node_modules/jsdom/lib/jsdom/living/generated/EventListener.js:26:30)
      at innerInvokeEventListeners (node_modules/jsdom/lib/jsdom/living/events/EventTarget-impl.js:338:25)
      at invokeEventListeners (node_modules/jsdom/lib/jsdom/living/events/EventTarget-impl.js:274:3)
      at HTMLUnknownElementImpl._dispatch (node_modules/jsdom/lib/jsdom/living/events/EventTarget-impl.js:221:9)
      at HTMLUnknownElementImpl.dispatchEvent (node_modules/jsdom/lib/jsdom/living/events/EventTarget-impl.js:94:17)
      at HTMLUnknownElement.dispatchEvent (node_modules/jsdom/lib/jsdom/living/generated/EventTarget.js:231:34)
      at Object.invokeGuardedCallbackDev (node_modules/react-dom/cjs/react-dom.development.js:4213:16)
      at invokeGuardedCallback (node_modules/react-dom/cjs/react-dom.development.js:4277:31)
      at invokeGuardedCallbackAndCatchFirstError (node_modules/react-dom/cjs/react-dom.development.js:4291:25)
      at executeDispatch (node_modules/react-dom/cjs/react-dom.development.js:9041:3)
      at processDispatchQueueItemsInOrder (node_modules/react-dom/cjs/react-dom.development.js:9073:7)
      at processDispatchQueue (node_modules/react-dom/cjs/react-dom.development.js:9086:5)
      at dispatchEventsForPlugins (node_modules/react-dom/cjs/react-dom.development.js:9097:3)
      at node_modules/react-dom/cjs/react-dom.development.js:9288:12
      at batchedUpdates$1 (node_modules/react-dom/cjs/react-dom.development.js:26179:12)
      at batchedUpdates (node_modules/react-dom/cjs/react-dom.development.js:3991:12)
      at dispatchEventForPluginEventSystem (node_modules/react-dom/cjs/react-dom.development.js:9287:3)
      at dispatchEventWithEnableCapturePhaseSelectiveHydrationWithoutDiscreteEventReplay (node_modules/react-dom/cjs/react-dom.development.js:6465:5)
      at dispatchEvent (node_modules/react-dom/cjs/react-dom.development.js:6457:5)
      at dispatchDiscreteEvent (node_modules/react-dom/cjs/react-dom.development.js:6430:5)
      at HTMLDivElement.callTheUserObjectsOperation (node_modules/jsdom/lib/jsdom/living/generated/EventListener.js:26:30)
      at innerInvokeEventListeners (node_modules/jsdom/lib/jsdom/living/events/EventTarget-impl.js:338:25)
      at invokeEventListeners (node_modules/jsdom/lib/jsdom/living/events/EventTarget-impl.js:274:3)
      at HTMLInputElementImpl._dispatch (node_modules/jsdom/lib/jsdom/living/events/EventTarget-impl.js:221:9)
      at HTMLInputElementImpl.dispatchEvent (node_modules/jsdom/lib/jsdom/living/events/EventTarget-impl.js:94:17)
      at HTMLInputElement.dispatchEvent (node_modules/jsdom/lib/jsdom/living/generated/EventTarget.js:231:34)
      at node_modules/@testing-library/dom/dist/events.js:19:20
      at Object.eventWrapper (node_modules/@testing-library/dom/dist/config.js:25:23)
      at fireEvent (node_modules/@testing-library/dom/dist/events.js:12:35)
      at fireEvent.<computed> [as input] (node_modules/@testing-library/dom/dist/events.js:110:36)
      at fireInputEvent (node_modules/@testing-library/user-event/dist/keyboard/shared/fireInputEvent.js:31:18)
      at Object.handle (node_modules/@testing-library/user-event/dist/keyboard/plugins/character.js:167:32)
      at applyPlugins (node_modules/@testing-library/user-event/dist/keyboard/keyboardImplementation.js:157:12)
      at keypress (node_modules/@testing-library/user-event/dist/keyboard/keyboardImplementation.js:135:5)
      at keyboardImplementation (node_modules/@testing-library/user-event/dist/keyboard/keyboardImplementation.js:53:9)
      at keyboardImplementation (node_modules/@testing-library/user-event/dist/keyboard/keyboardImplementation.js:81:12)
      at keyboardImplementation (node_modules/@testing-library/user-event/dist/keyboard/keyboardImplementation.js:81:12)
      at keyboardImplementation (node_modules/@testing-library/user-event/dist/keyboard/keyboardImplementation.js:81:12)
      at keyboardImplementation (node_modules/@testing-library/user-event/dist/keyboard/keyboardImplementation.js:81:12)
      at keyboardImplementationWrapper (node_modules/@testing-library/user-event/dist/keyboard/index.js:55:65)
      at typeImplementation (node_modules/@testing-library/user-event/dist/type/typeImplementation.js:49:51)

    console.error
      Warning: An update to ComparisonTool inside a test was not wrapped in act(...).
      
      When testing, code that causes React state updates should be wrapped into act(...):
      
      act(() => {
        /* fire events that update state */
      });
      /* assert on the output */
      
      This ensures that you're testing the behavior the user would see in the browser. Learn more at https://reactjs.org/link/wrap-tests-with-act
          at ComparisonTool (C:\Users\Andre Cadima\Documents\Gestion De Calidad de Sistemas\Calculadora_Pruebas_Unitarias\src\components\ComparisonTool.js:9:45)

    [0m [90m 35 |[39m   [36mconst[39m handleChange [33m=[39m (e) [33m=>[39m {
     [90m 36 |[39m     [36mconst[39m { name[33m,[39m value[33m,[39m type[33m,[39m checked } [33m=[39m e[33m.[39mtarget[33m;[39m
    [31m[1m>[22m[39m[90m 37 |[39m     setFormData(prev [33m=>[39m ({
     [90m    |[39m     [31m[1m^[22m[39m
     [90m 38 |[39m       [33m...[39mprev[33m,[39m
     [90m 39 |[39m       [name][33m:[39m type [33m===[39m [32m'checkbox'[39m [33m?[39m checked [33m:[39m value
     [90m 40 |[39m     }))[33m;[39m[0m

      at printWarning (node_modules/react-dom/cjs/react-dom.development.js:86:30)
      at error (node_modules/react-dom/cjs/react-dom.development.js:60:7)
      at warnIfUpdatesNotWrappedWithActDEV (node_modules/react-dom/cjs/react-dom.development.js:27628:9)
      at scheduleUpdateOnFiber (node_modules/react-dom/cjs/react-dom.development.js:25547:5)
      at setFormData (node_modules/react-dom/cjs/react-dom.development.js:16708:7)
      at handleChange (src/components/ComparisonTool.js:37:5)
      at HTMLUnknownElement.callCallback (node_modules/react-dom/cjs/react-dom.development.js:4164:14)
      at HTMLUnknownElement.callTheUserObjectsOperation (node_modules/jsdom/lib/jsdom/living/generated/EventListener.js:26:30)
      at innerInvokeEventListeners (node_modules/jsdom/lib/jsdom/living/events/EventTarget-impl.js:338:25)
      at invokeEventListeners (node_modules/jsdom/lib/jsdom/living/events/EventTarget-impl.js:274:3)
      at HTMLUnknownElementImpl._dispatch (node_modules/jsdom/lib/jsdom/living/events/EventTarget-impl.js:221:9)
      at HTMLUnknownElementImpl.dispatchEvent (node_modules/jsdom/lib/jsdom/living/events/EventTarget-impl.js:94:17)
      at HTMLUnknownElement.dispatchEvent (node_modules/jsdom/lib/jsdom/living/generated/EventTarget.js:231:34)
      at Object.invokeGuardedCallbackDev (node_modules/react-dom/cjs/react-dom.development.js:4213:16)
      at invokeGuardedCallback (node_modules/react-dom/cjs/react-dom.development.js:4277:31)
      at invokeGuardedCallbackAndCatchFirstError (node_modules/react-dom/cjs/react-dom.development.js:4291:25)
      at executeDispatch (node_modules/react-dom/cjs/react-dom.development.js:9041:3)
      at processDispatchQueueItemsInOrder (node_modules/react-dom/cjs/react-dom.development.js:9073:7)
      at processDispatchQueue (node_modules/react-dom/cjs/react-dom.development.js:9086:5)
      at dispatchEventsForPlugins (node_modules/react-dom/cjs/react-dom.development.js:9097:3)
      at node_modules/react-dom/cjs/react-dom.development.js:9288:12
      at batchedUpdates$1 (node_modules/react-dom/cjs/react-dom.development.js:26179:12)
      at batchedUpdates (node_modules/react-dom/cjs/react-dom.development.js:3991:12)
      at dispatchEventForPluginEventSystem (node_modules/react-dom/cjs/react-dom.development.js:9287:3)
      at dispatchEventWithEnableCapturePhaseSelectiveHydrationWithoutDiscreteEventReplay (node_modules/react-dom/cjs/react-dom.development.js:6465:5)
      at dispatchEvent (node_modules/react-dom/cjs/react-dom.development.js:6457:5)
      at dispatchDiscreteEvent (node_modules/react-dom/cjs/react-dom.development.js:6430:5)
      at HTMLDivElement.callTheUserObjectsOperation (node_modules/jsdom/lib/jsdom/living/generated/EventListener.js:26:30)
      at innerInvokeEventListeners (node_modules/jsdom/lib/jsdom/living/events/EventTarget-impl.js:338:25)
      at invokeEventListeners (node_modules/jsdom/lib/jsdom/living/events/EventTarget-impl.js:274:3)
      at HTMLInputElementImpl._dispatch (node_modules/jsdom/lib/jsdom/living/events/EventTarget-impl.js:221:9)
      at HTMLInputElementImpl.dispatchEvent (node_modules/jsdom/lib/jsdom/living/events/EventTarget-impl.js:94:17)
      at HTMLInputElement.dispatchEvent (node_modules/jsdom/lib/jsdom/living/generated/EventTarget.js:231:34)
      at node_modules/@testing-library/dom/dist/events.js:19:20
      at Object.eventWrapper (node_modules/@testing-library/dom/dist/config.js:25:23)
      at fireEvent (node_modules/@testing-library/dom/dist/events.js:12:35)
      at fireEvent.<computed> [as input] (node_modules/@testing-library/dom/dist/events.js:110:36)
      at fireInputEvent (node_modules/@testing-library/user-event/dist/keyboard/shared/fireInputEvent.js:31:18)
      at Object.handle (node_modules/@testing-library/user-event/dist/keyboard/plugins/character.js:167:32)
      at applyPlugins (node_modules/@testing-library/user-event/dist/keyboard/keyboardImplementation.js:157:12)
      at keypress (node_modules/@testing-library/user-event/dist/keyboard/keyboardImplementation.js:135:5)
      at keyboardImplementation (node_modules/@testing-library/user-event/dist/keyboard/keyboardImplementation.js:53:9)
      at keyboardImplementation (node_modules/@testing-library/user-event/dist/keyboard/keyboardImplementation.js:81:12)
      at keyboardImplementation (node_modules/@testing-library/user-event/dist/keyboard/keyboardImplementation.js:81:12)
      at keyboardImplementation (node_modules/@testing-library/user-event/dist/keyboard/keyboardImplementation.js:81:12)
      at keyboardImplementation (node_modules/@testing-library/user-event/dist/keyboard/keyboardImplementation.js:81:12)
      at keyboardImplementation (node_modules/@testing-library/user-event/dist/keyboard/keyboardImplementation.js:81:12)
      at keyboardImplementationWrapper (node_modules/@testing-library/user-event/dist/keyboard/index.js:55:65)

    console.error
      Warning: An update to ComparisonTool inside a test was not wrapped in act(...).
      
      When testing, code that causes React state updates should be wrapped into act(...):
      
      act(() => {
        /* fire events that update state */
      });
      /* assert on the output */
      
      This ensures that you're testing the behavior the user would see in the browser. Learn more at https://reactjs.org/link/wrap-tests-with-act
          at ComparisonTool (C:\Users\Andre Cadima\Documents\Gestion De Calidad de Sistemas\Calculadora_Pruebas_Unitarias\src\components\ComparisonTool.js:9:45)

    [0m [90m 35 |[39m   [36mconst[39m handleChange [33m=[39m (e) [33m=>[39m {
     [90m 36 |[39m     [36mconst[39m { name[33m,[39m value[33m,[39m type[33m,[39m checked } [33m=[39m e[33m.[39mtarget[33m;[39m
    [31m[1m>[22m[39m[90m 37 |[39m     setFormData(prev [33m=>[39m ({
     [90m    |[39m     [31m[1m^[22m[39m
     [90m 38 |[39m       [33m...[39mprev[33m,[39m
     [90m 39 |[39m       [name][33m:[39m type [33m===[39m [32m'checkbox'[39m [33m?[39m checked [33m:[39m value
     [90m 40 |[39m     }))[33m;[39m[0m

      at printWarning (node_modules/react-dom/cjs/react-dom.development.js:86:30)
      at error (node_modules/react-dom/cjs/react-dom.development.js:60:7)
      at warnIfUpdatesNotWrappedWithActDEV (node_modules/react-dom/cjs/react-dom.development.js:27628:9)
      at scheduleUpdateOnFiber (node_modules/react-dom/cjs/react-dom.development.js:25547:5)
      at setFormData (node_modules/react-dom/cjs/react-dom.development.js:16708:7)
      at handleChange (src/components/ComparisonTool.js:37:5)
      at HTMLUnknownElement.callCallback (node_modules/react-dom/cjs/react-dom.development.js:4164:14)
      at HTMLUnknownElement.callTheUserObjectsOperation (node_modules/jsdom/lib/jsdom/living/generated/EventListener.js:26:30)
      at innerInvokeEventListeners (node_modules/jsdom/lib/jsdom/living/events/EventTarget-impl.js:338:25)
      at invokeEventListeners (node_modules/jsdom/lib/jsdom/living/events/EventTarget-impl.js:274:3)
      at HTMLUnknownElementImpl._dispatch (node_modules/jsdom/lib/jsdom/living/events/EventTarget-impl.js:221:9)
      at HTMLUnknownElementImpl.dispatchEvent (node_modules/jsdom/lib/jsdom/living/events/EventTarget-impl.js:94:17)
      at HTMLUnknownElement.dispatchEvent (node_modules/jsdom/lib/jsdom/living/generated/EventTarget.js:231:34)
      at Object.invokeGuardedCallbackDev (node_modules/react-dom/cjs/react-dom.development.js:4213:16)
      at invokeGuardedCallback (node_modules/react-dom/cjs/react-dom.development.js:4277:31)
      at invokeGuardedCallbackAndCatchFirstError (node_modules/react-dom/cjs/react-dom.development.js:4291:25)
      at executeDispatch (node_modules/react-dom/cjs/react-dom.development.js:9041:3)
      at processDispatchQueueItemsInOrder (node_modules/react-dom/cjs/react-dom.development.js:9073:7)
      at processDispatchQueue (node_modules/react-dom/cjs/react-dom.development.js:9086:5)
      at dispatchEventsForPlugins (node_modules/react-dom/cjs/react-dom.development.js:9097:3)
      at node_modules/react-dom/cjs/react-dom.development.js:9288:12
      at batchedUpdates$1 (node_modules/react-dom/cjs/react-dom.development.js:26179:12)
      at batchedUpdates (node_modules/react-dom/cjs/react-dom.development.js:3991:12)
      at dispatchEventForPluginEventSystem (node_modules/react-dom/cjs/react-dom.development.js:9287:3)
      at dispatchEventWithEnableCapturePhaseSelectiveHydrationWithoutDiscreteEventReplay (node_modules/react-dom/cjs/react-dom.development.js:6465:5)
      at dispatchEvent (node_modules/react-dom/cjs/react-dom.development.js:6457:5)
      at dispatchDiscreteEvent (node_modules/react-dom/cjs/react-dom.development.js:6430:5)
      at HTMLDivElement.callTheUserObjectsOperation (node_modules/jsdom/lib/jsdom/living/generated/EventListener.js:26:30)
      at innerInvokeEventListeners (node_modules/jsdom/lib/jsdom/living/events/EventTarget-impl.js:338:25)
      at invokeEventListeners (node_modules/jsdom/lib/jsdom/living/events/EventTarget-impl.js:274:3)
      at HTMLInputElementImpl._dispatch (node_modules/jsdom/lib/jsdom/living/events/EventTarget-impl.js:221:9)
      at HTMLInputElementImpl.dispatchEvent (node_modules/jsdom/lib/jsdom/living/events/EventTarget-impl.js:94:17)
      at HTMLInputElement.dispatchEvent (node_modules/jsdom/lib/jsdom/living/generated/EventTarget.js:231:34)
      at node_modules/@testing-library/dom/dist/events.js:19:20
      at Object.eventWrapper (node_modules/@testing-library/dom/dist/config.js:25:23)
      at fireEvent (node_modules/@testing-library/dom/dist/events.js:12:35)
      at fireEvent.<computed> [as input] (node_modules/@testing-library/dom/dist/events.js:110:36)
      at fireInputEvent (node_modules/@testing-library/user-event/dist/keyboard/shared/fireInputEvent.js:31:18)
      at Object.handle (node_modules/@testing-library/user-event/dist/keyboard/plugins/character.js:167:32)
      at applyPlugins (node_modules/@testing-library/user-event/dist/keyboard/keyboardImplementation.js:157:12)
      at keypress (node_modules/@testing-library/user-event/dist/keyboard/keyboardImplementation.js:135:5)
      at keyboardImplementation (node_modules/@testing-library/user-event/dist/keyboard/keyboardImplementation.js:53:9)
      at keyboardImplementation (node_modules/@testing-library/user-event/dist/keyboard/keyboardImplementation.js:81:12)
      at keyboardImplementation (node_modules/@testing-library/user-event/dist/keyboard/keyboardImplementation.js:81:12)
      at keyboardImplementation (node_modules/@testing-library/user-event/dist/keyboard/keyboardImplementation.js:81:12)
      at keyboardImplementation (node_modules/@testing-library/user-event/dist/keyboard/keyboardImplementation.js:81:12)
      at keyboardImplementation (node_modules/@testing-library/user-event/dist/keyboard/keyboardImplementation.js:81:12)
      at keyboardImplementation (node_modules/@testing-library/user-event/dist/keyboard/keyboardImplementation.js:81:12)

    console.error
      Warning: An update to ComparisonTool inside a test was not wrapped in act(...).
      
      When testing, code that causes React state updates should be wrapped into act(...):
      
      act(() => {
        /* fire events that update state */
      });
      /* assert on the output */
      
      This ensures that you're testing the behavior the user would see in the browser. Learn more at https://reactjs.org/link/wrap-tests-with-act
          at ComparisonTool (C:\Users\Andre Cadima\Documents\Gestion De Calidad de Sistemas\Calculadora_Pruebas_Unitarias\src\components\ComparisonTool.js:9:45)

    [0m [90m 35 |[39m   [36mconst[39m handleChange [33m=[39m (e) [33m=>[39m {
     [90m 36 |[39m     [36mconst[39m { name[33m,[39m value[33m,[39m type[33m,[39m checked } [33m=[39m e[33m.[39mtarget[33m;[39m
    [31m[1m>[22m[39m[90m 37 |[39m     setFormData(prev [33m=>[39m ({
     [90m    |[39m     [31m[1m^[22m[39m
     [90m 38 |[39m       [33m...[39mprev[33m,[39m
     [90m 39 |[39m       [name][33m:[39m type [33m===[39m [32m'checkbox'[39m [33m?[39m checked [33m:[39m value
     [90m 40 |[39m     }))[33m;[39m[0m

      at printWarning (node_modules/react-dom/cjs/react-dom.development.js:86:30)
      at error (node_modules/react-dom/cjs/react-dom.development.js:60:7)
      at warnIfUpdatesNotWrappedWithActDEV (node_modules/react-dom/cjs/react-dom.development.js:27628:9)
      at scheduleUpdateOnFiber (node_modules/react-dom/cjs/react-dom.development.js:25547:5)
      at setFormData (node_modules/react-dom/cjs/react-dom.development.js:16708:7)
      at handleChange (src/components/ComparisonTool.js:37:5)
      at HTMLUnknownElement.callCallback (node_modules/react-dom/cjs/react-dom.development.js:4164:14)
      at HTMLUnknownElement.callTheUserObjectsOperation (node_modules/jsdom/lib/jsdom/living/generated/EventListener.js:26:30)
      at innerInvokeEventListeners (node_modules/jsdom/lib/jsdom/living/events/EventTarget-impl.js:338:25)
      at invokeEventListeners (node_modules/jsdom/lib/jsdom/living/events/EventTarget-impl.js:274:3)
      at HTMLUnknownElementImpl._dispatch (node_modules/jsdom/lib/jsdom/living/events/EventTarget-impl.js:221:9)
      at HTMLUnknownElementImpl.dispatchEvent (node_modules/jsdom/lib/jsdom/living/events/EventTarget-impl.js:94:17)
      at HTMLUnknownElement.dispatchEvent (node_modules/jsdom/lib/jsdom/living/generated/EventTarget.js:231:34)
      at Object.invokeGuardedCallbackDev (node_modules/react-dom/cjs/react-dom.development.js:4213:16)
      at invokeGuardedCallback (node_modules/react-dom/cjs/react-dom.development.js:4277:31)
      at invokeGuardedCallbackAndCatchFirstError (node_modules/react-dom/cjs/react-dom.development.js:4291:25)
      at executeDispatch (node_modules/react-dom/cjs/react-dom.development.js:9041:3)
      at processDispatchQueueItemsInOrder (node_modules/react-dom/cjs/react-dom.development.js:9073:7)
      at processDispatchQueue (node_modules/react-dom/cjs/react-dom.development.js:9086:5)
      at dispatchEventsForPlugins (node_modules/react-dom/cjs/react-dom.development.js:9097:3)
      at node_modules/react-dom/cjs/react-dom.development.js:9288:12
      at batchedUpdates$1 (node_modules/react-dom/cjs/react-dom.development.js:26179:12)
      at batchedUpdates (node_modules/react-dom/cjs/react-dom.development.js:3991:12)
      at dispatchEventForPluginEventSystem (node_modules/react-dom/cjs/react-dom.development.js:9287:3)
      at dispatchEventWithEnableCapturePhaseSelectiveHydrationWithoutDiscreteEventReplay (node_modules/react-dom/cjs/react-dom.development.js:6465:5)
      at dispatchEvent (node_modules/react-dom/cjs/react-dom.development.js:6457:5)
      at dispatchDiscreteEvent (node_modules/react-dom/cjs/react-dom.development.js:6430:5)
      at HTMLDivElement.callTheUserObjectsOperation (node_modules/jsdom/lib/jsdom/living/generated/EventListener.js:26:30)
      at innerInvokeEventListeners (node_modules/jsdom/lib/jsdom/living/events/EventTarget-impl.js:338:25)
      at invokeEventListeners (node_modules/jsdom/lib/jsdom/living/events/EventTarget-impl.js:274:3)
      at HTMLInputElementImpl._dispatch (node_modules/jsdom/lib/jsdom/living/events/EventTarget-impl.js:221:9)
      at HTMLInputElementImpl.dispatchEvent (node_modules/jsdom/lib/jsdom/living/events/EventTarget-impl.js:94:17)
      at HTMLInputElement.dispatchEvent (node_modules/jsdom/lib/jsdom/living/generated/EventTarget.js:231:34)
      at node_modules/@testing-library/dom/dist/events.js:19:20
      at Object.eventWrapper (node_modules/@testing-library/dom/dist/config.js:25:23)
      at fireEvent (node_modules/@testing-library/dom/dist/events.js:12:35)
      at fireEvent.<computed> [as input] (node_modules/@testing-library/dom/dist/events.js:110:36)
      at fireInputEvent (node_modules/@testing-library/user-event/dist/keyboard/shared/fireInputEvent.js:31:18)
      at Object.handle (node_modules/@testing-library/user-event/dist/keyboard/plugins/character.js:167:32)
      at applyPlugins (node_modules/@testing-library/user-event/dist/keyboard/keyboardImplementation.js:157:12)
      at keypress (node_modules/@testing-library/user-event/dist/keyboard/keyboardImplementation.js:135:5)
      at keyboardImplementation (node_modules/@testing-library/user-event/dist/keyboard/keyboardImplementation.js:53:9)
      at keyboardImplementation (node_modules/@testing-library/user-event/dist/keyboard/keyboardImplementation.js:81:12)
      at keyboardImplementation (node_modules/@testing-library/user-event/dist/keyboard/keyboardImplementation.js:81:12)
      at keyboardImplementation (node_modules/@testing-library/user-event/dist/keyboard/keyboardImplementation.js:81:12)
      at keyboardImplementation (node_modules/@testing-library/user-event/dist/keyboard/keyboardImplementation.js:81:12)
      at keyboardImplementation (node_modules/@testing-library/user-event/dist/keyboard/keyboardImplementation.js:81:12)
      at keyboardImplementation (node_modules/@testing-library/user-event/dist/keyboard/keyboardImplementation.js:81:12)

    console.error
      Warning: An update to ComparisonTool inside a test was not wrapped in act(...).
      
      When testing, code that causes React state updates should be wrapped into act(...):
      
      act(() => {
        /* fire events that update state */
      });
      /* assert on the output */
      
      This ensures that you're testing the behavior the user would see in the browser. Learn more at https://reactjs.org/link/wrap-tests-with-act
          at ComparisonTool (C:\Users\Andre Cadima\Documents\Gestion De Calidad de Sistemas\Calculadora_Pruebas_Unitarias\src\components\ComparisonTool.js:9:45)

    [0m [90m 35 |[39m   [36mconst[39m handleChange [33m=[39m (e) [33m=>[39m {
     [90m 36 |[39m     [36mconst[39m { name[33m,[39m value[33m,[39m type[33m,[39m checked } [33m=[39m e[33m.[39mtarget[33m;[39m
    [31m[1m>[22m[39m[90m 37 |[39m     setFormData(prev [33m=>[39m ({
     [90m    |[39m     [31m[1m^[22m[39m
     [90m 38 |[39m       [33m...[39mprev[33m,[39m
     [90m 39 |[39m       [name][33m:[39m type [33m===[39m [32m'checkbox'[39m [33m?[39m checked [33m:[39m value
     [90m 40 |[39m     }))[33m;[39m[0m

      at printWarning (node_modules/react-dom/cjs/react-dom.development.js:86:30)
      at error (node_modules/react-dom/cjs/react-dom.development.js:60:7)
      at warnIfUpdatesNotWrappedWithActDEV (node_modules/react-dom/cjs/react-dom.development.js:27628:9)
      at scheduleUpdateOnFiber (node_modules/react-dom/cjs/react-dom.development.js:25547:5)
      at setFormData (node_modules/react-dom/cjs/react-dom.development.js:16708:7)
      at handleChange (src/components/ComparisonTool.js:37:5)
      at HTMLUnknownElement.callCallback (node_modules/react-dom/cjs/react-dom.development.js:4164:14)
      at HTMLUnknownElement.callTheUserObjectsOperation (node_modules/jsdom/lib/jsdom/living/generated/EventListener.js:26:30)
      at innerInvokeEventListeners (node_modules/jsdom/lib/jsdom/living/events/EventTarget-impl.js:338:25)
      at invokeEventListeners (node_modules/jsdom/lib/jsdom/living/events/EventTarget-impl.js:274:3)
      at HTMLUnknownElementImpl._dispatch (node_modules/jsdom/lib/jsdom/living/events/EventTarget-impl.js:221:9)
      at HTMLUnknownElementImpl.dispatchEvent (node_modules/jsdom/lib/jsdom/living/events/EventTarget-impl.js:94:17)
      at HTMLUnknownElement.dispatchEvent (node_modules/jsdom/lib/jsdom/living/generated/EventTarget.js:231:34)
      at Object.invokeGuardedCallbackDev (node_modules/react-dom/cjs/react-dom.development.js:4213:16)
      at invokeGuardedCallback (node_modules/react-dom/cjs/react-dom.development.js:4277:31)
      at invokeGuardedCallbackAndCatchFirstError (node_modules/react-dom/cjs/react-dom.development.js:4291:25)
      at executeDispatch (node_modules/react-dom/cjs/react-dom.development.js:9041:3)
      at processDispatchQueueItemsInOrder (node_modules/react-dom/cjs/react-dom.development.js:9073:7)
      at processDispatchQueue (node_modules/react-dom/cjs/react-dom.development.js:9086:5)
      at dispatchEventsForPlugins (node_modules/react-dom/cjs/react-dom.development.js:9097:3)
      at node_modules/react-dom/cjs/react-dom.development.js:9288:12
      at batchedUpdates$1 (node_modules/react-dom/cjs/react-dom.development.js:26179:12)
      at batchedUpdates (node_modules/react-dom/cjs/react-dom.development.js:3991:12)
      at dispatchEventForPluginEventSystem (node_modules/react-dom/cjs/react-dom.development.js:9287:3)
      at dispatchEventWithEnableCapturePhaseSelectiveHydrationWithoutDiscreteEventReplay (node_modules/react-dom/cjs/react-dom.development.js:6465:5)
      at dispatchEvent (node_modules/react-dom/cjs/react-dom.development.js:6457:5)
      at dispatchDiscreteEvent (node_modules/react-dom/cjs/react-dom.development.js:6430:5)
      at HTMLDivElement.callTheUserObjectsOperation (node_modules/jsdom/lib/jsdom/living/generated/EventListener.js:26:30)
      at innerInvokeEventListeners (node_modules/jsdom/lib/jsdom/living/events/EventTarget-impl.js:338:25)
      at invokeEventListeners (node_modules/jsdom/lib/jsdom/living/events/EventTarget-impl.js:274:3)
      at HTMLInputElementImpl._dispatch (node_modules/jsdom/lib/jsdom/living/events/EventTarget-impl.js:221:9)
      at HTMLInputElementImpl.dispatchEvent (node_modules/jsdom/lib/jsdom/living/events/EventTarget-impl.js:94:17)
      at HTMLInputElement.dispatchEvent (node_modules/jsdom/lib/jsdom/living/generated/EventTarget.js:231:34)
      at node_modules/@testing-library/dom/dist/events.js:19:20
      at Object.eventWrapper (node_modules/@testing-library/dom/dist/config.js:25:23)
      at fireEvent (node_modules/@testing-library/dom/dist/events.js:12:35)
      at fireEvent.<computed> [as input] (node_modules/@testing-library/dom/dist/events.js:110:36)
      at fireInputEvent (node_modules/@testing-library/user-event/dist/keyboard/shared/fireInputEvent.js:31:18)
      at Object.handle (node_modules/@testing-library/user-event/dist/keyboard/plugins/character.js:167:32)
      at applyPlugins (node_modules/@testing-library/user-event/dist/keyboard/keyboardImplementation.js:157:12)
      at keypress (node_modules/@testing-library/user-event/dist/keyboard/keyboardImplementation.js:135:5)
      at keyboardImplementation (node_modules/@testing-library/user-event/dist/keyboard/keyboardImplementation.js:53:9)
      at keyboardImplementation (node_modules/@testing-library/user-event/dist/keyboard/keyboardImplementation.js:81:12)
      at keyboardImplementation (node_modules/@testing-library/user-event/dist/keyboard/keyboardImplementation.js:81:12)
      at keyboardImplementation (node_modules/@testing-library/user-event/dist/keyboard/keyboardImplementation.js:81:12)
      at keyboardImplementation (node_modules/@testing-library/user-event/dist/keyboard/keyboardImplementation.js:81:12)
      at keyboardImplementation (node_modules/@testing-library/user-event/dist/keyboard/keyboardImplementation.js:81:12)
      at keyboardImplementation (node_modules/@testing-library/user-event/dist/keyboard/keyboardImplementation.js:81:12)

    console.error
      Warning: An update to ComparisonTool inside a test was not wrapped in act(...).
      
      When testing, code that causes React state updates should be wrapped into act(...):
      
      act(() => {
        /* fire events that update state */
      });
      /* assert on the output */
      
      This ensures that you're testing the behavior the user would see in the browser. Learn more at https://reactjs.org/link/wrap-tests-with-act
          at ComparisonTool (C:\Users\Andre Cadima\Documents\Gestion De Calidad de Sistemas\Calculadora_Pruebas_Unitarias\src\components\ComparisonTool.js:9:45)

    [0m [90m 35 |[39m   [36mconst[39m handleChange [33m=[39m (e) [33m=>[39m {
     [90m 36 |[39m     [36mconst[39m { name[33m,[39m value[33m,[39m type[33m,[39m checked } [33m=[39m e[33m.[39mtarget[33m;[39m
    [31m[1m>[22m[39m[90m 37 |[39m     setFormData(prev [33m=>[39m ({
     [90m    |[39m     [31m[1m^[22m[39m
     [90m 38 |[39m       [33m...[39mprev[33m,[39m
     [90m 39 |[39m       [name][33m:[39m type [33m===[39m [32m'checkbox'[39m [33m?[39m checked [33m:[39m value
     [90m 40 |[39m     }))[33m;[39m[0m

      at printWarning (node_modules/react-dom/cjs/react-dom.development.js:86:30)
      at error (node_modules/react-dom/cjs/react-dom.development.js:60:7)
      at warnIfUpdatesNotWrappedWithActDEV (node_modules/react-dom/cjs/react-dom.development.js:27628:9)
      at scheduleUpdateOnFiber (node_modules/react-dom/cjs/react-dom.development.js:25547:5)
      at setFormData (node_modules/react-dom/cjs/react-dom.development.js:16708:7)
      at handleChange (src/components/ComparisonTool.js:37:5)
      at HTMLUnknownElement.callCallback (node_modules/react-dom/cjs/react-dom.development.js:4164:14)
      at HTMLUnknownElement.callTheUserObjectsOperation (node_modules/jsdom/lib/jsdom/living/generated/EventListener.js:26:30)
      at innerInvokeEventListeners (node_modules/jsdom/lib/jsdom/living/events/EventTarget-impl.js:338:25)
      at invokeEventListeners (node_modules/jsdom/lib/jsdom/living/events/EventTarget-impl.js:274:3)
      at HTMLUnknownElementImpl._dispatch (node_modules/jsdom/lib/jsdom/living/events/EventTarget-impl.js:221:9)
      at HTMLUnknownElementImpl.dispatchEvent (node_modules/jsdom/lib/jsdom/living/events/EventTarget-impl.js:94:17)
      at HTMLUnknownElement.dispatchEvent (node_modules/jsdom/lib/jsdom/living/generated/EventTarget.js:231:34)
      at Object.invokeGuardedCallbackDev (node_modules/react-dom/cjs/react-dom.development.js:4213:16)
      at invokeGuardedCallback (node_modules/react-dom/cjs/react-dom.development.js:4277:31)
      at invokeGuardedCallbackAndCatchFirstError (node_modules/react-dom/cjs/react-dom.development.js:4291:25)
      at executeDispatch (node_modules/react-dom/cjs/react-dom.development.js:9041:3)
      at processDispatchQueueItemsInOrder (node_modules/react-dom/cjs/react-dom.development.js:9073:7)
      at processDispatchQueue (node_modules/react-dom/cjs/react-dom.development.js:9086:5)
      at dispatchEventsForPlugins (node_modules/react-dom/cjs/react-dom.development.js:9097:3)
      at node_modules/react-dom/cjs/react-dom.development.js:9288:12
      at batchedUpdates$1 (node_modules/react-dom/cjs/react-dom.development.js:26179:12)
      at batchedUpdates (node_modules/react-dom/cjs/react-dom.development.js:3991:12)
      at dispatchEventForPluginEventSystem (node_modules/react-dom/cjs/react-dom.development.js:9287:3)
      at dispatchEventWithEnableCapturePhaseSelectiveHydrationWithoutDiscreteEventReplay (node_modules/react-dom/cjs/react-dom.development.js:6465:5)
      at dispatchEvent (node_modules/react-dom/cjs/react-dom.development.js:6457:5)
      at dispatchDiscreteEvent (node_modules/react-dom/cjs/react-dom.development.js:6430:5)
      at HTMLDivElement.callTheUserObjectsOperation (node_modules/jsdom/lib/jsdom/living/generated/EventListener.js:26:30)
      at innerInvokeEventListeners (node_modules/jsdom/lib/jsdom/living/events/EventTarget-impl.js:338:25)
      at invokeEventListeners (node_modules/jsdom/lib/jsdom/living/events/EventTarget-impl.js:274:3)
      at HTMLInputElementImpl._dispatch (node_modules/jsdom/lib/jsdom/living/events/EventTarget-impl.js:221:9)
      at HTMLInputElementImpl.dispatchEvent (node_modules/jsdom/lib/jsdom/living/events/EventTarget-impl.js:94:17)
      at HTMLInputElement.dispatchEvent (node_modules/jsdom/lib/jsdom/living/generated/EventTarget.js:231:34)
      at node_modules/@testing-library/dom/dist/events.js:19:20
      at Object.eventWrapper (node_modules/@testing-library/dom/dist/config.js:25:23)
      at fireEvent (node_modules/@testing-library/dom/dist/events.js:12:35)
      at fireEvent.<computed> [as input] (node_modules/@testing-library/dom/dist/events.js:110:36)
      at fireInputEvent (node_modules/@testing-library/user-event/dist/keyboard/shared/fireInputEvent.js:31:18)
      at Object.handle (node_modules/@testing-library/user-event/dist/keyboard/plugins/character.js:167:32)
      at applyPlugins (node_modules/@testing-library/user-event/dist/keyboard/keyboardImplementation.js:157:12)
      at keypress (node_modules/@testing-library/user-event/dist/keyboard/keyboardImplementation.js:135:5)
      at keyboardImplementation (node_modules/@testing-library/user-event/dist/keyboard/keyboardImplementation.js:53:9)
      at keyboardImplementation (node_modules/@testing-library/user-event/dist/keyboard/keyboardImplementation.js:81:12)
      at keyboardImplementation (node_modules/@testing-library/user-event/dist/keyboard/keyboardImplementation.js:81:12)
      at keyboardImplementation (node_modules/@testing-library/user-event/dist/keyboard/keyboardImplementation.js:81:12)
      at keyboardImplementation (node_modules/@testing-library/user-event/dist/keyboard/keyboardImplementation.js:81:12)
      at keyboardImplementation (node_modules/@testing-library/user-event/dist/keyboard/keyboardImplementation.js:81:12)
      at keyboardImplementation (node_modules/@testing-library/user-event/dist/keyboard/keyboardImplementation.js:81:12)

    console.error
      Warning: An update to ComparisonTool inside a test was not wrapped in act(...).
      
      When testing, code that causes React state updates should be wrapped into act(...):
      
      act(() => {
        /* fire events that update state */
      });
      /* assert on the output */
      
      This ensures that you're testing the behavior the user would see in the browser. Learn more at https://reactjs.org/link/wrap-tests-with-act
          at ComparisonTool (C:\Users\Andre Cadima\Documents\Gestion De Calidad de Sistemas\Calculadora_Pruebas_Unitarias\src\components\ComparisonTool.js:9:45)

    [0m [90m 35 |[39m   [36mconst[39m handleChange [33m=[39m (e) [33m=>[39m {
     [90m 36 |[39m     [36mconst[39m { name[33m,[39m value[33m,[39m type[33m,[39m checked } [33m=[39m e[33m.[39mtarget[33m;[39m
    [31m[1m>[22m[39m[90m 37 |[39m     setFormData(prev [33m=>[39m ({
     [90m    |[39m     [31m[1m^[22m[39m
     [90m 38 |[39m       [33m...[39mprev[33m,[39m
     [90m 39 |[39m       [name][33m:[39m type [33m===[39m [32m'checkbox'[39m [33m?[39m checked [33m:[39m value
     [90m 40 |[39m     }))[33m;[39m[0m

      at printWarning (node_modules/react-dom/cjs/react-dom.development.js:86:30)
      at error (node_modules/react-dom/cjs/react-dom.development.js:60:7)
      at warnIfUpdatesNotWrappedWithActDEV (node_modules/react-dom/cjs/react-dom.development.js:27628:9)
      at scheduleUpdateOnFiber (node_modules/react-dom/cjs/react-dom.development.js:25547:5)
      at setFormData (node_modules/react-dom/cjs/react-dom.development.js:16708:7)
      at handleChange (src/components/ComparisonTool.js:37:5)
      at HTMLUnknownElement.callCallback (node_modules/react-dom/cjs/react-dom.development.js:4164:14)
      at HTMLUnknownElement.callTheUserObjectsOperation (node_modules/jsdom/lib/jsdom/living/generated/EventListener.js:26:30)
      at innerInvokeEventListeners (node_modules/jsdom/lib/jsdom/living/events/EventTarget-impl.js:338:25)
      at invokeEventListeners (node_modules/jsdom/lib/jsdom/living/events/EventTarget-impl.js:274:3)
      at HTMLUnknownElementImpl._dispatch (node_modules/jsdom/lib/jsdom/living/events/EventTarget-impl.js:221:9)
      at HTMLUnknownElementImpl.dispatchEvent (node_modules/jsdom/lib/jsdom/living/events/EventTarget-impl.js:94:17)
      at HTMLUnknownElement.dispatchEvent (node_modules/jsdom/lib/jsdom/living/generated/EventTarget.js:231:34)
      at Object.invokeGuardedCallbackDev (node_modules/react-dom/cjs/react-dom.development.js:4213:16)
      at invokeGuardedCallback (node_modules/react-dom/cjs/react-dom.development.js:4277:31)
      at invokeGuardedCallbackAndCatchFirstError (node_modules/react-dom/cjs/react-dom.development.js:4291:25)
      at executeDispatch (node_modules/react-dom/cjs/react-dom.development.js:9041:3)
      at processDispatchQueueItemsInOrder (node_modules/react-dom/cjs/react-dom.development.js:9073:7)
      at processDispatchQueue (node_modules/react-dom/cjs/react-dom.development.js:9086:5)
      at dispatchEventsForPlugins (node_modules/react-dom/cjs/react-dom.development.js:9097:3)
      at node_modules/react-dom/cjs/react-dom.development.js:9288:12
      at batchedUpdates$1 (node_modules/react-dom/cjs/react-dom.development.js:26179:12)
      at batchedUpdates (node_modules/react-dom/cjs/react-dom.development.js:3991:12)
      at dispatchEventForPluginEventSystem (node_modules/react-dom/cjs/react-dom.development.js:9287:3)
      at dispatchEventWithEnableCapturePhaseSelectiveHydrationWithoutDiscreteEventReplay (node_modules/react-dom/cjs/react-dom.development.js:6465:5)
      at dispatchEvent (node_modules/react-dom/cjs/react-dom.development.js:6457:5)
      at dispatchDiscreteEvent (node_modules/react-dom/cjs/react-dom.development.js:6430:5)
      at HTMLDivElement.callTheUserObjectsOperation (node_modules/jsdom/lib/jsdom/living/generated/EventListener.js:26:30)
      at innerInvokeEventListeners (node_modules/jsdom/lib/jsdom/living/events/EventTarget-impl.js:338:25)
      at invokeEventListeners (node_modules/jsdom/lib/jsdom/living/events/EventTarget-impl.js:274:3)
      at HTMLInputElementImpl._dispatch (node_modules/jsdom/lib/jsdom/living/events/EventTarget-impl.js:221:9)
      at HTMLInputElementImpl.dispatchEvent (node_modules/jsdom/lib/jsdom/living/events/EventTarget-impl.js:94:17)
      at HTMLInputElement.dispatchEvent (node_modules/jsdom/lib/jsdom/living/generated/EventTarget.js:231:34)
      at node_modules/@testing-library/dom/dist/events.js:19:20
      at Object.eventWrapper (node_modules/@testing-library/dom/dist/config.js:25:23)
      at fireEvent (node_modules/@testing-library/dom/dist/events.js:12:35)
      at fireEvent.<computed> [as input] (node_modules/@testing-library/dom/dist/events.js:110:36)
      at fireInputEvent (node_modules/@testing-library/user-event/dist/keyboard/shared/fireInputEvent.js:31:18)
      at Object.handle (node_modules/@testing-library/user-event/dist/keyboard/plugins/character.js:167:32)
      at applyPlugins (node_modules/@testing-library/user-event/dist/keyboard/keyboardImplementation.js:157:12)
      at keypress (node_modules/@testing-library/user-event/dist/keyboard/keyboardImplementation.js:135:5)
      at keyboardImplementation (node_modules/@testing-library/user-event/dist/keyboard/keyboardImplementation.js:53:9)
      at keyboardImplementation (node_modules/@testing-library/user-event/dist/keyboard/keyboardImplementation.js:81:12)
      at keyboardImplementation (node_modules/@testing-library/user-event/dist/keyboard/keyboardImplementation.js:81:12)
      at keyboardImplementation (node_modules/@testing-library/user-event/dist/keyboard/keyboardImplementation.js:81:12)
      at keyboardImplementation (node_modules/@testing-library/user-event/dist/keyboard/keyboardImplementation.js:81:12)
      at keyboardImplementation (node_modules/@testing-library/user-event/dist/keyboard/keyboardImplementation.js:81:12)
      at keyboardImplementation (node_modules/@testing-library/user-event/dist/keyboard/keyboardImplementation.js:81:12)

    console.error
      Warning: An update to ComparisonTool inside a test was not wrapped in act(...).
      
      When testing, code that causes React state updates should be wrapped into act(...):
      
      act(() => {
        /* fire events that update state */
      });
      /* assert on the output */
      
      This ensures that you're testing the behavior the user would see in the browser. Learn more at https://reactjs.org/link/wrap-tests-with-act
          at ComparisonTool (C:\Users\Andre Cadima\Documents\Gestion De Calidad de Sistemas\Calculadora_Pruebas_Unitarias\src\components\ComparisonTool.js:9:45)

    [0m [90m 35 |[39m   [36mconst[39m handleChange [33m=[39m (e) [33m=>[39m {
     [90m 36 |[39m     [36mconst[39m { name[33m,[39m value[33m,[39m type[33m,[39m checked } [33m=[39m e[33m.[39mtarget[33m;[39m
    [31m[1m>[22m[39m[90m 37 |[39m     setFormData(prev [33m=>[39m ({
     [90m    |[39m     [31m[1m^[22m[39m
     [90m 38 |[39m       [33m...[39mprev[33m,[39m
     [90m 39 |[39m       [name][33m:[39m type [33m===[39m [32m'checkbox'[39m [33m?[39m checked [33m:[39m value
     [90m 40 |[39m     }))[33m;[39m[0m

      at printWarning (node_modules/react-dom/cjs/react-dom.development.js:86:30)
      at error (node_modules/react-dom/cjs/react-dom.development.js:60:7)
      at warnIfUpdatesNotWrappedWithActDEV (node_modules/react-dom/cjs/react-dom.development.js:27628:9)
      at scheduleUpdateOnFiber (node_modules/react-dom/cjs/react-dom.development.js:25547:5)
      at setFormData (node_modules/react-dom/cjs/react-dom.development.js:16708:7)
      at handleChange (src/components/ComparisonTool.js:37:5)
      at HTMLUnknownElement.callCallback (node_modules/react-dom/cjs/react-dom.development.js:4164:14)
      at HTMLUnknownElement.callTheUserObjectsOperation (node_modules/jsdom/lib/jsdom/living/generated/EventListener.js:26:30)
      at innerInvokeEventListeners (node_modules/jsdom/lib/jsdom/living/events/EventTarget-impl.js:338:25)
      at invokeEventListeners (node_modules/jsdom/lib/jsdom/living/events/EventTarget-impl.js:274:3)
      at HTMLUnknownElementImpl._dispatch (node_modules/jsdom/lib/jsdom/living/events/EventTarget-impl.js:221:9)
      at HTMLUnknownElementImpl.dispatchEvent (node_modules/jsdom/lib/jsdom/living/events/EventTarget-impl.js:94:17)
      at HTMLUnknownElement.dispatchEvent (node_modules/jsdom/lib/jsdom/living/generated/EventTarget.js:231:34)
      at Object.invokeGuardedCallbackDev (node_modules/react-dom/cjs/react-dom.development.js:4213:16)
      at invokeGuardedCallback (node_modules/react-dom/cjs/react-dom.development.js:4277:31)
      at invokeGuardedCallbackAndCatchFirstError (node_modules/react-dom/cjs/react-dom.development.js:4291:25)
      at executeDispatch (node_modules/react-dom/cjs/react-dom.development.js:9041:3)
      at processDispatchQueueItemsInOrder (node_modules/react-dom/cjs/react-dom.development.js:9073:7)
      at processDispatchQueue (node_modules/react-dom/cjs/react-dom.development.js:9086:5)
      at dispatchEventsForPlugins (node_modules/react-dom/cjs/react-dom.development.js:9097:3)
      at node_modules/react-dom/cjs/react-dom.development.js:9288:12
      at batchedUpdates$1 (node_modules/react-dom/cjs/react-dom.development.js:26179:12)
      at batchedUpdates (node_modules/react-dom/cjs/react-dom.development.js:3991:12)
      at dispatchEventForPluginEventSystem (node_modules/react-dom/cjs/react-dom.development.js:9287:3)
      at dispatchEventWithEnableCapturePhaseSelectiveHydrationWithoutDiscreteEventReplay (node_modules/react-dom/cjs/react-dom.development.js:6465:5)
      at dispatchEvent (node_modules/react-dom/cjs/react-dom.development.js:6457:5)
      at dispatchDiscreteEvent (node_modules/react-dom/cjs/react-dom.development.js:6430:5)
      at HTMLDivElement.callTheUserObjectsOperation (node_modules/jsdom/lib/jsdom/living/generated/EventListener.js:26:30)
      at innerInvokeEventListeners (node_modules/jsdom/lib/jsdom/living/events/EventTarget-impl.js:338:25)
      at invokeEventListeners (node_modules/jsdom/lib/jsdom/living/events/EventTarget-impl.js:274:3)
      at HTMLInputElementImpl._dispatch (node_modules/jsdom/lib/jsdom/living/events/EventTarget-impl.js:221:9)
      at HTMLInputElementImpl.dispatchEvent (node_modules/jsdom/lib/jsdom/living/events/EventTarget-impl.js:94:17)
      at HTMLInputElement.dispatchEvent (node_modules/jsdom/lib/jsdom/living/generated/EventTarget.js:231:34)
      at node_modules/@testing-library/dom/dist/events.js:19:20
      at Object.eventWrapper (node_modules/@testing-library/dom/dist/config.js:25:23)
      at fireEvent (node_modules/@testing-library/dom/dist/events.js:12:35)
      at fireEvent.<computed> [as input] (node_modules/@testing-library/dom/dist/events.js:110:36)
      at fireInputEvent (node_modules/@testing-library/user-event/dist/keyboard/shared/fireInputEvent.js:31:18)
      at Object.handle (node_modules/@testing-library/user-event/dist/keyboard/plugins/character.js:167:32)
      at applyPlugins (node_modules/@testing-library/user-event/dist/keyboard/keyboardImplementation.js:157:12)
      at keypress (node_modules/@testing-library/user-event/dist/keyboard/keyboardImplementation.js:135:5)
      at keyboardImplementation (node_modules/@testing-library/user-event/dist/keyboard/keyboardImplementation.js:53:9)
      at keyboardImplementation (node_modules/@testing-library/user-event/dist/keyboard/keyboardImplementation.js:81:12)
      at keyboardImplementation (node_modules/@testing-library/user-event/dist/keyboard/keyboardImplementation.js:81:12)
      at keyboardImplementation (node_modules/@testing-library/user-event/dist/keyboard/keyboardImplementation.js:81:12)
      at keyboardImplementation (node_modules/@testing-library/user-event/dist/keyboard/keyboardImplementation.js:81:12)
      at keyboardImplementation (node_modules/@testing-library/user-event/dist/keyboard/keyboardImplementation.js:81:12)
      at keyboardImplementation (node_modules/@testing-library/user-event/dist/keyboard/keyboardImplementation.js:81:12)

    console.error
      Warning: An update to ComparisonTool inside a test was not wrapped in act(...).
      
      When testing, code that causes React state updates should be wrapped into act(...):
      
      act(() => {
        /* fire events that update state */
      });
      /* assert on the output */
      
      This ensures that you're testing the behavior the user would see in the browser. Learn more at https://reactjs.org/link/wrap-tests-with-act
          at ComparisonTool (C:\Users\Andre Cadima\Documents\Gestion De Calidad de Sistemas\Calculadora_Pruebas_Unitarias\src\components\ComparisonTool.js:9:45)

    [0m [90m 35 |[39m   [36mconst[39m handleChange [33m=[39m (e) [33m=>[39m {
     [90m 36 |[39m     [36mconst[39m { name[33m,[39m value[33m,[39m type[33m,[39m checked } [33m=[39m e[33m.[39mtarget[33m;[39m
    [31m[1m>[22m[39m[90m 37 |[39m     setFormData(prev [33m=>[39m ({
     [90m    |[39m     [31m[1m^[22m[39m
     [90m 38 |[39m       [33m...[39mprev[33m,[39m
     [90m 39 |[39m       [name][33m:[39m type [33m===[39m [32m'checkbox'[39m [33m?[39m checked [33m:[39m value
     [90m 40 |[39m     }))[33m;[39m[0m

      at printWarning (node_modules/react-dom/cjs/react-dom.development.js:86:30)
      at error (node_modules/react-dom/cjs/react-dom.development.js:60:7)
      at warnIfUpdatesNotWrappedWithActDEV (node_modules/react-dom/cjs/react-dom.development.js:27628:9)
      at scheduleUpdateOnFiber (node_modules/react-dom/cjs/react-dom.development.js:25547:5)
      at setFormData (node_modules/react-dom/cjs/react-dom.development.js:16708:7)
      at handleChange (src/components/ComparisonTool.js:37:5)
      at HTMLUnknownElement.callCallback (node_modules/react-dom/cjs/react-dom.development.js:4164:14)
      at HTMLUnknownElement.callTheUserObjectsOperation (node_modules/jsdom/lib/jsdom/living/generated/EventListener.js:26:30)
      at innerInvokeEventListeners (node_modules/jsdom/lib/jsdom/living/events/EventTarget-impl.js:338:25)
      at invokeEventListeners (node_modules/jsdom/lib/jsdom/living/events/EventTarget-impl.js:274:3)
      at HTMLUnknownElementImpl._dispatch (node_modules/jsdom/lib/jsdom/living/events/EventTarget-impl.js:221:9)
      at HTMLUnknownElementImpl.dispatchEvent (node_modules/jsdom/lib/jsdom/living/events/EventTarget-impl.js:94:17)
      at HTMLUnknownElement.dispatchEvent (node_modules/jsdom/lib/jsdom/living/generated/EventTarget.js:231:34)
      at Object.invokeGuardedCallbackDev (node_modules/react-dom/cjs/react-dom.development.js:4213:16)
      at invokeGuardedCallback (node_modules/react-dom/cjs/react-dom.development.js:4277:31)
      at invokeGuardedCallbackAndCatchFirstError (node_modules/react-dom/cjs/react-dom.development.js:4291:25)
      at executeDispatch (node_modules/react-dom/cjs/react-dom.development.js:9041:3)
      at processDispatchQueueItemsInOrder (node_modules/react-dom/cjs/react-dom.development.js:9073:7)
      at processDispatchQueue (node_modules/react-dom/cjs/react-dom.development.js:9086:5)
      at dispatchEventsForPlugins (node_modules/react-dom/cjs/react-dom.development.js:9097:3)
      at node_modules/react-dom/cjs/react-dom.development.js:9288:12
      at batchedUpdates$1 (node_modules/react-dom/cjs/react-dom.development.js:26179:12)
      at batchedUpdates (node_modules/react-dom/cjs/react-dom.development.js:3991:12)
      at dispatchEventForPluginEventSystem (node_modules/react-dom/cjs/react-dom.development.js:9287:3)
      at dispatchEventWithEnableCapturePhaseSelectiveHydrationWithoutDiscreteEventReplay (node_modules/react-dom/cjs/react-dom.development.js:6465:5)
      at dispatchEvent (node_modules/react-dom/cjs/react-dom.development.js:6457:5)
      at dispatchDiscreteEvent (node_modules/react-dom/cjs/react-dom.development.js:6430:5)
      at HTMLDivElement.callTheUserObjectsOperation (node_modules/jsdom/lib/jsdom/living/generated/EventListener.js:26:30)
      at innerInvokeEventListeners (node_modules/jsdom/lib/jsdom/living/events/EventTarget-impl.js:338:25)
      at invokeEventListeners (node_modules/jsdom/lib/jsdom/living/events/EventTarget-impl.js:274:3)
      at HTMLInputElementImpl._dispatch (node_modules/jsdom/lib/jsdom/living/events/EventTarget-impl.js:221:9)
      at HTMLInputElementImpl.dispatchEvent (node_modules/jsdom/lib/jsdom/living/events/EventTarget-impl.js:94:17)
      at HTMLInputElement.dispatchEvent (node_modules/jsdom/lib/jsdom/living/generated/EventTarget.js:231:34)
      at node_modules/@testing-library/dom/dist/events.js:19:20
      at Object.eventWrapper (node_modules/@testing-library/dom/dist/config.js:25:23)
      at fireEvent (node_modules/@testing-library/dom/dist/events.js:12:35)
      at fireEvent.<computed> [as input] (node_modules/@testing-library/dom/dist/events.js:110:36)
      at fireInputEvent (node_modules/@testing-library/user-event/dist/keyboard/shared/fireInputEvent.js:31:18)
      at Object.handle (node_modules/@testing-library/user-event/dist/keyboard/plugins/character.js:167:32)
      at applyPlugins (node_modules/@testing-library/user-event/dist/keyboard/keyboardImplementation.js:157:12)
      at keypress (node_modules/@testing-library/user-event/dist/keyboard/keyboardImplementation.js:135:5)
      at keyboardImplementation (node_modules/@testing-library/user-event/dist/keyboard/keyboardImplementation.js:53:9)
      at keyboardImplementation (node_modules/@testing-library/user-event/dist/keyboard/keyboardImplementation.js:81:12)
      at keyboardImplementation (node_modules/@testing-library/user-event/dist/keyboard/keyboardImplementation.js:81:12)
      at keyboardImplementation (node_modules/@testing-library/user-event/dist/keyboard/keyboardImplementation.js:81:12)
      at keyboardImplementation (node_modules/@testing-library/user-event/dist/keyboard/keyboardImplementation.js:81:12)
      at keyboardImplementation (node_modules/@testing-library/user-event/dist/keyboard/keyboardImplementation.js:81:12)
      at keyboardImplementation (node_modules/@testing-library/user-event/dist/keyboard/keyboardImplementation.js:81:12)

    console.error
      Warning: An update to ComparisonTool inside a test was not wrapped in act(...).
      
      When testing, code that causes React state updates should be wrapped into act(...):
      
      act(() => {
        /* fire events that update state */
      });
      /* assert on the output */
      
      This ensures that you're testing the behavior the user would see in the browser. Learn more at https://reactjs.org/link/wrap-tests-with-act
          at ComparisonTool (C:\Users\Andre Cadima\Documents\Gestion De Calidad de Sistemas\Calculadora_Pruebas_Unitarias\src\components\ComparisonTool.js:9:45)

    [0m [90m 35 |[39m   [36mconst[39m handleChange [33m=[39m (e) [33m=>[39m {
     [90m 36 |[39m     [36mconst[39m { name[33m,[39m value[33m,[39m type[33m,[39m checked } [33m=[39m e[33m.[39mtarget[33m;[39m
    [31m[1m>[22m[39m[90m 37 |[39m     setFormData(prev [33m=>[39m ({
     [90m    |[39m     [31m[1m^[22m[39m
     [90m 38 |[39m       [33m...[39mprev[33m,[39m
     [90m 39 |[39m       [name][33m:[39m type [33m===[39m [32m'checkbox'[39m [33m?[39m checked [33m:[39m value
     [90m 40 |[39m     }))[33m;[39m[0m

      at printWarning (node_modules/react-dom/cjs/react-dom.development.js:86:30)
      at error (node_modules/react-dom/cjs/react-dom.development.js:60:7)
      at warnIfUpdatesNotWrappedWithActDEV (node_modules/react-dom/cjs/react-dom.development.js:27628:9)
      at scheduleUpdateOnFiber (node_modules/react-dom/cjs/react-dom.development.js:25547:5)
      at setFormData (node_modules/react-dom/cjs/react-dom.development.js:16708:7)
      at handleChange (src/components/ComparisonTool.js:37:5)
      at HTMLUnknownElement.callCallback (node_modules/react-dom/cjs/react-dom.development.js:4164:14)
      at HTMLUnknownElement.callTheUserObjectsOperation (node_modules/jsdom/lib/jsdom/living/generated/EventListener.js:26:30)
      at innerInvokeEventListeners (node_modules/jsdom/lib/jsdom/living/events/EventTarget-impl.js:338:25)
      at invokeEventListeners (node_modules/jsdom/lib/jsdom/living/events/EventTarget-impl.js:274:3)
      at HTMLUnknownElementImpl._dispatch (node_modules/jsdom/lib/jsdom/living/events/EventTarget-impl.js:221:9)
      at HTMLUnknownElementImpl.dispatchEvent (node_modules/jsdom/lib/jsdom/living/events/EventTarget-impl.js:94:17)
      at HTMLUnknownElement.dispatchEvent (node_modules/jsdom/lib/jsdom/living/generated/EventTarget.js:231:34)
      at Object.invokeGuardedCallbackDev (node_modules/react-dom/cjs/react-dom.development.js:4213:16)
      at invokeGuardedCallback (node_modules/react-dom/cjs/react-dom.development.js:4277:31)
      at invokeGuardedCallbackAndCatchFirstError (node_modules/react-dom/cjs/react-dom.development.js:4291:25)
      at executeDispatch (node_modules/react-dom/cjs/react-dom.development.js:9041:3)
      at processDispatchQueueItemsInOrder (node_modules/react-dom/cjs/react-dom.development.js:9073:7)
      at processDispatchQueue (node_modules/react-dom/cjs/react-dom.development.js:9086:5)
      at dispatchEventsForPlugins (node_modules/react-dom/cjs/react-dom.development.js:9097:3)
      at node_modules/react-dom/cjs/react-dom.development.js:9288:12
      at batchedUpdates$1 (node_modules/react-dom/cjs/react-dom.development.js:26179:12)
      at batchedUpdates (node_modules/react-dom/cjs/react-dom.development.js:3991:12)
      at dispatchEventForPluginEventSystem (node_modules/react-dom/cjs/react-dom.development.js:9287:3)
      at dispatchEventWithEnableCapturePhaseSelectiveHydrationWithoutDiscreteEventReplay (node_modules/react-dom/cjs/react-dom.development.js:6465:5)
      at dispatchEvent (node_modules/react-dom/cjs/react-dom.development.js:6457:5)
      at dispatchDiscreteEvent (node_modules/react-dom/cjs/react-dom.development.js:6430:5)
      at HTMLDivElement.callTheUserObjectsOperation (node_modules/jsdom/lib/jsdom/living/generated/EventListener.js:26:30)
      at innerInvokeEventListeners (node_modules/jsdom/lib/jsdom/living/events/EventTarget-impl.js:338:25)
      at invokeEventListeners (node_modules/jsdom/lib/jsdom/living/events/EventTarget-impl.js:274:3)
      at HTMLInputElementImpl._dispatch (node_modules/jsdom/lib/jsdom/living/events/EventTarget-impl.js:221:9)
      at HTMLInputElementImpl.dispatchEvent (node_modules/jsdom/lib/jsdom/living/events/EventTarget-impl.js:94:17)
      at HTMLInputElement.dispatchEvent (node_modules/jsdom/lib/jsdom/living/generated/EventTarget.js:231:34)
      at node_modules/@testing-library/dom/dist/events.js:19:20
      at Object.eventWrapper (node_modules/@testing-library/dom/dist/config.js:25:23)
      at fireEvent (node_modules/@testing-library/dom/dist/events.js:12:35)
      at fireEvent.<computed> [as input] (node_modules/@testing-library/dom/dist/events.js:110:36)
      at fireInputEvent (node_modules/@testing-library/user-event/dist/keyboard/shared/fireInputEvent.js:31:18)
      at Object.handle (node_modules/@testing-library/user-event/dist/keyboard/plugins/character.js:167:32)
      at applyPlugins (node_modules/@testing-library/user-event/dist/keyboard/keyboardImplementation.js:157:12)
      at keypress (node_modules/@testing-library/user-event/dist/keyboard/keyboardImplementation.js:135:5)
      at keyboardImplementation (node_modules/@testing-library/user-event/dist/keyboard/keyboardImplementation.js:53:9)
      at keyboardImplementation (node_modules/@testing-library/user-event/dist/keyboard/keyboardImplementation.js:81:12)
      at keyboardImplementation (node_modules/@testing-library/user-event/dist/keyboard/keyboardImplementation.js:81:12)
      at keyboardImplementation (node_modules/@testing-library/user-event/dist/keyboard/keyboardImplementation.js:81:12)
      at keyboardImplementation (node_modules/@testing-library/user-event/dist/keyboard/keyboardImplementation.js:81:12)
      at keyboardImplementation (node_modules/@testing-library/user-event/dist/keyboard/keyboardImplementation.js:81:12)
      at keyboardImplementation (node_modules/@testing-library/user-event/dist/keyboard/keyboardImplementation.js:81:12)

    console.error
      Warning: An update to ComparisonTool inside a test was not wrapped in act(...).
      
      When testing, code that causes React state updates should be wrapped into act(...):
      
      act(() => {
        /* fire events that update state */
      });
      /* assert on the output */
      
      This ensures that you're testing the behavior the user would see in the browser. Learn more at https://reactjs.org/link/wrap-tests-with-act
          at ComparisonTool (C:\Users\Andre Cadima\Documents\Gestion De Calidad de Sistemas\Calculadora_Pruebas_Unitarias\src\components\ComparisonTool.js:9:45)

    [0m [90m 35 |[39m   [36mconst[39m handleChange [33m=[39m (e) [33m=>[39m {
     [90m 36 |[39m     [36mconst[39m { name[33m,[39m value[33m,[39m type[33m,[39m checked } [33m=[39m e[33m.[39mtarget[33m;[39m
    [31m[1m>[22m[39m[90m 37 |[39m     setFormData(prev [33m=>[39m ({
     [90m    |[39m     [31m[1m^[22m[39m
     [90m 38 |[39m       [33m...[39mprev[33m,[39m
     [90m 39 |[39m       [name][33m:[39m type [33m===[39m [32m'checkbox'[39m [33m?[39m checked [33m:[39m value
     [90m 40 |[39m     }))[33m;[39m[0m

      at printWarning (node_modules/react-dom/cjs/react-dom.development.js:86:30)
      at error (node_modules/react-dom/cjs/react-dom.development.js:60:7)
      at warnIfUpdatesNotWrappedWithActDEV (node_modules/react-dom/cjs/react-dom.development.js:27628:9)
      at scheduleUpdateOnFiber (node_modules/react-dom/cjs/react-dom.development.js:25547:5)
      at setFormData (node_modules/react-dom/cjs/react-dom.development.js:16708:7)
      at handleChange (src/components/ComparisonTool.js:37:5)
      at HTMLUnknownElement.callCallback (node_modules/react-dom/cjs/react-dom.development.js:4164:14)
      at HTMLUnknownElement.callTheUserObjectsOperation (node_modules/jsdom/lib/jsdom/living/generated/EventListener.js:26:30)
      at innerInvokeEventListeners (node_modules/jsdom/lib/jsdom/living/events/EventTarget-impl.js:338:25)
      at invokeEventListeners (node_modules/jsdom/lib/jsdom/living/events/EventTarget-impl.js:274:3)
      at HTMLUnknownElementImpl._dispatch (node_modules/jsdom/lib/jsdom/living/events/EventTarget-impl.js:221:9)
      at HTMLUnknownElementImpl.dispatchEvent (node_modules/jsdom/lib/jsdom/living/events/EventTarget-impl.js:94:17)
      at HTMLUnknownElement.dispatchEvent (node_modules/jsdom/lib/jsdom/living/generated/EventTarget.js:231:34)
      at Object.invokeGuardedCallbackDev (node_modules/react-dom/cjs/react-dom.development.js:4213:16)
      at invokeGuardedCallback (node_modules/react-dom/cjs/react-dom.development.js:4277:31)
      at invokeGuardedCallbackAndCatchFirstError (node_modules/react-dom/cjs/react-dom.development.js:4291:25)
      at executeDispatch (node_modules/react-dom/cjs/react-dom.development.js:9041:3)
      at processDispatchQueueItemsInOrder (node_modules/react-dom/cjs/react-dom.development.js:9073:7)
      at processDispatchQueue (node_modules/react-dom/cjs/react-dom.development.js:9086:5)
      at dispatchEventsForPlugins (node_modules/react-dom/cjs/react-dom.development.js:9097:3)
      at node_modules/react-dom/cjs/react-dom.development.js:9288:12
      at batchedUpdates$1 (node_modules/react-dom/cjs/react-dom.development.js:26179:12)
      at batchedUpdates (node_modules/react-dom/cjs/react-dom.development.js:3991:12)
      at dispatchEventForPluginEventSystem (node_modules/react-dom/cjs/react-dom.development.js:9287:3)
      at dispatchEventWithEnableCapturePhaseSelectiveHydrationWithoutDiscreteEventReplay (node_modules/react-dom/cjs/react-dom.development.js:6465:5)
      at dispatchEvent (node_modules/react-dom/cjs/react-dom.development.js:6457:5)
      at dispatchDiscreteEvent (node_modules/react-dom/cjs/react-dom.development.js:6430:5)
      at HTMLDivElement.callTheUserObjectsOperation (node_modules/jsdom/lib/jsdom/living/generated/EventListener.js:26:30)
      at innerInvokeEventListeners (node_modules/jsdom/lib/jsdom/living/events/EventTarget-impl.js:338:25)
      at invokeEventListeners (node_modules/jsdom/lib/jsdom/living/events/EventTarget-impl.js:274:3)
      at HTMLInputElementImpl._dispatch (node_modules/jsdom/lib/jsdom/living/events/EventTarget-impl.js:221:9)
      at HTMLInputElementImpl.dispatchEvent (node_modules/jsdom/lib/jsdom/living/events/EventTarget-impl.js:94:17)
      at HTMLInputElement.dispatchEvent (node_modules/jsdom/lib/jsdom/living/generated/EventTarget.js:231:34)
      at node_modules/@testing-library/dom/dist/events.js:19:20
      at Object.eventWrapper (node_modules/@testing-library/dom/dist/config.js:25:23)
      at fireEvent (node_modules/@testing-library/dom/dist/events.js:12:35)
      at fireEvent.<computed> [as input] (node_modules/@testing-library/dom/dist/events.js:110:36)
      at fireInputEvent (node_modules/@testing-library/user-event/dist/keyboard/shared/fireInputEvent.js:31:18)
      at Object.handle (node_modules/@testing-library/user-event/dist/keyboard/plugins/character.js:167:32)
      at applyPlugins (node_modules/@testing-library/user-event/dist/keyboard/keyboardImplementation.js:157:12)
      at keypress (node_modules/@testing-library/user-event/dist/keyboard/keyboardImplementation.js:135:5)
      at keyboardImplementation (node_modules/@testing-library/user-event/dist/keyboard/keyboardImplementation.js:53:9)
      at keyboardImplementation (node_modules/@testing-library/user-event/dist/keyboard/keyboardImplementation.js:81:12)
      at keyboardImplementation (node_modules/@testing-library/user-event/dist/keyboard/keyboardImplementation.js:81:12)
      at keyboardImplementation (node_modules/@testing-library/user-event/dist/keyboard/keyboardImplementation.js:81:12)
      at keyboardImplementation (node_modules/@testing-library/user-event/dist/keyboard/keyboardImplementation.js:81:12)
      at keyboardImplementation (node_modules/@testing-library/user-event/dist/keyboard/keyboardImplementation.js:81:12)
      at keyboardImplementation (node_modules/@testing-library/user-event/dist/keyboard/keyboardImplementation.js:81:12)

    console.error
      Warning: An update to ComparisonTool inside a test was not wrapped in act(...).
      
      When testing, code that causes React state updates should be wrapped into act(...):
      
      act(() => {
        /* fire events that update state */
      });
      /* assert on the output */
      
      This ensures that you're testing the behavior the user would see in the browser. Learn more at https://reactjs.org/link/wrap-tests-with-act
          at ComparisonTool (C:\Users\Andre Cadima\Documents\Gestion De Calidad de Sistemas\Calculadora_Pruebas_Unitarias\src\components\ComparisonTool.js:9:45)

    [0m [90m 35 |[39m   [36mconst[39m handleChange [33m=[39m (e) [33m=>[39m {
     [90m 36 |[39m     [36mconst[39m { name[33m,[39m value[33m,[39m type[33m,[39m checked } [33m=[39m e[33m.[39mtarget[33m;[39m
    [31m[1m>[22m[39m[90m 37 |[39m     setFormData(prev [33m=>[39m ({
     [90m    |[39m     [31m[1m^[22m[39m
     [90m 38 |[39m       [33m...[39mprev[33m,[39m
     [90m 39 |[39m       [name][33m:[39m type [33m===[39m [32m'checkbox'[39m [33m?[39m checked [33m:[39m value
     [90m 40 |[39m     }))[33m;[39m[0m

      at printWarning (node_modules/react-dom/cjs/react-dom.development.js:86:30)
      at error (node_modules/react-dom/cjs/react-dom.development.js:60:7)
      at warnIfUpdatesNotWrappedWithActDEV (node_modules/react-dom/cjs/react-dom.development.js:27628:9)
      at scheduleUpdateOnFiber (node_modules/react-dom/cjs/react-dom.development.js:25547:5)
      at setFormData (node_modules/react-dom/cjs/react-dom.development.js:16708:7)
      at handleChange (src/components/ComparisonTool.js:37:5)
      at HTMLUnknownElement.callCallback (node_modules/react-dom/cjs/react-dom.development.js:4164:14)
      at HTMLUnknownElement.callTheUserObjectsOperation (node_modules/jsdom/lib/jsdom/living/generated/EventListener.js:26:30)
      at innerInvokeEventListeners (node_modules/jsdom/lib/jsdom/living/events/EventTarget-impl.js:338:25)
      at invokeEventListeners (node_modules/jsdom/lib/jsdom/living/events/EventTarget-impl.js:274:3)
      at HTMLUnknownElementImpl._dispatch (node_modules/jsdom/lib/jsdom/living/events/EventTarget-impl.js:221:9)
      at HTMLUnknownElementImpl.dispatchEvent (node_modules/jsdom/lib/jsdom/living/events/EventTarget-impl.js:94:17)
      at HTMLUnknownElement.dispatchEvent (node_modules/jsdom/lib/jsdom/living/generated/EventTarget.js:231:34)
      at Object.invokeGuardedCallbackDev (node_modules/react-dom/cjs/react-dom.development.js:4213:16)
      at invokeGuardedCallback (node_modules/react-dom/cjs/react-dom.development.js:4277:31)
      at invokeGuardedCallbackAndCatchFirstError (node_modules/react-dom/cjs/react-dom.development.js:4291:25)
      at executeDispatch (node_modules/react-dom/cjs/react-dom.development.js:9041:3)
      at processDispatchQueueItemsInOrder (node_modules/react-dom/cjs/react-dom.development.js:9073:7)
      at processDispatchQueue (node_modules/react-dom/cjs/react-dom.development.js:9086:5)
      at dispatchEventsForPlugins (node_modules/react-dom/cjs/react-dom.development.js:9097:3)
      at node_modules/react-dom/cjs/react-dom.development.js:9288:12
      at batchedUpdates$1 (node_modules/react-dom/cjs/react-dom.development.js:26179:12)
      at batchedUpdates (node_modules/react-dom/cjs/react-dom.development.js:3991:12)
      at dispatchEventForPluginEventSystem (node_modules/react-dom/cjs/react-dom.development.js:9287:3)
      at dispatchEventWithEnableCapturePhaseSelectiveHydrationWithoutDiscreteEventReplay (node_modules/react-dom/cjs/react-dom.development.js:6465:5)
      at dispatchEvent (node_modules/react-dom/cjs/react-dom.development.js:6457:5)
      at dispatchDiscreteEvent (node_modules/react-dom/cjs/react-dom.development.js:6430:5)
      at HTMLDivElement.callTheUserObjectsOperation (node_modules/jsdom/lib/jsdom/living/generated/EventListener.js:26:30)
      at innerInvokeEventListeners (node_modules/jsdom/lib/jsdom/living/events/EventTarget-impl.js:338:25)
      at invokeEventListeners (node_modules/jsdom/lib/jsdom/living/events/EventTarget-impl.js:274:3)
      at HTMLInputElementImpl._dispatch (node_modules/jsdom/lib/jsdom/living/events/EventTarget-impl.js:221:9)
      at HTMLInputElementImpl.dispatchEvent (node_modules/jsdom/lib/jsdom/living/events/EventTarget-impl.js:94:17)
      at HTMLInputElement.dispatchEvent (node_modules/jsdom/lib/jsdom/living/generated/EventTarget.js:231:34)
      at node_modules/@testing-library/dom/dist/events.js:19:20
      at Object.eventWrapper (node_modules/@testing-library/dom/dist/config.js:25:23)
      at fireEvent (node_modules/@testing-library/dom/dist/events.js:12:35)
      at fireEvent.<computed> [as input] (node_modules/@testing-library/dom/dist/events.js:110:36)
      at fireInputEvent (node_modules/@testing-library/user-event/dist/keyboard/shared/fireInputEvent.js:31:18)
      at Object.handle (node_modules/@testing-library/user-event/dist/keyboard/plugins/character.js:167:32)
      at applyPlugins (node_modules/@testing-library/user-event/dist/keyboard/keyboardImplementation.js:157:12)
      at keypress (node_modules/@testing-library/user-event/dist/keyboard/keyboardImplementation.js:135:5)
      at keyboardImplementation (node_modules/@testing-library/user-event/dist/keyboard/keyboardImplementation.js:53:9)
      at keyboardImplementation (node_modules/@testing-library/user-event/dist/keyboard/keyboardImplementation.js:81:12)
      at keyboardImplementation (node_modules/@testing-library/user-event/dist/keyboard/keyboardImplementation.js:81:12)
      at keyboardImplementation (node_modules/@testing-library/user-event/dist/keyboard/keyboardImplementation.js:81:12)
      at keyboardImplementation (node_modules/@testing-library/user-event/dist/keyboard/keyboardImplementation.js:81:12)
      at keyboardImplementation (node_modules/@testing-library/user-event/dist/keyboard/keyboardImplementation.js:81:12)
      at keyboardImplementation (node_modules/@testing-library/user-event/dist/keyboard/keyboardImplementation.js:81:12)

    console.error
      Warning: An update to ComparisonTool inside a test was not wrapped in act(...).
      
      When testing, code that causes React state updates should be wrapped into act(...):
      
      act(() => {
        /* fire events that update state */
      });
      /* assert on the output */
      
      This ensures that you're testing the behavior the user would see in the browser. Learn more at https://reactjs.org/link/wrap-tests-with-act
          at ComparisonTool (C:\Users\Andre Cadima\Documents\Gestion De Calidad de Sistemas\Calculadora_Pruebas_Unitarias\src\components\ComparisonTool.js:9:45)

    [0m [90m 35 |[39m   [36mconst[39m handleChange [33m=[39m (e) [33m=>[39m {
     [90m 36 |[39m     [36mconst[39m { name[33m,[39m value[33m,[39m type[33m,[39m checked } [33m=[39m e[33m.[39mtarget[33m;[39m
    [31m[1m>[22m[39m[90m 37 |[39m     setFormData(prev [33m=>[39m ({
     [90m    |[39m     [31m[1m^[22m[39m
     [90m 38 |[39m       [33m...[39mprev[33m,[39m
     [90m 39 |[39m       [name][33m:[39m type [33m===[39m [32m'checkbox'[39m [33m?[39m checked [33m:[39m value
     [90m 40 |[39m     }))[33m;[39m[0m

      at printWarning (node_modules/react-dom/cjs/react-dom.development.js:86:30)
      at error (node_modules/react-dom/cjs/react-dom.development.js:60:7)
      at warnIfUpdatesNotWrappedWithActDEV (node_modules/react-dom/cjs/react-dom.development.js:27628:9)
      at scheduleUpdateOnFiber (node_modules/react-dom/cjs/react-dom.development.js:25547:5)
      at setFormData (node_modules/react-dom/cjs/react-dom.development.js:16708:7)
      at handleChange (src/components/ComparisonTool.js:37:5)
      at HTMLUnknownElement.callCallback (node_modules/react-dom/cjs/react-dom.development.js:4164:14)
      at HTMLUnknownElement.callTheUserObjectsOperation (node_modules/jsdom/lib/jsdom/living/generated/EventListener.js:26:30)
      at innerInvokeEventListeners (node_modules/jsdom/lib/jsdom/living/events/EventTarget-impl.js:338:25)
      at invokeEventListeners (node_modules/jsdom/lib/jsdom/living/events/EventTarget-impl.js:274:3)
      at HTMLUnknownElementImpl._dispatch (node_modules/jsdom/lib/jsdom/living/events/EventTarget-impl.js:221:9)
      at HTMLUnknownElementImpl.dispatchEvent (node_modules/jsdom/lib/jsdom/living/events/EventTarget-impl.js:94:17)
      at HTMLUnknownElement.dispatchEvent (node_modules/jsdom/lib/jsdom/living/generated/EventTarget.js:231:34)
      at Object.invokeGuardedCallbackDev (node_modules/react-dom/cjs/react-dom.development.js:4213:16)
      at invokeGuardedCallback (node_modules/react-dom/cjs/react-dom.development.js:4277:31)
      at invokeGuardedCallbackAndCatchFirstError (node_modules/react-dom/cjs/react-dom.development.js:4291:25)
      at executeDispatch (node_modules/react-dom/cjs/react-dom.development.js:9041:3)
      at processDispatchQueueItemsInOrder (node_modules/react-dom/cjs/react-dom.development.js:9073:7)
      at processDispatchQueue (node_modules/react-dom/cjs/react-dom.development.js:9086:5)
      at dispatchEventsForPlugins (node_modules/react-dom/cjs/react-dom.development.js:9097:3)
      at node_modules/react-dom/cjs/react-dom.development.js:9288:12
      at batchedUpdates$1 (node_modules/react-dom/cjs/react-dom.development.js:26179:12)
      at batchedUpdates (node_modules/react-dom/cjs/react-dom.development.js:3991:12)
      at dispatchEventForPluginEventSystem (node_modules/react-dom/cjs/react-dom.development.js:9287:3)
      at dispatchEventWithEnableCapturePhaseSelectiveHydrationWithoutDiscreteEventReplay (node_modules/react-dom/cjs/react-dom.development.js:6465:5)
      at dispatchEvent (node_modules/react-dom/cjs/react-dom.development.js:6457:5)
      at dispatchDiscreteEvent (node_modules/react-dom/cjs/react-dom.development.js:6430:5)
      at HTMLDivElement.callTheUserObjectsOperation (node_modules/jsdom/lib/jsdom/living/generated/EventListener.js:26:30)
      at innerInvokeEventListeners (node_modules/jsdom/lib/jsdom/living/events/EventTarget-impl.js:338:25)
      at invokeEventListeners (node_modules/jsdom/lib/jsdom/living/events/EventTarget-impl.js:274:3)
      at HTMLInputElementImpl._dispatch (node_modules/jsdom/lib/jsdom/living/events/EventTarget-impl.js:221:9)
      at HTMLInputElementImpl.dispatchEvent (node_modules/jsdom/lib/jsdom/living/events/EventTarget-impl.js:94:17)
      at HTMLInputElement.dispatchEvent (node_modules/jsdom/lib/jsdom/living/generated/EventTarget.js:231:34)
      at node_modules/@testing-library/dom/dist/events.js:19:20
      at Object.eventWrapper (node_modules/@testing-library/dom/dist/config.js:25:23)
      at fireEvent (node_modules/@testing-library/dom/dist/events.js:12:35)
      at fireEvent.<computed> [as input] (node_modules/@testing-library/dom/dist/events.js:110:36)
      at fireInputEvent (node_modules/@testing-library/user-event/dist/keyboard/shared/fireInputEvent.js:31:18)
      at Object.handle (node_modules/@testing-library/user-event/dist/keyboard/plugins/character.js:167:32)
      at applyPlugins (node_modules/@testing-library/user-event/dist/keyboard/keyboardImplementation.js:157:12)
      at keypress (node_modules/@testing-library/user-event/dist/keyboard/keyboardImplementation.js:135:5)
      at keyboardImplementation (node_modules/@testing-library/user-event/dist/keyboard/keyboardImplementation.js:53:9)
      at keyboardImplementation (node_modules/@testing-library/user-event/dist/keyboard/keyboardImplementation.js:81:12)
      at keyboardImplementation (node_modules/@testing-library/user-event/dist/keyboard/keyboardImplementation.js:81:12)
      at keyboardImplementation (node_modules/@testing-library/user-event/dist/keyboard/keyboardImplementation.js:81:12)
      at keyboardImplementation (node_modules/@testing-library/user-event/dist/keyboard/keyboardImplementation.js:81:12)
      at keyboardImplementation (node_modules/@testing-library/user-event/dist/keyboard/keyboardImplementation.js:81:12)
      at keyboardImplementation (node_modules/@testing-library/user-event/dist/keyboard/keyboardImplementation.js:81:12)

    console.error
      Warning: An update to ComparisonTool inside a test was not wrapped in act(...).
      
      When testing, code that causes React state updates should be wrapped into act(...):
      
      act(() => {
        /* fire events that update state */
      });
      /* assert on the output */
      
      This ensures that you're testing the behavior the user would see in the browser. Learn more at https://reactjs.org/link/wrap-tests-with-act
          at ComparisonTool (C:\Users\Andre Cadima\Documents\Gestion De Calidad de Sistemas\Calculadora_Pruebas_Unitarias\src\components\ComparisonTool.js:9:45)

    [0m [90m 35 |[39m   [36mconst[39m handleChange [33m=[39m (e) [33m=>[39m {
     [90m 36 |[39m     [36mconst[39m { name[33m,[39m value[33m,[39m type[33m,[39m checked } [33m=[39m e[33m.[39mtarget[33m;[39m
    [31m[1m>[22m[39m[90m 37 |[39m     setFormData(prev [33m=>[39m ({
     [90m    |[39m     [31m[1m^[22m[39m
     [90m 38 |[39m       [33m...[39mprev[33m,[39m
     [90m 39 |[39m       [name][33m:[39m type [33m===[39m [32m'checkbox'[39m [33m?[39m checked [33m:[39m value
     [90m 40 |[39m     }))[33m;[39m[0m

      at printWarning (node_modules/react-dom/cjs/react-dom.development.js:86:30)
      at error (node_modules/react-dom/cjs/react-dom.development.js:60:7)
      at warnIfUpdatesNotWrappedWithActDEV (node_modules/react-dom/cjs/react-dom.development.js:27628:9)
      at scheduleUpdateOnFiber (node_modules/react-dom/cjs/react-dom.development.js:25547:5)
      at setFormData (node_modules/react-dom/cjs/react-dom.development.js:16708:7)
      at handleChange (src/components/ComparisonTool.js:37:5)
      at HTMLUnknownElement.callCallback (node_modules/react-dom/cjs/react-dom.development.js:4164:14)
      at HTMLUnknownElement.callTheUserObjectsOperation (node_modules/jsdom/lib/jsdom/living/generated/EventListener.js:26:30)
      at innerInvokeEventListeners (node_modules/jsdom/lib/jsdom/living/events/EventTarget-impl.js:338:25)
      at invokeEventListeners (node_modules/jsdom/lib/jsdom/living/events/EventTarget-impl.js:274:3)
      at HTMLUnknownElementImpl._dispatch (node_modules/jsdom/lib/jsdom/living/events/EventTarget-impl.js:221:9)
      at HTMLUnknownElementImpl.dispatchEvent (node_modules/jsdom/lib/jsdom/living/events/EventTarget-impl.js:94:17)
      at HTMLUnknownElement.dispatchEvent (node_modules/jsdom/lib/jsdom/living/generated/EventTarget.js:231:34)
      at Object.invokeGuardedCallbackDev (node_modules/react-dom/cjs/react-dom.development.js:4213:16)
      at invokeGuardedCallback (node_modules/react-dom/cjs/react-dom.development.js:4277:31)
      at invokeGuardedCallbackAndCatchFirstError (node_modules/react-dom/cjs/react-dom.development.js:4291:25)
      at executeDispatch (node_modules/react-dom/cjs/react-dom.development.js:9041:3)
      at processDispatchQueueItemsInOrder (node_modules/react-dom/cjs/react-dom.development.js:9073:7)
      at processDispatchQueue (node_modules/react-dom/cjs/react-dom.development.js:9086:5)
      at dispatchEventsForPlugins (node_modules/react-dom/cjs/react-dom.development.js:9097:3)
      at node_modules/react-dom/cjs/react-dom.development.js:9288:12
      at batchedUpdates$1 (node_modules/react-dom/cjs/react-dom.development.js:26179:12)
      at batchedUpdates (node_modules/react-dom/cjs/react-dom.development.js:3991:12)
      at dispatchEventForPluginEventSystem (node_modules/react-dom/cjs/react-dom.development.js:9287:3)
      at dispatchEventWithEnableCapturePhaseSelectiveHydrationWithoutDiscreteEventReplay (node_modules/react-dom/cjs/react-dom.development.js:6465:5)
      at dispatchEvent (node_modules/react-dom/cjs/react-dom.development.js:6457:5)
      at dispatchDiscreteEvent (node_modules/react-dom/cjs/react-dom.development.js:6430:5)
      at HTMLDivElement.callTheUserObjectsOperation (node_modules/jsdom/lib/jsdom/living/generated/EventListener.js:26:30)
      at innerInvokeEventListeners (node_modules/jsdom/lib/jsdom/living/events/EventTarget-impl.js:338:25)
      at invokeEventListeners (node_modules/jsdom/lib/jsdom/living/events/EventTarget-impl.js:274:3)
      at HTMLInputElementImpl._dispatch (node_modules/jsdom/lib/jsdom/living/events/EventTarget-impl.js:221:9)
      at HTMLInputElementImpl.dispatchEvent (node_modules/jsdom/lib/jsdom/living/events/EventTarget-impl.js:94:17)
      at HTMLInputElement.dispatchEvent (node_modules/jsdom/lib/jsdom/living/generated/EventTarget.js:231:34)
      at node_modules/@testing-library/dom/dist/events.js:19:20
      at Object.eventWrapper (node_modules/@testing-library/dom/dist/config.js:25:23)
      at fireEvent (node_modules/@testing-library/dom/dist/events.js:12:35)
      at fireEvent.<computed> [as input] (node_modules/@testing-library/dom/dist/events.js:110:36)
      at fireInputEvent (node_modules/@testing-library/user-event/dist/keyboard/shared/fireInputEvent.js:31:18)
      at Object.handle (node_modules/@testing-library/user-event/dist/keyboard/plugins/character.js:167:32)
      at applyPlugins (node_modules/@testing-library/user-event/dist/keyboard/keyboardImplementation.js:157:12)
      at keypress (node_modules/@testing-library/user-event/dist/keyboard/keyboardImplementation.js:135:5)
      at keyboardImplementation (node_modules/@testing-library/user-event/dist/keyboard/keyboardImplementation.js:53:9)
      at keyboardImplementation (node_modules/@testing-library/user-event/dist/keyboard/keyboardImplementation.js:81:12)
      at keyboardImplementation (node_modules/@testing-library/user-event/dist/keyboard/keyboardImplementation.js:81:12)
      at keyboardImplementation (node_modules/@testing-library/user-event/dist/keyboard/keyboardImplementation.js:81:12)
      at keyboardImplementation (node_modules/@testing-library/user-event/dist/keyboard/keyboardImplementation.js:81:12)
      at keyboardImplementation (node_modules/@testing-library/user-event/dist/keyboard/keyboardImplementation.js:81:12)
      at keyboardImplementation (node_modules/@testing-library/user-event/dist/keyboard/keyboardImplementation.js:81:12)

    console.error
      Warning: An update to ComparisonTool inside a test was not wrapped in act(...).
      
      When testing, code that causes React state updates should be wrapped into act(...):
      
      act(() => {
        /* fire events that update state */
      });
      /* assert on the output */
      
      This ensures that you're testing the behavior the user would see in the browser. Learn more at https://reactjs.org/link/wrap-tests-with-act
          at ComparisonTool (C:\Users\Andre Cadima\Documents\Gestion De Calidad de Sistemas\Calculadora_Pruebas_Unitarias\src\components\ComparisonTool.js:9:45)

    [0m [90m 35 |[39m   [36mconst[39m handleChange [33m=[39m (e) [33m=>[39m {
     [90m 36 |[39m     [36mconst[39m { name[33m,[39m value[33m,[39m type[33m,[39m checked } [33m=[39m e[33m.[39mtarget[33m;[39m
    [31m[1m>[22m[39m[90m 37 |[39m     setFormData(prev [33m=>[39m ({
     [90m    |[39m     [31m[1m^[22m[39m
     [90m 38 |[39m       [33m...[39mprev[33m,[39m
     [90m 39 |[39m       [name][33m:[39m type [33m===[39m [32m'checkbox'[39m [33m?[39m checked [33m:[39m value
     [90m 40 |[39m     }))[33m;[39m[0m

      at printWarning (node_modules/react-dom/cjs/react-dom.development.js:86:30)
      at error (node_modules/react-dom/cjs/react-dom.development.js:60:7)
      at warnIfUpdatesNotWrappedWithActDEV (node_modules/react-dom/cjs/react-dom.development.js:27628:9)
      at scheduleUpdateOnFiber (node_modules/react-dom/cjs/react-dom.development.js:25547:5)
      at setFormData (node_modules/react-dom/cjs/react-dom.development.js:16708:7)
      at handleChange (src/components/ComparisonTool.js:37:5)
      at HTMLUnknownElement.callCallback (node_modules/react-dom/cjs/react-dom.development.js:4164:14)
      at HTMLUnknownElement.callTheUserObjectsOperation (node_modules/jsdom/lib/jsdom/living/generated/EventListener.js:26:30)
      at innerInvokeEventListeners (node_modules/jsdom/lib/jsdom/living/events/EventTarget-impl.js:338:25)
      at invokeEventListeners (node_modules/jsdom/lib/jsdom/living/events/EventTarget-impl.js:274:3)
      at HTMLUnknownElementImpl._dispatch (node_modules/jsdom/lib/jsdom/living/events/EventTarget-impl.js:221:9)
      at HTMLUnknownElementImpl.dispatchEvent (node_modules/jsdom/lib/jsdom/living/events/EventTarget-impl.js:94:17)
      at HTMLUnknownElement.dispatchEvent (node_modules/jsdom/lib/jsdom/living/generated/EventTarget.js:231:34)
      at Object.invokeGuardedCallbackDev (node_modules/react-dom/cjs/react-dom.development.js:4213:16)
      at invokeGuardedCallback (node_modules/react-dom/cjs/react-dom.development.js:4277:31)
      at invokeGuardedCallbackAndCatchFirstError (node_modules/react-dom/cjs/react-dom.development.js:4291:25)
      at executeDispatch (node_modules/react-dom/cjs/react-dom.development.js:9041:3)
      at processDispatchQueueItemsInOrder (node_modules/react-dom/cjs/react-dom.development.js:9073:7)
      at processDispatchQueue (node_modules/react-dom/cjs/react-dom.development.js:9086:5)
      at dispatchEventsForPlugins (node_modules/react-dom/cjs/react-dom.development.js:9097:3)
      at node_modules/react-dom/cjs/react-dom.development.js:9288:12
      at batchedUpdates$1 (node_modules/react-dom/cjs/react-dom.development.js:26179:12)
      at batchedUpdates (node_modules/react-dom/cjs/react-dom.development.js:3991:12)
      at dispatchEventForPluginEventSystem (node_modules/react-dom/cjs/react-dom.development.js:9287:3)
      at dispatchEventWithEnableCapturePhaseSelectiveHydrationWithoutDiscreteEventReplay (node_modules/react-dom/cjs/react-dom.development.js:6465:5)
      at dispatchEvent (node_modules/react-dom/cjs/react-dom.development.js:6457:5)
      at dispatchDiscreteEvent (node_modules/react-dom/cjs/react-dom.development.js:6430:5)
      at HTMLDivElement.callTheUserObjectsOperation (node_modules/jsdom/lib/jsdom/living/generated/EventListener.js:26:30)
      at innerInvokeEventListeners (node_modules/jsdom/lib/jsdom/living/events/EventTarget-impl.js:338:25)
      at invokeEventListeners (node_modules/jsdom/lib/jsdom/living/events/EventTarget-impl.js:274:3)
      at HTMLInputElementImpl._dispatch (node_modules/jsdom/lib/jsdom/living/events/EventTarget-impl.js:221:9)
      at HTMLInputElementImpl.dispatchEvent (node_modules/jsdom/lib/jsdom/living/events/EventTarget-impl.js:94:17)
      at HTMLInputElement.dispatchEvent (node_modules/jsdom/lib/jsdom/living/generated/EventTarget.js:231:34)
      at node_modules/@testing-library/dom/dist/events.js:19:20
      at Object.eventWrapper (node_modules/@testing-library/dom/dist/config.js:25:23)
      at fireEvent (node_modules/@testing-library/dom/dist/events.js:12:35)
      at fireEvent.<computed> [as input] (node_modules/@testing-library/dom/dist/events.js:110:36)
      at fireInputEvent (node_modules/@testing-library/user-event/dist/keyboard/shared/fireInputEvent.js:31:18)
      at Object.handle (node_modules/@testing-library/user-event/dist/keyboard/plugins/character.js:138:32)
      at applyPlugins (node_modules/@testing-library/user-event/dist/keyboard/keyboardImplementation.js:157:12)
      at keypress (node_modules/@testing-library/user-event/dist/keyboard/keyboardImplementation.js:135:5)
      at keyboardImplementation (node_modules/@testing-library/user-event/dist/keyboard/keyboardImplementation.js:53:9)
      at keyboardImplementationWrapper (node_modules/@testing-library/user-event/dist/keyboard/index.js:55:65)
      at typeImplementation (node_modules/@testing-library/user-event/dist/type/typeImplementation.js:49:51)
      at Object.type (node_modules/@testing-library/user-event/dist/type/index.js:27:60)
      at Object.<anonymous> (src/components/ComparisonTool.test.js:27:21)

    console.error
      Warning: An update to ComparisonTool inside a test was not wrapped in act(...).
      
      When testing, code that causes React state updates should be wrapped into act(...):
      
      act(() => {
        /* fire events that update state */
      });
      /* assert on the output */
      
      This ensures that you're testing the behavior the user would see in the browser. Learn more at https://reactjs.org/link/wrap-tests-with-act
          at ComparisonTool (C:\Users\Andre Cadima\Documents\Gestion De Calidad de Sistemas\Calculadora_Pruebas_Unitarias\src\components\ComparisonTool.js:9:45)

    [0m [90m 35 |[39m   [36mconst[39m handleChange [33m=[39m (e) [33m=>[39m {
     [90m 36 |[39m     [36mconst[39m { name[33m,[39m value[33m,[39m type[33m,[39m checked } [33m=[39m e[33m.[39mtarget[33m;[39m
    [31m[1m>[22m[39m[90m 37 |[39m     setFormData(prev [33m=>[39m ({
     [90m    |[39m     [31m[1m^[22m[39m
     [90m 38 |[39m       [33m...[39mprev[33m,[39m
     [90m 39 |[39m       [name][33m:[39m type [33m===[39m [32m'checkbox'[39m [33m?[39m checked [33m:[39m value
     [90m 40 |[39m     }))[33m;[39m[0m

      at printWarning (node_modules/react-dom/cjs/react-dom.development.js:86:30)
      at error (node_modules/react-dom/cjs/react-dom.development.js:60:7)
      at warnIfUpdatesNotWrappedWithActDEV (node_modules/react-dom/cjs/react-dom.development.js:27628:9)
      at scheduleUpdateOnFiber (node_modules/react-dom/cjs/react-dom.development.js:25547:5)
      at setFormData (node_modules/react-dom/cjs/react-dom.development.js:16708:7)
      at handleChange (src/components/ComparisonTool.js:37:5)
      at HTMLUnknownElement.callCallback (node_modules/react-dom/cjs/react-dom.development.js:4164:14)
      at HTMLUnknownElement.callTheUserObjectsOperation (node_modules/jsdom/lib/jsdom/living/generated/EventListener.js:26:30)
      at innerInvokeEventListeners (node_modules/jsdom/lib/jsdom/living/events/EventTarget-impl.js:338:25)
      at invokeEventListeners (node_modules/jsdom/lib/jsdom/living/events/EventTarget-impl.js:274:3)
      at HTMLUnknownElementImpl._dispatch (node_modules/jsdom/lib/jsdom/living/events/EventTarget-impl.js:221:9)
      at HTMLUnknownElementImpl.dispatchEvent (node_modules/jsdom/lib/jsdom/living/events/EventTarget-impl.js:94:17)
      at HTMLUnknownElement.dispatchEvent (node_modules/jsdom/lib/jsdom/living/generated/EventTarget.js:231:34)
      at Object.invokeGuardedCallbackDev (node_modules/react-dom/cjs/react-dom.development.js:4213:16)
      at invokeGuardedCallback (node_modules/react-dom/cjs/react-dom.development.js:4277:31)
      at invokeGuardedCallbackAndCatchFirstError (node_modules/react-dom/cjs/react-dom.development.js:4291:25)
      at executeDispatch (node_modules/react-dom/cjs/react-dom.development.js:9041:3)
      at processDispatchQueueItemsInOrder (node_modules/react-dom/cjs/react-dom.development.js:9073:7)
      at processDispatchQueue (node_modules/react-dom/cjs/react-dom.development.js:9086:5)
      at dispatchEventsForPlugins (node_modules/react-dom/cjs/react-dom.development.js:9097:3)
      at node_modules/react-dom/cjs/react-dom.development.js:9288:12
      at batchedUpdates$1 (node_modules/react-dom/cjs/react-dom.development.js:26179:12)
      at batchedUpdates (node_modules/react-dom/cjs/react-dom.development.js:3991:12)
      at dispatchEventForPluginEventSystem (node_modules/react-dom/cjs/react-dom.development.js:9287:3)
      at dispatchEventWithEnableCapturePhaseSelectiveHydrationWithoutDiscreteEventReplay (node_modules/react-dom/cjs/react-dom.development.js:6465:5)
      at dispatchEvent (node_modules/react-dom/cjs/react-dom.development.js:6457:5)
      at dispatchDiscreteEvent (node_modules/react-dom/cjs/react-dom.development.js:6430:5)
      at HTMLDivElement.callTheUserObjectsOperation (node_modules/jsdom/lib/jsdom/living/generated/EventListener.js:26:30)
      at innerInvokeEventListeners (node_modules/jsdom/lib/jsdom/living/events/EventTarget-impl.js:338:25)
      at invokeEventListeners (node_modules/jsdom/lib/jsdom/living/events/EventTarget-impl.js:274:3)
      at HTMLInputElementImpl._dispatch (node_modules/jsdom/lib/jsdom/living/events/EventTarget-impl.js:221:9)
      at HTMLInputElementImpl.dispatchEvent (node_modules/jsdom/lib/jsdom/living/events/EventTarget-impl.js:94:17)
      at HTMLInputElement.dispatchEvent (node_modules/jsdom/lib/jsdom/living/generated/EventTarget.js:231:34)
      at node_modules/@testing-library/dom/dist/events.js:19:20
      at Object.eventWrapper (node_modules/@testing-library/dom/dist/config.js:25:23)
      at fireEvent (node_modules/@testing-library/dom/dist/events.js:12:35)
      at fireEvent.<computed> [as input] (node_modules/@testing-library/dom/dist/events.js:110:36)
      at fireInputEvent (node_modules/@testing-library/user-event/dist/keyboard/shared/fireInputEvent.js:31:18)
      at Object.handle (node_modules/@testing-library/user-event/dist/keyboard/plugins/character.js:138:32)
      at applyPlugins (node_modules/@testing-library/user-event/dist/keyboard/keyboardImplementation.js:157:12)
      at keypress (node_modules/@testing-library/user-event/dist/keyboard/keyboardImplementation.js:135:5)
      at keyboardImplementation (node_modules/@testing-library/user-event/dist/keyboard/keyboardImplementation.js:53:9)
      at keyboardImplementation (node_modules/@testing-library/user-event/dist/keyboard/keyboardImplementation.js:81:12)
      at keyboardImplementationWrapper (node_modules/@testing-library/user-event/dist/keyboard/index.js:55:65)
      at typeImplementation (node_modules/@testing-library/user-event/dist/type/typeImplementation.js:49:51)
      at Object.type (node_modules/@testing-library/user-event/dist/type/index.js:27:60)
      at Object.<anonymous> (src/components/ComparisonTool.test.js:27:21)

    console.error
      Warning: An update to ComparisonTool inside a test was not wrapped in act(...).
      
      When testing, code that causes React state updates should be wrapped into act(...):
      
      act(() => {
        /* fire events that update state */
      });
      /* assert on the output */
      
      This ensures that you're testing the behavior the user would see in the browser. Learn more at https://reactjs.org/link/wrap-tests-with-act
          at ComparisonTool (C:\Users\Andre Cadima\Documents\Gestion De Calidad de Sistemas\Calculadora_Pruebas_Unitarias\src\components\ComparisonTool.js:9:45)

    [0m [90m 35 |[39m   [36mconst[39m handleChange [33m=[39m (e) [33m=>[39m {
     [90m 36 |[39m     [36mconst[39m { name[33m,[39m value[33m,[39m type[33m,[39m checked } [33m=[39m e[33m.[39mtarget[33m;[39m
    [31m[1m>[22m[39m[90m 37 |[39m     setFormData(prev [33m=>[39m ({
     [90m    |[39m     [31m[1m^[22m[39m
     [90m 38 |[39m       [33m...[39mprev[33m,[39m
     [90m 39 |[39m       [name][33m:[39m type [33m===[39m [32m'checkbox'[39m [33m?[39m checked [33m:[39m value
     [90m 40 |[39m     }))[33m;[39m[0m

      at printWarning (node_modules/react-dom/cjs/react-dom.development.js:86:30)
      at error (node_modules/react-dom/cjs/react-dom.development.js:60:7)
      at warnIfUpdatesNotWrappedWithActDEV (node_modules/react-dom/cjs/react-dom.development.js:27628:9)
      at scheduleUpdateOnFiber (node_modules/react-dom/cjs/react-dom.development.js:25547:5)
      at setFormData (node_modules/react-dom/cjs/react-dom.development.js:16708:7)
      at handleChange (src/components/ComparisonTool.js:37:5)
      at HTMLUnknownElement.callCallback (node_modules/react-dom/cjs/react-dom.development.js:4164:14)
      at HTMLUnknownElement.callTheUserObjectsOperation (node_modules/jsdom/lib/jsdom/living/generated/EventListener.js:26:30)
      at innerInvokeEventListeners (node_modules/jsdom/lib/jsdom/living/events/EventTarget-impl.js:338:25)
      at invokeEventListeners (node_modules/jsdom/lib/jsdom/living/events/EventTarget-impl.js:274:3)
      at HTMLUnknownElementImpl._dispatch (node_modules/jsdom/lib/jsdom/living/events/EventTarget-impl.js:221:9)
      at HTMLUnknownElementImpl.dispatchEvent (node_modules/jsdom/lib/jsdom/living/events/EventTarget-impl.js:94:17)
      at HTMLUnknownElement.dispatchEvent (node_modules/jsdom/lib/jsdom/living/generated/EventTarget.js:231:34)
      at Object.invokeGuardedCallbackDev (node_modules/react-dom/cjs/react-dom.development.js:4213:16)
      at invokeGuardedCallback (node_modules/react-dom/cjs/react-dom.development.js:4277:31)
      at invokeGuardedCallbackAndCatchFirstError (node_modules/react-dom/cjs/react-dom.development.js:4291:25)
      at executeDispatch (node_modules/react-dom/cjs/react-dom.development.js:9041:3)
      at processDispatchQueueItemsInOrder (node_modules/react-dom/cjs/react-dom.development.js:9073:7)
      at processDispatchQueue (node_modules/react-dom/cjs/react-dom.development.js:9086:5)
      at dispatchEventsForPlugins (node_modules/react-dom/cjs/react-dom.development.js:9097:3)
      at node_modules/react-dom/cjs/react-dom.development.js:9288:12
      at batchedUpdates$1 (node_modules/react-dom/cjs/react-dom.development.js:26179:12)
      at batchedUpdates (node_modules/react-dom/cjs/react-dom.development.js:3991:12)
      at dispatchEventForPluginEventSystem (node_modules/react-dom/cjs/react-dom.development.js:9287:3)
      at dispatchEventWithEnableCapturePhaseSelectiveHydrationWithoutDiscreteEventReplay (node_modules/react-dom/cjs/react-dom.development.js:6465:5)
      at dispatchEvent (node_modules/react-dom/cjs/react-dom.development.js:6457:5)
      at dispatchDiscreteEvent (node_modules/react-dom/cjs/react-dom.development.js:6430:5)
      at HTMLDivElement.callTheUserObjectsOperation (node_modules/jsdom/lib/jsdom/living/generated/EventListener.js:26:30)
      at innerInvokeEventListeners (node_modules/jsdom/lib/jsdom/living/events/EventTarget-impl.js:338:25)
      at invokeEventListeners (node_modules/jsdom/lib/jsdom/living/events/EventTarget-impl.js:274:3)
      at HTMLInputElementImpl._dispatch (node_modules/jsdom/lib/jsdom/living/events/EventTarget-impl.js:221:9)
      at HTMLInputElementImpl.dispatchEvent (node_modules/jsdom/lib/jsdom/living/events/EventTarget-impl.js:94:17)
      at HTMLInputElement.dispatchEvent (node_modules/jsdom/lib/jsdom/living/generated/EventTarget.js:231:34)
      at node_modules/@testing-library/dom/dist/events.js:19:20
      at Object.eventWrapper (node_modules/@testing-library/dom/dist/config.js:25:23)
      at fireEvent (node_modules/@testing-library/dom/dist/events.js:12:35)
      at fireEvent.<computed> [as input] (node_modules/@testing-library/dom/dist/events.js:110:36)
      at fireInputEvent (node_modules/@testing-library/user-event/dist/keyboard/shared/fireInputEvent.js:31:18)
      at Object.handle (node_modules/@testing-library/user-event/dist/keyboard/plugins/character.js:138:32)
      at applyPlugins (node_modules/@testing-library/user-event/dist/keyboard/keyboardImplementation.js:157:12)
      at keypress (node_modules/@testing-library/user-event/dist/keyboard/keyboardImplementation.js:135:5)
      at keyboardImplementation (node_modules/@testing-library/user-event/dist/keyboard/keyboardImplementation.js:53:9)
      at keyboardImplementation (node_modules/@testing-library/user-event/dist/keyboard/keyboardImplementation.js:81:12)
      at keyboardImplementation (node_modules/@testing-library/user-event/dist/keyboard/keyboardImplementation.js:81:12)
      at keyboardImplementationWrapper (node_modules/@testing-library/user-event/dist/keyboard/index.js:55:65)
      at typeImplementation (node_modules/@testing-library/user-event/dist/type/typeImplementation.js:49:51)
      at Object.type (node_modules/@testing-library/user-event/dist/type/index.js:27:60)
      at Object.<anonymous> (src/components/ComparisonTool.test.js:27:21)

    console.error
      Warning: An update to ComparisonTool inside a test was not wrapped in act(...).
      
      When testing, code that causes React state updates should be wrapped into act(...):
      
      act(() => {
        /* fire events that update state */
      });
      /* assert on the output */
      
      This ensures that you're testing the behavior the user would see in the browser. Learn more at https://reactjs.org/link/wrap-tests-with-act
          at ComparisonTool (C:\Users\Andre Cadima\Documents\Gestion De Calidad de Sistemas\Calculadora_Pruebas_Unitarias\src\components\ComparisonTool.js:9:45)

    [0m [90m 35 |[39m   [36mconst[39m handleChange [33m=[39m (e) [33m=>[39m {
     [90m 36 |[39m     [36mconst[39m { name[33m,[39m value[33m,[39m type[33m,[39m checked } [33m=[39m e[33m.[39mtarget[33m;[39m
    [31m[1m>[22m[39m[90m 37 |[39m     setFormData(prev [33m=>[39m ({
     [90m    |[39m     [31m[1m^[22m[39m
     [90m 38 |[39m       [33m...[39mprev[33m,[39m
     [90m 39 |[39m       [name][33m:[39m type [33m===[39m [32m'checkbox'[39m [33m?[39m checked [33m:[39m value
     [90m 40 |[39m     }))[33m;[39m[0m

      at printWarning (node_modules/react-dom/cjs/react-dom.development.js:86:30)
      at error (node_modules/react-dom/cjs/react-dom.development.js:60:7)
      at warnIfUpdatesNotWrappedWithActDEV (node_modules/react-dom/cjs/react-dom.development.js:27628:9)
      at scheduleUpdateOnFiber (node_modules/react-dom/cjs/react-dom.development.js:25547:5)
      at setFormData (node_modules/react-dom/cjs/react-dom.development.js:16708:7)
      at handleChange (src/components/ComparisonTool.js:37:5)
      at HTMLUnknownElement.callCallback (node_modules/react-dom/cjs/react-dom.development.js:4164:14)
      at HTMLUnknownElement.callTheUserObjectsOperation (node_modules/jsdom/lib/jsdom/living/generated/EventListener.js:26:30)
      at innerInvokeEventListeners (node_modules/jsdom/lib/jsdom/living/events/EventTarget-impl.js:338:25)
      at invokeEventListeners (node_modules/jsdom/lib/jsdom/living/events/EventTarget-impl.js:274:3)
      at HTMLUnknownElementImpl._dispatch (node_modules/jsdom/lib/jsdom/living/events/EventTarget-impl.js:221:9)
      at HTMLUnknownElementImpl.dispatchEvent (node_modules/jsdom/lib/jsdom/living/events/EventTarget-impl.js:94:17)
      at HTMLUnknownElement.dispatchEvent (node_modules/jsdom/lib/jsdom/living/generated/EventTarget.js:231:34)
      at Object.invokeGuardedCallbackDev (node_modules/react-dom/cjs/react-dom.development.js:4213:16)
      at invokeGuardedCallback (node_modules/react-dom/cjs/react-dom.development.js:4277:31)
      at invokeGuardedCallbackAndCatchFirstError (node_modules/react-dom/cjs/react-dom.development.js:4291:25)
      at executeDispatch (node_modules/react-dom/cjs/react-dom.development.js:9041:3)
      at processDispatchQueueItemsInOrder (node_modules/react-dom/cjs/react-dom.development.js:9073:7)
      at processDispatchQueue (node_modules/react-dom/cjs/react-dom.development.js:9086:5)
      at dispatchEventsForPlugins (node_modules/react-dom/cjs/react-dom.development.js:9097:3)
      at node_modules/react-dom/cjs/react-dom.development.js:9288:12
      at batchedUpdates$1 (node_modules/react-dom/cjs/react-dom.development.js:26179:12)
      at batchedUpdates (node_modules/react-dom/cjs/react-dom.development.js:3991:12)
      at dispatchEventForPluginEventSystem (node_modules/react-dom/cjs/react-dom.development.js:9287:3)
      at dispatchEventWithEnableCapturePhaseSelectiveHydrationWithoutDiscreteEventReplay (node_modules/react-dom/cjs/react-dom.development.js:6465:5)
      at dispatchEvent (node_modules/react-dom/cjs/react-dom.development.js:6457:5)
      at dispatchDiscreteEvent (node_modules/react-dom/cjs/react-dom.development.js:6430:5)
      at HTMLDivElement.callTheUserObjectsOperation (node_modules/jsdom/lib/jsdom/living/generated/EventListener.js:26:30)
      at innerInvokeEventListeners (node_modules/jsdom/lib/jsdom/living/events/EventTarget-impl.js:338:25)
      at invokeEventListeners (node_modules/jsdom/lib/jsdom/living/events/EventTarget-impl.js:274:3)
      at HTMLInputElementImpl._dispatch (node_modules/jsdom/lib/jsdom/living/events/EventTarget-impl.js:221:9)
      at HTMLInputElementImpl.dispatchEvent (node_modules/jsdom/lib/jsdom/living/events/EventTarget-impl.js:94:17)
      at HTMLInputElement.dispatchEvent (node_modules/jsdom/lib/jsdom/living/generated/EventTarget.js:231:34)
      at node_modules/@testing-library/dom/dist/events.js:19:20
      at Object.eventWrapper (node_modules/@testing-library/dom/dist/config.js:25:23)
      at fireEvent (node_modules/@testing-library/dom/dist/events.js:12:35)
      at fireEvent.<computed> [as input] (node_modules/@testing-library/dom/dist/events.js:110:36)
      at fireInputEvent (node_modules/@testing-library/user-event/dist/keyboard/shared/fireInputEvent.js:31:18)
      at Object.handle (node_modules/@testing-library/user-event/dist/keyboard/plugins/character.js:138:32)
      at applyPlugins (node_modules/@testing-library/user-event/dist/keyboard/keyboardImplementation.js:157:12)
      at keypress (node_modules/@testing-library/user-event/dist/keyboard/keyboardImplementation.js:135:5)
      at keyboardImplementation (node_modules/@testing-library/user-event/dist/keyboard/keyboardImplementation.js:53:9)
      at keyboardImplementation (node_modules/@testing-library/user-event/dist/keyboard/keyboardImplementation.js:81:12)
      at keyboardImplementation (node_modules/@testing-library/user-event/dist/keyboard/keyboardImplementation.js:81:12)
      at keyboardImplementation (node_modules/@testing-library/user-event/dist/keyboard/keyboardImplementation.js:81:12)
      at keyboardImplementationWrapper (node_modules/@testing-library/user-event/dist/keyboard/index.js:55:65)
      at typeImplementation (node_modules/@testing-library/user-event/dist/type/typeImplementation.js:49:51)
      at Object.type (node_modules/@testing-library/user-event/dist/type/index.js:27:60)

    console.error
      Warning: An update to ComparisonTool inside a test was not wrapped in act(...).
      
      When testing, code that causes React state updates should be wrapped into act(...):
      
      act(() => {
        /* fire events that update state */
      });
      /* assert on the output */
      
      This ensures that you're testing the behavior the user would see in the browser. Learn more at https://reactjs.org/link/wrap-tests-with-act
          at ComparisonTool (C:\Users\Andre Cadima\Documents\Gestion De Calidad de Sistemas\Calculadora_Pruebas_Unitarias\src\components\ComparisonTool.js:9:45)

    [0m [90m 35 |[39m   [36mconst[39m handleChange [33m=[39m (e) [33m=>[39m {
     [90m 36 |[39m     [36mconst[39m { name[33m,[39m value[33m,[39m type[33m,[39m checked } [33m=[39m e[33m.[39mtarget[33m;[39m
    [31m[1m>[22m[39m[90m 37 |[39m     setFormData(prev [33m=>[39m ({
     [90m    |[39m     [31m[1m^[22m[39m
     [90m 38 |[39m       [33m...[39mprev[33m,[39m
     [90m 39 |[39m       [name][33m:[39m type [33m===[39m [32m'checkbox'[39m [33m?[39m checked [33m:[39m value
     [90m 40 |[39m     }))[33m;[39m[0m

      at printWarning (node_modules/react-dom/cjs/react-dom.development.js:86:30)
      at error (node_modules/react-dom/cjs/react-dom.development.js:60:7)
      at warnIfUpdatesNotWrappedWithActDEV (node_modules/react-dom/cjs/react-dom.development.js:27628:9)
      at scheduleUpdateOnFiber (node_modules/react-dom/cjs/react-dom.development.js:25547:5)
      at setFormData (node_modules/react-dom/cjs/react-dom.development.js:16708:7)
      at handleChange (src/components/ComparisonTool.js:37:5)
      at HTMLUnknownElement.callCallback (node_modules/react-dom/cjs/react-dom.development.js:4164:14)
      at HTMLUnknownElement.callTheUserObjectsOperation (node_modules/jsdom/lib/jsdom/living/generated/EventListener.js:26:30)
      at innerInvokeEventListeners (node_modules/jsdom/lib/jsdom/living/events/EventTarget-impl.js:338:25)
      at invokeEventListeners (node_modules/jsdom/lib/jsdom/living/events/EventTarget-impl.js:274:3)
      at HTMLUnknownElementImpl._dispatch (node_modules/jsdom/lib/jsdom/living/events/EventTarget-impl.js:221:9)
      at HTMLUnknownElementImpl.dispatchEvent (node_modules/jsdom/lib/jsdom/living/events/EventTarget-impl.js:94:17)
      at HTMLUnknownElement.dispatchEvent (node_modules/jsdom/lib/jsdom/living/generated/EventTarget.js:231:34)
      at Object.invokeGuardedCallbackDev (node_modules/react-dom/cjs/react-dom.development.js:4213:16)
      at invokeGuardedCallback (node_modules/react-dom/cjs/react-dom.development.js:4277:31)
      at invokeGuardedCallbackAndCatchFirstError (node_modules/react-dom/cjs/react-dom.development.js:4291:25)
      at executeDispatch (node_modules/react-dom/cjs/react-dom.development.js:9041:3)
      at processDispatchQueueItemsInOrder (node_modules/react-dom/cjs/react-dom.development.js:9073:7)
      at processDispatchQueue (node_modules/react-dom/cjs/react-dom.development.js:9086:5)
      at dispatchEventsForPlugins (node_modules/react-dom/cjs/react-dom.development.js:9097:3)
      at node_modules/react-dom/cjs/react-dom.development.js:9288:12
      at batchedUpdates$1 (node_modules/react-dom/cjs/react-dom.development.js:26179:12)
      at batchedUpdates (node_modules/react-dom/cjs/react-dom.development.js:3991:12)
      at dispatchEventForPluginEventSystem (node_modules/react-dom/cjs/react-dom.development.js:9287:3)
      at dispatchEventWithEnableCapturePhaseSelectiveHydrationWithoutDiscreteEventReplay (node_modules/react-dom/cjs/react-dom.development.js:6465:5)
      at dispatchEvent (node_modules/react-dom/cjs/react-dom.development.js:6457:5)
      at dispatchDiscreteEvent (node_modules/react-dom/cjs/react-dom.development.js:6430:5)
      at HTMLDivElement.callTheUserObjectsOperation (node_modules/jsdom/lib/jsdom/living/generated/EventListener.js:26:30)
      at innerInvokeEventListeners (node_modules/jsdom/lib/jsdom/living/events/EventTarget-impl.js:338:25)
      at invokeEventListeners (node_modules/jsdom/lib/jsdom/living/events/EventTarget-impl.js:274:3)
      at HTMLInputElementImpl._dispatch (node_modules/jsdom/lib/jsdom/living/events/EventTarget-impl.js:221:9)
      at HTMLInputElementImpl.dispatchEvent (node_modules/jsdom/lib/jsdom/living/events/EventTarget-impl.js:94:17)
      at HTMLInputElement.dispatchEvent (node_modules/jsdom/lib/jsdom/living/generated/EventTarget.js:231:34)
      at node_modules/@testing-library/dom/dist/events.js:19:20
      at Object.eventWrapper (node_modules/@testing-library/dom/dist/config.js:25:23)
      at fireEvent (node_modules/@testing-library/dom/dist/events.js:12:35)
      at fireEvent.<computed> [as input] (node_modules/@testing-library/dom/dist/events.js:110:36)
      at fireInputEvent (node_modules/@testing-library/user-event/dist/keyboard/shared/fireInputEvent.js:31:18)
      at Object.handle (node_modules/@testing-library/user-event/dist/keyboard/plugins/character.js:138:32)
      at applyPlugins (node_modules/@testing-library/user-event/dist/keyboard/keyboardImplementation.js:157:12)
      at keypress (node_modules/@testing-library/user-event/dist/keyboard/keyboardImplementation.js:135:5)
      at keyboardImplementation (node_modules/@testing-library/user-event/dist/keyboard/keyboardImplementation.js:53:9)
      at keyboardImplementation (node_modules/@testing-library/user-event/dist/keyboard/keyboardImplementation.js:81:12)
      at keyboardImplementation (node_modules/@testing-library/user-event/dist/keyboard/keyboardImplementation.js:81:12)
      at keyboardImplementation (node_modules/@testing-library/user-event/dist/keyboard/keyboardImplementation.js:81:12)
      at keyboardImplementation (node_modules/@testing-library/user-event/dist/keyboard/keyboardImplementation.js:81:12)
      at keyboardImplementationWrapper (node_modules/@testing-library/user-event/dist/keyboard/index.js:55:65)
      at typeImplementation (node_modules/@testing-library/user-event/dist/type/typeImplementation.js:49:51)

    console.error
      Warning: An update to ComparisonTool inside a test was not wrapped in act(...).
      
      When testing, code that causes React state updates should be wrapped into act(...):
      
      act(() => {
        /* fire events that update state */
      });
      /* assert on the output */
      
      This ensures that you're testing the behavior the user would see in the browser. Learn more at https://reactjs.org/link/wrap-tests-with-act
          at ComparisonTool (C:\Users\Andre Cadima\Documents\Gestion De Calidad de Sistemas\Calculadora_Pruebas_Unitarias\src\components\ComparisonTool.js:9:45)

    [0m [90m 35 |[39m   [36mconst[39m handleChange [33m=[39m (e) [33m=>[39m {
     [90m 36 |[39m     [36mconst[39m { name[33m,[39m value[33m,[39m type[33m,[39m checked } [33m=[39m e[33m.[39mtarget[33m;[39m
    [31m[1m>[22m[39m[90m 37 |[39m     setFormData(prev [33m=>[39m ({
     [90m    |[39m     [31m[1m^[22m[39m
     [90m 38 |[39m       [33m...[39mprev[33m,[39m
     [90m 39 |[39m       [name][33m:[39m type [33m===[39m [32m'checkbox'[39m [33m?[39m checked [33m:[39m value
     [90m 40 |[39m     }))[33m;[39m[0m

      at printWarning (node_modules/react-dom/cjs/react-dom.development.js:86:30)
      at error (node_modules/react-dom/cjs/react-dom.development.js:60:7)
      at warnIfUpdatesNotWrappedWithActDEV (node_modules/react-dom/cjs/react-dom.development.js:27628:9)
      at scheduleUpdateOnFiber (node_modules/react-dom/cjs/react-dom.development.js:25547:5)
      at setFormData (node_modules/react-dom/cjs/react-dom.development.js:16708:7)
      at handleChange (src/components/ComparisonTool.js:37:5)
      at HTMLUnknownElement.callCallback (node_modules/react-dom/cjs/react-dom.development.js:4164:14)
      at HTMLUnknownElement.callTheUserObjectsOperation (node_modules/jsdom/lib/jsdom/living/generated/EventListener.js:26:30)
      at innerInvokeEventListeners (node_modules/jsdom/lib/jsdom/living/events/EventTarget-impl.js:338:25)
      at invokeEventListeners (node_modules/jsdom/lib/jsdom/living/events/EventTarget-impl.js:274:3)
      at HTMLUnknownElementImpl._dispatch (node_modules/jsdom/lib/jsdom/living/events/EventTarget-impl.js:221:9)
      at HTMLUnknownElementImpl.dispatchEvent (node_modules/jsdom/lib/jsdom/living/events/EventTarget-impl.js:94:17)
      at HTMLUnknownElement.dispatchEvent (node_modules/jsdom/lib/jsdom/living/generated/EventTarget.js:231:34)
      at Object.invokeGuardedCallbackDev (node_modules/react-dom/cjs/react-dom.development.js:4213:16)
      at invokeGuardedCallback (node_modules/react-dom/cjs/react-dom.development.js:4277:31)
      at invokeGuardedCallbackAndCatchFirstError (node_modules/react-dom/cjs/react-dom.development.js:4291:25)
      at executeDispatch (node_modules/react-dom/cjs/react-dom.development.js:9041:3)
      at processDispatchQueueItemsInOrder (node_modules/react-dom/cjs/react-dom.development.js:9073:7)
      at processDispatchQueue (node_modules/react-dom/cjs/react-dom.development.js:9086:5)
      at dispatchEventsForPlugins (node_modules/react-dom/cjs/react-dom.development.js:9097:3)
      at node_modules/react-dom/cjs/react-dom.development.js:9288:12
      at batchedUpdates$1 (node_modules/react-dom/cjs/react-dom.development.js:26179:12)
      at batchedUpdates (node_modules/react-dom/cjs/react-dom.development.js:3991:12)
      at dispatchEventForPluginEventSystem (node_modules/react-dom/cjs/react-dom.development.js:9287:3)
      at dispatchEventWithEnableCapturePhaseSelectiveHydrationWithoutDiscreteEventReplay (node_modules/react-dom/cjs/react-dom.development.js:6465:5)
      at dispatchEvent (node_modules/react-dom/cjs/react-dom.development.js:6457:5)
      at dispatchDiscreteEvent (node_modules/react-dom/cjs/react-dom.development.js:6430:5)
      at HTMLDivElement.callTheUserObjectsOperation (node_modules/jsdom/lib/jsdom/living/generated/EventListener.js:26:30)
      at innerInvokeEventListeners (node_modules/jsdom/lib/jsdom/living/events/EventTarget-impl.js:338:25)
      at invokeEventListeners (node_modules/jsdom/lib/jsdom/living/events/EventTarget-impl.js:274:3)
      at HTMLInputElementImpl._dispatch (node_modules/jsdom/lib/jsdom/living/events/EventTarget-impl.js:221:9)
      at HTMLInputElementImpl.dispatchEvent (node_modules/jsdom/lib/jsdom/living/events/EventTarget-impl.js:94:17)
      at HTMLInputElement.dispatchEvent (node_modules/jsdom/lib/jsdom/living/generated/EventTarget.js:231:34)
      at node_modules/@testing-library/dom/dist/events.js:19:20
      at Object.eventWrapper (node_modules/@testing-library/dom/dist/config.js:25:23)
      at fireEvent (node_modules/@testing-library/dom/dist/events.js:12:35)
      at fireEvent.<computed> [as input] (node_modules/@testing-library/dom/dist/events.js:110:36)
      at fireInputEvent (node_modules/@testing-library/user-event/dist/keyboard/shared/fireInputEvent.js:31:18)
      at Object.handle (node_modules/@testing-library/user-event/dist/keyboard/plugins/character.js:138:32)
      at applyPlugins (node_modules/@testing-library/user-event/dist/keyboard/keyboardImplementation.js:157:12)
      at keypress (node_modules/@testing-library/user-event/dist/keyboard/keyboardImplementation.js:135:5)
      at keyboardImplementation (node_modules/@testing-library/user-event/dist/keyboard/keyboardImplementation.js:53:9)
      at keyboardImplementationWrapper (node_modules/@testing-library/user-event/dist/keyboard/index.js:55:65)
      at typeImplementation (node_modules/@testing-library/user-event/dist/type/typeImplementation.js:49:51)
      at Object.type (node_modules/@testing-library/user-event/dist/type/index.js:27:60)
      at Object.<anonymous> (src/components/ComparisonTool.test.js:28:21)

    console.error
      Warning: An update to ComparisonTool inside a test was not wrapped in act(...).
      
      When testing, code that causes React state updates should be wrapped into act(...):
      
      act(() => {
        /* fire events that update state */
      });
      /* assert on the output */
      
      This ensures that you're testing the behavior the user would see in the browser. Learn more at https://reactjs.org/link/wrap-tests-with-act
          at ComparisonTool (C:\Users\Andre Cadima\Documents\Gestion De Calidad de Sistemas\Calculadora_Pruebas_Unitarias\src\components\ComparisonTool.js:9:45)

    [0m [90m 35 |[39m   [36mconst[39m handleChange [33m=[39m (e) [33m=>[39m {
     [90m 36 |[39m     [36mconst[39m { name[33m,[39m value[33m,[39m type[33m,[39m checked } [33m=[39m e[33m.[39mtarget[33m;[39m
    [31m[1m>[22m[39m[90m 37 |[39m     setFormData(prev [33m=>[39m ({
     [90m    |[39m     [31m[1m^[22m[39m
     [90m 38 |[39m       [33m...[39mprev[33m,[39m
     [90m 39 |[39m       [name][33m:[39m type [33m===[39m [32m'checkbox'[39m [33m?[39m checked [33m:[39m value
     [90m 40 |[39m     }))[33m;[39m[0m

      at printWarning (node_modules/react-dom/cjs/react-dom.development.js:86:30)
      at error (node_modules/react-dom/cjs/react-dom.development.js:60:7)
      at warnIfUpdatesNotWrappedWithActDEV (node_modules/react-dom/cjs/react-dom.development.js:27628:9)
      at scheduleUpdateOnFiber (node_modules/react-dom/cjs/react-dom.development.js:25547:5)
      at setFormData (node_modules/react-dom/cjs/react-dom.development.js:16708:7)
      at handleChange (src/components/ComparisonTool.js:37:5)
      at HTMLUnknownElement.callCallback (node_modules/react-dom/cjs/react-dom.development.js:4164:14)
      at HTMLUnknownElement.callTheUserObjectsOperation (node_modules/jsdom/lib/jsdom/living/generated/EventListener.js:26:30)
      at innerInvokeEventListeners (node_modules/jsdom/lib/jsdom/living/events/EventTarget-impl.js:338:25)
      at invokeEventListeners (node_modules/jsdom/lib/jsdom/living/events/EventTarget-impl.js:274:3)
      at HTMLUnknownElementImpl._dispatch (node_modules/jsdom/lib/jsdom/living/events/EventTarget-impl.js:221:9)
      at HTMLUnknownElementImpl.dispatchEvent (node_modules/jsdom/lib/jsdom/living/events/EventTarget-impl.js:94:17)
      at HTMLUnknownElement.dispatchEvent (node_modules/jsdom/lib/jsdom/living/generated/EventTarget.js:231:34)
      at Object.invokeGuardedCallbackDev (node_modules/react-dom/cjs/react-dom.development.js:4213:16)
      at invokeGuardedCallback (node_modules/react-dom/cjs/react-dom.development.js:4277:31)
      at invokeGuardedCallbackAndCatchFirstError (node_modules/react-dom/cjs/react-dom.development.js:4291:25)
      at executeDispatch (node_modules/react-dom/cjs/react-dom.development.js:9041:3)
      at processDispatchQueueItemsInOrder (node_modules/react-dom/cjs/react-dom.development.js:9073:7)
      at processDispatchQueue (node_modules/react-dom/cjs/react-dom.development.js:9086:5)
      at dispatchEventsForPlugins (node_modules/react-dom/cjs/react-dom.development.js:9097:3)
      at node_modules/react-dom/cjs/react-dom.development.js:9288:12
      at batchedUpdates$1 (node_modules/react-dom/cjs/react-dom.development.js:26179:12)
      at batchedUpdates (node_modules/react-dom/cjs/react-dom.development.js:3991:12)
      at dispatchEventForPluginEventSystem (node_modules/react-dom/cjs/react-dom.development.js:9287:3)
      at dispatchEventWithEnableCapturePhaseSelectiveHydrationWithoutDiscreteEventReplay (node_modules/react-dom/cjs/react-dom.development.js:6465:5)
      at dispatchEvent (node_modules/react-dom/cjs/react-dom.development.js:6457:5)
      at dispatchDiscreteEvent (node_modules/react-dom/cjs/react-dom.development.js:6430:5)
      at HTMLDivElement.callTheUserObjectsOperation (node_modules/jsdom/lib/jsdom/living/generated/EventListener.js:26:30)
      at innerInvokeEventListeners (node_modules/jsdom/lib/jsdom/living/events/EventTarget-impl.js:338:25)
      at invokeEventListeners (node_modules/jsdom/lib/jsdom/living/events/EventTarget-impl.js:274:3)
      at HTMLInputElementImpl._dispatch (node_modules/jsdom/lib/jsdom/living/events/EventTarget-impl.js:221:9)
      at HTMLInputElementImpl.dispatchEvent (node_modules/jsdom/lib/jsdom/living/events/EventTarget-impl.js:94:17)
      at HTMLInputElement.dispatchEvent (node_modules/jsdom/lib/jsdom/living/generated/EventTarget.js:231:34)
      at node_modules/@testing-library/dom/dist/events.js:19:20
      at Object.eventWrapper (node_modules/@testing-library/dom/dist/config.js:25:23)
      at fireEvent (node_modules/@testing-library/dom/dist/events.js:12:35)
      at fireEvent.<computed> [as input] (node_modules/@testing-library/dom/dist/events.js:110:36)
      at fireInputEvent (node_modules/@testing-library/user-event/dist/keyboard/shared/fireInputEvent.js:31:18)
      at Object.handle (node_modules/@testing-library/user-event/dist/keyboard/plugins/character.js:138:32)
      at applyPlugins (node_modules/@testing-library/user-event/dist/keyboard/keyboardImplementation.js:157:12)
      at keypress (node_modules/@testing-library/user-event/dist/keyboard/keyboardImplementation.js:135:5)
      at keyboardImplementation (node_modules/@testing-library/user-event/dist/keyboard/keyboardImplementation.js:53:9)
      at keyboardImplementation (node_modules/@testing-library/user-event/dist/keyboard/keyboardImplementation.js:81:12)
      at keyboardImplementationWrapper (node_modules/@testing-library/user-event/dist/keyboard/index.js:55:65)
      at typeImplementation (node_modules/@testing-library/user-event/dist/type/typeImplementation.js:49:51)
      at Object.type (node_modules/@testing-library/user-event/dist/type/index.js:27:60)
      at Object.<anonymous> (src/components/ComparisonTool.test.js:28:21)

    console.error
      Warning: An update to ComparisonTool inside a test was not wrapped in act(...).
      
      When testing, code that causes React state updates should be wrapped into act(...):
      
      act(() => {
        /* fire events that update state */
      });
      /* assert on the output */
      
      This ensures that you're testing the behavior the user would see in the browser. Learn more at https://reactjs.org/link/wrap-tests-with-act
          at ComparisonTool (C:\Users\Andre Cadima\Documents\Gestion De Calidad de Sistemas\Calculadora_Pruebas_Unitarias\src\components\ComparisonTool.js:9:45)

    [0m [90m 35 |[39m   [36mconst[39m handleChange [33m=[39m (e) [33m=>[39m {
     [90m 36 |[39m     [36mconst[39m { name[33m,[39m value[33m,[39m type[33m,[39m checked } [33m=[39m e[33m.[39mtarget[33m;[39m
    [31m[1m>[22m[39m[90m 37 |[39m     setFormData(prev [33m=>[39m ({
     [90m    |[39m     [31m[1m^[22m[39m
     [90m 38 |[39m       [33m...[39mprev[33m,[39m
     [90m 39 |[39m       [name][33m:[39m type [33m===[39m [32m'checkbox'[39m [33m?[39m checked [33m:[39m value
     [90m 40 |[39m     }))[33m;[39m[0m

      at printWarning (node_modules/react-dom/cjs/react-dom.development.js:86:30)
      at error (node_modules/react-dom/cjs/react-dom.development.js:60:7)
      at warnIfUpdatesNotWrappedWithActDEV (node_modules/react-dom/cjs/react-dom.development.js:27628:9)
      at scheduleUpdateOnFiber (node_modules/react-dom/cjs/react-dom.development.js:25547:5)
      at setFormData (node_modules/react-dom/cjs/react-dom.development.js:16708:7)
      at handleChange (src/components/ComparisonTool.js:37:5)
      at HTMLUnknownElement.callCallback (node_modules/react-dom/cjs/react-dom.development.js:4164:14)
      at HTMLUnknownElement.callTheUserObjectsOperation (node_modules/jsdom/lib/jsdom/living/generated/EventListener.js:26:30)
      at innerInvokeEventListeners (node_modules/jsdom/lib/jsdom/living/events/EventTarget-impl.js:338:25)
      at invokeEventListeners (node_modules/jsdom/lib/jsdom/living/events/EventTarget-impl.js:274:3)
      at HTMLUnknownElementImpl._dispatch (node_modules/jsdom/lib/jsdom/living/events/EventTarget-impl.js:221:9)
      at HTMLUnknownElementImpl.dispatchEvent (node_modules/jsdom/lib/jsdom/living/events/EventTarget-impl.js:94:17)
      at HTMLUnknownElement.dispatchEvent (node_modules/jsdom/lib/jsdom/living/generated/EventTarget.js:231:34)
      at Object.invokeGuardedCallbackDev (node_modules/react-dom/cjs/react-dom.development.js:4213:16)
      at invokeGuardedCallback (node_modules/react-dom/cjs/react-dom.development.js:4277:31)
      at invokeGuardedCallbackAndCatchFirstError (node_modules/react-dom/cjs/react-dom.development.js:4291:25)
      at executeDispatch (node_modules/react-dom/cjs/react-dom.development.js:9041:3)
      at processDispatchQueueItemsInOrder (node_modules/react-dom/cjs/react-dom.development.js:9073:7)
      at processDispatchQueue (node_modules/react-dom/cjs/react-dom.development.js:9086:5)
      at dispatchEventsForPlugins (node_modules/react-dom/cjs/react-dom.development.js:9097:3)
      at node_modules/react-dom/cjs/react-dom.development.js:9288:12
      at batchedUpdates$1 (node_modules/react-dom/cjs/react-dom.development.js:26179:12)
      at batchedUpdates (node_modules/react-dom/cjs/react-dom.development.js:3991:12)
      at dispatchEventForPluginEventSystem (node_modules/react-dom/cjs/react-dom.development.js:9287:3)
      at dispatchEventWithEnableCapturePhaseSelectiveHydrationWithoutDiscreteEventReplay (node_modules/react-dom/cjs/react-dom.development.js:6465:5)
      at dispatchEvent (node_modules/react-dom/cjs/react-dom.development.js:6457:5)
      at dispatchDiscreteEvent (node_modules/react-dom/cjs/react-dom.development.js:6430:5)
      at HTMLDivElement.callTheUserObjectsOperation (node_modules/jsdom/lib/jsdom/living/generated/EventListener.js:26:30)
      at innerInvokeEventListeners (node_modules/jsdom/lib/jsdom/living/events/EventTarget-impl.js:338:25)
      at invokeEventListeners (node_modules/jsdom/lib/jsdom/living/events/EventTarget-impl.js:274:3)
      at HTMLInputElementImpl._dispatch (node_modules/jsdom/lib/jsdom/living/events/EventTarget-impl.js:221:9)
      at HTMLInputElementImpl.dispatchEvent (node_modules/jsdom/lib/jsdom/living/events/EventTarget-impl.js:94:17)
      at HTMLInputElement.dispatchEvent (node_modules/jsdom/lib/jsdom/living/generated/EventTarget.js:231:34)
      at node_modules/@testing-library/dom/dist/events.js:19:20
      at Object.eventWrapper (node_modules/@testing-library/dom/dist/config.js:25:23)
      at fireEvent (node_modules/@testing-library/dom/dist/events.js:12:35)
      at fireEvent.<computed> [as input] (node_modules/@testing-library/dom/dist/events.js:110:36)
      at fireInputEvent (node_modules/@testing-library/user-event/dist/keyboard/shared/fireInputEvent.js:31:18)
      at Object.handle (node_modules/@testing-library/user-event/dist/keyboard/plugins/character.js:138:32)
      at applyPlugins (node_modules/@testing-library/user-event/dist/keyboard/keyboardImplementation.js:157:12)
      at keypress (node_modules/@testing-library/user-event/dist/keyboard/keyboardImplementation.js:135:5)
      at keyboardImplementation (node_modules/@testing-library/user-event/dist/keyboard/keyboardImplementation.js:53:9)
      at keyboardImplementation (node_modules/@testing-library/user-event/dist/keyboard/keyboardImplementation.js:81:12)
      at keyboardImplementation (node_modules/@testing-library/user-event/dist/keyboard/keyboardImplementation.js:81:12)
      at keyboardImplementationWrapper (node_modules/@testing-library/user-event/dist/keyboard/index.js:55:65)
      at typeImplementation (node_modules/@testing-library/user-event/dist/type/typeImplementation.js:49:51)
      at Object.type (node_modules/@testing-library/user-event/dist/type/index.js:27:60)
      at Object.<anonymous> (src/components/ComparisonTool.test.js:28:21)

    console.error
      Warning: An update to ComparisonTool inside a test was not wrapped in act(...).
      
      When testing, code that causes React state updates should be wrapped into act(...):
      
      act(() => {
        /* fire events that update state */
      });
      /* assert on the output */
      
      This ensures that you're testing the behavior the user would see in the browser. Learn more at https://reactjs.org/link/wrap-tests-with-act
          at ComparisonTool (C:\Users\Andre Cadima\Documents\Gestion De Calidad de Sistemas\Calculadora_Pruebas_Unitarias\src\components\ComparisonTool.js:9:45)

    [0m [90m 35 |[39m   [36mconst[39m handleChange [33m=[39m (e) [33m=>[39m {
     [90m 36 |[39m     [36mconst[39m { name[33m,[39m value[33m,[39m type[33m,[39m checked } [33m=[39m e[33m.[39mtarget[33m;[39m
    [31m[1m>[22m[39m[90m 37 |[39m     setFormData(prev [33m=>[39m ({
     [90m    |[39m     [31m[1m^[22m[39m
     [90m 38 |[39m       [33m...[39mprev[33m,[39m
     [90m 39 |[39m       [name][33m:[39m type [33m===[39m [32m'checkbox'[39m [33m?[39m checked [33m:[39m value
     [90m 40 |[39m     }))[33m;[39m[0m

      at printWarning (node_modules/react-dom/cjs/react-dom.development.js:86:30)
      at error (node_modules/react-dom/cjs/react-dom.development.js:60:7)
      at warnIfUpdatesNotWrappedWithActDEV (node_modules/react-dom/cjs/react-dom.development.js:27628:9)
      at scheduleUpdateOnFiber (node_modules/react-dom/cjs/react-dom.development.js:25547:5)
      at setFormData (node_modules/react-dom/cjs/react-dom.development.js:16708:7)
      at handleChange (src/components/ComparisonTool.js:37:5)
      at HTMLUnknownElement.callCallback (node_modules/react-dom/cjs/react-dom.development.js:4164:14)
      at HTMLUnknownElement.callTheUserObjectsOperation (node_modules/jsdom/lib/jsdom/living/generated/EventListener.js:26:30)
      at innerInvokeEventListeners (node_modules/jsdom/lib/jsdom/living/events/EventTarget-impl.js:338:25)
      at invokeEventListeners (node_modules/jsdom/lib/jsdom/living/events/EventTarget-impl.js:274:3)
      at HTMLUnknownElementImpl._dispatch (node_modules/jsdom/lib/jsdom/living/events/EventTarget-impl.js:221:9)
      at HTMLUnknownElementImpl.dispatchEvent (node_modules/jsdom/lib/jsdom/living/events/EventTarget-impl.js:94:17)
      at HTMLUnknownElement.dispatchEvent (node_modules/jsdom/lib/jsdom/living/generated/EventTarget.js:231:34)
      at Object.invokeGuardedCallbackDev (node_modules/react-dom/cjs/react-dom.development.js:4213:16)
      at invokeGuardedCallback (node_modules/react-dom/cjs/react-dom.development.js:4277:31)
      at invokeGuardedCallbackAndCatchFirstError (node_modules/react-dom/cjs/react-dom.development.js:4291:25)
      at executeDispatch (node_modules/react-dom/cjs/react-dom.development.js:9041:3)
      at processDispatchQueueItemsInOrder (node_modules/react-dom/cjs/react-dom.development.js:9073:7)
      at processDispatchQueue (node_modules/react-dom/cjs/react-dom.development.js:9086:5)
      at dispatchEventsForPlugins (node_modules/react-dom/cjs/react-dom.development.js:9097:3)
      at node_modules/react-dom/cjs/react-dom.development.js:9288:12
      at batchedUpdates$1 (node_modules/react-dom/cjs/react-dom.development.js:26179:12)
      at batchedUpdates (node_modules/react-dom/cjs/react-dom.development.js:3991:12)
      at dispatchEventForPluginEventSystem (node_modules/react-dom/cjs/react-dom.development.js:9287:3)
      at dispatchEventWithEnableCapturePhaseSelectiveHydrationWithoutDiscreteEventReplay (node_modules/react-dom/cjs/react-dom.development.js:6465:5)
      at dispatchEvent (node_modules/react-dom/cjs/react-dom.development.js:6457:5)
      at dispatchDiscreteEvent (node_modules/react-dom/cjs/react-dom.development.js:6430:5)
      at HTMLDivElement.callTheUserObjectsOperation (node_modules/jsdom/lib/jsdom/living/generated/EventListener.js:26:30)
      at innerInvokeEventListeners (node_modules/jsdom/lib/jsdom/living/events/EventTarget-impl.js:338:25)
      at invokeEventListeners (node_modules/jsdom/lib/jsdom/living/events/EventTarget-impl.js:274:3)
      at HTMLInputElementImpl._dispatch (node_modules/jsdom/lib/jsdom/living/events/EventTarget-impl.js:221:9)
      at HTMLInputElementImpl.dispatchEvent (node_modules/jsdom/lib/jsdom/living/events/EventTarget-impl.js:94:17)
      at HTMLInputElement.dispatchEvent (node_modules/jsdom/lib/jsdom/living/generated/EventTarget.js:231:34)
      at node_modules/@testing-library/dom/dist/events.js:19:20
      at Object.eventWrapper (node_modules/@testing-library/dom/dist/config.js:25:23)
      at fireEvent (node_modules/@testing-library/dom/dist/events.js:12:35)
      at fireEvent.<computed> [as input] (node_modules/@testing-library/dom/dist/events.js:110:36)
      at fireInputEvent (node_modules/@testing-library/user-event/dist/keyboard/shared/fireInputEvent.js:31:18)
      at Object.handle (node_modules/@testing-library/user-event/dist/keyboard/plugins/character.js:138:32)
      at applyPlugins (node_modules/@testing-library/user-event/dist/keyboard/keyboardImplementation.js:157:12)
      at keypress (node_modules/@testing-library/user-event/dist/keyboard/keyboardImplementation.js:135:5)
      at keyboardImplementation (node_modules/@testing-library/user-event/dist/keyboard/keyboardImplementation.js:53:9)
      at keyboardImplementation (node_modules/@testing-library/user-event/dist/keyboard/keyboardImplementation.js:81:12)
      at keyboardImplementation (node_modules/@testing-library/user-event/dist/keyboard/keyboardImplementation.js:81:12)
      at keyboardImplementation (node_modules/@testing-library/user-event/dist/keyboard/keyboardImplementation.js:81:12)
      at keyboardImplementationWrapper (node_modules/@testing-library/user-event/dist/keyboard/index.js:55:65)
      at typeImplementation (node_modules/@testing-library/user-event/dist/type/typeImplementation.js:49:51)
      at Object.type (node_modules/@testing-library/user-event/dist/type/index.js:27:60)

    console.error
      Warning: An update to ComparisonTool inside a test was not wrapped in act(...).
      
      When testing, code that causes React state updates should be wrapped into act(...):
      
      act(() => {
        /* fire events that update state */
      });
      /* assert on the output */
      
      This ensures that you're testing the behavior the user would see in the browser. Learn more at https://reactjs.org/link/wrap-tests-with-act
          at ComparisonTool (C:\Users\Andre Cadima\Documents\Gestion De Calidad de Sistemas\Calculadora_Pruebas_Unitarias\src\components\ComparisonTool.js:9:45)

    [0m [90m 35 |[39m   [36mconst[39m handleChange [33m=[39m (e) [33m=>[39m {
     [90m 36 |[39m     [36mconst[39m { name[33m,[39m value[33m,[39m type[33m,[39m checked } [33m=[39m e[33m.[39mtarget[33m;[39m
    [31m[1m>[22m[39m[90m 37 |[39m     setFormData(prev [33m=>[39m ({
     [90m    |[39m     [31m[1m^[22m[39m
     [90m 38 |[39m       [33m...[39mprev[33m,[39m
     [90m 39 |[39m       [name][33m:[39m type [33m===[39m [32m'checkbox'[39m [33m?[39m checked [33m:[39m value
     [90m 40 |[39m     }))[33m;[39m[0m

      at printWarning (node_modules/react-dom/cjs/react-dom.development.js:86:30)
      at error (node_modules/react-dom/cjs/react-dom.development.js:60:7)
      at warnIfUpdatesNotWrappedWithActDEV (node_modules/react-dom/cjs/react-dom.development.js:27628:9)
      at scheduleUpdateOnFiber (node_modules/react-dom/cjs/react-dom.development.js:25547:5)
      at setFormData (node_modules/react-dom/cjs/react-dom.development.js:16708:7)
      at handleChange (src/components/ComparisonTool.js:37:5)
      at HTMLUnknownElement.callCallback (node_modules/react-dom/cjs/react-dom.development.js:4164:14)
      at HTMLUnknownElement.callTheUserObjectsOperation (node_modules/jsdom/lib/jsdom/living/generated/EventListener.js:26:30)
      at innerInvokeEventListeners (node_modules/jsdom/lib/jsdom/living/events/EventTarget-impl.js:338:25)
      at invokeEventListeners (node_modules/jsdom/lib/jsdom/living/events/EventTarget-impl.js:274:3)
      at HTMLUnknownElementImpl._dispatch (node_modules/jsdom/lib/jsdom/living/events/EventTarget-impl.js:221:9)
      at HTMLUnknownElementImpl.dispatchEvent (node_modules/jsdom/lib/jsdom/living/events/EventTarget-impl.js:94:17)
      at HTMLUnknownElement.dispatchEvent (node_modules/jsdom/lib/jsdom/living/generated/EventTarget.js:231:34)
      at Object.invokeGuardedCallbackDev (node_modules/react-dom/cjs/react-dom.development.js:4213:16)
      at invokeGuardedCallback (node_modules/react-dom/cjs/react-dom.development.js:4277:31)
      at invokeGuardedCallbackAndCatchFirstError (node_modules/react-dom/cjs/react-dom.development.js:4291:25)
      at executeDispatch (node_modules/react-dom/cjs/react-dom.development.js:9041:3)
      at processDispatchQueueItemsInOrder (node_modules/react-dom/cjs/react-dom.development.js:9073:7)
      at processDispatchQueue (node_modules/react-dom/cjs/react-dom.development.js:9086:5)
      at dispatchEventsForPlugins (node_modules/react-dom/cjs/react-dom.development.js:9097:3)
      at node_modules/react-dom/cjs/react-dom.development.js:9288:12
      at batchedUpdates$1 (node_modules/react-dom/cjs/react-dom.development.js:26179:12)
      at batchedUpdates (node_modules/react-dom/cjs/react-dom.development.js:3991:12)
      at dispatchEventForPluginEventSystem (node_modules/react-dom/cjs/react-dom.development.js:9287:3)
      at dispatchEventWithEnableCapturePhaseSelectiveHydrationWithoutDiscreteEventReplay (node_modules/react-dom/cjs/react-dom.development.js:6465:5)
      at dispatchEvent (node_modules/react-dom/cjs/react-dom.development.js:6457:5)
      at dispatchDiscreteEvent (node_modules/react-dom/cjs/react-dom.development.js:6430:5)
      at HTMLDivElement.callTheUserObjectsOperation (node_modules/jsdom/lib/jsdom/living/generated/EventListener.js:26:30)
      at innerInvokeEventListeners (node_modules/jsdom/lib/jsdom/living/events/EventTarget-impl.js:338:25)
      at invokeEventListeners (node_modules/jsdom/lib/jsdom/living/events/EventTarget-impl.js:274:3)
      at HTMLInputElementImpl._dispatch (node_modules/jsdom/lib/jsdom/living/events/EventTarget-impl.js:221:9)
      at HTMLInputElementImpl.dispatchEvent (node_modules/jsdom/lib/jsdom/living/events/EventTarget-impl.js:94:17)
      at HTMLInputElement.dispatchEvent (node_modules/jsdom/lib/jsdom/living/generated/EventTarget.js:231:34)
      at node_modules/@testing-library/dom/dist/events.js:19:20
      at Object.eventWrapper (node_modules/@testing-library/dom/dist/config.js:25:23)
      at fireEvent (node_modules/@testing-library/dom/dist/events.js:12:35)
      at fireEvent.<computed> [as input] (node_modules/@testing-library/dom/dist/events.js:110:36)
      at fireInputEvent (node_modules/@testing-library/user-event/dist/keyboard/shared/fireInputEvent.js:31:18)
      at Object.handle (node_modules/@testing-library/user-event/dist/keyboard/plugins/character.js:138:32)
      at applyPlugins (node_modules/@testing-library/user-event/dist/keyboard/keyboardImplementation.js:157:12)
      at keypress (node_modules/@testing-library/user-event/dist/keyboard/keyboardImplementation.js:135:5)
      at keyboardImplementation (node_modules/@testing-library/user-event/dist/keyboard/keyboardImplementation.js:53:9)
      at keyboardImplementation (node_modules/@testing-library/user-event/dist/keyboard/keyboardImplementation.js:81:12)
      at keyboardImplementation (node_modules/@testing-library/user-event/dist/keyboard/keyboardImplementation.js:81:12)
      at keyboardImplementation (node_modules/@testing-library/user-event/dist/keyboard/keyboardImplementation.js:81:12)
      at keyboardImplementation (node_modules/@testing-library/user-event/dist/keyboard/keyboardImplementation.js:81:12)
      at keyboardImplementationWrapper (node_modules/@testing-library/user-event/dist/keyboard/index.js:55:65)
      at typeImplementation (node_modules/@testing-library/user-event/dist/type/typeImplementation.js:49:51)

    console.error
      Warning: An update to ComparisonTool inside a test was not wrapped in act(...).
      
      When testing, code that causes React state updates should be wrapped into act(...):
      
      act(() => {
        /* fire events that update state */
      });
      /* assert on the output */
      
      This ensures that you're testing the behavior the user would see in the browser. Learn more at https://reactjs.org/link/wrap-tests-with-act
          at ComparisonTool (C:\Users\Andre Cadima\Documents\Gestion De Calidad de Sistemas\Calculadora_Pruebas_Unitarias\src\components\ComparisonTool.js:9:45)

    [0m [90m 35 |[39m   [36mconst[39m handleChange [33m=[39m (e) [33m=>[39m {
     [90m 36 |[39m     [36mconst[39m { name[33m,[39m value[33m,[39m type[33m,[39m checked } [33m=[39m e[33m.[39mtarget[33m;[39m
    [31m[1m>[22m[39m[90m 37 |[39m     setFormData(prev [33m=>[39m ({
     [90m    |[39m     [31m[1m^[22m[39m
     [90m 38 |[39m       [33m...[39mprev[33m,[39m
     [90m 39 |[39m       [name][33m:[39m type [33m===[39m [32m'checkbox'[39m [33m?[39m checked [33m:[39m value
     [90m 40 |[39m     }))[33m;[39m[0m

      at printWarning (node_modules/react-dom/cjs/react-dom.development.js:86:30)
      at error (node_modules/react-dom/cjs/react-dom.development.js:60:7)
      at warnIfUpdatesNotWrappedWithActDEV (node_modules/react-dom/cjs/react-dom.development.js:27628:9)
      at scheduleUpdateOnFiber (node_modules/react-dom/cjs/react-dom.development.js:25547:5)
      at setFormData (node_modules/react-dom/cjs/react-dom.development.js:16708:7)
      at handleChange (src/components/ComparisonTool.js:37:5)
      at HTMLUnknownElement.callCallback (node_modules/react-dom/cjs/react-dom.development.js:4164:14)
      at HTMLUnknownElement.callTheUserObjectsOperation (node_modules/jsdom/lib/jsdom/living/generated/EventListener.js:26:30)
      at innerInvokeEventListeners (node_modules/jsdom/lib/jsdom/living/events/EventTarget-impl.js:338:25)
      at invokeEventListeners (node_modules/jsdom/lib/jsdom/living/events/EventTarget-impl.js:274:3)
      at HTMLUnknownElementImpl._dispatch (node_modules/jsdom/lib/jsdom/living/events/EventTarget-impl.js:221:9)
      at HTMLUnknownElementImpl.dispatchEvent (node_modules/jsdom/lib/jsdom/living/events/EventTarget-impl.js:94:17)
      at HTMLUnknownElement.dispatchEvent (node_modules/jsdom/lib/jsdom/living/generated/EventTarget.js:231:34)
      at Object.invokeGuardedCallbackDev (node_modules/react-dom/cjs/react-dom.development.js:4213:16)
      at invokeGuardedCallback (node_modules/react-dom/cjs/react-dom.development.js:4277:31)
      at invokeGuardedCallbackAndCatchFirstError (node_modules/react-dom/cjs/react-dom.development.js:4291:25)
      at executeDispatch (node_modules/react-dom/cjs/react-dom.development.js:9041:3)
      at processDispatchQueueItemsInOrder (node_modules/react-dom/cjs/react-dom.development.js:9073:7)
      at processDispatchQueue (node_modules/react-dom/cjs/react-dom.development.js:9086:5)
      at dispatchEventsForPlugins (node_modules/react-dom/cjs/react-dom.development.js:9097:3)
      at node_modules/react-dom/cjs/react-dom.development.js:9288:12
      at batchedUpdates$1 (node_modules/react-dom/cjs/react-dom.development.js:26179:12)
      at batchedUpdates (node_modules/react-dom/cjs/react-dom.development.js:3991:12)
      at dispatchEventForPluginEventSystem (node_modules/react-dom/cjs/react-dom.development.js:9287:3)
      at dispatchEventWithEnableCapturePhaseSelectiveHydrationWithoutDiscreteEventReplay (node_modules/react-dom/cjs/react-dom.development.js:6465:5)
      at dispatchEvent (node_modules/react-dom/cjs/react-dom.development.js:6457:5)
      at dispatchDiscreteEvent (node_modules/react-dom/cjs/react-dom.development.js:6430:5)
      at HTMLDivElement.callTheUserObjectsOperation (node_modules/jsdom/lib/jsdom/living/generated/EventListener.js:26:30)
      at innerInvokeEventListeners (node_modules/jsdom/lib/jsdom/living/events/EventTarget-impl.js:338:25)
      at invokeEventListeners (node_modules/jsdom/lib/jsdom/living/events/EventTarget-impl.js:274:3)
      at HTMLInputElementImpl._dispatch (node_modules/jsdom/lib/jsdom/living/events/EventTarget-impl.js:221:9)
      at HTMLInputElementImpl.dispatchEvent (node_modules/jsdom/lib/jsdom/living/events/EventTarget-impl.js:94:17)
      at HTMLInputElement.dispatchEvent (node_modules/jsdom/lib/jsdom/living/generated/EventTarget.js:231:34)
      at node_modules/@testing-library/dom/dist/events.js:19:20
      at Object.eventWrapper (node_modules/@testing-library/dom/dist/config.js:25:23)
      at fireEvent (node_modules/@testing-library/dom/dist/events.js:12:35)
      at fireEvent.<computed> [as input] (node_modules/@testing-library/dom/dist/events.js:110:36)
      at fireInputEvent (node_modules/@testing-library/user-event/dist/keyboard/shared/fireInputEvent.js:31:18)
      at Object.handle (node_modules/@testing-library/user-event/dist/keyboard/plugins/character.js:138:32)
      at applyPlugins (node_modules/@testing-library/user-event/dist/keyboard/keyboardImplementation.js:157:12)
      at keypress (node_modules/@testing-library/user-event/dist/keyboard/keyboardImplementation.js:135:5)
      at keyboardImplementation (node_modules/@testing-library/user-event/dist/keyboard/keyboardImplementation.js:53:9)
      at keyboardImplementationWrapper (node_modules/@testing-library/user-event/dist/keyboard/index.js:55:65)
      at typeImplementation (node_modules/@testing-library/user-event/dist/type/typeImplementation.js:49:51)
      at Object.type (node_modules/@testing-library/user-event/dist/type/index.js:27:60)
      at Object.<anonymous> (src/components/ComparisonTool.test.js:29:21)

    console.error
      Warning: An update to ComparisonTool inside a test was not wrapped in act(...).
      
      When testing, code that causes React state updates should be wrapped into act(...):
      
      act(() => {
        /* fire events that update state */
      });
      /* assert on the output */
      
      This ensures that you're testing the behavior the user would see in the browser. Learn more at https://reactjs.org/link/wrap-tests-with-act
          at ComparisonTool (C:\Users\Andre Cadima\Documents\Gestion De Calidad de Sistemas\Calculadora_Pruebas_Unitarias\src\components\ComparisonTool.js:9:45)

    [0m [90m 35 |[39m   [36mconst[39m handleChange [33m=[39m (e) [33m=>[39m {
     [90m 36 |[39m     [36mconst[39m { name[33m,[39m value[33m,[39m type[33m,[39m checked } [33m=[39m e[33m.[39mtarget[33m;[39m
    [31m[1m>[22m[39m[90m 37 |[39m     setFormData(prev [33m=>[39m ({
     [90m    |[39m     [31m[1m^[22m[39m
     [90m 38 |[39m       [33m...[39mprev[33m,[39m
     [90m 39 |[39m       [name][33m:[39m type [33m===[39m [32m'checkbox'[39m [33m?[39m checked [33m:[39m value
     [90m 40 |[39m     }))[33m;[39m[0m

      at printWarning (node_modules/react-dom/cjs/react-dom.development.js:86:30)
      at error (node_modules/react-dom/cjs/react-dom.development.js:60:7)
      at warnIfUpdatesNotWrappedWithActDEV (node_modules/react-dom/cjs/react-dom.development.js:27628:9)
      at scheduleUpdateOnFiber (node_modules/react-dom/cjs/react-dom.development.js:25547:5)
      at setFormData (node_modules/react-dom/cjs/react-dom.development.js:16708:7)
      at handleChange (src/components/ComparisonTool.js:37:5)
      at HTMLUnknownElement.callCallback (node_modules/react-dom/cjs/react-dom.development.js:4164:14)
      at HTMLUnknownElement.callTheUserObjectsOperation (node_modules/jsdom/lib/jsdom/living/generated/EventListener.js:26:30)
      at innerInvokeEventListeners (node_modules/jsdom/lib/jsdom/living/events/EventTarget-impl.js:338:25)
      at invokeEventListeners (node_modules/jsdom/lib/jsdom/living/events/EventTarget-impl.js:274:3)
      at HTMLUnknownElementImpl._dispatch (node_modules/jsdom/lib/jsdom/living/events/EventTarget-impl.js:221:9)
      at HTMLUnknownElementImpl.dispatchEvent (node_modules/jsdom/lib/jsdom/living/events/EventTarget-impl.js:94:17)
      at HTMLUnknownElement.dispatchEvent (node_modules/jsdom/lib/jsdom/living/generated/EventTarget.js:231:34)
      at Object.invokeGuardedCallbackDev (node_modules/react-dom/cjs/react-dom.development.js:4213:16)
      at invokeGuardedCallback (node_modules/react-dom/cjs/react-dom.development.js:4277:31)
      at invokeGuardedCallbackAndCatchFirstError (node_modules/react-dom/cjs/react-dom.development.js:4291:25)
      at executeDispatch (node_modules/react-dom/cjs/react-dom.development.js:9041:3)
      at processDispatchQueueItemsInOrder (node_modules/react-dom/cjs/react-dom.development.js:9073:7)
      at processDispatchQueue (node_modules/react-dom/cjs/react-dom.development.js:9086:5)
      at dispatchEventsForPlugins (node_modules/react-dom/cjs/react-dom.development.js:9097:3)
      at node_modules/react-dom/cjs/react-dom.development.js:9288:12
      at batchedUpdates$1 (node_modules/react-dom/cjs/react-dom.development.js:26179:12)
      at batchedUpdates (node_modules/react-dom/cjs/react-dom.development.js:3991:12)
      at dispatchEventForPluginEventSystem (node_modules/react-dom/cjs/react-dom.development.js:9287:3)
      at dispatchEventWithEnableCapturePhaseSelectiveHydrationWithoutDiscreteEventReplay (node_modules/react-dom/cjs/react-dom.development.js:6465:5)
      at dispatchEvent (node_modules/react-dom/cjs/react-dom.development.js:6457:5)
      at dispatchDiscreteEvent (node_modules/react-dom/cjs/react-dom.development.js:6430:5)
      at HTMLDivElement.callTheUserObjectsOperation (node_modules/jsdom/lib/jsdom/living/generated/EventListener.js:26:30)
      at innerInvokeEventListeners (node_modules/jsdom/lib/jsdom/living/events/EventTarget-impl.js:338:25)
      at invokeEventListeners (node_modules/jsdom/lib/jsdom/living/events/EventTarget-impl.js:274:3)
      at HTMLInputElementImpl._dispatch (node_modules/jsdom/lib/jsdom/living/events/EventTarget-impl.js:221:9)
      at HTMLInputElementImpl.dispatchEvent (node_modules/jsdom/lib/jsdom/living/events/EventTarget-impl.js:94:17)
      at HTMLInputElement.dispatchEvent (node_modules/jsdom/lib/jsdom/living/generated/EventTarget.js:231:34)
      at node_modules/@testing-library/dom/dist/events.js:19:20
      at Object.eventWrapper (node_modules/@testing-library/dom/dist/config.js:25:23)
      at fireEvent (node_modules/@testing-library/dom/dist/events.js:12:35)
      at fireEvent.<computed> [as input] (node_modules/@testing-library/dom/dist/events.js:110:36)
      at fireInputEvent (node_modules/@testing-library/user-event/dist/keyboard/shared/fireInputEvent.js:31:18)
      at Object.handle (node_modules/@testing-library/user-event/dist/keyboard/plugins/character.js:138:32)
      at applyPlugins (node_modules/@testing-library/user-event/dist/keyboard/keyboardImplementation.js:157:12)
      at keypress (node_modules/@testing-library/user-event/dist/keyboard/keyboardImplementation.js:135:5)
      at keyboardImplementation (node_modules/@testing-library/user-event/dist/keyboard/keyboardImplementation.js:53:9)
      at keyboardImplementation (node_modules/@testing-library/user-event/dist/keyboard/keyboardImplementation.js:81:12)
      at keyboardImplementationWrapper (node_modules/@testing-library/user-event/dist/keyboard/index.js:55:65)
      at typeImplementation (node_modules/@testing-library/user-event/dist/type/typeImplementation.js:49:51)
      at Object.type (node_modules/@testing-library/user-event/dist/type/index.js:27:60)
      at Object.<anonymous> (src/components/ComparisonTool.test.js:29:21)

    console.error
      Warning: An update to ComparisonTool inside a test was not wrapped in act(...).
      
      When testing, code that causes React state updates should be wrapped into act(...):
      
      act(() => {
        /* fire events that update state */
      });
      /* assert on the output */
      
      This ensures that you're testing the behavior the user would see in the browser. Learn more at https://reactjs.org/link/wrap-tests-with-act
          at ComparisonTool (C:\Users\Andre Cadima\Documents\Gestion De Calidad de Sistemas\Calculadora_Pruebas_Unitarias\src\components\ComparisonTool.js:9:45)

    [0m [90m 35 |[39m   [36mconst[39m handleChange [33m=[39m (e) [33m=>[39m {
     [90m 36 |[39m     [36mconst[39m { name[33m,[39m value[33m,[39m type[33m,[39m checked } [33m=[39m e[33m.[39mtarget[33m;[39m
    [31m[1m>[22m[39m[90m 37 |[39m     setFormData(prev [33m=>[39m ({
     [90m    |[39m     [31m[1m^[22m[39m
     [90m 38 |[39m       [33m...[39mprev[33m,[39m
     [90m 39 |[39m       [name][33m:[39m type [33m===[39m [32m'checkbox'[39m [33m?[39m checked [33m:[39m value
     [90m 40 |[39m     }))[33m;[39m[0m

      at printWarning (node_modules/react-dom/cjs/react-dom.development.js:86:30)
      at error (node_modules/react-dom/cjs/react-dom.development.js:60:7)
      at warnIfUpdatesNotWrappedWithActDEV (node_modules/react-dom/cjs/react-dom.development.js:27628:9)
      at scheduleUpdateOnFiber (node_modules/react-dom/cjs/react-dom.development.js:25547:5)
      at setFormData (node_modules/react-dom/cjs/react-dom.development.js:16708:7)
      at handleChange (src/components/ComparisonTool.js:37:5)
      at HTMLUnknownElement.callCallback (node_modules/react-dom/cjs/react-dom.development.js:4164:14)
      at HTMLUnknownElement.callTheUserObjectsOperation (node_modules/jsdom/lib/jsdom/living/generated/EventListener.js:26:30)
      at innerInvokeEventListeners (node_modules/jsdom/lib/jsdom/living/events/EventTarget-impl.js:338:25)
      at invokeEventListeners (node_modules/jsdom/lib/jsdom/living/events/EventTarget-impl.js:274:3)
      at HTMLUnknownElementImpl._dispatch (node_modules/jsdom/lib/jsdom/living/events/EventTarget-impl.js:221:9)
      at HTMLUnknownElementImpl.dispatchEvent (node_modules/jsdom/lib/jsdom/living/events/EventTarget-impl.js:94:17)
      at HTMLUnknownElement.dispatchEvent (node_modules/jsdom/lib/jsdom/living/generated/EventTarget.js:231:34)
      at Object.invokeGuardedCallbackDev (node_modules/react-dom/cjs/react-dom.development.js:4213:16)
      at invokeGuardedCallback (node_modules/react-dom/cjs/react-dom.development.js:4277:31)
      at invokeGuardedCallbackAndCatchFirstError (node_modules/react-dom/cjs/react-dom.development.js:4291:25)
      at executeDispatch (node_modules/react-dom/cjs/react-dom.development.js:9041:3)
      at processDispatchQueueItemsInOrder (node_modules/react-dom/cjs/react-dom.development.js:9073:7)
      at processDispatchQueue (node_modules/react-dom/cjs/react-dom.development.js:9086:5)
      at dispatchEventsForPlugins (node_modules/react-dom/cjs/react-dom.development.js:9097:3)
      at node_modules/react-dom/cjs/react-dom.development.js:9288:12
      at batchedUpdates$1 (node_modules/react-dom/cjs/react-dom.development.js:26179:12)
      at batchedUpdates (node_modules/react-dom/cjs/react-dom.development.js:3991:12)
      at dispatchEventForPluginEventSystem (node_modules/react-dom/cjs/react-dom.development.js:9287:3)
      at dispatchEventWithEnableCapturePhaseSelectiveHydrationWithoutDiscreteEventReplay (node_modules/react-dom/cjs/react-dom.development.js:6465:5)
      at dispatchEvent (node_modules/react-dom/cjs/react-dom.development.js:6457:5)
      at dispatchDiscreteEvent (node_modules/react-dom/cjs/react-dom.development.js:6430:5)
      at HTMLDivElement.callTheUserObjectsOperation (node_modules/jsdom/lib/jsdom/living/generated/EventListener.js:26:30)
      at innerInvokeEventListeners (node_modules/jsdom/lib/jsdom/living/events/EventTarget-impl.js:338:25)
      at invokeEventListeners (node_modules/jsdom/lib/jsdom/living/events/EventTarget-impl.js:274:3)
      at HTMLInputElementImpl._dispatch (node_modules/jsdom/lib/jsdom/living/events/EventTarget-impl.js:221:9)
      at HTMLInputElementImpl.dispatchEvent (node_modules/jsdom/lib/jsdom/living/events/EventTarget-impl.js:94:17)
      at HTMLInputElement.dispatchEvent (node_modules/jsdom/lib/jsdom/living/generated/EventTarget.js:231:34)
      at node_modules/@testing-library/dom/dist/events.js:19:20
      at Object.eventWrapper (node_modules/@testing-library/dom/dist/config.js:25:23)
      at fireEvent (node_modules/@testing-library/dom/dist/events.js:12:35)
      at fireEvent.<computed> [as input] (node_modules/@testing-library/dom/dist/events.js:110:36)
      at fireInputEvent (node_modules/@testing-library/user-event/dist/keyboard/shared/fireInputEvent.js:31:18)
      at Object.handle (node_modules/@testing-library/user-event/dist/keyboard/plugins/character.js:138:32)
      at applyPlugins (node_modules/@testing-library/user-event/dist/keyboard/keyboardImplementation.js:157:12)
      at keypress (node_modules/@testing-library/user-event/dist/keyboard/keyboardImplementation.js:135:5)
      at keyboardImplementation (node_modules/@testing-library/user-event/dist/keyboard/keyboardImplementation.js:53:9)
      at keyboardImplementationWrapper (node_modules/@testing-library/user-event/dist/keyboard/index.js:55:65)
      at typeImplementation (node_modules/@testing-library/user-event/dist/type/typeImplementation.js:49:51)
      at Object.type (node_modules/@testing-library/user-event/dist/type/index.js:27:60)
      at Object.<anonymous> (src/components/ComparisonTool.test.js:30:21)

    console.error
      Warning: An update to ComparisonTool inside a test was not wrapped in act(...).
      
      When testing, code that causes React state updates should be wrapped into act(...):
      
      act(() => {
        /* fire events that update state */
      });
      /* assert on the output */
      
      This ensures that you're testing the behavior the user would see in the browser. Learn more at https://reactjs.org/link/wrap-tests-with-act
          at ComparisonTool (C:\Users\Andre Cadima\Documents\Gestion De Calidad de Sistemas\Calculadora_Pruebas_Unitarias\src\components\ComparisonTool.js:9:45)

    [0m [90m 35 |[39m   [36mconst[39m handleChange [33m=[39m (e) [33m=>[39m {
     [90m 36 |[39m     [36mconst[39m { name[33m,[39m value[33m,[39m type[33m,[39m checked } [33m=[39m e[33m.[39mtarget[33m;[39m
    [31m[1m>[22m[39m[90m 37 |[39m     setFormData(prev [33m=>[39m ({
     [90m    |[39m     [31m[1m^[22m[39m
     [90m 38 |[39m       [33m...[39mprev[33m,[39m
     [90m 39 |[39m       [name][33m:[39m type [33m===[39m [32m'checkbox'[39m [33m?[39m checked [33m:[39m value
     [90m 40 |[39m     }))[33m;[39m[0m

      at printWarning (node_modules/react-dom/cjs/react-dom.development.js:86:30)
      at error (node_modules/react-dom/cjs/react-dom.development.js:60:7)
      at warnIfUpdatesNotWrappedWithActDEV (node_modules/react-dom/cjs/react-dom.development.js:27628:9)
      at scheduleUpdateOnFiber (node_modules/react-dom/cjs/react-dom.development.js:25547:5)
      at setFormData (node_modules/react-dom/cjs/react-dom.development.js:16708:7)
      at handleChange (src/components/ComparisonTool.js:37:5)
      at HTMLUnknownElement.callCallback (node_modules/react-dom/cjs/react-dom.development.js:4164:14)
      at HTMLUnknownElement.callTheUserObjectsOperation (node_modules/jsdom/lib/jsdom/living/generated/EventListener.js:26:30)
      at innerInvokeEventListeners (node_modules/jsdom/lib/jsdom/living/events/EventTarget-impl.js:338:25)
      at invokeEventListeners (node_modules/jsdom/lib/jsdom/living/events/EventTarget-impl.js:274:3)
      at HTMLUnknownElementImpl._dispatch (node_modules/jsdom/lib/jsdom/living/events/EventTarget-impl.js:221:9)
      at HTMLUnknownElementImpl.dispatchEvent (node_modules/jsdom/lib/jsdom/living/events/EventTarget-impl.js:94:17)
      at HTMLUnknownElement.dispatchEvent (node_modules/jsdom/lib/jsdom/living/generated/EventTarget.js:231:34)
      at Object.invokeGuardedCallbackDev (node_modules/react-dom/cjs/react-dom.development.js:4213:16)
      at invokeGuardedCallback (node_modules/react-dom/cjs/react-dom.development.js:4277:31)
      at invokeGuardedCallbackAndCatchFirstError (node_modules/react-dom/cjs/react-dom.development.js:4291:25)
      at executeDispatch (node_modules/react-dom/cjs/react-dom.development.js:9041:3)
      at processDispatchQueueItemsInOrder (node_modules/react-dom/cjs/react-dom.development.js:9073:7)
      at processDispatchQueue (node_modules/react-dom/cjs/react-dom.development.js:9086:5)
      at dispatchEventsForPlugins (node_modules/react-dom/cjs/react-dom.development.js:9097:3)
      at node_modules/react-dom/cjs/react-dom.development.js:9288:12
      at batchedUpdates$1 (node_modules/react-dom/cjs/react-dom.development.js:26179:12)
      at batchedUpdates (node_modules/react-dom/cjs/react-dom.development.js:3991:12)
      at dispatchEventForPluginEventSystem (node_modules/react-dom/cjs/react-dom.development.js:9287:3)
      at dispatchEventWithEnableCapturePhaseSelectiveHydrationWithoutDiscreteEventReplay (node_modules/react-dom/cjs/react-dom.development.js:6465:5)
      at dispatchEvent (node_modules/react-dom/cjs/react-dom.development.js:6457:5)
      at dispatchDiscreteEvent (node_modules/react-dom/cjs/react-dom.development.js:6430:5)
      at HTMLDivElement.callTheUserObjectsOperation (node_modules/jsdom/lib/jsdom/living/generated/EventListener.js:26:30)
      at innerInvokeEventListeners (node_modules/jsdom/lib/jsdom/living/events/EventTarget-impl.js:338:25)
      at invokeEventListeners (node_modules/jsdom/lib/jsdom/living/events/EventTarget-impl.js:274:3)
      at HTMLInputElementImpl._dispatch (node_modules/jsdom/lib/jsdom/living/events/EventTarget-impl.js:221:9)
      at HTMLInputElementImpl.dispatchEvent (node_modules/jsdom/lib/jsdom/living/events/EventTarget-impl.js:94:17)
      at HTMLInputElement.dispatchEvent (node_modules/jsdom/lib/jsdom/living/generated/EventTarget.js:231:34)
      at node_modules/@testing-library/dom/dist/events.js:19:20
      at Object.eventWrapper (node_modules/@testing-library/dom/dist/config.js:25:23)
      at fireEvent (node_modules/@testing-library/dom/dist/events.js:12:35)
      at fireEvent.<computed> [as input] (node_modules/@testing-library/dom/dist/events.js:110:36)
      at fireInputEvent (node_modules/@testing-library/user-event/dist/keyboard/shared/fireInputEvent.js:31:18)
      at Object.handle (node_modules/@testing-library/user-event/dist/keyboard/plugins/character.js:138:32)
      at applyPlugins (node_modules/@testing-library/user-event/dist/keyboard/keyboardImplementation.js:157:12)
      at keypress (node_modules/@testing-library/user-event/dist/keyboard/keyboardImplementation.js:135:5)
      at keyboardImplementation (node_modules/@testing-library/user-event/dist/keyboard/keyboardImplementation.js:53:9)
      at keyboardImplementation (node_modules/@testing-library/user-event/dist/keyboard/keyboardImplementation.js:81:12)
      at keyboardImplementation (node_modules/@testing-library/user-event/dist/keyboard/keyboardImplementation.js:81:12)
      at keyboardImplementationWrapper (node_modules/@testing-library/user-event/dist/keyboard/index.js:55:65)
      at typeImplementation (node_modules/@testing-library/user-event/dist/type/typeImplementation.js:49:51)
      at Object.type (node_modules/@testing-library/user-event/dist/type/index.js:27:60)
      at Object.<anonymous> (src/components/ComparisonTool.test.js:30:21)

    console.error
      Warning: An update to ComparisonTool inside a test was not wrapped in act(...).
      
      When testing, code that causes React state updates should be wrapped into act(...):
      
      act(() => {
        /* fire events that update state */
      });
      /* assert on the output */
      
      This ensures that you're testing the behavior the user would see in the browser. Learn more at https://reactjs.org/link/wrap-tests-with-act
          at ComparisonTool (C:\Users\Andre Cadima\Documents\Gestion De Calidad de Sistemas\Calculadora_Pruebas_Unitarias\src\components\ComparisonTool.js:9:45)

    [0m [90m 35 |[39m   [36mconst[39m handleChange [33m=[39m (e) [33m=>[39m {
     [90m 36 |[39m     [36mconst[39m { name[33m,[39m value[33m,[39m type[33m,[39m checked } [33m=[39m e[33m.[39mtarget[33m;[39m
    [31m[1m>[22m[39m[90m 37 |[39m     setFormData(prev [33m=>[39m ({
     [90m    |[39m     [31m[1m^[22m[39m
     [90m 38 |[39m       [33m...[39mprev[33m,[39m
     [90m 39 |[39m       [name][33m:[39m type [33m===[39m [32m'checkbox'[39m [33m?[39m checked [33m:[39m value
     [90m 40 |[39m     }))[33m;[39m[0m

      at printWarning (node_modules/react-dom/cjs/react-dom.development.js:86:30)
      at error (node_modules/react-dom/cjs/react-dom.development.js:60:7)
      at warnIfUpdatesNotWrappedWithActDEV (node_modules/react-dom/cjs/react-dom.development.js:27628:9)
      at scheduleUpdateOnFiber (node_modules/react-dom/cjs/react-dom.development.js:25547:5)
      at setFormData (node_modules/react-dom/cjs/react-dom.development.js:16708:7)
      at handleChange (src/components/ComparisonTool.js:37:5)
      at HTMLUnknownElement.callCallback (node_modules/react-dom/cjs/react-dom.development.js:4164:14)
      at HTMLUnknownElement.callTheUserObjectsOperation (node_modules/jsdom/lib/jsdom/living/generated/EventListener.js:26:30)
      at innerInvokeEventListeners (node_modules/jsdom/lib/jsdom/living/events/EventTarget-impl.js:338:25)
      at invokeEventListeners (node_modules/jsdom/lib/jsdom/living/events/EventTarget-impl.js:274:3)
      at HTMLUnknownElementImpl._dispatch (node_modules/jsdom/lib/jsdom/living/events/EventTarget-impl.js:221:9)
      at HTMLUnknownElementImpl.dispatchEvent (node_modules/jsdom/lib/jsdom/living/events/EventTarget-impl.js:94:17)
      at HTMLUnknownElement.dispatchEvent (node_modules/jsdom/lib/jsdom/living/generated/EventTarget.js:231:34)
      at Object.invokeGuardedCallbackDev (node_modules/react-dom/cjs/react-dom.development.js:4213:16)
      at invokeGuardedCallback (node_modules/react-dom/cjs/react-dom.development.js:4277:31)
      at invokeGuardedCallbackAndCatchFirstError (node_modules/react-dom/cjs/react-dom.development.js:4291:25)
      at executeDispatch (node_modules/react-dom/cjs/react-dom.development.js:9041:3)
      at processDispatchQueueItemsInOrder (node_modules/react-dom/cjs/react-dom.development.js:9073:7)
      at processDispatchQueue (node_modules/react-dom/cjs/react-dom.development.js:9086:5)
      at dispatchEventsForPlugins (node_modules/react-dom/cjs/react-dom.development.js:9097:3)
      at node_modules/react-dom/cjs/react-dom.development.js:9288:12
      at batchedUpdates$1 (node_modules/react-dom/cjs/react-dom.development.js:26179:12)
      at batchedUpdates (node_modules/react-dom/cjs/react-dom.development.js:3991:12)
      at dispatchEventForPluginEventSystem (node_modules/react-dom/cjs/react-dom.development.js:9287:3)
      at dispatchEventWithEnableCapturePhaseSelectiveHydrationWithoutDiscreteEventReplay (node_modules/react-dom/cjs/react-dom.development.js:6465:5)
      at dispatchEvent (node_modules/react-dom/cjs/react-dom.development.js:6457:5)
      at dispatchDiscreteEvent (node_modules/react-dom/cjs/react-dom.development.js:6430:5)
      at HTMLDivElement.callTheUserObjectsOperation (node_modules/jsdom/lib/jsdom/living/generated/EventListener.js:26:30)
      at innerInvokeEventListeners (node_modules/jsdom/lib/jsdom/living/events/EventTarget-impl.js:338:25)
      at invokeEventListeners (node_modules/jsdom/lib/jsdom/living/events/EventTarget-impl.js:274:3)
      at HTMLInputElementImpl._dispatch (node_modules/jsdom/lib/jsdom/living/events/EventTarget-impl.js:221:9)
      at HTMLInputElementImpl.dispatchEvent (node_modules/jsdom/lib/jsdom/living/events/EventTarget-impl.js:94:17)
      at HTMLInputElement.dispatchEvent (node_modules/jsdom/lib/jsdom/living/generated/EventTarget.js:231:34)
      at node_modules/@testing-library/dom/dist/events.js:19:20
      at Object.eventWrapper (node_modules/@testing-library/dom/dist/config.js:25:23)
      at fireEvent (node_modules/@testing-library/dom/dist/events.js:12:35)
      at fireEvent.<computed> [as input] (node_modules/@testing-library/dom/dist/events.js:110:36)
      at fireInputEvent (node_modules/@testing-library/user-event/dist/keyboard/shared/fireInputEvent.js:31:18)
      at Object.handle (node_modules/@testing-library/user-event/dist/keyboard/plugins/character.js:138:32)
      at applyPlugins (node_modules/@testing-library/user-event/dist/keyboard/keyboardImplementation.js:157:12)
      at keypress (node_modules/@testing-library/user-event/dist/keyboard/keyboardImplementation.js:135:5)
      at keyboardImplementation (node_modules/@testing-library/user-event/dist/keyboard/keyboardImplementation.js:53:9)
      at keyboardImplementationWrapper (node_modules/@testing-library/user-event/dist/keyboard/index.js:55:65)
      at typeImplementation (node_modules/@testing-library/user-event/dist/type/typeImplementation.js:49:51)
      at Object.type (node_modules/@testing-library/user-event/dist/type/index.js:27:60)
      at Object.<anonymous> (src/components/ComparisonTool.test.js:33:21)

    console.error
      Warning: An update to ComparisonTool inside a test was not wrapped in act(...).
      
      When testing, code that causes React state updates should be wrapped into act(...):
      
      act(() => {
        /* fire events that update state */
      });
      /* assert on the output */
      
      This ensures that you're testing the behavior the user would see in the browser. Learn more at https://reactjs.org/link/wrap-tests-with-act
          at ComparisonTool (C:\Users\Andre Cadima\Documents\Gestion De Calidad de Sistemas\Calculadora_Pruebas_Unitarias\src\components\ComparisonTool.js:9:45)

    [0m [90m 35 |[39m   [36mconst[39m handleChange [33m=[39m (e) [33m=>[39m {
     [90m 36 |[39m     [36mconst[39m { name[33m,[39m value[33m,[39m type[33m,[39m checked } [33m=[39m e[33m.[39mtarget[33m;[39m
    [31m[1m>[22m[39m[90m 37 |[39m     setFormData(prev [33m=>[39m ({
     [90m    |[39m     [31m[1m^[22m[39m
     [90m 38 |[39m       [33m...[39mprev[33m,[39m
     [90m 39 |[39m       [name][33m:[39m type [33m===[39m [32m'checkbox'[39m [33m?[39m checked [33m:[39m value
     [90m 40 |[39m     }))[33m;[39m[0m

      at printWarning (node_modules/react-dom/cjs/react-dom.development.js:86:30)
      at error (node_modules/react-dom/cjs/react-dom.development.js:60:7)
      at warnIfUpdatesNotWrappedWithActDEV (node_modules/react-dom/cjs/react-dom.development.js:27628:9)
      at scheduleUpdateOnFiber (node_modules/react-dom/cjs/react-dom.development.js:25547:5)
      at setFormData (node_modules/react-dom/cjs/react-dom.development.js:16708:7)
      at handleChange (src/components/ComparisonTool.js:37:5)
      at HTMLUnknownElement.callCallback (node_modules/react-dom/cjs/react-dom.development.js:4164:14)
      at HTMLUnknownElement.callTheUserObjectsOperation (node_modules/jsdom/lib/jsdom/living/generated/EventListener.js:26:30)
      at innerInvokeEventListeners (node_modules/jsdom/lib/jsdom/living/events/EventTarget-impl.js:338:25)
      at invokeEventListeners (node_modules/jsdom/lib/jsdom/living/events/EventTarget-impl.js:274:3)
      at HTMLUnknownElementImpl._dispatch (node_modules/jsdom/lib/jsdom/living/events/EventTarget-impl.js:221:9)
      at HTMLUnknownElementImpl.dispatchEvent (node_modules/jsdom/lib/jsdom/living/events/EventTarget-impl.js:94:17)
      at HTMLUnknownElement.dispatchEvent (node_modules/jsdom/lib/jsdom/living/generated/EventTarget.js:231:34)
      at Object.invokeGuardedCallbackDev (node_modules/react-dom/cjs/react-dom.development.js:4213:16)
      at invokeGuardedCallback (node_modules/react-dom/cjs/react-dom.development.js:4277:31)
      at invokeGuardedCallbackAndCatchFirstError (node_modules/react-dom/cjs/react-dom.development.js:4291:25)
      at executeDispatch (node_modules/react-dom/cjs/react-dom.development.js:9041:3)
      at processDispatchQueueItemsInOrder (node_modules/react-dom/cjs/react-dom.development.js:9073:7)
      at processDispatchQueue (node_modules/react-dom/cjs/react-dom.development.js:9086:5)
      at dispatchEventsForPlugins (node_modules/react-dom/cjs/react-dom.development.js:9097:3)
      at node_modules/react-dom/cjs/react-dom.development.js:9288:12
      at batchedUpdates$1 (node_modules/react-dom/cjs/react-dom.development.js:26179:12)
      at batchedUpdates (node_modules/react-dom/cjs/react-dom.development.js:3991:12)
      at dispatchEventForPluginEventSystem (node_modules/react-dom/cjs/react-dom.development.js:9287:3)
      at dispatchEventWithEnableCapturePhaseSelectiveHydrationWithoutDiscreteEventReplay (node_modules/react-dom/cjs/react-dom.development.js:6465:5)
      at dispatchEvent (node_modules/react-dom/cjs/react-dom.development.js:6457:5)
      at dispatchDiscreteEvent (node_modules/react-dom/cjs/react-dom.development.js:6430:5)
      at HTMLDivElement.callTheUserObjectsOperation (node_modules/jsdom/lib/jsdom/living/generated/EventListener.js:26:30)
      at innerInvokeEventListeners (node_modules/jsdom/lib/jsdom/living/events/EventTarget-impl.js:338:25)
      at invokeEventListeners (node_modules/jsdom/lib/jsdom/living/events/EventTarget-impl.js:274:3)
      at HTMLInputElementImpl._dispatch (node_modules/jsdom/lib/jsdom/living/events/EventTarget-impl.js:221:9)
      at HTMLInputElementImpl.dispatchEvent (node_modules/jsdom/lib/jsdom/living/events/EventTarget-impl.js:94:17)
      at HTMLInputElement.dispatchEvent (node_modules/jsdom/lib/jsdom/living/generated/EventTarget.js:231:34)
      at node_modules/@testing-library/dom/dist/events.js:19:20
      at Object.eventWrapper (node_modules/@testing-library/dom/dist/config.js:25:23)
      at fireEvent (node_modules/@testing-library/dom/dist/events.js:12:35)
      at fireEvent.<computed> [as input] (node_modules/@testing-library/dom/dist/events.js:110:36)
      at fireInputEvent (node_modules/@testing-library/user-event/dist/keyboard/shared/fireInputEvent.js:31:18)
      at Object.handle (node_modules/@testing-library/user-event/dist/keyboard/plugins/character.js:138:32)
      at applyPlugins (node_modules/@testing-library/user-event/dist/keyboard/keyboardImplementation.js:157:12)
      at keypress (node_modules/@testing-library/user-event/dist/keyboard/keyboardImplementation.js:135:5)
      at keyboardImplementation (node_modules/@testing-library/user-event/dist/keyboard/keyboardImplementation.js:53:9)
      at keyboardImplementation (node_modules/@testing-library/user-event/dist/keyboard/keyboardImplementation.js:81:12)
      at keyboardImplementationWrapper (node_modules/@testing-library/user-event/dist/keyboard/index.js:55:65)
      at typeImplementation (node_modules/@testing-library/user-event/dist/type/typeImplementation.js:49:51)
      at Object.type (node_modules/@testing-library/user-event/dist/type/index.js:27:60)
      at Object.<anonymous> (src/components/ComparisonTool.test.js:33:21)

    console.error
      Warning: An update to ComparisonTool inside a test was not wrapped in act(...).
      
      When testing, code that causes React state updates should be wrapped into act(...):
      
      act(() => {
        /* fire events that update state */
      });
      /* assert on the output */
      
      This ensures that you're testing the behavior the user would see in the browser. Learn more at https://reactjs.org/link/wrap-tests-with-act
          at ComparisonTool (C:\Users\Andre Cadima\Documents\Gestion De Calidad de Sistemas\Calculadora_Pruebas_Unitarias\src\components\ComparisonTool.js:9:45)

    [0m [90m 35 |[39m   [36mconst[39m handleChange [33m=[39m (e) [33m=>[39m {
     [90m 36 |[39m     [36mconst[39m { name[33m,[39m value[33m,[39m type[33m,[39m checked } [33m=[39m e[33m.[39mtarget[33m;[39m
    [31m[1m>[22m[39m[90m 37 |[39m     setFormData(prev [33m=>[39m ({
     [90m    |[39m     [31m[1m^[22m[39m
     [90m 38 |[39m       [33m...[39mprev[33m,[39m
     [90m 39 |[39m       [name][33m:[39m type [33m===[39m [32m'checkbox'[39m [33m?[39m checked [33m:[39m value
     [90m 40 |[39m     }))[33m;[39m[0m

      at printWarning (node_modules/react-dom/cjs/react-dom.development.js:86:30)
      at error (node_modules/react-dom/cjs/react-dom.development.js:60:7)
      at warnIfUpdatesNotWrappedWithActDEV (node_modules/react-dom/cjs/react-dom.development.js:27628:9)
      at scheduleUpdateOnFiber (node_modules/react-dom/cjs/react-dom.development.js:25547:5)
      at setFormData (node_modules/react-dom/cjs/react-dom.development.js:16708:7)
      at handleChange (src/components/ComparisonTool.js:37:5)
      at HTMLUnknownElement.callCallback (node_modules/react-dom/cjs/react-dom.development.js:4164:14)
      at HTMLUnknownElement.callTheUserObjectsOperation (node_modules/jsdom/lib/jsdom/living/generated/EventListener.js:26:30)
      at innerInvokeEventListeners (node_modules/jsdom/lib/jsdom/living/events/EventTarget-impl.js:338:25)
      at invokeEventListeners (node_modules/jsdom/lib/jsdom/living/events/EventTarget-impl.js:274:3)
      at HTMLUnknownElementImpl._dispatch (node_modules/jsdom/lib/jsdom/living/events/EventTarget-impl.js:221:9)
      at HTMLUnknownElementImpl.dispatchEvent (node_modules/jsdom/lib/jsdom/living/events/EventTarget-impl.js:94:17)
      at HTMLUnknownElement.dispatchEvent (node_modules/jsdom/lib/jsdom/living/generated/EventTarget.js:231:34)
      at Object.invokeGuardedCallbackDev (node_modules/react-dom/cjs/react-dom.development.js:4213:16)
      at invokeGuardedCallback (node_modules/react-dom/cjs/react-dom.development.js:4277:31)
      at invokeGuardedCallbackAndCatchFirstError (node_modules/react-dom/cjs/react-dom.development.js:4291:25)
      at executeDispatch (node_modules/react-dom/cjs/react-dom.development.js:9041:3)
      at processDispatchQueueItemsInOrder (node_modules/react-dom/cjs/react-dom.development.js:9073:7)
      at processDispatchQueue (node_modules/react-dom/cjs/react-dom.development.js:9086:5)
      at dispatchEventsForPlugins (node_modules/react-dom/cjs/react-dom.development.js:9097:3)
      at node_modules/react-dom/cjs/react-dom.development.js:9288:12
      at batchedUpdates$1 (node_modules/react-dom/cjs/react-dom.development.js:26179:12)
      at batchedUpdates (node_modules/react-dom/cjs/react-dom.development.js:3991:12)
      at dispatchEventForPluginEventSystem (node_modules/react-dom/cjs/react-dom.development.js:9287:3)
      at dispatchEventWithEnableCapturePhaseSelectiveHydrationWithoutDiscreteEventReplay (node_modules/react-dom/cjs/react-dom.development.js:6465:5)
      at dispatchEvent (node_modules/react-dom/cjs/react-dom.development.js:6457:5)
      at dispatchDiscreteEvent (node_modules/react-dom/cjs/react-dom.development.js:6430:5)
      at HTMLDivElement.callTheUserObjectsOperation (node_modules/jsdom/lib/jsdom/living/generated/EventListener.js:26:30)
      at innerInvokeEventListeners (node_modules/jsdom/lib/jsdom/living/events/EventTarget-impl.js:338:25)
      at invokeEventListeners (node_modules/jsdom/lib/jsdom/living/events/EventTarget-impl.js:274:3)
      at HTMLInputElementImpl._dispatch (node_modules/jsdom/lib/jsdom/living/events/EventTarget-impl.js:221:9)
      at HTMLInputElementImpl.dispatchEvent (node_modules/jsdom/lib/jsdom/living/events/EventTarget-impl.js:94:17)
      at HTMLInputElement.dispatchEvent (node_modules/jsdom/lib/jsdom/living/generated/EventTarget.js:231:34)
      at node_modules/@testing-library/dom/dist/events.js:19:20
      at Object.eventWrapper (node_modules/@testing-library/dom/dist/config.js:25:23)
      at fireEvent (node_modules/@testing-library/dom/dist/events.js:12:35)
      at fireEvent.<computed> [as input] (node_modules/@testing-library/dom/dist/events.js:110:36)
      at fireInputEvent (node_modules/@testing-library/user-event/dist/keyboard/shared/fireInputEvent.js:31:18)
      at Object.handle (node_modules/@testing-library/user-event/dist/keyboard/plugins/character.js:138:32)
      at applyPlugins (node_modules/@testing-library/user-event/dist/keyboard/keyboardImplementation.js:157:12)
      at keypress (node_modules/@testing-library/user-event/dist/keyboard/keyboardImplementation.js:135:5)
      at keyboardImplementation (node_modules/@testing-library/user-event/dist/keyboard/keyboardImplementation.js:53:9)
      at keyboardImplementation (node_modules/@testing-library/user-event/dist/keyboard/keyboardImplementation.js:81:12)
      at keyboardImplementation (node_modules/@testing-library/user-event/dist/keyboard/keyboardImplementation.js:81:12)
      at keyboardImplementationWrapper (node_modules/@testing-library/user-event/dist/keyboard/index.js:55:65)
      at typeImplementation (node_modules/@testing-library/user-event/dist/type/typeImplementation.js:49:51)
      at Object.type (node_modules/@testing-library/user-event/dist/type/index.js:27:60)
      at Object.<anonymous> (src/components/ComparisonTool.test.js:33:21)

  ● ComparisonTool › shows validation messages for missing required fields

    TestingLibraryElementError: Unable to find an accessible element with the role "button" and name `/Añadir Escenario/i`

    Here are the accessible roles:

      heading:

      Name "Generador de Escenarios":
      [36m<h2 />[39m

      Name "Comparar Escenarios (0)":
      [36m<h2 />[39m

      --------------------------------------------------
      textbox:

      Name "Nombre del Escenario *":
      [36m<input[39m
        [33mclass[39m=[32m"form-input "[39m
        [33mid[39m=[32m"name"[39m
        [33mname[39m=[32m"name"[39m
        [33mplaceholder[39m=[32m"p.ej., Conservador / Agresivo"[39m
        [33mtype[39m=[32m"text"[39m
        [33mvalue[39m=[32m""[39m
      [36m/>[39m

      --------------------------------------------------
      spinbutton:

      Name "Salario Primario *":
      [36m<input[39m
        [33mclass[39m=[32m"form-input "[39m
        [33mid[39m=[32m"salary"[39m
        [33mname[39m=[32m"salary"[39m
        [33mplaceholder[39m=[32m"p.ej., 50000"[39m
        [33mtype[39m=[32m"number"[39m
        [33mvalue[39m=[32m""[39m
      [36m/>[39m

      Name "Depósito Inicial *":
      [36m<input[39m
        [33mclass[39m=[32m"form-input "[39m
        [33mid[39m=[32m"deposit"[39m
        [33mname[39m=[32m"deposit"[39m
        [33mplaceholder[39m=[32m"p.ej., 50000"[39m
        [33mtype[39m=[32m"number"[39m
        [33mvalue[39m=[32m""[39m
      [36m/>[39m

      Name "Plazo del Préstamo (Años) *":
      [36m<input[39m
        [33mclass[39m=[32m"form-input"[39m
        [33mid[39m=[32m"term"[39m
        [33mname[39m=[32m"term"[39m
        [33mplaceholder[39m=[32m"p.ej., 30"[39m
        [33mtype[39m=[32m"number"[39m
        [33mvalue[39m=[32m"30"[39m
      [36m/>[39m

      Name "Tasa de Interés (%) *":
      [36m<input[39m
        [33mclass[39m=[32m"form-input"[39m
        [33mid[39m=[32m"interest"[39m
        [33mname[39m=[32m"interest"[39m
        [33mplaceholder[39m=[32m"p.ej., 4.5"[39m
        [33mstep[39m=[32m"0.1"[39m
        [33mtype[39m=[32m"number"[39m
        [33mvalue[39m=[32m"4.5"[39m
      [36m/>[39m

      Name "Compromisos Mensuales (£) *":
      [36m<input[39m
        [33mclass[39m=[32m"form-input "[39m
        [33mid[39m=[32m"commitments"[39m
        [33mname[39m=[32m"commitments"[39m
        [33mplaceholder[39m=[32m"p.ej., 500"[39m
        [33mtype[39m=[32m"number"[39m
        [33mvalue[39m=[32m""[39m
      [36m/>[39m

      --------------------------------------------------
      checkbox:

      Name "Incluir Seguro en el C\u00e1lculo":
      [36m<input[39m
        [33mchecked[39m=[32m""[39m
        [33mname[39m=[32m"includeInsurance"[39m
        [33mtype[39m=[32m"checkbox"[39m
      [36m/>[39m

      --------------------------------------------------
      button:

      Name "+ A\u00f1adir Escenario":
      [36m<button[39m
        [33mclass[39m=[32m"btn-primary"[39m
        [33mtype[39m=[32m"submit"[39m
      [36m/>[39m

      --------------------------------------------------

    Ignored nodes: comments, script, style
    [36m<body>[39m
      [36m<div>[39m
        [36m<div[39m
          [33mclass[39m=[32m"calculator-content"[39m
        [36m>[39m
          [36m<div[39m
            [33mclass[39m=[32m"comparison-layout"[39m
          [36m>[39m
            [36m<div[39m
              [33mclass[39m=[32m"form-section"[39m
            [36m>[39m
              [36m<h2>[39m
                [0mGenerador de Escenarios[0m
              [36m</h2>[39m
              [36m<p[39m
                [33mclass[39m=[32m"section-description"[39m
              [36m>[39m
                [0mCrea y compara m\u00faltiples escenarios hipotecarios[0m
              [36m</p>[39m
              [36m<form[39m
                [33mclass[39m=[32m"calculator-form"[39m
              [36m>[39m
                [36m<div[39m
                  [33mclass[39m=[32m"form-group"[39m
                [36m>[39m
                  [36m<label[39m
                    [33mfor[39m=[32m"name"[39m
                  [36m>[39m
                    [0mNombre del Escenario *[0m
                  [36m</label>[39m
                  [36m<input[39m
                    [33mclass[39m=[32m"form-input "[39m
                    [33mid[39m=[32m"name"[39m
                    [33mname[39m=[32m"name"[39m
                    [33mplaceholder[39m=[32m"p.ej., Conservador / Agresivo"[39m
                    [33mtype[39m=[32m"text"[39m
                    [33mvalue[39m=[32m""[39m
                  [36m/>[39m
                [36m</div>[39m
                [36m<div[39m
                  [33mclass[39m=[32m"form-group"[39m
                [36m>[39m
                  [36m<label[39m
                    [33mfor[39m=[32m"salary"[39m
                  [36m>[39m
                    [0mSalario Primario *[0m
                  [36m</label>[39m
                  [36m<input[39m
                    [33mclass[39m=[32m"form-input "[39m
                    [33mid[39m=[32m"salary"[39m
                    [33mname[39m=[32m"salary"[39m
                    [33mplaceholder[39m=[32m"p.ej., 50000"[39m
                    [33mtype[39m=[32m"number"[39m
                    [33mvalue[39m=[32m""[39m
                  [36m/>[39m
                [36m</div>[39m
                [36m<div[39m
                  [33mclass[39m=[32m"form-row"[39m
                [36m>[39m
                  [36m<div[39m
                    [33mclass[39m=[32m"form-group"[39m
                  [36m>[39m
                    [36m<label[39m
                      [33mfor[39m=[32m"deposit"[39m
                    [36m>[39m
                      [0mDepósito Inicial *[0m
                    [36m</label>[39m
                    [36m<input[39m
                      [33mclass[39m=[32m"form-input "[39m
                      [33mid[39m=[32m"deposit"[39m
                      [33mname[39m=[32m"deposit"[39m
                      [33mplaceholder[39m=[32m"p.ej., 50000"[39m
                      [33mtype[39m=[32m"number"[39m
                      [33mvalue[39m=[32m""[39m
                    [36m/>[39m
                  [36m</div>[39m
                  [36m<div[39m
                    [33mclass[39m=[32m"form-group"[39m
                  [36m>[39m
                    [36m<label[39m
                      [33mfor[39m=[32m"term"[39m
                    [36m>[39m
                      [0mPlazo del Préstamo (Años) *[0m
                    [36m</label>[39m
                    [36m<input[39m
                      [33mclass[39m=[32m"form-input"[39m
                      [33mid[39m=[32m"term"[39m
                      [33mname[39m=[32m"term"[39m
                      [33mplaceholder[39m=[32m"p.ej., 30"[39m
                      [33mtype[39m=[32m"number"[39m
                      [33mvalue[39m=[32m"30"[39m
                    [36m/>[39m
                  [36m</div>[39m
                [36m</div>[39m
                [36m<div[39m
                  [33mclass[39m=[32m"form-row"[39m
                [36m>[39m
                  [36m<div[39m
                    [33mclass[39m=[32m"form-group"[39m
                  [36m>[39m
                    [36m<label[39m
                      [33mfor[39m=[32m"interest"[39m
                    [36m>[39m
                      [0mTasa de Interés (%) *[0m
                    [36m</label>[39m
                    [36m<input[39m
                      [33mclass[39m=[32m"form-input"[39m
                      [33mid[39m=[32m"interest"[39m
                      [33mname[39m=[32m"interest"[39m
                      [33mplaceholder[39m=[32m"p.ej., 4.5"[39m
                      [33mstep[39m=[32m"0.1"[39m
                      [33mtype[39m=[32m"number"[39m
                      [33mvalue[39m=[32m"4.5"[39m
                    [36m/>[39m
                  [36m</div>[39m
                  [36m<div[39m
                    [33mclass[39m=[32m"form-group"[39m
                  [36m>[39m
                    [36m<label[39m
                      [33mfor[39m=[32m"commitments"[39m
                    [36m>[39m
                      [0mCompromisos Mensuales (£) *[0m
                    [36m</label>[39m
                    [36m<input[39m
                      [33mclass[39m=[32m"form-input "[39m
                      [33mid[39m=[32m"commitments"[39m
                      [33mname[39m=[32m"commitments"[39m
                      [33mplaceholder[39m=[32m"p.ej., 500"[39m
                      [33mtype[39m=[32m"number"[39m
                      [33mvalue[39m=[32m""[39m
                    [36m/>[39m
                  [36m</div>[39m
                [36m</div>[39m
                [36m<div[39m
                  [33mclass[39m=[32m"form-group"[39m
                [36m>[39m
                  [36m<label[39m
                    [33mclass[39m=[32m"checkbox-label"[39m
                  [36m>[39m
                    [36m<input[39m
                      [33mchecked[39m=[32m""[39m
                      [33mname[39m=[32m"includeInsurance"[39m
                      [33mtype[39m=[32m"checkbox"[39m
                    [36m/>[39m
                    [0mIncluir Seguro en el C\u00e1lculo[0m
                  [36m</label>[39m
                [36m</div>[39m
                [36m<button[39m
                  [33mclass[39m=[32m"btn-primary"[39m
                  [33mtype[39m=[32m"submit"[39m
                [36m>[39m
                  [0m+ A\u00f1adir Escenario[0m
                [36m</button>[39m
              [36m</form>[39m
            [36m</div>[39m
            [36m<div[39m
              [33mclass[39m=[32m"comparison-section"[39m
            [36m>[39m
              [36m<h2>[39m
                [0mComparar Escenarios ([0m
                [0m0[0m
                [0m)[0m
              [36m</h2>[39m
              [36m<div[39m
                [33mclass[39m=[32m"empty-state"[39m
              [36m>[39m
                [36m<p>[39m
                  [0m📊 Aún no hay escenarios. ¡Añade uno para comenzar a comparar![0m
                [36m</p>[39m
              [36m</div>[39m
            [36m</div>[39m
          [36m</div>[39m
        [36m</div>[39m
      [36m</div>[39m
    [36m</body>[39m

    [0m [90m 15 |[39m     render([33m<[39m[33mComparisonTool[39m [33m/[39m[33m>[39m)[33m;[39m
     [90m 16 |[39m
    [31m[1m>[22m[39m[90m 17 |[39m     [36mawait[39m userEvent[33m.[39mclick(screen[33m.[39mgetByRole([32m'button'[39m[33m,[39m { name[33m:[39m [35m/Añadir Escenario/i[39m }))[33m;[39m
     [90m    |[39m                                  [31m[1m^[22m[39m
     [90m 18 |[39m
     [90m 19 |[39m     expect(screen[33m.[39mgetByText([35m/Se requiere un nombre de escenario/i[39m))[33m.[39mtoBeInTheDocument()[33m;[39m
     [90m 20 |[39m     expect(screen[33m.[39mgetByText([35m/Se requiere un salario válido/i[39m))[33m.[39mtoBeInTheDocument()[33m;[39m[0m

      at Object.getElementError (node_modules/@testing-library/react/node_modules/@testing-library/dom/dist/config.js:37:19)
      at node_modules/@testing-library/react/node_modules/@testing-library/dom/dist/query-helpers.js:76:38
      at node_modules/@testing-library/react/node_modules/@testing-library/dom/dist/query-helpers.js:52:17
      at getByRole (node_modules/@testing-library/react/node_modules/@testing-library/dom/dist/query-helpers.js:95:19)
      at Object.<anonymous> (src/components/ComparisonTool.test.js:17:34)

  ● ComparisonTool › adds a scenario and allows removing it

    TestingLibraryElementError: Unable to find an accessible element with the role "button" and name `/Añadir Escenario/i`

    Here are the accessible roles:

      heading:

      Name "Generador de Escenarios":
      [36m<h2 />[39m

      Name "Comparar Escenarios (0)":
      [36m<h2 />[39m

      --------------------------------------------------
      textbox:

      Name "Nombre del Escenario *":
      [36m<input[39m
        [33mclass[39m=[32m"form-input "[39m
        [33mid[39m=[32m"name"[39m
        [33mname[39m=[32m"name"[39m
        [33mplaceholder[39m=[32m"p.ej., Conservador / Agresivo"[39m
        [33mtype[39m=[32m"text"[39m
        [33mvalue[39m=[32m"Escenario Familiar"[39m
      [36m/>[39m

      --------------------------------------------------
      spinbutton:

      Name "Salario Primario *":
      [36m<input[39m
        [33mclass[39m=[32m"form-input "[39m
        [33mid[39m=[32m"salary"[39m
        [33mname[39m=[32m"salary"[39m
        [33mplaceholder[39m=[32m"p.ej., 50000"[39m
        [33mtype[39m=[32m"number"[39m
        [33mvalue[39m=[32m"65000"[39m
      [36m/>[39m

      Name "Depósito Inicial *":
      [36m<input[39m
        [33mclass[39m=[32m"form-input "[39m
        [33mid[39m=[32m"deposit"[39m
        [33mname[39m=[32m"deposit"[39m
        [33mplaceholder[39m=[32m"p.ej., 50000"[39m
        [33mtype[39m=[32m"number"[39m
        [33mvalue[39m=[32m"50000"[39m
      [36m/>[39m

      Name "Plazo del Préstamo (Años) *":
      [36m<input[39m
        [33mclass[39m=[32m"form-input"[39m
        [33mid[39m=[32m"term"[39m
        [33mname[39m=[32m"term"[39m
        [33mplaceholder[39m=[32m"p.ej., 30"[39m
        [33mtype[39m=[32m"number"[39m
        [33mvalue[39m=[32m"3030"[39m
      [36m/>[39m

      Name "Tasa de Interés (%) *":
      [36m<input[39m
        [33mclass[39m=[32m"form-input"[39m
        [33mid[39m=[32m"interest"[39m
        [33mname[39m=[32m"interest"[39m
        [33mplaceholder[39m=[32m"p.ej., 4.5"[39m
        [33mstep[39m=[32m"0.1"[39m
        [33mtype[39m=[32m"number"[39m
        [33mvalue[39m=[32m"4.545"[39m
      [36m/>[39m

      Name "Compromisos Mensuales (£) *":
      [36m<input[39m
        [33mclass[39m=[32m"form-input "[39m
        [33mid[39m=[32m"commitments"[39m
        [33mname[39m=[32m"commitments"[39m
        [33mplaceholder[39m=[32m"p.ej., 500"[39m
        [33mtype[39m=[32m"number"[39m
        [33mvalue[39m=[32m""[39m
      [36m/>[39m

      --------------------------------------------------
      checkbox:

      Name "Incluir Seguro en el C\u00e1lculo":
      [36m<input[39m
        [33mchecked[39m=[32m""[39m
        [33mname[39m=[32m"includeInsurance"[39m
        [33mtype[39m=[32m"checkbox"[39m
      [36m/>[39m

      --------------------------------------------------
      button:

      Name "+ A\u00f1adir Escenario":
      [36m<button[39m
        [33mclass[39m=[32m"btn-primary"[39m
        [33mtype[39m=[32m"submit"[39m
      [36m/>[39m

      --------------------------------------------------

    Ignored nodes: comments, script, style
    [36m<body>[39m
      [36m<div>[39m
        [36m<div[39m
          [33mclass[39m=[32m"calculator-content"[39m
        [36m>[39m
          [36m<div[39m
            [33mclass[39m=[32m"comparison-layout"[39m
          [36m>[39m
            [36m<div[39m
              [33mclass[39m=[32m"form-section"[39m
            [36m>[39m
              [36m<h2>[39m
                [0mGenerador de Escenarios[0m
              [36m</h2>[39m
              [36m<p[39m
                [33mclass[39m=[32m"section-description"[39m
              [36m>[39m
                [0mCrea y compara m\u00faltiples escenarios hipotecarios[0m
              [36m</p>[39m
              [36m<form[39m
                [33mclass[39m=[32m"calculator-form"[39m
              [36m>[39m
                [36m<div[39m
                  [33mclass[39m=[32m"form-group"[39m
                [36m>[39m
                  [36m<label[39m
                    [33mfor[39m=[32m"name"[39m
                  [36m>[39m
                    [0mNombre del Escenario *[0m
                  [36m</label>[39m
                  [36m<input[39m
                    [33mclass[39m=[32m"form-input "[39m
                    [33mid[39m=[32m"name"[39m
                    [33mname[39m=[32m"name"[39m
                    [33mplaceholder[39m=[32m"p.ej., Conservador / Agresivo"[39m
                    [33mtype[39m=[32m"text"[39m
                    [33mvalue[39m=[32m"Escenario Familiar"[39m
                  [36m/>[39m
                [36m</div>[39m
                [36m<div[39m
                  [33mclass[39m=[32m"form-group"[39m
                [36m>[39m
                  [36m<label[39m
                    [33mfor[39m=[32m"salary"[39m
                  [36m>[39m
                    [0mSalario Primario *[0m
                  [36m</label>[39m
                  [36m<input[39m
                    [33mclass[39m=[32m"form-input "[39m
                    [33mid[39m=[32m"salary"[39m
                    [33mname[39m=[32m"salary"[39m
                    [33mplaceholder[39m=[32m"p.ej., 50000"[39m
                    [33mtype[39m=[32m"number"[39m
                    [33mvalue[39m=[32m"65000"[39m
                  [36m/>[39m
                [36m</div>[39m
                [36m<div[39m
                  [33mclass[39m=[32m"form-row"[39m
                [36m>[39m
                  [36m<div[39m
                    [33mclass[39m=[32m"form-group"[39m
                  [36m>[39m
                    [36m<label[39m
                      [33mfor[39m=[32m"deposit"[39m
                    [36m>[39m
                      [0mDepósito Inicial *[0m
                    [36m</label>[39m
                    [36m<input[39m
                      [33mclass[39m=[32m"form-input "[39m
                      [33mid[39m=[32m"deposit"[39m
                      [33mname[39m=[32m"deposit"[39m
                      [33mplaceholder[39m=[32m"p.ej., 50000"[39m
                      [33mtype[39m=[32m"number"[39m
                      [33mvalue[39m=[32m"50000"[39m
                    [36m/>[39m
                  [36m</div>[39m
                  [36m<div[39m
                    [33mclass[39m=[32m"form-group"[39m
                  [36m>[39m
                    [36m<label[39m
                      [33mfor[39m=[32m"term"[39m
                    [36m>[39m
                      [0mPlazo del Préstamo (Años) *[0m
                    [36m</label>[39m
                    [36m<input[39m
                      [33mclass[39m=[32m"form-input"[39m
                      [33mid[39m=[32m"term"[39m
                      [33mname[39m=[32m"term"[39m
                      [33mplaceholder[39m=[32m"p.ej., 30"[39m
                      [33mtype[39m=[32m"number"[39m
                      [33mvalue[39m=[32m"3030"[39m
                    [36m/>[39m
                  [36m</div>[39m
                [36m</div>[39m
                [36m<div[39m
                  [33mclass[39m=[32m"form-row"[39m
                [36m>[39m
                  [36m<div[39m
                    [33mclass[39m=[32m"form-group"[39m
                  [36m>[39m
                    [36m<label[39m
                      [33mfor[39m=[32m"interest"[39m
                    [36m>[39m
                      [0mTasa de Interés (%) *[0m
                    [36m</label>[39m
                    [36m<input[39m
                      [33mclass[39m=[32m"form-input"[39m
                      [33mid[39m=[32m"interest"[39m
                      [33mname[39m=[32m"interest"[39m
                      [33mplaceholder[39m=[32m"p.ej., 4.5"[39m
                      [33mstep[39m=[32m"0.1"[39m
                      [33mtype[39m=[32m"number"[39m
                      [33mvalue[39m=[32m"4.545"[39m
                    [36m/>[39m
                  [36m</div>[39m
                  [36m<div[39m
                    [33mclass[39m=[32m"form-group"[39m
                  [36m>[39m
                    [36m<label[39m
                      [33mfor[39m=[32m"commitments"[39m
                    [36m>[39m
                      [0mCompromisos Mensuales (£) *[0m
                    [36m</label>[39m
                    [36m<input[39m
                      [33mclass[39m=[32m"form-input "[39m
                      [33mid[39m=[32m"commitments"[39m
                      [33mname[39m=[32m"commitments"[39m
                      [33mplaceholder[39m=[32m"p.ej., 500"[39m
                      [33mtype[39m=[32m"number"[39m
                      [33mvalue[39m=[32m""[39m
                    [36m/>[39m
                  [36m</div>[39m
                [36m</div>[39m
                [36m<div[39m
                  [33mclass[39m=[32m"form-group"[39m
                [36m>[39m
                  [36m<label[39m
                    [33mclass[39m=[32m"checkbox-label"[39m
                  [36m>[39m
                    [36m<input[39m
                      [33mchecked[39m=[32m""[39m
                      [33mname[39m=[32m"includeInsurance"[39m
                      [33mtype[39m=[32m"checkbox"[39m
                    [36m/>[39m
                    [0mIncluir Seguro en el C\u00e1lculo[0m
                  [36m</label>[39m
                [36m</div>[39m
                [36m<button[39m
                  [33mclass[39m=[32m"btn-primary"[39m
                  [33mtype[39m=[32m"submit"[39m
                [36m>[39m
                  [0m+ A\u00f1adir Escenario[0m
                [36m</button>[39m
              [36m</form>[39m
            [36m</div>[39m
            [36m<div[39m
              [33mclass[39m=[32m"comparison-section"[39m
            [36m>[39m
              [36m<h2>[39m
                [0mComparar Escenarios ([0m
                [0m0[0m
                [0m)[0m
              [36m</h2>[39m
              [36m<div[39m
                [33mclass[39m=[32m"empty-state"[39m
              [36m>[39m
                [36m<p>[39m
                  [0m📊 Aún no hay escenarios. ¡Añade uno para comenzar a comparar![0m
                [36m</p>[39m
              [36m</div>[39m
            [36m</div>[39m
          [36m</div>[39m
        [36m</div>[39m
      [36m</div>[39m
    [36m</body>[39m

    [0m [90m 33 |[39m     [36mawait[39m userEvent[33m.[39mtype(commitmentsInput[33m,[39m [32m'400'[39m)[33m;[39m
     [90m 34 |[39m
    [31m[1m>[22m[39m[90m 35 |[39m     [36mawait[39m userEvent[33m.[39mclick(screen[33m.[39mgetByRole([32m'button'[39m[33m,[39m { name[33m:[39m [35m/Añadir Escenario/i[39m }))[33m;[39m
     [90m    |[39m                                  [31m[1m^[22m[39m
     [90m 36 |[39m
     [90m 37 |[39m     expect([36mawait[39m screen[33m.[39mfindByText([35m/Escenario Familiar/i[39m))[33m.[39mtoBeInTheDocument()[33m;[39m
     [90m 38 |[39m     expect(screen[33m.[39mgetByRole([32m'heading'[39m[33m,[39m { name[33m:[39m [35m/Comparar Escenarios \(1\)/i[39m }))[33m.[39mtoBeInTheDocument()[33m;[39m[0m

      at Object.getElementError (node_modules/@testing-library/react/node_modules/@testing-library/dom/dist/config.js:37:19)
      at node_modules/@testing-library/react/node_modules/@testing-library/dom/dist/query-helpers.js:76:38
      at node_modules/@testing-library/react/node_modules/@testing-library/dom/dist/query-helpers.js:52:17
      at getByRole (node_modules/@testing-library/react/node_modules/@testing-library/dom/dist/query-helpers.js:95:19)
      at Object.<anonymous> (src/components/ComparisonTool.test.js:35:34)

FAIL src/components/InsuranceCalculator.test.js (5.982 s)
  ● Console

    console.error
      Warning: `ReactDOMTestUtils.act` is deprecated in favor of `React.act`. Import `act` from `react` instead of `react-dom/test-utils`. See https://react.dev/warnings/react-dom-test-utils for more info.

    [0m [90m  6 |[39m describe([32m'InsuranceCalculator'[39m[33m,[39m () [33m=>[39m {
     [90m  7 |[39m   it([32m'shows validation when property value is missing'[39m[33m,[39m [36masync[39m () [33m=>[39m {
    [31m[1m>[22m[39m[90m  8 |[39m     render([33m<[39m[33mInsuranceCalculator[39m [33m/[39m[33m>[39m)[33m;[39m
     [90m    |[39m           [31m[1m^[22m[39m
     [90m  9 |[39m
     [90m 10 |[39m     [36mawait[39m userEvent[33m.[39mclick(screen[33m.[39mgetByRole([32m'button'[39m[33m,[39m { name[33m:[39m [35m/Calcular Seguro/i[39m }))[33m;[39m
     [90m 11 |[39m[0m

      at printWarning (node_modules/react-dom/cjs/react-dom-test-utils.development.js:71:30)
      at error (node_modules/react-dom/cjs/react-dom-test-utils.development.js:45:7)
      at actWithWarning (node_modules/react-dom/cjs/react-dom-test-utils.development.js:1736:7)
      at node_modules/@testing-library/react/dist/act-compat.js:63:25
      at renderRoot (node_modules/@testing-library/react/dist/pure.js:159:26)
      at render (node_modules/@testing-library/react/dist/pure.js:246:10)
      at Object.<anonymous> (src/components/InsuranceCalculator.test.js:8:11)

    console.error
      Warning: An update to InsuranceCalculator inside a test was not wrapped in act(...).
      
      When testing, code that causes React state updates should be wrapped into act(...):
      
      act(() => {
        /* fire events that update state */
      });
      /* assert on the output */
      
      This ensures that you're testing the behavior the user would see in the browser. Learn more at https://reactjs.org/link/wrap-tests-with-act
          at InsuranceCalculator (C:\Users\Andre Cadima\Documents\Gestion De Calidad de Sistemas\Calculadora_Pruebas_Unitarias\src\components\InsuranceCalculator.js:9:43)

    [0m [90m 34 |[39m     
     [90m 35 |[39m     [36mif[39m ([33m![39mformData[33m.[39mpropertyValue [33m||[39m parseInt(formData[33m.[39mpropertyValue) [33m<=[39m [35m0[39m) {
    [31m[1m>[22m[39m[90m 36 |[39m       setError([32m'Por favor, ingresa un valor de propiedad válido'[39m)[33m;[39m
     [90m    |[39m       [31m[1m^[22m[39m
     [90m 37 |[39m       [36mreturn[39m[33m;[39m
     [90m 38 |[39m     }
     [90m 39 |[39m[0m

      at printWarning (node_modules/react-dom/cjs/react-dom.development.js:86:30)
      at error (node_modules/react-dom/cjs/react-dom.development.js:60:7)
      at warnIfUpdatesNotWrappedWithActDEV (node_modules/react-dom/cjs/react-dom.development.js:27628:9)
      at scheduleUpdateOnFiber (node_modules/react-dom/cjs/react-dom.development.js:25547:5)
      at setError (node_modules/react-dom/cjs/react-dom.development.js:16708:7)
      at handleSubmit (src/components/InsuranceCalculator.js:36:7)
      at HTMLUnknownElement.callCallback (node_modules/react-dom/cjs/react-dom.development.js:4164:14)
      at HTMLUnknownElement.callTheUserObjectsOperation (node_modules/jsdom/lib/jsdom/living/generated/EventListener.js:26:30)
      at innerInvokeEventListeners (node_modules/jsdom/lib/jsdom/living/events/EventTarget-impl.js:338:25)
      at invokeEventListeners (node_modules/jsdom/lib/jsdom/living/events/EventTarget-impl.js:274:3)
      at HTMLUnknownElementImpl._dispatch (node_modules/jsdom/lib/jsdom/living/events/EventTarget-impl.js:221:9)
      at HTMLUnknownElementImpl.dispatchEvent (node_modules/jsdom/lib/jsdom/living/events/EventTarget-impl.js:94:17)
      at HTMLUnknownElement.dispatchEvent (node_modules/jsdom/lib/jsdom/living/generated/EventTarget.js:231:34)
      at Object.invokeGuardedCallbackDev (node_modules/react-dom/cjs/react-dom.development.js:4213:16)
      at invokeGuardedCallback (node_modules/react-dom/cjs/react-dom.development.js:4277:31)
      at invokeGuardedCallbackAndCatchFirstError (node_modules/react-dom/cjs/react-dom.development.js:4291:25)
      at executeDispatch (node_modules/react-dom/cjs/react-dom.development.js:9041:3)
      at processDispatchQueueItemsInOrder (node_modules/react-dom/cjs/react-dom.development.js:9073:7)
      at processDispatchQueue (node_modules/react-dom/cjs/react-dom.development.js:9086:5)
      at dispatchEventsForPlugins (node_modules/react-dom/cjs/react-dom.development.js:9097:3)
      at node_modules/react-dom/cjs/react-dom.development.js:9288:12
      at batchedUpdates$1 (node_modules/react-dom/cjs/react-dom.development.js:26179:12)
      at batchedUpdates (node_modules/react-dom/cjs/react-dom.development.js:3991:12)
      at dispatchEventForPluginEventSystem (node_modules/react-dom/cjs/react-dom.development.js:9287:3)
      at dispatchEventWithEnableCapturePhaseSelectiveHydrationWithoutDiscreteEventReplay (node_modules/react-dom/cjs/react-dom.development.js:6465:5)
      at dispatchEvent (node_modules/react-dom/cjs/react-dom.development.js:6457:5)
      at dispatchDiscreteEvent (node_modules/react-dom/cjs/react-dom.development.js:6430:5)
      at HTMLDivElement.callTheUserObjectsOperation (node_modules/jsdom/lib/jsdom/living/generated/EventListener.js:26:30)
      at innerInvokeEventListeners (node_modules/jsdom/lib/jsdom/living/events/EventTarget-impl.js:338:25)
      at invokeEventListeners (node_modules/jsdom/lib/jsdom/living/events/EventTarget-impl.js:274:3)
      at HTMLFormElementImpl._dispatch (node_modules/jsdom/lib/jsdom/living/events/EventTarget-impl.js:221:9)
      at fireAnEvent (node_modules/jsdom/lib/jsdom/living/helpers/events.js:18:36)
      at HTMLFormElementImpl.submit (node_modules/jsdom/lib/jsdom/living/nodes/HTMLFormElement-impl.js:84:10)
      at HTMLFormElementImpl._doSubmit (node_modules/jsdom/lib/jsdom/living/nodes/HTMLFormElement-impl.js:80:10)
      at HTMLButtonElementImpl._activationBehavior (node_modules/jsdom/lib/jsdom/living/nodes/HTMLButtonElement-impl.js:23:14)
      at HTMLButtonElementImpl._dispatch (node_modules/jsdom/lib/jsdom/living/events/EventTarget-impl.js:240:26)
      at HTMLButtonElementImpl.dispatchEvent (node_modules/jsdom/lib/jsdom/living/events/EventTarget-impl.js:94:17)
      at HTMLButtonElement.dispatchEvent (node_modules/jsdom/lib/jsdom/living/generated/EventTarget.js:231:34)
      at node_modules/@testing-library/dom/dist/events.js:19:20
      at Object.eventWrapper (node_modules/@testing-library/dom/dist/config.js:25:23)
      at fireEvent (node_modules/@testing-library/dom/dist/events.js:12:35)
      at fireEvent.<computed> [as click] (node_modules/@testing-library/dom/dist/events.js:110:36)
      at fireClick (node_modules/@testing-library/user-event/dist/click.js:150:20)
      at clickElement (node_modules/@testing-library/user-event/dist/click.js:91:5)
      at Object.click (node_modules/@testing-library/user-event/dist/click.js:140:5)
      at Object.<anonymous> (src/components/InsuranceCalculator.test.js:10:21)

    console.error
      Warning: An update to InsuranceCalculator inside a test was not wrapped in act(...).
      
      When testing, code that causes React state updates should be wrapped into act(...):
      
      act(() => {
        /* fire events that update state */
      });
      /* assert on the output */
      
      This ensures that you're testing the behavior the user would see in the browser. Learn more at https://reactjs.org/link/wrap-tests-with-act
          at InsuranceCalculator (C:\Users\Andre Cadima\Documents\Gestion De Calidad de Sistemas\Calculadora_Pruebas_Unitarias\src\components\InsuranceCalculator.js:9:43)

    [0m [90m 23 |[39m   [36mconst[39m handleChange [33m=[39m (e) [33m=>[39m {
     [90m 24 |[39m     [36mconst[39m { name[33m,[39m value } [33m=[39m e[33m.[39mtarget[33m;[39m
    [31m[1m>[22m[39m[90m 25 |[39m     setFormData(prev [33m=>[39m ({
     [90m    |[39m     [31m[1m^[22m[39m
     [90m 26 |[39m       [33m...[39mprev[33m,[39m
     [90m 27 |[39m       [name][33m:[39m value
     [90m 28 |[39m     }))[33m;[39m[0m

      at printWarning (node_modules/react-dom/cjs/react-dom.development.js:86:30)
      at error (node_modules/react-dom/cjs/react-dom.development.js:60:7)
      at warnIfUpdatesNotWrappedWithActDEV (node_modules/react-dom/cjs/react-dom.development.js:27628:9)
      at scheduleUpdateOnFiber (node_modules/react-dom/cjs/react-dom.development.js:25547:5)
      at setFormData (node_modules/react-dom/cjs/react-dom.development.js:16708:7)
      at handleChange (src/components/InsuranceCalculator.js:25:5)
      at HTMLUnknownElement.callCallback (node_modules/react-dom/cjs/react-dom.development.js:4164:14)
      at HTMLUnknownElement.callTheUserObjectsOperation (node_modules/jsdom/lib/jsdom/living/generated/EventListener.js:26:30)
      at innerInvokeEventListeners (node_modules/jsdom/lib/jsdom/living/events/EventTarget-impl.js:338:25)
      at invokeEventListeners (node_modules/jsdom/lib/jsdom/living/events/EventTarget-impl.js:274:3)
      at HTMLUnknownElementImpl._dispatch (node_modules/jsdom/lib/jsdom/living/events/EventTarget-impl.js:221:9)
      at HTMLUnknownElementImpl.dispatchEvent (node_modules/jsdom/lib/jsdom/living/events/EventTarget-impl.js:94:17)
      at HTMLUnknownElement.dispatchEvent (node_modules/jsdom/lib/jsdom/living/generated/EventTarget.js:231:34)
      at Object.invokeGuardedCallbackDev (node_modules/react-dom/cjs/react-dom.development.js:4213:16)
      at invokeGuardedCallback (node_modules/react-dom/cjs/react-dom.development.js:4277:31)
      at invokeGuardedCallbackAndCatchFirstError (node_modules/react-dom/cjs/react-dom.development.js:4291:25)
      at executeDispatch (node_modules/react-dom/cjs/react-dom.development.js:9041:3)
      at processDispatchQueueItemsInOrder (node_modules/react-dom/cjs/react-dom.development.js:9073:7)
      at processDispatchQueue (node_modules/react-dom/cjs/react-dom.development.js:9086:5)
      at dispatchEventsForPlugins (node_modules/react-dom/cjs/react-dom.development.js:9097:3)
      at node_modules/react-dom/cjs/react-dom.development.js:9288:12
      at batchedUpdates$1 (node_modules/react-dom/cjs/react-dom.development.js:26179:12)
      at batchedUpdates (node_modules/react-dom/cjs/react-dom.development.js:3991:12)
      at dispatchEventForPluginEventSystem (node_modules/react-dom/cjs/react-dom.development.js:9287:3)
      at dispatchEventWithEnableCapturePhaseSelectiveHydrationWithoutDiscreteEventReplay (node_modules/react-dom/cjs/react-dom.development.js:6465:5)
      at dispatchEvent (node_modules/react-dom/cjs/react-dom.development.js:6457:5)
      at dispatchDiscreteEvent (node_modules/react-dom/cjs/react-dom.development.js:6430:5)
      at HTMLDivElement.callTheUserObjectsOperation (node_modules/jsdom/lib/jsdom/living/generated/EventListener.js:26:30)
      at innerInvokeEventListeners (node_modules/jsdom/lib/jsdom/living/events/EventTarget-impl.js:338:25)
      at invokeEventListeners (node_modules/jsdom/lib/jsdom/living/events/EventTarget-impl.js:274:3)
      at HTMLInputElementImpl._dispatch (node_modules/jsdom/lib/jsdom/living/events/EventTarget-impl.js:221:9)
      at HTMLInputElementImpl.dispatchEvent (node_modules/jsdom/lib/jsdom/living/events/EventTarget-impl.js:94:17)
      at HTMLInputElement.dispatchEvent (node_modules/jsdom/lib/jsdom/living/generated/EventTarget.js:231:34)
      at node_modules/@testing-library/dom/dist/events.js:19:20
      at Object.eventWrapper (node_modules/@testing-library/dom/dist/config.js:25:23)
      at fireEvent (node_modules/@testing-library/dom/dist/events.js:12:35)
      at fireEvent.<computed> [as input] (node_modules/@testing-library/dom/dist/events.js:110:36)
      at fireInputEvent (node_modules/@testing-library/user-event/dist/keyboard/shared/fireInputEvent.js:31:18)
      at Object.handle (node_modules/@testing-library/user-event/dist/keyboard/plugins/character.js:138:32)
      at applyPlugins (node_modules/@testing-library/user-event/dist/keyboard/keyboardImplementation.js:157:12)
      at keypress (node_modules/@testing-library/user-event/dist/keyboard/keyboardImplementation.js:135:5)
      at keyboardImplementation (node_modules/@testing-library/user-event/dist/keyboard/keyboardImplementation.js:53:9)
      at keyboardImplementationWrapper (node_modules/@testing-library/user-event/dist/keyboard/index.js:55:65)
      at typeImplementation (node_modules/@testing-library/user-event/dist/type/typeImplementation.js:49:51)
      at Object.type (node_modules/@testing-library/user-event/dist/type/index.js:27:60)
      at Object.<anonymous> (src/components/InsuranceCalculator.test.js:18:21)

    console.error
      Warning: An update to InsuranceCalculator inside a test was not wrapped in act(...).
      
      When testing, code that causes React state updates should be wrapped into act(...):
      
      act(() => {
        /* fire events that update state */
      });
      /* assert on the output */
      
      This ensures that you're testing the behavior the user would see in the browser. Learn more at https://reactjs.org/link/wrap-tests-with-act
          at InsuranceCalculator (C:\Users\Andre Cadima\Documents\Gestion De Calidad de Sistemas\Calculadora_Pruebas_Unitarias\src\components\InsuranceCalculator.js:9:43)

    [0m [90m 27 |[39m       [name][33m:[39m value
     [90m 28 |[39m     }))[33m;[39m
    [31m[1m>[22m[39m[90m 29 |[39m     setError([32m''[39m)[33m;[39m
     [90m    |[39m     [31m[1m^[22m[39m
     [90m 30 |[39m   }[33m;[39m
     [90m 31 |[39m
     [90m 32 |[39m   [36mconst[39m handleSubmit [33m=[39m (e) [33m=>[39m {[0m

      at printWarning (node_modules/react-dom/cjs/react-dom.development.js:86:30)
      at error (node_modules/react-dom/cjs/react-dom.development.js:60:7)
      at warnIfUpdatesNotWrappedWithActDEV (node_modules/react-dom/cjs/react-dom.development.js:27628:9)
      at scheduleUpdateOnFiber (node_modules/react-dom/cjs/react-dom.development.js:25547:5)
      at setError (node_modules/react-dom/cjs/react-dom.development.js:16708:7)
      at handleChange (src/components/InsuranceCalculator.js:29:5)
      at HTMLUnknownElement.callCallback (node_modules/react-dom/cjs/react-dom.development.js:4164:14)
      at HTMLUnknownElement.callTheUserObjectsOperation (node_modules/jsdom/lib/jsdom/living/generated/EventListener.js:26:30)
      at innerInvokeEventListeners (node_modules/jsdom/lib/jsdom/living/events/EventTarget-impl.js:338:25)
      at invokeEventListeners (node_modules/jsdom/lib/jsdom/living/events/EventTarget-impl.js:274:3)
      at HTMLUnknownElementImpl._dispatch (node_modules/jsdom/lib/jsdom/living/events/EventTarget-impl.js:221:9)
      at HTMLUnknownElementImpl.dispatchEvent (node_modules/jsdom/lib/jsdom/living/events/EventTarget-impl.js:94:17)
      at HTMLUnknownElement.dispatchEvent (node_modules/jsdom/lib/jsdom/living/generated/EventTarget.js:231:34)
      at Object.invokeGuardedCallbackDev (node_modules/react-dom/cjs/react-dom.development.js:4213:16)
      at invokeGuardedCallback (node_modules/react-dom/cjs/react-dom.development.js:4277:31)
      at invokeGuardedCallbackAndCatchFirstError (node_modules/react-dom/cjs/react-dom.development.js:4291:25)
      at executeDispatch (node_modules/react-dom/cjs/react-dom.development.js:9041:3)
      at processDispatchQueueItemsInOrder (node_modules/react-dom/cjs/react-dom.development.js:9073:7)
      at processDispatchQueue (node_modules/react-dom/cjs/react-dom.development.js:9086:5)
      at dispatchEventsForPlugins (node_modules/react-dom/cjs/react-dom.development.js:9097:3)
      at node_modules/react-dom/cjs/react-dom.development.js:9288:12
      at batchedUpdates$1 (node_modules/react-dom/cjs/react-dom.development.js:26179:12)
      at batchedUpdates (node_modules/react-dom/cjs/react-dom.development.js:3991:12)
      at dispatchEventForPluginEventSystem (node_modules/react-dom/cjs/react-dom.development.js:9287:3)
      at dispatchEventWithEnableCapturePhaseSelectiveHydrationWithoutDiscreteEventReplay (node_modules/react-dom/cjs/react-dom.development.js:6465:5)
      at dispatchEvent (node_modules/react-dom/cjs/react-dom.development.js:6457:5)
      at dispatchDiscreteEvent (node_modules/react-dom/cjs/react-dom.development.js:6430:5)
      at HTMLDivElement.callTheUserObjectsOperation (node_modules/jsdom/lib/jsdom/living/generated/EventListener.js:26:30)
      at innerInvokeEventListeners (node_modules/jsdom/lib/jsdom/living/events/EventTarget-impl.js:338:25)
      at invokeEventListeners (node_modules/jsdom/lib/jsdom/living/events/EventTarget-impl.js:274:3)
      at HTMLInputElementImpl._dispatch (node_modules/jsdom/lib/jsdom/living/events/EventTarget-impl.js:221:9)
      at HTMLInputElementImpl.dispatchEvent (node_modules/jsdom/lib/jsdom/living/events/EventTarget-impl.js:94:17)
      at HTMLInputElement.dispatchEvent (node_modules/jsdom/lib/jsdom/living/generated/EventTarget.js:231:34)
      at node_modules/@testing-library/dom/dist/events.js:19:20
      at Object.eventWrapper (node_modules/@testing-library/dom/dist/config.js:25:23)
      at fireEvent (node_modules/@testing-library/dom/dist/events.js:12:35)
      at fireEvent.<computed> [as input] (node_modules/@testing-library/dom/dist/events.js:110:36)
      at fireInputEvent (node_modules/@testing-library/user-event/dist/keyboard/shared/fireInputEvent.js:31:18)
      at Object.handle (node_modules/@testing-library/user-event/dist/keyboard/plugins/character.js:138:32)
      at applyPlugins (node_modules/@testing-library/user-event/dist/keyboard/keyboardImplementation.js:157:12)
      at keypress (node_modules/@testing-library/user-event/dist/keyboard/keyboardImplementation.js:135:5)
      at keyboardImplementation (node_modules/@testing-library/user-event/dist/keyboard/keyboardImplementation.js:53:9)
      at keyboardImplementationWrapper (node_modules/@testing-library/user-event/dist/keyboard/index.js:55:65)
      at typeImplementation (node_modules/@testing-library/user-event/dist/type/typeImplementation.js:49:51)
      at Object.type (node_modules/@testing-library/user-event/dist/type/index.js:27:60)
      at Object.<anonymous> (src/components/InsuranceCalculator.test.js:18:21)

    console.error
      Warning: An update to InsuranceCalculator inside a test was not wrapped in act(...).
      
      When testing, code that causes React state updates should be wrapped into act(...):
      
      act(() => {
        /* fire events that update state */
      });
      /* assert on the output */
      
      This ensures that you're testing the behavior the user would see in the browser. Learn more at https://reactjs.org/link/wrap-tests-with-act
          at InsuranceCalculator (C:\Users\Andre Cadima\Documents\Gestion De Calidad de Sistemas\Calculadora_Pruebas_Unitarias\src\components\InsuranceCalculator.js:9:43)

    [0m [90m 23 |[39m   [36mconst[39m handleChange [33m=[39m (e) [33m=>[39m {
     [90m 24 |[39m     [36mconst[39m { name[33m,[39m value } [33m=[39m e[33m.[39mtarget[33m;[39m
    [31m[1m>[22m[39m[90m 25 |[39m     setFormData(prev [33m=>[39m ({
     [90m    |[39m     [31m[1m^[22m[39m
     [90m 26 |[39m       [33m...[39mprev[33m,[39m
     [90m 27 |[39m       [name][33m:[39m value
     [90m 28 |[39m     }))[33m;[39m[0m

      at printWarning (node_modules/react-dom/cjs/react-dom.development.js:86:30)
      at error (node_modules/react-dom/cjs/react-dom.development.js:60:7)
      at warnIfUpdatesNotWrappedWithActDEV (node_modules/react-dom/cjs/react-dom.development.js:27628:9)
      at scheduleUpdateOnFiber (node_modules/react-dom/cjs/react-dom.development.js:25547:5)
      at setFormData (node_modules/react-dom/cjs/react-dom.development.js:16708:7)
      at handleChange (src/components/InsuranceCalculator.js:25:5)
      at HTMLUnknownElement.callCallback (node_modules/react-dom/cjs/react-dom.development.js:4164:14)
      at HTMLUnknownElement.callTheUserObjectsOperation (node_modules/jsdom/lib/jsdom/living/generated/EventListener.js:26:30)
      at innerInvokeEventListeners (node_modules/jsdom/lib/jsdom/living/events/EventTarget-impl.js:338:25)
      at invokeEventListeners (node_modules/jsdom/lib/jsdom/living/events/EventTarget-impl.js:274:3)
      at HTMLUnknownElementImpl._dispatch (node_modules/jsdom/lib/jsdom/living/events/EventTarget-impl.js:221:9)
      at HTMLUnknownElementImpl.dispatchEvent (node_modules/jsdom/lib/jsdom/living/events/EventTarget-impl.js:94:17)
      at HTMLUnknownElement.dispatchEvent (node_modules/jsdom/lib/jsdom/living/generated/EventTarget.js:231:34)
      at Object.invokeGuardedCallbackDev (node_modules/react-dom/cjs/react-dom.development.js:4213:16)
      at invokeGuardedCallback (node_modules/react-dom/cjs/react-dom.development.js:4277:31)
      at invokeGuardedCallbackAndCatchFirstError (node_modules/react-dom/cjs/react-dom.development.js:4291:25)
      at executeDispatch (node_modules/react-dom/cjs/react-dom.development.js:9041:3)
      at processDispatchQueueItemsInOrder (node_modules/react-dom/cjs/react-dom.development.js:9073:7)
      at processDispatchQueue (node_modules/react-dom/cjs/react-dom.development.js:9086:5)
      at dispatchEventsForPlugins (node_modules/react-dom/cjs/react-dom.development.js:9097:3)
      at node_modules/react-dom/cjs/react-dom.development.js:9288:12
      at batchedUpdates$1 (node_modules/react-dom/cjs/react-dom.development.js:26179:12)
      at batchedUpdates (node_modules/react-dom/cjs/react-dom.development.js:3991:12)
      at dispatchEventForPluginEventSystem (node_modules/react-dom/cjs/react-dom.development.js:9287:3)
      at dispatchEventWithEnableCapturePhaseSelectiveHydrationWithoutDiscreteEventReplay (node_modules/react-dom/cjs/react-dom.development.js:6465:5)
      at dispatchEvent (node_modules/react-dom/cjs/react-dom.development.js:6457:5)
      at dispatchDiscreteEvent (node_modules/react-dom/cjs/react-dom.development.js:6430:5)
      at HTMLDivElement.callTheUserObjectsOperation (node_modules/jsdom/lib/jsdom/living/generated/EventListener.js:26:30)
      at innerInvokeEventListeners (node_modules/jsdom/lib/jsdom/living/events/EventTarget-impl.js:338:25)
      at invokeEventListeners (node_modules/jsdom/lib/jsdom/living/events/EventTarget-impl.js:274:3)
      at HTMLInputElementImpl._dispatch (node_modules/jsdom/lib/jsdom/living/events/EventTarget-impl.js:221:9)
      at HTMLInputElementImpl.dispatchEvent (node_modules/jsdom/lib/jsdom/living/events/EventTarget-impl.js:94:17)
      at HTMLInputElement.dispatchEvent (node_modules/jsdom/lib/jsdom/living/generated/EventTarget.js:231:34)
      at node_modules/@testing-library/dom/dist/events.js:19:20
      at Object.eventWrapper (node_modules/@testing-library/dom/dist/config.js:25:23)
      at fireEvent (node_modules/@testing-library/dom/dist/events.js:12:35)
      at fireEvent.<computed> [as input] (node_modules/@testing-library/dom/dist/events.js:110:36)
      at fireInputEvent (node_modules/@testing-library/user-event/dist/keyboard/shared/fireInputEvent.js:31:18)
      at Object.handle (node_modules/@testing-library/user-event/dist/keyboard/plugins/character.js:138:32)
      at applyPlugins (node_modules/@testing-library/user-event/dist/keyboard/keyboardImplementation.js:157:12)
      at keypress (node_modules/@testing-library/user-event/dist/keyboard/keyboardImplementation.js:135:5)
      at keyboardImplementation (node_modules/@testing-library/user-event/dist/keyboard/keyboardImplementation.js:53:9)
      at keyboardImplementation (node_modules/@testing-library/user-event/dist/keyboard/keyboardImplementation.js:81:12)
      at keyboardImplementationWrapper (node_modules/@testing-library/user-event/dist/keyboard/index.js:55:65)
      at typeImplementation (node_modules/@testing-library/user-event/dist/type/typeImplementation.js:49:51)
      at Object.type (node_modules/@testing-library/user-event/dist/type/index.js:27:60)
      at Object.<anonymous> (src/components/InsuranceCalculator.test.js:18:21)

    console.error
      Warning: An update to InsuranceCalculator inside a test was not wrapped in act(...).
      
      When testing, code that causes React state updates should be wrapped into act(...):
      
      act(() => {
        /* fire events that update state */
      });
      /* assert on the output */
      
      This ensures that you're testing the behavior the user would see in the browser. Learn more at https://reactjs.org/link/wrap-tests-with-act
          at InsuranceCalculator (C:\Users\Andre Cadima\Documents\Gestion De Calidad de Sistemas\Calculadora_Pruebas_Unitarias\src\components\InsuranceCalculator.js:9:43)

    [0m [90m 27 |[39m       [name][33m:[39m value
     [90m 28 |[39m     }))[33m;[39m
    [31m[1m>[22m[39m[90m 29 |[39m     setError([32m''[39m)[33m;[39m
     [90m    |[39m     [31m[1m^[22m[39m
     [90m 30 |[39m   }[33m;[39m
     [90m 31 |[39m
     [90m 32 |[39m   [36mconst[39m handleSubmit [33m=[39m (e) [33m=>[39m {[0m

      at printWarning (node_modules/react-dom/cjs/react-dom.development.js:86:30)
      at error (node_modules/react-dom/cjs/react-dom.development.js:60:7)
      at warnIfUpdatesNotWrappedWithActDEV (node_modules/react-dom/cjs/react-dom.development.js:27628:9)
      at scheduleUpdateOnFiber (node_modules/react-dom/cjs/react-dom.development.js:25547:5)
      at setError (node_modules/react-dom/cjs/react-dom.development.js:16708:7)
      at handleChange (src/components/InsuranceCalculator.js:29:5)
      at HTMLUnknownElement.callCallback (node_modules/react-dom/cjs/react-dom.development.js:4164:14)
      at HTMLUnknownElement.callTheUserObjectsOperation (node_modules/jsdom/lib/jsdom/living/generated/EventListener.js:26:30)
      at innerInvokeEventListeners (node_modules/jsdom/lib/jsdom/living/events/EventTarget-impl.js:338:25)
      at invokeEventListeners (node_modules/jsdom/lib/jsdom/living/events/EventTarget-impl.js:274:3)
      at HTMLUnknownElementImpl._dispatch (node_modules/jsdom/lib/jsdom/living/events/EventTarget-impl.js:221:9)
      at HTMLUnknownElementImpl.dispatchEvent (node_modules/jsdom/lib/jsdom/living/events/EventTarget-impl.js:94:17)
      at HTMLUnknownElement.dispatchEvent (node_modules/jsdom/lib/jsdom/living/generated/EventTarget.js:231:34)
      at Object.invokeGuardedCallbackDev (node_modules/react-dom/cjs/react-dom.development.js:4213:16)
      at invokeGuardedCallback (node_modules/react-dom/cjs/react-dom.development.js:4277:31)
      at invokeGuardedCallbackAndCatchFirstError (node_modules/react-dom/cjs/react-dom.development.js:4291:25)
      at executeDispatch (node_modules/react-dom/cjs/react-dom.development.js:9041:3)
      at processDispatchQueueItemsInOrder (node_modules/react-dom/cjs/react-dom.development.js:9073:7)
      at processDispatchQueue (node_modules/react-dom/cjs/react-dom.development.js:9086:5)
      at dispatchEventsForPlugins (node_modules/react-dom/cjs/react-dom.development.js:9097:3)
      at node_modules/react-dom/cjs/react-dom.development.js:9288:12
      at batchedUpdates$1 (node_modules/react-dom/cjs/react-dom.development.js:26179:12)
      at batchedUpdates (node_modules/react-dom/cjs/react-dom.development.js:3991:12)
      at dispatchEventForPluginEventSystem (node_modules/react-dom/cjs/react-dom.development.js:9287:3)
      at dispatchEventWithEnableCapturePhaseSelectiveHydrationWithoutDiscreteEventReplay (node_modules/react-dom/cjs/react-dom.development.js:6465:5)
      at dispatchEvent (node_modules/react-dom/cjs/react-dom.development.js:6457:5)
      at dispatchDiscreteEvent (node_modules/react-dom/cjs/react-dom.development.js:6430:5)
      at HTMLDivElement.callTheUserObjectsOperation (node_modules/jsdom/lib/jsdom/living/generated/EventListener.js:26:30)
      at innerInvokeEventListeners (node_modules/jsdom/lib/jsdom/living/events/EventTarget-impl.js:338:25)
      at invokeEventListeners (node_modules/jsdom/lib/jsdom/living/events/EventTarget-impl.js:274:3)
      at HTMLInputElementImpl._dispatch (node_modules/jsdom/lib/jsdom/living/events/EventTarget-impl.js:221:9)
      at HTMLInputElementImpl.dispatchEvent (node_modules/jsdom/lib/jsdom/living/events/EventTarget-impl.js:94:17)
      at HTMLInputElement.dispatchEvent (node_modules/jsdom/lib/jsdom/living/generated/EventTarget.js:231:34)
      at node_modules/@testing-library/dom/dist/events.js:19:20
      at Object.eventWrapper (node_modules/@testing-library/dom/dist/config.js:25:23)
      at fireEvent (node_modules/@testing-library/dom/dist/events.js:12:35)
      at fireEvent.<computed> [as input] (node_modules/@testing-library/dom/dist/events.js:110:36)
      at fireInputEvent (node_modules/@testing-library/user-event/dist/keyboard/shared/fireInputEvent.js:31:18)
      at Object.handle (node_modules/@testing-library/user-event/dist/keyboard/plugins/character.js:138:32)
      at applyPlugins (node_modules/@testing-library/user-event/dist/keyboard/keyboardImplementation.js:157:12)
      at keypress (node_modules/@testing-library/user-event/dist/keyboard/keyboardImplementation.js:135:5)
      at keyboardImplementation (node_modules/@testing-library/user-event/dist/keyboard/keyboardImplementation.js:53:9)
      at keyboardImplementation (node_modules/@testing-library/user-event/dist/keyboard/keyboardImplementation.js:81:12)
      at keyboardImplementationWrapper (node_modules/@testing-library/user-event/dist/keyboard/index.js:55:65)
      at typeImplementation (node_modules/@testing-library/user-event/dist/type/typeImplementation.js:49:51)
      at Object.type (node_modules/@testing-library/user-event/dist/type/index.js:27:60)
      at Object.<anonymous> (src/components/InsuranceCalculator.test.js:18:21)

    console.error
      Warning: An update to InsuranceCalculator inside a test was not wrapped in act(...).
      
      When testing, code that causes React state updates should be wrapped into act(...):
      
      act(() => {
        /* fire events that update state */
      });
      /* assert on the output */
      
      This ensures that you're testing the behavior the user would see in the browser. Learn more at https://reactjs.org/link/wrap-tests-with-act
          at InsuranceCalculator (C:\Users\Andre Cadima\Documents\Gestion De Calidad de Sistemas\Calculadora_Pruebas_Unitarias\src\components\InsuranceCalculator.js:9:43)

    [0m [90m 23 |[39m   [36mconst[39m handleChange [33m=[39m (e) [33m=>[39m {
     [90m 24 |[39m     [36mconst[39m { name[33m,[39m value } [33m=[39m e[33m.[39mtarget[33m;[39m
    [31m[1m>[22m[39m[90m 25 |[39m     setFormData(prev [33m=>[39m ({
     [90m    |[39m     [31m[1m^[22m[39m
     [90m 26 |[39m       [33m...[39mprev[33m,[39m
     [90m 27 |[39m       [name][33m:[39m value
     [90m 28 |[39m     }))[33m;[39m[0m

      at printWarning (node_modules/react-dom/cjs/react-dom.development.js:86:30)
      at error (node_modules/react-dom/cjs/react-dom.development.js:60:7)
      at warnIfUpdatesNotWrappedWithActDEV (node_modules/react-dom/cjs/react-dom.development.js:27628:9)
      at scheduleUpdateOnFiber (node_modules/react-dom/cjs/react-dom.development.js:25547:5)
      at setFormData (node_modules/react-dom/cjs/react-dom.development.js:16708:7)
      at handleChange (src/components/InsuranceCalculator.js:25:5)
      at HTMLUnknownElement.callCallback (node_modules/react-dom/cjs/react-dom.development.js:4164:14)
      at HTMLUnknownElement.callTheUserObjectsOperation (node_modules/jsdom/lib/jsdom/living/generated/EventListener.js:26:30)
      at innerInvokeEventListeners (node_modules/jsdom/lib/jsdom/living/events/EventTarget-impl.js:338:25)
      at invokeEventListeners (node_modules/jsdom/lib/jsdom/living/events/EventTarget-impl.js:274:3)
      at HTMLUnknownElementImpl._dispatch (node_modules/jsdom/lib/jsdom/living/events/EventTarget-impl.js:221:9)
      at HTMLUnknownElementImpl.dispatchEvent (node_modules/jsdom/lib/jsdom/living/events/EventTarget-impl.js:94:17)
      at HTMLUnknownElement.dispatchEvent (node_modules/jsdom/lib/jsdom/living/generated/EventTarget.js:231:34)
      at Object.invokeGuardedCallbackDev (node_modules/react-dom/cjs/react-dom.development.js:4213:16)
      at invokeGuardedCallback (node_modules/react-dom/cjs/react-dom.development.js:4277:31)
      at invokeGuardedCallbackAndCatchFirstError (node_modules/react-dom/cjs/react-dom.development.js:4291:25)
      at executeDispatch (node_modules/react-dom/cjs/react-dom.development.js:9041:3)
      at processDispatchQueueItemsInOrder (node_modules/react-dom/cjs/react-dom.development.js:9073:7)
      at processDispatchQueue (node_modules/react-dom/cjs/react-dom.development.js:9086:5)
      at dispatchEventsForPlugins (node_modules/react-dom/cjs/react-dom.development.js:9097:3)
      at node_modules/react-dom/cjs/react-dom.development.js:9288:12
      at batchedUpdates$1 (node_modules/react-dom/cjs/react-dom.development.js:26179:12)
      at batchedUpdates (node_modules/react-dom/cjs/react-dom.development.js:3991:12)
      at dispatchEventForPluginEventSystem (node_modules/react-dom/cjs/react-dom.development.js:9287:3)
      at dispatchEventWithEnableCapturePhaseSelectiveHydrationWithoutDiscreteEventReplay (node_modules/react-dom/cjs/react-dom.development.js:6465:5)
      at dispatchEvent (node_modules/react-dom/cjs/react-dom.development.js:6457:5)
      at dispatchDiscreteEvent (node_modules/react-dom/cjs/react-dom.development.js:6430:5)
      at HTMLDivElement.callTheUserObjectsOperation (node_modules/jsdom/lib/jsdom/living/generated/EventListener.js:26:30)
      at innerInvokeEventListeners (node_modules/jsdom/lib/jsdom/living/events/EventTarget-impl.js:338:25)
      at invokeEventListeners (node_modules/jsdom/lib/jsdom/living/events/EventTarget-impl.js:274:3)
      at HTMLInputElementImpl._dispatch (node_modules/jsdom/lib/jsdom/living/events/EventTarget-impl.js:221:9)
      at HTMLInputElementImpl.dispatchEvent (node_modules/jsdom/lib/jsdom/living/events/EventTarget-impl.js:94:17)
      at HTMLInputElement.dispatchEvent (node_modules/jsdom/lib/jsdom/living/generated/EventTarget.js:231:34)
      at node_modules/@testing-library/dom/dist/events.js:19:20
      at Object.eventWrapper (node_modules/@testing-library/dom/dist/config.js:25:23)
      at fireEvent (node_modules/@testing-library/dom/dist/events.js:12:35)
      at fireEvent.<computed> [as input] (node_modules/@testing-library/dom/dist/events.js:110:36)
      at fireInputEvent (node_modules/@testing-library/user-event/dist/keyboard/shared/fireInputEvent.js:31:18)
      at Object.handle (node_modules/@testing-library/user-event/dist/keyboard/plugins/character.js:138:32)
      at applyPlugins (node_modules/@testing-library/user-event/dist/keyboard/keyboardImplementation.js:157:12)
      at keypress (node_modules/@testing-library/user-event/dist/keyboard/keyboardImplementation.js:135:5)
      at keyboardImplementation (node_modules/@testing-library/user-event/dist/keyboard/keyboardImplementation.js:53:9)
      at keyboardImplementation (node_modules/@testing-library/user-event/dist/keyboard/keyboardImplementation.js:81:12)
      at keyboardImplementation (node_modules/@testing-library/user-event/dist/keyboard/keyboardImplementation.js:81:12)
      at keyboardImplementationWrapper (node_modules/@testing-library/user-event/dist/keyboard/index.js:55:65)
      at typeImplementation (node_modules/@testing-library/user-event/dist/type/typeImplementation.js:49:51)
      at Object.type (node_modules/@testing-library/user-event/dist/type/index.js:27:60)
      at Object.<anonymous> (src/components/InsuranceCalculator.test.js:18:21)

    console.error
      Warning: An update to InsuranceCalculator inside a test was not wrapped in act(...).
      
      When testing, code that causes React state updates should be wrapped into act(...):
      
      act(() => {
        /* fire events that update state */
      });
      /* assert on the output */
      
      This ensures that you're testing the behavior the user would see in the browser. Learn more at https://reactjs.org/link/wrap-tests-with-act
          at InsuranceCalculator (C:\Users\Andre Cadima\Documents\Gestion De Calidad de Sistemas\Calculadora_Pruebas_Unitarias\src\components\InsuranceCalculator.js:9:43)

    [0m [90m 27 |[39m       [name][33m:[39m value
     [90m 28 |[39m     }))[33m;[39m
    [31m[1m>[22m[39m[90m 29 |[39m     setError([32m''[39m)[33m;[39m
     [90m    |[39m     [31m[1m^[22m[39m
     [90m 30 |[39m   }[33m;[39m
     [90m 31 |[39m
     [90m 32 |[39m   [36mconst[39m handleSubmit [33m=[39m (e) [33m=>[39m {[0m

      at printWarning (node_modules/react-dom/cjs/react-dom.development.js:86:30)
      at error (node_modules/react-dom/cjs/react-dom.development.js:60:7)
      at warnIfUpdatesNotWrappedWithActDEV (node_modules/react-dom/cjs/react-dom.development.js:27628:9)
      at scheduleUpdateOnFiber (node_modules/react-dom/cjs/react-dom.development.js:25547:5)
      at setError (node_modules/react-dom/cjs/react-dom.development.js:16708:7)
      at handleChange (src/components/InsuranceCalculator.js:29:5)
      at HTMLUnknownElement.callCallback (node_modules/react-dom/cjs/react-dom.development.js:4164:14)
      at HTMLUnknownElement.callTheUserObjectsOperation (node_modules/jsdom/lib/jsdom/living/generated/EventListener.js:26:30)
      at innerInvokeEventListeners (node_modules/jsdom/lib/jsdom/living/events/EventTarget-impl.js:338:25)
      at invokeEventListeners (node_modules/jsdom/lib/jsdom/living/events/EventTarget-impl.js:274:3)
      at HTMLUnknownElementImpl._dispatch (node_modules/jsdom/lib/jsdom/living/events/EventTarget-impl.js:221:9)
      at HTMLUnknownElementImpl.dispatchEvent (node_modules/jsdom/lib/jsdom/living/events/EventTarget-impl.js:94:17)
      at HTMLUnknownElement.dispatchEvent (node_modules/jsdom/lib/jsdom/living/generated/EventTarget.js:231:34)
      at Object.invokeGuardedCallbackDev (node_modules/react-dom/cjs/react-dom.development.js:4213:16)
      at invokeGuardedCallback (node_modules/react-dom/cjs/react-dom.development.js:4277:31)
      at invokeGuardedCallbackAndCatchFirstError (node_modules/react-dom/cjs/react-dom.development.js:4291:25)
      at executeDispatch (node_modules/react-dom/cjs/react-dom.development.js:9041:3)
      at processDispatchQueueItemsInOrder (node_modules/react-dom/cjs/react-dom.development.js:9073:7)
      at processDispatchQueue (node_modules/react-dom/cjs/react-dom.development.js:9086:5)
      at dispatchEventsForPlugins (node_modules/react-dom/cjs/react-dom.development.js:9097:3)
      at node_modules/react-dom/cjs/react-dom.development.js:9288:12
      at batchedUpdates$1 (node_modules/react-dom/cjs/react-dom.development.js:26179:12)
      at batchedUpdates (node_modules/react-dom/cjs/react-dom.development.js:3991:12)
      at dispatchEventForPluginEventSystem (node_modules/react-dom/cjs/react-dom.development.js:9287:3)
      at dispatchEventWithEnableCapturePhaseSelectiveHydrationWithoutDiscreteEventReplay (node_modules/react-dom/cjs/react-dom.development.js:6465:5)
      at dispatchEvent (node_modules/react-dom/cjs/react-dom.development.js:6457:5)
      at dispatchDiscreteEvent (node_modules/react-dom/cjs/react-dom.development.js:6430:5)
      at HTMLDivElement.callTheUserObjectsOperation (node_modules/jsdom/lib/jsdom/living/generated/EventListener.js:26:30)
      at innerInvokeEventListeners (node_modules/jsdom/lib/jsdom/living/events/EventTarget-impl.js:338:25)
      at invokeEventListeners (node_modules/jsdom/lib/jsdom/living/events/EventTarget-impl.js:274:3)
      at HTMLInputElementImpl._dispatch (node_modules/jsdom/lib/jsdom/living/events/EventTarget-impl.js:221:9)
      at HTMLInputElementImpl.dispatchEvent (node_modules/jsdom/lib/jsdom/living/events/EventTarget-impl.js:94:17)
      at HTMLInputElement.dispatchEvent (node_modules/jsdom/lib/jsdom/living/generated/EventTarget.js:231:34)
      at node_modules/@testing-library/dom/dist/events.js:19:20
      at Object.eventWrapper (node_modules/@testing-library/dom/dist/config.js:25:23)
      at fireEvent (node_modules/@testing-library/dom/dist/events.js:12:35)
      at fireEvent.<computed> [as input] (node_modules/@testing-library/dom/dist/events.js:110:36)
      at fireInputEvent (node_modules/@testing-library/user-event/dist/keyboard/shared/fireInputEvent.js:31:18)
      at Object.handle (node_modules/@testing-library/user-event/dist/keyboard/plugins/character.js:138:32)
      at applyPlugins (node_modules/@testing-library/user-event/dist/keyboard/keyboardImplementation.js:157:12)
      at keypress (node_modules/@testing-library/user-event/dist/keyboard/keyboardImplementation.js:135:5)
      at keyboardImplementation (node_modules/@testing-library/user-event/dist/keyboard/keyboardImplementation.js:53:9)
      at keyboardImplementation (node_modules/@testing-library/user-event/dist/keyboard/keyboardImplementation.js:81:12)
      at keyboardImplementation (node_modules/@testing-library/user-event/dist/keyboard/keyboardImplementation.js:81:12)
      at keyboardImplementationWrapper (node_modules/@testing-library/user-event/dist/keyboard/index.js:55:65)
      at typeImplementation (node_modules/@testing-library/user-event/dist/type/typeImplementation.js:49:51)
      at Object.type (node_modules/@testing-library/user-event/dist/type/index.js:27:60)
      at Object.<anonymous> (src/components/InsuranceCalculator.test.js:18:21)

    console.error
      Warning: An update to InsuranceCalculator inside a test was not wrapped in act(...).
      
      When testing, code that causes React state updates should be wrapped into act(...):
      
      act(() => {
        /* fire events that update state */
      });
      /* assert on the output */
      
      This ensures that you're testing the behavior the user would see in the browser. Learn more at https://reactjs.org/link/wrap-tests-with-act
          at InsuranceCalculator (C:\Users\Andre Cadima\Documents\Gestion De Calidad de Sistemas\Calculadora_Pruebas_Unitarias\src\components\InsuranceCalculator.js:9:43)

    [0m [90m 23 |[39m   [36mconst[39m handleChange [33m=[39m (e) [33m=>[39m {
     [90m 24 |[39m     [36mconst[39m { name[33m,[39m value } [33m=[39m e[33m.[39mtarget[33m;[39m
    [31m[1m>[22m[39m[90m 25 |[39m     setFormData(prev [33m=>[39m ({
     [90m    |[39m     [31m[1m^[22m[39m
     [90m 26 |[39m       [33m...[39mprev[33m,[39m
     [90m 27 |[39m       [name][33m:[39m value
     [90m 28 |[39m     }))[33m;[39m[0m

      at printWarning (node_modules/react-dom/cjs/react-dom.development.js:86:30)
      at error (node_modules/react-dom/cjs/react-dom.development.js:60:7)
      at warnIfUpdatesNotWrappedWithActDEV (node_modules/react-dom/cjs/react-dom.development.js:27628:9)
      at scheduleUpdateOnFiber (node_modules/react-dom/cjs/react-dom.development.js:25547:5)
      at setFormData (node_modules/react-dom/cjs/react-dom.development.js:16708:7)
      at handleChange (src/components/InsuranceCalculator.js:25:5)
      at HTMLUnknownElement.callCallback (node_modules/react-dom/cjs/react-dom.development.js:4164:14)
      at HTMLUnknownElement.callTheUserObjectsOperation (node_modules/jsdom/lib/jsdom/living/generated/EventListener.js:26:30)
      at innerInvokeEventListeners (node_modules/jsdom/lib/jsdom/living/events/EventTarget-impl.js:338:25)
      at invokeEventListeners (node_modules/jsdom/lib/jsdom/living/events/EventTarget-impl.js:274:3)
      at HTMLUnknownElementImpl._dispatch (node_modules/jsdom/lib/jsdom/living/events/EventTarget-impl.js:221:9)
      at HTMLUnknownElementImpl.dispatchEvent (node_modules/jsdom/lib/jsdom/living/events/EventTarget-impl.js:94:17)
      at HTMLUnknownElement.dispatchEvent (node_modules/jsdom/lib/jsdom/living/generated/EventTarget.js:231:34)
      at Object.invokeGuardedCallbackDev (node_modules/react-dom/cjs/react-dom.development.js:4213:16)
      at invokeGuardedCallback (node_modules/react-dom/cjs/react-dom.development.js:4277:31)
      at invokeGuardedCallbackAndCatchFirstError (node_modules/react-dom/cjs/react-dom.development.js:4291:25)
      at executeDispatch (node_modules/react-dom/cjs/react-dom.development.js:9041:3)
      at processDispatchQueueItemsInOrder (node_modules/react-dom/cjs/react-dom.development.js:9073:7)
      at processDispatchQueue (node_modules/react-dom/cjs/react-dom.development.js:9086:5)
      at dispatchEventsForPlugins (node_modules/react-dom/cjs/react-dom.development.js:9097:3)
      at node_modules/react-dom/cjs/react-dom.development.js:9288:12
      at batchedUpdates$1 (node_modules/react-dom/cjs/react-dom.development.js:26179:12)
      at batchedUpdates (node_modules/react-dom/cjs/react-dom.development.js:3991:12)
      at dispatchEventForPluginEventSystem (node_modules/react-dom/cjs/react-dom.development.js:9287:3)
      at dispatchEventWithEnableCapturePhaseSelectiveHydrationWithoutDiscreteEventReplay (node_modules/react-dom/cjs/react-dom.development.js:6465:5)
      at dispatchEvent (node_modules/react-dom/cjs/react-dom.development.js:6457:5)
      at dispatchDiscreteEvent (node_modules/react-dom/cjs/react-dom.development.js:6430:5)
      at HTMLDivElement.callTheUserObjectsOperation (node_modules/jsdom/lib/jsdom/living/generated/EventListener.js:26:30)
      at innerInvokeEventListeners (node_modules/jsdom/lib/jsdom/living/events/EventTarget-impl.js:338:25)
      at invokeEventListeners (node_modules/jsdom/lib/jsdom/living/events/EventTarget-impl.js:274:3)
      at HTMLInputElementImpl._dispatch (node_modules/jsdom/lib/jsdom/living/events/EventTarget-impl.js:221:9)
      at HTMLInputElementImpl.dispatchEvent (node_modules/jsdom/lib/jsdom/living/events/EventTarget-impl.js:94:17)
      at HTMLInputElement.dispatchEvent (node_modules/jsdom/lib/jsdom/living/generated/EventTarget.js:231:34)
      at node_modules/@testing-library/dom/dist/events.js:19:20
      at Object.eventWrapper (node_modules/@testing-library/dom/dist/config.js:25:23)
      at fireEvent (node_modules/@testing-library/dom/dist/events.js:12:35)
      at fireEvent.<computed> [as input] (node_modules/@testing-library/dom/dist/events.js:110:36)
      at fireInputEvent (node_modules/@testing-library/user-event/dist/keyboard/shared/fireInputEvent.js:31:18)
      at Object.handle (node_modules/@testing-library/user-event/dist/keyboard/plugins/character.js:138:32)
      at applyPlugins (node_modules/@testing-library/user-event/dist/keyboard/keyboardImplementation.js:157:12)
      at keypress (node_modules/@testing-library/user-event/dist/keyboard/keyboardImplementation.js:135:5)
      at keyboardImplementation (node_modules/@testing-library/user-event/dist/keyboard/keyboardImplementation.js:53:9)
      at keyboardImplementation (node_modules/@testing-library/user-event/dist/keyboard/keyboardImplementation.js:81:12)
      at keyboardImplementation (node_modules/@testing-library/user-event/dist/keyboard/keyboardImplementation.js:81:12)
      at keyboardImplementation (node_modules/@testing-library/user-event/dist/keyboard/keyboardImplementation.js:81:12)
      at keyboardImplementationWrapper (node_modules/@testing-library/user-event/dist/keyboard/index.js:55:65)
      at typeImplementation (node_modules/@testing-library/user-event/dist/type/typeImplementation.js:49:51)
      at Object.type (node_modules/@testing-library/user-event/dist/type/index.js:27:60)

    console.error
      Warning: An update to InsuranceCalculator inside a test was not wrapped in act(...).
      
      When testing, code that causes React state updates should be wrapped into act(...):
      
      act(() => {
        /* fire events that update state */
      });
      /* assert on the output */
      
      This ensures that you're testing the behavior the user would see in the browser. Learn more at https://reactjs.org/link/wrap-tests-with-act
          at InsuranceCalculator (C:\Users\Andre Cadima\Documents\Gestion De Calidad de Sistemas\Calculadora_Pruebas_Unitarias\src\components\InsuranceCalculator.js:9:43)

    [0m [90m 27 |[39m       [name][33m:[39m value
     [90m 28 |[39m     }))[33m;[39m
    [31m[1m>[22m[39m[90m 29 |[39m     setError([32m''[39m)[33m;[39m
     [90m    |[39m     [31m[1m^[22m[39m
     [90m 30 |[39m   }[33m;[39m
     [90m 31 |[39m
     [90m 32 |[39m   [36mconst[39m handleSubmit [33m=[39m (e) [33m=>[39m {[0m

      at printWarning (node_modules/react-dom/cjs/react-dom.development.js:86:30)
      at error (node_modules/react-dom/cjs/react-dom.development.js:60:7)
      at warnIfUpdatesNotWrappedWithActDEV (node_modules/react-dom/cjs/react-dom.development.js:27628:9)
      at scheduleUpdateOnFiber (node_modules/react-dom/cjs/react-dom.development.js:25547:5)
      at setError (node_modules/react-dom/cjs/react-dom.development.js:16708:7)
      at handleChange (src/components/InsuranceCalculator.js:29:5)
      at HTMLUnknownElement.callCallback (node_modules/react-dom/cjs/react-dom.development.js:4164:14)
      at HTMLUnknownElement.callTheUserObjectsOperation (node_modules/jsdom/lib/jsdom/living/generated/EventListener.js:26:30)
      at innerInvokeEventListeners (node_modules/jsdom/lib/jsdom/living/events/EventTarget-impl.js:338:25)
      at invokeEventListeners (node_modules/jsdom/lib/jsdom/living/events/EventTarget-impl.js:274:3)
      at HTMLUnknownElementImpl._dispatch (node_modules/jsdom/lib/jsdom/living/events/EventTarget-impl.js:221:9)
      at HTMLUnknownElementImpl.dispatchEvent (node_modules/jsdom/lib/jsdom/living/events/EventTarget-impl.js:94:17)
      at HTMLUnknownElement.dispatchEvent (node_modules/jsdom/lib/jsdom/living/generated/EventTarget.js:231:34)
      at Object.invokeGuardedCallbackDev (node_modules/react-dom/cjs/react-dom.development.js:4213:16)
      at invokeGuardedCallback (node_modules/react-dom/cjs/react-dom.development.js:4277:31)
      at invokeGuardedCallbackAndCatchFirstError (node_modules/react-dom/cjs/react-dom.development.js:4291:25)
      at executeDispatch (node_modules/react-dom/cjs/react-dom.development.js:9041:3)
      at processDispatchQueueItemsInOrder (node_modules/react-dom/cjs/react-dom.development.js:9073:7)
      at processDispatchQueue (node_modules/react-dom/cjs/react-dom.development.js:9086:5)
      at dispatchEventsForPlugins (node_modules/react-dom/cjs/react-dom.development.js:9097:3)
      at node_modules/react-dom/cjs/react-dom.development.js:9288:12
      at batchedUpdates$1 (node_modules/react-dom/cjs/react-dom.development.js:26179:12)
      at batchedUpdates (node_modules/react-dom/cjs/react-dom.development.js:3991:12)
      at dispatchEventForPluginEventSystem (node_modules/react-dom/cjs/react-dom.development.js:9287:3)
      at dispatchEventWithEnableCapturePhaseSelectiveHydrationWithoutDiscreteEventReplay (node_modules/react-dom/cjs/react-dom.development.js:6465:5)
      at dispatchEvent (node_modules/react-dom/cjs/react-dom.development.js:6457:5)
      at dispatchDiscreteEvent (node_modules/react-dom/cjs/react-dom.development.js:6430:5)
      at HTMLDivElement.callTheUserObjectsOperation (node_modules/jsdom/lib/jsdom/living/generated/EventListener.js:26:30)
      at innerInvokeEventListeners (node_modules/jsdom/lib/jsdom/living/events/EventTarget-impl.js:338:25)
      at invokeEventListeners (node_modules/jsdom/lib/jsdom/living/events/EventTarget-impl.js:274:3)
      at HTMLInputElementImpl._dispatch (node_modules/jsdom/lib/jsdom/living/events/EventTarget-impl.js:221:9)
      at HTMLInputElementImpl.dispatchEvent (node_modules/jsdom/lib/jsdom/living/events/EventTarget-impl.js:94:17)
      at HTMLInputElement.dispatchEvent (node_modules/jsdom/lib/jsdom/living/generated/EventTarget.js:231:34)
      at node_modules/@testing-library/dom/dist/events.js:19:20
      at Object.eventWrapper (node_modules/@testing-library/dom/dist/config.js:25:23)
      at fireEvent (node_modules/@testing-library/dom/dist/events.js:12:35)
      at fireEvent.<computed> [as input] (node_modules/@testing-library/dom/dist/events.js:110:36)
      at fireInputEvent (node_modules/@testing-library/user-event/dist/keyboard/shared/fireInputEvent.js:31:18)
      at Object.handle (node_modules/@testing-library/user-event/dist/keyboard/plugins/character.js:138:32)
      at applyPlugins (node_modules/@testing-library/user-event/dist/keyboard/keyboardImplementation.js:157:12)
      at keypress (node_modules/@testing-library/user-event/dist/keyboard/keyboardImplementation.js:135:5)
      at keyboardImplementation (node_modules/@testing-library/user-event/dist/keyboard/keyboardImplementation.js:53:9)
      at keyboardImplementation (node_modules/@testing-library/user-event/dist/keyboard/keyboardImplementation.js:81:12)
      at keyboardImplementation (node_modules/@testing-library/user-event/dist/keyboard/keyboardImplementation.js:81:12)
      at keyboardImplementation (node_modules/@testing-library/user-event/dist/keyboard/keyboardImplementation.js:81:12)
      at keyboardImplementationWrapper (node_modules/@testing-library/user-event/dist/keyboard/index.js:55:65)
      at typeImplementation (node_modules/@testing-library/user-event/dist/type/typeImplementation.js:49:51)
      at Object.type (node_modules/@testing-library/user-event/dist/type/index.js:27:60)

    console.error
      Warning: An update to InsuranceCalculator inside a test was not wrapped in act(...).
      
      When testing, code that causes React state updates should be wrapped into act(...):
      
      act(() => {
        /* fire events that update state */
      });
      /* assert on the output */
      
      This ensures that you're testing the behavior the user would see in the browser. Learn more at https://reactjs.org/link/wrap-tests-with-act
          at InsuranceCalculator (C:\Users\Andre Cadima\Documents\Gestion De Calidad de Sistemas\Calculadora_Pruebas_Unitarias\src\components\InsuranceCalculator.js:9:43)

    [0m [90m 23 |[39m   [36mconst[39m handleChange [33m=[39m (e) [33m=>[39m {
     [90m 24 |[39m     [36mconst[39m { name[33m,[39m value } [33m=[39m e[33m.[39mtarget[33m;[39m
    [31m[1m>[22m[39m[90m 25 |[39m     setFormData(prev [33m=>[39m ({
     [90m    |[39m     [31m[1m^[22m[39m
     [90m 26 |[39m       [33m...[39mprev[33m,[39m
     [90m 27 |[39m       [name][33m:[39m value
     [90m 28 |[39m     }))[33m;[39m[0m

      at printWarning (node_modules/react-dom/cjs/react-dom.development.js:86:30)
      at error (node_modules/react-dom/cjs/react-dom.development.js:60:7)
      at warnIfUpdatesNotWrappedWithActDEV (node_modules/react-dom/cjs/react-dom.development.js:27628:9)
      at scheduleUpdateOnFiber (node_modules/react-dom/cjs/react-dom.development.js:25547:5)
      at setFormData (node_modules/react-dom/cjs/react-dom.development.js:16708:7)
      at handleChange (src/components/InsuranceCalculator.js:25:5)
      at HTMLUnknownElement.callCallback (node_modules/react-dom/cjs/react-dom.development.js:4164:14)
      at HTMLUnknownElement.callTheUserObjectsOperation (node_modules/jsdom/lib/jsdom/living/generated/EventListener.js:26:30)
      at innerInvokeEventListeners (node_modules/jsdom/lib/jsdom/living/events/EventTarget-impl.js:338:25)
      at invokeEventListeners (node_modules/jsdom/lib/jsdom/living/events/EventTarget-impl.js:274:3)
      at HTMLUnknownElementImpl._dispatch (node_modules/jsdom/lib/jsdom/living/events/EventTarget-impl.js:221:9)
      at HTMLUnknownElementImpl.dispatchEvent (node_modules/jsdom/lib/jsdom/living/events/EventTarget-impl.js:94:17)
      at HTMLUnknownElement.dispatchEvent (node_modules/jsdom/lib/jsdom/living/generated/EventTarget.js:231:34)
      at Object.invokeGuardedCallbackDev (node_modules/react-dom/cjs/react-dom.development.js:4213:16)
      at invokeGuardedCallback (node_modules/react-dom/cjs/react-dom.development.js:4277:31)
      at invokeGuardedCallbackAndCatchFirstError (node_modules/react-dom/cjs/react-dom.development.js:4291:25)
      at executeDispatch (node_modules/react-dom/cjs/react-dom.development.js:9041:3)
      at processDispatchQueueItemsInOrder (node_modules/react-dom/cjs/react-dom.development.js:9073:7)
      at processDispatchQueue (node_modules/react-dom/cjs/react-dom.development.js:9086:5)
      at dispatchEventsForPlugins (node_modules/react-dom/cjs/react-dom.development.js:9097:3)
      at node_modules/react-dom/cjs/react-dom.development.js:9288:12
      at batchedUpdates$1 (node_modules/react-dom/cjs/react-dom.development.js:26179:12)
      at batchedUpdates (node_modules/react-dom/cjs/react-dom.development.js:3991:12)
      at dispatchEventForPluginEventSystem (node_modules/react-dom/cjs/react-dom.development.js:9287:3)
      at dispatchEventWithEnableCapturePhaseSelectiveHydrationWithoutDiscreteEventReplay (node_modules/react-dom/cjs/react-dom.development.js:6465:5)
      at dispatchEvent (node_modules/react-dom/cjs/react-dom.development.js:6457:5)
      at dispatchDiscreteEvent (node_modules/react-dom/cjs/react-dom.development.js:6430:5)
      at HTMLDivElement.callTheUserObjectsOperation (node_modules/jsdom/lib/jsdom/living/generated/EventListener.js:26:30)
      at innerInvokeEventListeners (node_modules/jsdom/lib/jsdom/living/events/EventTarget-impl.js:338:25)
      at invokeEventListeners (node_modules/jsdom/lib/jsdom/living/events/EventTarget-impl.js:274:3)
      at HTMLInputElementImpl._dispatch (node_modules/jsdom/lib/jsdom/living/events/EventTarget-impl.js:221:9)
      at HTMLInputElementImpl.dispatchEvent (node_modules/jsdom/lib/jsdom/living/events/EventTarget-impl.js:94:17)
      at HTMLInputElement.dispatchEvent (node_modules/jsdom/lib/jsdom/living/generated/EventTarget.js:231:34)
      at node_modules/@testing-library/dom/dist/events.js:19:20
      at Object.eventWrapper (node_modules/@testing-library/dom/dist/config.js:25:23)
      at fireEvent (node_modules/@testing-library/dom/dist/events.js:12:35)
      at fireEvent.<computed> [as input] (node_modules/@testing-library/dom/dist/events.js:110:36)
      at fireInputEvent (node_modules/@testing-library/user-event/dist/keyboard/shared/fireInputEvent.js:31:18)
      at Object.handle (node_modules/@testing-library/user-event/dist/keyboard/plugins/character.js:138:32)
      at applyPlugins (node_modules/@testing-library/user-event/dist/keyboard/keyboardImplementation.js:157:12)
      at keypress (node_modules/@testing-library/user-event/dist/keyboard/keyboardImplementation.js:135:5)
      at keyboardImplementation (node_modules/@testing-library/user-event/dist/keyboard/keyboardImplementation.js:53:9)
      at keyboardImplementation (node_modules/@testing-library/user-event/dist/keyboard/keyboardImplementation.js:81:12)
      at keyboardImplementation (node_modules/@testing-library/user-event/dist/keyboard/keyboardImplementation.js:81:12)
      at keyboardImplementation (node_modules/@testing-library/user-event/dist/keyboard/keyboardImplementation.js:81:12)
      at keyboardImplementation (node_modules/@testing-library/user-event/dist/keyboard/keyboardImplementation.js:81:12)
      at keyboardImplementationWrapper (node_modules/@testing-library/user-event/dist/keyboard/index.js:55:65)
      at typeImplementation (node_modules/@testing-library/user-event/dist/type/typeImplementation.js:49:51)

    console.error
      Warning: An update to InsuranceCalculator inside a test was not wrapped in act(...).
      
      When testing, code that causes React state updates should be wrapped into act(...):
      
      act(() => {
        /* fire events that update state */
      });
      /* assert on the output */
      
      This ensures that you're testing the behavior the user would see in the browser. Learn more at https://reactjs.org/link/wrap-tests-with-act
          at InsuranceCalculator (C:\Users\Andre Cadima\Documents\Gestion De Calidad de Sistemas\Calculadora_Pruebas_Unitarias\src\components\InsuranceCalculator.js:9:43)

    [0m [90m 27 |[39m       [name][33m:[39m value
     [90m 28 |[39m     }))[33m;[39m
    [31m[1m>[22m[39m[90m 29 |[39m     setError([32m''[39m)[33m;[39m
     [90m    |[39m     [31m[1m^[22m[39m
     [90m 30 |[39m   }[33m;[39m
     [90m 31 |[39m
     [90m 32 |[39m   [36mconst[39m handleSubmit [33m=[39m (e) [33m=>[39m {[0m

      at printWarning (node_modules/react-dom/cjs/react-dom.development.js:86:30)
      at error (node_modules/react-dom/cjs/react-dom.development.js:60:7)
      at warnIfUpdatesNotWrappedWithActDEV (node_modules/react-dom/cjs/react-dom.development.js:27628:9)
      at scheduleUpdateOnFiber (node_modules/react-dom/cjs/react-dom.development.js:25547:5)
      at setError (node_modules/react-dom/cjs/react-dom.development.js:16708:7)
      at handleChange (src/components/InsuranceCalculator.js:29:5)
      at HTMLUnknownElement.callCallback (node_modules/react-dom/cjs/react-dom.development.js:4164:14)
      at HTMLUnknownElement.callTheUserObjectsOperation (node_modules/jsdom/lib/jsdom/living/generated/EventListener.js:26:30)
      at innerInvokeEventListeners (node_modules/jsdom/lib/jsdom/living/events/EventTarget-impl.js:338:25)
      at invokeEventListeners (node_modules/jsdom/lib/jsdom/living/events/EventTarget-impl.js:274:3)
      at HTMLUnknownElementImpl._dispatch (node_modules/jsdom/lib/jsdom/living/events/EventTarget-impl.js:221:9)
      at HTMLUnknownElementImpl.dispatchEvent (node_modules/jsdom/lib/jsdom/living/events/EventTarget-impl.js:94:17)
      at HTMLUnknownElement.dispatchEvent (node_modules/jsdom/lib/jsdom/living/generated/EventTarget.js:231:34)
      at Object.invokeGuardedCallbackDev (node_modules/react-dom/cjs/react-dom.development.js:4213:16)
      at invokeGuardedCallback (node_modules/react-dom/cjs/react-dom.development.js:4277:31)
      at invokeGuardedCallbackAndCatchFirstError (node_modules/react-dom/cjs/react-dom.development.js:4291:25)
      at executeDispatch (node_modules/react-dom/cjs/react-dom.development.js:9041:3)
      at processDispatchQueueItemsInOrder (node_modules/react-dom/cjs/react-dom.development.js:9073:7)
      at processDispatchQueue (node_modules/react-dom/cjs/react-dom.development.js:9086:5)
      at dispatchEventsForPlugins (node_modules/react-dom/cjs/react-dom.development.js:9097:3)
      at node_modules/react-dom/cjs/react-dom.development.js:9288:12
      at batchedUpdates$1 (node_modules/react-dom/cjs/react-dom.development.js:26179:12)
      at batchedUpdates (node_modules/react-dom/cjs/react-dom.development.js:3991:12)
      at dispatchEventForPluginEventSystem (node_modules/react-dom/cjs/react-dom.development.js:9287:3)
      at dispatchEventWithEnableCapturePhaseSelectiveHydrationWithoutDiscreteEventReplay (node_modules/react-dom/cjs/react-dom.development.js:6465:5)
      at dispatchEvent (node_modules/react-dom/cjs/react-dom.development.js:6457:5)
      at dispatchDiscreteEvent (node_modules/react-dom/cjs/react-dom.development.js:6430:5)
      at HTMLDivElement.callTheUserObjectsOperation (node_modules/jsdom/lib/jsdom/living/generated/EventListener.js:26:30)
      at innerInvokeEventListeners (node_modules/jsdom/lib/jsdom/living/events/EventTarget-impl.js:338:25)
      at invokeEventListeners (node_modules/jsdom/lib/jsdom/living/events/EventTarget-impl.js:274:3)
      at HTMLInputElementImpl._dispatch (node_modules/jsdom/lib/jsdom/living/events/EventTarget-impl.js:221:9)
      at HTMLInputElementImpl.dispatchEvent (node_modules/jsdom/lib/jsdom/living/events/EventTarget-impl.js:94:17)
      at HTMLInputElement.dispatchEvent (node_modules/jsdom/lib/jsdom/living/generated/EventTarget.js:231:34)
      at node_modules/@testing-library/dom/dist/events.js:19:20
      at Object.eventWrapper (node_modules/@testing-library/dom/dist/config.js:25:23)
      at fireEvent (node_modules/@testing-library/dom/dist/events.js:12:35)
      at fireEvent.<computed> [as input] (node_modules/@testing-library/dom/dist/events.js:110:36)
      at fireInputEvent (node_modules/@testing-library/user-event/dist/keyboard/shared/fireInputEvent.js:31:18)
      at Object.handle (node_modules/@testing-library/user-event/dist/keyboard/plugins/character.js:138:32)
      at applyPlugins (node_modules/@testing-library/user-event/dist/keyboard/keyboardImplementation.js:157:12)
      at keypress (node_modules/@testing-library/user-event/dist/keyboard/keyboardImplementation.js:135:5)
      at keyboardImplementation (node_modules/@testing-library/user-event/dist/keyboard/keyboardImplementation.js:53:9)
      at keyboardImplementation (node_modules/@testing-library/user-event/dist/keyboard/keyboardImplementation.js:81:12)
      at keyboardImplementation (node_modules/@testing-library/user-event/dist/keyboard/keyboardImplementation.js:81:12)
      at keyboardImplementation (node_modules/@testing-library/user-event/dist/keyboard/keyboardImplementation.js:81:12)
      at keyboardImplementation (node_modules/@testing-library/user-event/dist/keyboard/keyboardImplementation.js:81:12)
      at keyboardImplementationWrapper (node_modules/@testing-library/user-event/dist/keyboard/index.js:55:65)
      at typeImplementation (node_modules/@testing-library/user-event/dist/type/typeImplementation.js:49:51)

    console.error
      Warning: An update to InsuranceCalculator inside a test was not wrapped in act(...).
      
      When testing, code that causes React state updates should be wrapped into act(...):
      
      act(() => {
        /* fire events that update state */
      });
      /* assert on the output */
      
      This ensures that you're testing the behavior the user would see in the browser. Learn more at https://reactjs.org/link/wrap-tests-with-act
          at InsuranceCalculator (C:\Users\Andre Cadima\Documents\Gestion De Calidad de Sistemas\Calculadora_Pruebas_Unitarias\src\components\InsuranceCalculator.js:9:43)

    [0m [90m 23 |[39m   [36mconst[39m handleChange [33m=[39m (e) [33m=>[39m {
     [90m 24 |[39m     [36mconst[39m { name[33m,[39m value } [33m=[39m e[33m.[39mtarget[33m;[39m
    [31m[1m>[22m[39m[90m 25 |[39m     setFormData(prev [33m=>[39m ({
     [90m    |[39m     [31m[1m^[22m[39m
     [90m 26 |[39m       [33m...[39mprev[33m,[39m
     [90m 27 |[39m       [name][33m:[39m value
     [90m 28 |[39m     }))[33m;[39m[0m

      at printWarning (node_modules/react-dom/cjs/react-dom.development.js:86:30)
      at error (node_modules/react-dom/cjs/react-dom.development.js:60:7)
      at warnIfUpdatesNotWrappedWithActDEV (node_modules/react-dom/cjs/react-dom.development.js:27628:9)
      at scheduleUpdateOnFiber (node_modules/react-dom/cjs/react-dom.development.js:25547:5)
      at setFormData (node_modules/react-dom/cjs/react-dom.development.js:16708:7)
      at handleChange (src/components/InsuranceCalculator.js:25:5)
      at HTMLUnknownElement.callCallback (node_modules/react-dom/cjs/react-dom.development.js:4164:14)
      at HTMLUnknownElement.callTheUserObjectsOperation (node_modules/jsdom/lib/jsdom/living/generated/EventListener.js:26:30)
      at innerInvokeEventListeners (node_modules/jsdom/lib/jsdom/living/events/EventTarget-impl.js:338:25)
      at invokeEventListeners (node_modules/jsdom/lib/jsdom/living/events/EventTarget-impl.js:274:3)
      at HTMLUnknownElementImpl._dispatch (node_modules/jsdom/lib/jsdom/living/events/EventTarget-impl.js:221:9)
      at HTMLUnknownElementImpl.dispatchEvent (node_modules/jsdom/lib/jsdom/living/events/EventTarget-impl.js:94:17)
      at HTMLUnknownElement.dispatchEvent (node_modules/jsdom/lib/jsdom/living/generated/EventTarget.js:231:34)
      at Object.invokeGuardedCallbackDev (node_modules/react-dom/cjs/react-dom.development.js:4213:16)
      at invokeGuardedCallback (node_modules/react-dom/cjs/react-dom.development.js:4277:31)
      at invokeGuardedCallbackAndCatchFirstError (node_modules/react-dom/cjs/react-dom.development.js:4291:25)
      at executeDispatch (node_modules/react-dom/cjs/react-dom.development.js:9041:3)
      at processDispatchQueueItemsInOrder (node_modules/react-dom/cjs/react-dom.development.js:9073:7)
      at processDispatchQueue (node_modules/react-dom/cjs/react-dom.development.js:9086:5)
      at dispatchEventsForPlugins (node_modules/react-dom/cjs/react-dom.development.js:9097:3)
      at node_modules/react-dom/cjs/react-dom.development.js:9288:12
      at batchedUpdates$1 (node_modules/react-dom/cjs/react-dom.development.js:26179:12)
      at batchedUpdates (node_modules/react-dom/cjs/react-dom.development.js:3991:12)
      at dispatchEventForPluginEventSystem (node_modules/react-dom/cjs/react-dom.development.js:9287:3)
      at dispatchEventWithEnableCapturePhaseSelectiveHydrationWithoutDiscreteEventReplay (node_modules/react-dom/cjs/react-dom.development.js:6465:5)
      at dispatchEvent (node_modules/react-dom/cjs/react-dom.development.js:6457:5)
      at dispatchDiscreteEvent (node_modules/react-dom/cjs/react-dom.development.js:6430:5)
      at HTMLDivElement.callTheUserObjectsOperation (node_modules/jsdom/lib/jsdom/living/generated/EventListener.js:26:30)
      at innerInvokeEventListeners (node_modules/jsdom/lib/jsdom/living/events/EventTarget-impl.js:338:25)
      at invokeEventListeners (node_modules/jsdom/lib/jsdom/living/events/EventTarget-impl.js:274:3)
      at HTMLInputElementImpl._dispatch (node_modules/jsdom/lib/jsdom/living/events/EventTarget-impl.js:221:9)
      at HTMLInputElementImpl.dispatchEvent (node_modules/jsdom/lib/jsdom/living/events/EventTarget-impl.js:94:17)
      at HTMLInputElement.dispatchEvent (node_modules/jsdom/lib/jsdom/living/generated/EventTarget.js:231:34)
      at node_modules/@testing-library/dom/dist/events.js:19:20
      at Object.eventWrapper (node_modules/@testing-library/dom/dist/config.js:25:23)
      at fireEvent (node_modules/@testing-library/dom/dist/events.js:12:35)
      at fireEvent.<computed> [as input] (node_modules/@testing-library/dom/dist/events.js:110:36)
      at fireInputEvent (node_modules/@testing-library/user-event/dist/keyboard/shared/fireInputEvent.js:31:18)
      at Object.handle (node_modules/@testing-library/user-event/dist/keyboard/plugins/character.js:138:32)
      at applyPlugins (node_modules/@testing-library/user-event/dist/keyboard/keyboardImplementation.js:157:12)
      at keypress (node_modules/@testing-library/user-event/dist/keyboard/keyboardImplementation.js:135:5)
      at keyboardImplementation (node_modules/@testing-library/user-event/dist/keyboard/keyboardImplementation.js:53:9)
      at keyboardImplementation (node_modules/@testing-library/user-event/dist/keyboard/keyboardImplementation.js:81:12)
      at keyboardImplementation (node_modules/@testing-library/user-event/dist/keyboard/keyboardImplementation.js:81:12)
      at keyboardImplementation (node_modules/@testing-library/user-event/dist/keyboard/keyboardImplementation.js:81:12)
      at keyboardImplementation (node_modules/@testing-library/user-event/dist/keyboard/keyboardImplementation.js:81:12)
      at keyboardImplementation (node_modules/@testing-library/user-event/dist/keyboard/keyboardImplementation.js:81:12)
      at keyboardImplementationWrapper (node_modules/@testing-library/user-event/dist/keyboard/index.js:55:65)

    console.error
      Warning: An update to InsuranceCalculator inside a test was not wrapped in act(...).
      
      When testing, code that causes React state updates should be wrapped into act(...):
      
      act(() => {
        /* fire events that update state */
      });
      /* assert on the output */
      
      This ensures that you're testing the behavior the user would see in the browser. Learn more at https://reactjs.org/link/wrap-tests-with-act
          at InsuranceCalculator (C:\Users\Andre Cadima\Documents\Gestion De Calidad de Sistemas\Calculadora_Pruebas_Unitarias\src\components\InsuranceCalculator.js:9:43)

    [0m [90m 27 |[39m       [name][33m:[39m value
     [90m 28 |[39m     }))[33m;[39m
    [31m[1m>[22m[39m[90m 29 |[39m     setError([32m''[39m)[33m;[39m
     [90m    |[39m     [31m[1m^[22m[39m
     [90m 30 |[39m   }[33m;[39m
     [90m 31 |[39m
     [90m 32 |[39m   [36mconst[39m handleSubmit [33m=[39m (e) [33m=>[39m {[0m

      at printWarning (node_modules/react-dom/cjs/react-dom.development.js:86:30)
      at error (node_modules/react-dom/cjs/react-dom.development.js:60:7)
      at warnIfUpdatesNotWrappedWithActDEV (node_modules/react-dom/cjs/react-dom.development.js:27628:9)
      at scheduleUpdateOnFiber (node_modules/react-dom/cjs/react-dom.development.js:25547:5)
      at setError (node_modules/react-dom/cjs/react-dom.development.js:16708:7)
      at handleChange (src/components/InsuranceCalculator.js:29:5)
      at HTMLUnknownElement.callCallback (node_modules/react-dom/cjs/react-dom.development.js:4164:14)
      at HTMLUnknownElement.callTheUserObjectsOperation (node_modules/jsdom/lib/jsdom/living/generated/EventListener.js:26:30)
      at innerInvokeEventListeners (node_modules/jsdom/lib/jsdom/living/events/EventTarget-impl.js:338:25)
      at invokeEventListeners (node_modules/jsdom/lib/jsdom/living/events/EventTarget-impl.js:274:3)
      at HTMLUnknownElementImpl._dispatch (node_modules/jsdom/lib/jsdom/living/events/EventTarget-impl.js:221:9)
      at HTMLUnknownElementImpl.dispatchEvent (node_modules/jsdom/lib/jsdom/living/events/EventTarget-impl.js:94:17)
      at HTMLUnknownElement.dispatchEvent (node_modules/jsdom/lib/jsdom/living/generated/EventTarget.js:231:34)
      at Object.invokeGuardedCallbackDev (node_modules/react-dom/cjs/react-dom.development.js:4213:16)
      at invokeGuardedCallback (node_modules/react-dom/cjs/react-dom.development.js:4277:31)
      at invokeGuardedCallbackAndCatchFirstError (node_modules/react-dom/cjs/react-dom.development.js:4291:25)
      at executeDispatch (node_modules/react-dom/cjs/react-dom.development.js:9041:3)
      at processDispatchQueueItemsInOrder (node_modules/react-dom/cjs/react-dom.development.js:9073:7)
      at processDispatchQueue (node_modules/react-dom/cjs/react-dom.development.js:9086:5)
      at dispatchEventsForPlugins (node_modules/react-dom/cjs/react-dom.development.js:9097:3)
      at node_modules/react-dom/cjs/react-dom.development.js:9288:12
      at batchedUpdates$1 (node_modules/react-dom/cjs/react-dom.development.js:26179:12)
      at batchedUpdates (node_modules/react-dom/cjs/react-dom.development.js:3991:12)
      at dispatchEventForPluginEventSystem (node_modules/react-dom/cjs/react-dom.development.js:9287:3)
      at dispatchEventWithEnableCapturePhaseSelectiveHydrationWithoutDiscreteEventReplay (node_modules/react-dom/cjs/react-dom.development.js:6465:5)
      at dispatchEvent (node_modules/react-dom/cjs/react-dom.development.js:6457:5)
      at dispatchDiscreteEvent (node_modules/react-dom/cjs/react-dom.development.js:6430:5)
      at HTMLDivElement.callTheUserObjectsOperation (node_modules/jsdom/lib/jsdom/living/generated/EventListener.js:26:30)
      at innerInvokeEventListeners (node_modules/jsdom/lib/jsdom/living/events/EventTarget-impl.js:338:25)
      at invokeEventListeners (node_modules/jsdom/lib/jsdom/living/events/EventTarget-impl.js:274:3)
      at HTMLInputElementImpl._dispatch (node_modules/jsdom/lib/jsdom/living/events/EventTarget-impl.js:221:9)
      at HTMLInputElementImpl.dispatchEvent (node_modules/jsdom/lib/jsdom/living/events/EventTarget-impl.js:94:17)
      at HTMLInputElement.dispatchEvent (node_modules/jsdom/lib/jsdom/living/generated/EventTarget.js:231:34)
      at node_modules/@testing-library/dom/dist/events.js:19:20
      at Object.eventWrapper (node_modules/@testing-library/dom/dist/config.js:25:23)
      at fireEvent (node_modules/@testing-library/dom/dist/events.js:12:35)
      at fireEvent.<computed> [as input] (node_modules/@testing-library/dom/dist/events.js:110:36)
      at fireInputEvent (node_modules/@testing-library/user-event/dist/keyboard/shared/fireInputEvent.js:31:18)
      at Object.handle (node_modules/@testing-library/user-event/dist/keyboard/plugins/character.js:138:32)
      at applyPlugins (node_modules/@testing-library/user-event/dist/keyboard/keyboardImplementation.js:157:12)
      at keypress (node_modules/@testing-library/user-event/dist/keyboard/keyboardImplementation.js:135:5)
      at keyboardImplementation (node_modules/@testing-library/user-event/dist/keyboard/keyboardImplementation.js:53:9)
      at keyboardImplementation (node_modules/@testing-library/user-event/dist/keyboard/keyboardImplementation.js:81:12)
      at keyboardImplementation (node_modules/@testing-library/user-event/dist/keyboard/keyboardImplementation.js:81:12)
      at keyboardImplementation (node_modules/@testing-library/user-event/dist/keyboard/keyboardImplementation.js:81:12)
      at keyboardImplementation (node_modules/@testing-library/user-event/dist/keyboard/keyboardImplementation.js:81:12)
      at keyboardImplementation (node_modules/@testing-library/user-event/dist/keyboard/keyboardImplementation.js:81:12)
      at keyboardImplementationWrapper (node_modules/@testing-library/user-event/dist/keyboard/index.js:55:65)

    console.error
      Warning: An update to InsuranceCalculator inside a test was not wrapped in act(...).
      
      When testing, code that causes React state updates should be wrapped into act(...):
      
      act(() => {
        /* fire events that update state */
      });
      /* assert on the output */
      
      This ensures that you're testing the behavior the user would see in the browser. Learn more at https://reactjs.org/link/wrap-tests-with-act
          at InsuranceCalculator (C:\Users\Andre Cadima\Documents\Gestion De Calidad de Sistemas\Calculadora_Pruebas_Unitarias\src\components\InsuranceCalculator.js:9:43)

    [0m [90m 23 |[39m   [36mconst[39m handleChange [33m=[39m (e) [33m=>[39m {
     [90m 24 |[39m     [36mconst[39m { name[33m,[39m value } [33m=[39m e[33m.[39mtarget[33m;[39m
    [31m[1m>[22m[39m[90m 25 |[39m     setFormData(prev [33m=>[39m ({
     [90m    |[39m     [31m[1m^[22m[39m
     [90m 26 |[39m       [33m...[39mprev[33m,[39m
     [90m 27 |[39m       [name][33m:[39m value
     [90m 28 |[39m     }))[33m;[39m[0m

      at printWarning (node_modules/react-dom/cjs/react-dom.development.js:86:30)
      at error (node_modules/react-dom/cjs/react-dom.development.js:60:7)
      at warnIfUpdatesNotWrappedWithActDEV (node_modules/react-dom/cjs/react-dom.development.js:27628:9)
      at scheduleUpdateOnFiber (node_modules/react-dom/cjs/react-dom.development.js:25547:5)
      at setFormData (node_modules/react-dom/cjs/react-dom.development.js:16708:7)
      at handleChange (src/components/InsuranceCalculator.js:25:5)
      at HTMLUnknownElement.callCallback (node_modules/react-dom/cjs/react-dom.development.js:4164:14)
      at HTMLUnknownElement.callTheUserObjectsOperation (node_modules/jsdom/lib/jsdom/living/generated/EventListener.js:26:30)
      at innerInvokeEventListeners (node_modules/jsdom/lib/jsdom/living/events/EventTarget-impl.js:338:25)
      at invokeEventListeners (node_modules/jsdom/lib/jsdom/living/events/EventTarget-impl.js:274:3)
      at HTMLUnknownElementImpl._dispatch (node_modules/jsdom/lib/jsdom/living/events/EventTarget-impl.js:221:9)
      at HTMLUnknownElementImpl.dispatchEvent (node_modules/jsdom/lib/jsdom/living/events/EventTarget-impl.js:94:17)
      at HTMLUnknownElement.dispatchEvent (node_modules/jsdom/lib/jsdom/living/generated/EventTarget.js:231:34)
      at Object.invokeGuardedCallbackDev (node_modules/react-dom/cjs/react-dom.development.js:4213:16)
      at invokeGuardedCallback (node_modules/react-dom/cjs/react-dom.development.js:4277:31)
      at invokeGuardedCallbackAndCatchFirstError (node_modules/react-dom/cjs/react-dom.development.js:4291:25)
      at executeDispatch (node_modules/react-dom/cjs/react-dom.development.js:9041:3)
      at processDispatchQueueItemsInOrder (node_modules/react-dom/cjs/react-dom.development.js:9073:7)
      at processDispatchQueue (node_modules/react-dom/cjs/react-dom.development.js:9086:5)
      at dispatchEventsForPlugins (node_modules/react-dom/cjs/react-dom.development.js:9097:3)
      at node_modules/react-dom/cjs/react-dom.development.js:9288:12
      at batchedUpdates$1 (node_modules/react-dom/cjs/react-dom.development.js:26179:12)
      at batchedUpdates (node_modules/react-dom/cjs/react-dom.development.js:3991:12)
      at dispatchEventForPluginEventSystem (node_modules/react-dom/cjs/react-dom.development.js:9287:3)
      at dispatchEventWithEnableCapturePhaseSelectiveHydrationWithoutDiscreteEventReplay (node_modules/react-dom/cjs/react-dom.development.js:6465:5)
      at dispatchEvent (node_modules/react-dom/cjs/react-dom.development.js:6457:5)
      at dispatchDiscreteEvent (node_modules/react-dom/cjs/react-dom.development.js:6430:5)
      at HTMLDivElement.callTheUserObjectsOperation (node_modules/jsdom/lib/jsdom/living/generated/EventListener.js:26:30)
      at innerInvokeEventListeners (node_modules/jsdom/lib/jsdom/living/events/EventTarget-impl.js:338:25)
      at invokeEventListeners (node_modules/jsdom/lib/jsdom/living/events/EventTarget-impl.js:274:3)
      at HTMLInputElementImpl._dispatch (node_modules/jsdom/lib/jsdom/living/events/EventTarget-impl.js:221:9)
      at HTMLInputElementImpl.dispatchEvent (node_modules/jsdom/lib/jsdom/living/events/EventTarget-impl.js:94:17)
      at HTMLInputElement.dispatchEvent (node_modules/jsdom/lib/jsdom/living/generated/EventTarget.js:231:34)
      at node_modules/@testing-library/dom/dist/events.js:19:20
      at Object.eventWrapper (node_modules/@testing-library/dom/dist/config.js:25:23)
      at fireEvent (node_modules/@testing-library/dom/dist/events.js:12:35)
      at fireEvent.<computed> [as click] (node_modules/@testing-library/dom/dist/events.js:110:36)
      at fireClick (node_modules/@testing-library/user-event/dist/click.js:150:20)
      at clickBooleanElement (node_modules/@testing-library/user-event/dist/click.js:61:5)
      at Object.click (node_modules/@testing-library/user-event/dist/click.js:131:7)
      at Object.<anonymous> (src/components/InsuranceCalculator.test.js:19:21)

    console.error
      Warning: An update to InsuranceCalculator inside a test was not wrapped in act(...).
      
      When testing, code that causes React state updates should be wrapped into act(...):
      
      act(() => {
        /* fire events that update state */
      });
      /* assert on the output */
      
      This ensures that you're testing the behavior the user would see in the browser. Learn more at https://reactjs.org/link/wrap-tests-with-act
          at InsuranceCalculator (C:\Users\Andre Cadima\Documents\Gestion De Calidad de Sistemas\Calculadora_Pruebas_Unitarias\src\components\InsuranceCalculator.js:9:43)

    [0m [90m 27 |[39m       [name][33m:[39m value
     [90m 28 |[39m     }))[33m;[39m
    [31m[1m>[22m[39m[90m 29 |[39m     setError([32m''[39m)[33m;[39m
     [90m    |[39m     [31m[1m^[22m[39m
     [90m 30 |[39m   }[33m;[39m
     [90m 31 |[39m
     [90m 32 |[39m   [36mconst[39m handleSubmit [33m=[39m (e) [33m=>[39m {[0m

      at printWarning (node_modules/react-dom/cjs/react-dom.development.js:86:30)
      at error (node_modules/react-dom/cjs/react-dom.development.js:60:7)
      at warnIfUpdatesNotWrappedWithActDEV (node_modules/react-dom/cjs/react-dom.development.js:27628:9)
      at scheduleUpdateOnFiber (node_modules/react-dom/cjs/react-dom.development.js:25547:5)
      at setError (node_modules/react-dom/cjs/react-dom.development.js:16708:7)
      at handleChange (src/components/InsuranceCalculator.js:29:5)
      at HTMLUnknownElement.callCallback (node_modules/react-dom/cjs/react-dom.development.js:4164:14)
      at HTMLUnknownElement.callTheUserObjectsOperation (node_modules/jsdom/lib/jsdom/living/generated/EventListener.js:26:30)
      at innerInvokeEventListeners (node_modules/jsdom/lib/jsdom/living/events/EventTarget-impl.js:338:25)
      at invokeEventListeners (node_modules/jsdom/lib/jsdom/living/events/EventTarget-impl.js:274:3)
      at HTMLUnknownElementImpl._dispatch (node_modules/jsdom/lib/jsdom/living/events/EventTarget-impl.js:221:9)
      at HTMLUnknownElementImpl.dispatchEvent (node_modules/jsdom/lib/jsdom/living/events/EventTarget-impl.js:94:17)
      at HTMLUnknownElement.dispatchEvent (node_modules/jsdom/lib/jsdom/living/generated/EventTarget.js:231:34)
      at Object.invokeGuardedCallbackDev (node_modules/react-dom/cjs/react-dom.development.js:4213:16)
      at invokeGuardedCallback (node_modules/react-dom/cjs/react-dom.development.js:4277:31)
      at invokeGuardedCallbackAndCatchFirstError (node_modules/react-dom/cjs/react-dom.development.js:4291:25)
      at executeDispatch (node_modules/react-dom/cjs/react-dom.development.js:9041:3)
      at processDispatchQueueItemsInOrder (node_modules/react-dom/cjs/react-dom.development.js:9073:7)
      at processDispatchQueue (node_modules/react-dom/cjs/react-dom.development.js:9086:5)
      at dispatchEventsForPlugins (node_modules/react-dom/cjs/react-dom.development.js:9097:3)
      at node_modules/react-dom/cjs/react-dom.development.js:9288:12
      at batchedUpdates$1 (node_modules/react-dom/cjs/react-dom.development.js:26179:12)
      at batchedUpdates (node_modules/react-dom/cjs/react-dom.development.js:3991:12)
      at dispatchEventForPluginEventSystem (node_modules/react-dom/cjs/react-dom.development.js:9287:3)
      at dispatchEventWithEnableCapturePhaseSelectiveHydrationWithoutDiscreteEventReplay (node_modules/react-dom/cjs/react-dom.development.js:6465:5)
      at dispatchEvent (node_modules/react-dom/cjs/react-dom.development.js:6457:5)
      at dispatchDiscreteEvent (node_modules/react-dom/cjs/react-dom.development.js:6430:5)
      at HTMLDivElement.callTheUserObjectsOperation (node_modules/jsdom/lib/jsdom/living/generated/EventListener.js:26:30)
      at innerInvokeEventListeners (node_modules/jsdom/lib/jsdom/living/events/EventTarget-impl.js:338:25)
      at invokeEventListeners (node_modules/jsdom/lib/jsdom/living/events/EventTarget-impl.js:274:3)
      at HTMLInputElementImpl._dispatch (node_modules/jsdom/lib/jsdom/living/events/EventTarget-impl.js:221:9)
      at HTMLInputElementImpl.dispatchEvent (node_modules/jsdom/lib/jsdom/living/events/EventTarget-impl.js:94:17)
      at HTMLInputElement.dispatchEvent (node_modules/jsdom/lib/jsdom/living/generated/EventTarget.js:231:34)
      at node_modules/@testing-library/dom/dist/events.js:19:20
      at Object.eventWrapper (node_modules/@testing-library/dom/dist/config.js:25:23)
      at fireEvent (node_modules/@testing-library/dom/dist/events.js:12:35)
      at fireEvent.<computed> [as click] (node_modules/@testing-library/dom/dist/events.js:110:36)
      at fireClick (node_modules/@testing-library/user-event/dist/click.js:150:20)
      at clickBooleanElement (node_modules/@testing-library/user-event/dist/click.js:61:5)
      at Object.click (node_modules/@testing-library/user-event/dist/click.js:131:7)
      at Object.<anonymous> (src/components/InsuranceCalculator.test.js:19:21)

    console.error
      Warning: An update to InsuranceCalculator inside a test was not wrapped in act(...).
      
      When testing, code that causes React state updates should be wrapped into act(...):
      
      act(() => {
        /* fire events that update state */
      });
      /* assert on the output */
      
      This ensures that you're testing the behavior the user would see in the browser. Learn more at https://reactjs.org/link/wrap-tests-with-act
          at InsuranceCalculator (C:\Users\Andre Cadima\Documents\Gestion De Calidad de Sistemas\Calculadora_Pruebas_Unitarias\src\components\InsuranceCalculator.js:9:43)

    [0m [90m 41 |[39m     [36mconst[39m monthlyCost [33m=[39m annualCost [33m/[39m [35m12[39m[33m;[39m
     [90m 42 |[39m
    [31m[1m>[22m[39m[90m 43 |[39m     setResult({
     [90m    |[39m     [31m[1m^[22m[39m
     [90m 44 |[39m       propertyValue[33m:[39m parseInt(formData[33m.[39mpropertyValue)[33m,[39m
     [90m 45 |[39m       insuranceType[33m:[39m formData[33m.[39minsuranceType[33m,[39m
     [90m 46 |[39m       annualCost[33m,[39m[0m

      at printWarning (node_modules/react-dom/cjs/react-dom.development.js:86:30)
      at error (node_modules/react-dom/cjs/react-dom.development.js:60:7)
      at warnIfUpdatesNotWrappedWithActDEV (node_modules/react-dom/cjs/react-dom.development.js:27628:9)
      at scheduleUpdateOnFiber (node_modules/react-dom/cjs/react-dom.development.js:25547:5)
      at setResult (node_modules/react-dom/cjs/react-dom.development.js:16708:7)
      at handleSubmit (src/components/InsuranceCalculator.js:43:5)
      at HTMLUnknownElement.callCallback (node_modules/react-dom/cjs/react-dom.development.js:4164:14)
      at HTMLUnknownElement.callTheUserObjectsOperation (node_modules/jsdom/lib/jsdom/living/generated/EventListener.js:26:30)
      at innerInvokeEventListeners (node_modules/jsdom/lib/jsdom/living/events/EventTarget-impl.js:338:25)
      at invokeEventListeners (node_modules/jsdom/lib/jsdom/living/events/EventTarget-impl.js:274:3)
      at HTMLUnknownElementImpl._dispatch (node_modules/jsdom/lib/jsdom/living/events/EventTarget-impl.js:221:9)
      at HTMLUnknownElementImpl.dispatchEvent (node_modules/jsdom/lib/jsdom/living/events/EventTarget-impl.js:94:17)
      at HTMLUnknownElement.dispatchEvent (node_modules/jsdom/lib/jsdom/living/generated/EventTarget.js:231:34)
      at Object.invokeGuardedCallbackDev (node_modules/react-dom/cjs/react-dom.development.js:4213:16)
      at invokeGuardedCallback (node_modules/react-dom/cjs/react-dom.development.js:4277:31)
      at invokeGuardedCallbackAndCatchFirstError (node_modules/react-dom/cjs/react-dom.development.js:4291:25)
      at executeDispatch (node_modules/react-dom/cjs/react-dom.development.js:9041:3)
      at processDispatchQueueItemsInOrder (node_modules/react-dom/cjs/react-dom.development.js:9073:7)
      at processDispatchQueue (node_modules/react-dom/cjs/react-dom.development.js:9086:5)
      at dispatchEventsForPlugins (node_modules/react-dom/cjs/react-dom.development.js:9097:3)
      at node_modules/react-dom/cjs/react-dom.development.js:9288:12
      at batchedUpdates$1 (node_modules/react-dom/cjs/react-dom.development.js:26179:12)
      at batchedUpdates (node_modules/react-dom/cjs/react-dom.development.js:3991:12)
      at dispatchEventForPluginEventSystem (node_modules/react-dom/cjs/react-dom.development.js:9287:3)
      at dispatchEventWithEnableCapturePhaseSelectiveHydrationWithoutDiscreteEventReplay (node_modules/react-dom/cjs/react-dom.development.js:6465:5)
      at dispatchEvent (node_modules/react-dom/cjs/react-dom.development.js:6457:5)
      at dispatchDiscreteEvent (node_modules/react-dom/cjs/react-dom.development.js:6430:5)
      at HTMLDivElement.callTheUserObjectsOperation (node_modules/jsdom/lib/jsdom/living/generated/EventListener.js:26:30)
      at innerInvokeEventListeners (node_modules/jsdom/lib/jsdom/living/events/EventTarget-impl.js:338:25)
      at invokeEventListeners (node_modules/jsdom/lib/jsdom/living/events/EventTarget-impl.js:274:3)
      at HTMLFormElementImpl._dispatch (node_modules/jsdom/lib/jsdom/living/events/EventTarget-impl.js:221:9)
      at fireAnEvent (node_modules/jsdom/lib/jsdom/living/helpers/events.js:18:36)
      at HTMLFormElementImpl.submit (node_modules/jsdom/lib/jsdom/living/nodes/HTMLFormElement-impl.js:84:10)
      at HTMLFormElementImpl._doSubmit (node_modules/jsdom/lib/jsdom/living/nodes/HTMLFormElement-impl.js:80:10)
      at HTMLButtonElementImpl._activationBehavior (node_modules/jsdom/lib/jsdom/living/nodes/HTMLButtonElement-impl.js:23:14)
      at HTMLButtonElementImpl._dispatch (node_modules/jsdom/lib/jsdom/living/events/EventTarget-impl.js:240:26)
      at HTMLButtonElementImpl.dispatchEvent (node_modules/jsdom/lib/jsdom/living/events/EventTarget-impl.js:94:17)
      at HTMLButtonElement.dispatchEvent (node_modules/jsdom/lib/jsdom/living/generated/EventTarget.js:231:34)
      at node_modules/@testing-library/dom/dist/events.js:19:20
      at Object.eventWrapper (node_modules/@testing-library/dom/dist/config.js:25:23)
      at fireEvent (node_modules/@testing-library/dom/dist/events.js:12:35)
      at fireEvent.<computed> [as click] (node_modules/@testing-library/dom/dist/events.js:110:36)
      at fireClick (node_modules/@testing-library/user-event/dist/click.js:150:20)
      at clickElement (node_modules/@testing-library/user-event/dist/click.js:91:5)
      at Object.click (node_modules/@testing-library/user-event/dist/click.js:140:5)
      at Object.<anonymous> (src/components/InsuranceCalculator.test.js:20:21)

    console.error
      Warning: An update to InsuranceCalculator inside a test was not wrapped in act(...).
      
      When testing, code that causes React state updates should be wrapped into act(...):
      
      act(() => {
        /* fire events that update state */
      });
      /* assert on the output */
      
      This ensures that you're testing the behavior the user would see in the browser. Learn more at https://reactjs.org/link/wrap-tests-with-act
          at InsuranceCalculator (C:\Users\Andre Cadima\Documents\Gestion De Calidad de Sistemas\Calculadora_Pruebas_Unitarias\src\components\InsuranceCalculator.js:9:43)

    [0m [90m 23 |[39m   [36mconst[39m handleChange [33m=[39m (e) [33m=>[39m {
     [90m 24 |[39m     [36mconst[39m { name[33m,[39m value } [33m=[39m e[33m.[39mtarget[33m;[39m
    [31m[1m>[22m[39m[90m 25 |[39m     setFormData(prev [33m=>[39m ({
     [90m    |[39m     [31m[1m^[22m[39m
     [90m 26 |[39m       [33m...[39mprev[33m,[39m
     [90m 27 |[39m       [name][33m:[39m value
     [90m 28 |[39m     }))[33m;[39m[0m

      at printWarning (node_modules/react-dom/cjs/react-dom.development.js:86:30)
      at error (node_modules/react-dom/cjs/react-dom.development.js:60:7)
      at warnIfUpdatesNotWrappedWithActDEV (node_modules/react-dom/cjs/react-dom.development.js:27628:9)
      at scheduleUpdateOnFiber (node_modules/react-dom/cjs/react-dom.development.js:25547:5)
      at setFormData (node_modules/react-dom/cjs/react-dom.development.js:16708:7)
      at handleChange (src/components/InsuranceCalculator.js:25:5)
      at HTMLUnknownElement.callCallback (node_modules/react-dom/cjs/react-dom.development.js:4164:14)
      at HTMLUnknownElement.callTheUserObjectsOperation (node_modules/jsdom/lib/jsdom/living/generated/EventListener.js:26:30)
      at innerInvokeEventListeners (node_modules/jsdom/lib/jsdom/living/events/EventTarget-impl.js:338:25)
      at invokeEventListeners (node_modules/jsdom/lib/jsdom/living/events/EventTarget-impl.js:274:3)
      at HTMLUnknownElementImpl._dispatch (node_modules/jsdom/lib/jsdom/living/events/EventTarget-impl.js:221:9)
      at HTMLUnknownElementImpl.dispatchEvent (node_modules/jsdom/lib/jsdom/living/events/EventTarget-impl.js:94:17)
      at HTMLUnknownElement.dispatchEvent (node_modules/jsdom/lib/jsdom/living/generated/EventTarget.js:231:34)
      at Object.invokeGuardedCallbackDev (node_modules/react-dom/cjs/react-dom.development.js:4213:16)
      at invokeGuardedCallback (node_modules/react-dom/cjs/react-dom.development.js:4277:31)
      at invokeGuardedCallbackAndCatchFirstError (node_modules/react-dom/cjs/react-dom.development.js:4291:25)
      at executeDispatch (node_modules/react-dom/cjs/react-dom.development.js:9041:3)
      at processDispatchQueueItemsInOrder (node_modules/react-dom/cjs/react-dom.development.js:9073:7)
      at processDispatchQueue (node_modules/react-dom/cjs/react-dom.development.js:9086:5)
      at dispatchEventsForPlugins (node_modules/react-dom/cjs/react-dom.development.js:9097:3)
      at node_modules/react-dom/cjs/react-dom.development.js:9288:12
      at batchedUpdates$1 (node_modules/react-dom/cjs/react-dom.development.js:26179:12)
      at batchedUpdates (node_modules/react-dom/cjs/react-dom.development.js:3991:12)
      at dispatchEventForPluginEventSystem (node_modules/react-dom/cjs/react-dom.development.js:9287:3)
      at dispatchEventWithEnableCapturePhaseSelectiveHydrationWithoutDiscreteEventReplay (node_modules/react-dom/cjs/react-dom.development.js:6465:5)
      at dispatchEvent (node_modules/react-dom/cjs/react-dom.development.js:6457:5)
      at dispatchDiscreteEvent (node_modules/react-dom/cjs/react-dom.development.js:6430:5)
      at HTMLDivElement.callTheUserObjectsOperation (node_modules/jsdom/lib/jsdom/living/generated/EventListener.js:26:30)
      at innerInvokeEventListeners (node_modules/jsdom/lib/jsdom/living/events/EventTarget-impl.js:338:25)
      at invokeEventListeners (node_modules/jsdom/lib/jsdom/living/events/EventTarget-impl.js:274:3)
      at HTMLInputElementImpl._dispatch (node_modules/jsdom/lib/jsdom/living/events/EventTarget-impl.js:221:9)
      at HTMLInputElementImpl.dispatchEvent (node_modules/jsdom/lib/jsdom/living/events/EventTarget-impl.js:94:17)
      at HTMLInputElement.dispatchEvent (node_modules/jsdom/lib/jsdom/living/generated/EventTarget.js:231:34)
      at node_modules/@testing-library/dom/dist/events.js:19:20
      at Object.eventWrapper (node_modules/@testing-library/dom/dist/config.js:25:23)
      at fireEvent (node_modules/@testing-library/dom/dist/events.js:12:35)
      at fireEvent.<computed> [as input] (node_modules/@testing-library/dom/dist/events.js:110:36)
      at fireInputEvent (node_modules/@testing-library/user-event/dist/keyboard/shared/fireInputEvent.js:31:18)
      at Object.handle (node_modules/@testing-library/user-event/dist/keyboard/plugins/character.js:138:32)
      at applyPlugins (node_modules/@testing-library/user-event/dist/keyboard/keyboardImplementation.js:157:12)
      at keypress (node_modules/@testing-library/user-event/dist/keyboard/keyboardImplementation.js:135:5)
      at keyboardImplementation (node_modules/@testing-library/user-event/dist/keyboard/keyboardImplementation.js:53:9)
      at keyboardImplementationWrapper (node_modules/@testing-library/user-event/dist/keyboard/index.js:55:65)
      at typeImplementation (node_modules/@testing-library/user-event/dist/type/typeImplementation.js:49:51)
      at Object.type (node_modules/@testing-library/user-event/dist/type/index.js:27:60)
      at Object.<anonymous> (src/components/InsuranceCalculator.test.js:30:21)

    console.error
      Warning: An update to InsuranceCalculator inside a test was not wrapped in act(...).
      
      When testing, code that causes React state updates should be wrapped into act(...):
      
      act(() => {
        /* fire events that update state */
      });
      /* assert on the output */
      
      This ensures that you're testing the behavior the user would see in the browser. Learn more at https://reactjs.org/link/wrap-tests-with-act
          at InsuranceCalculator (C:\Users\Andre Cadima\Documents\Gestion De Calidad de Sistemas\Calculadora_Pruebas_Unitarias\src\components\InsuranceCalculator.js:9:43)

    [0m [90m 27 |[39m       [name][33m:[39m value
     [90m 28 |[39m     }))[33m;[39m
    [31m[1m>[22m[39m[90m 29 |[39m     setError([32m''[39m)[33m;[39m
     [90m    |[39m     [31m[1m^[22m[39m
     [90m 30 |[39m   }[33m;[39m
     [90m 31 |[39m
     [90m 32 |[39m   [36mconst[39m handleSubmit [33m=[39m (e) [33m=>[39m {[0m

      at printWarning (node_modules/react-dom/cjs/react-dom.development.js:86:30)
      at error (node_modules/react-dom/cjs/react-dom.development.js:60:7)
      at warnIfUpdatesNotWrappedWithActDEV (node_modules/react-dom/cjs/react-dom.development.js:27628:9)
      at scheduleUpdateOnFiber (node_modules/react-dom/cjs/react-dom.development.js:25547:5)
      at setError (node_modules/react-dom/cjs/react-dom.development.js:16708:7)
      at handleChange (src/components/InsuranceCalculator.js:29:5)
      at HTMLUnknownElement.callCallback (node_modules/react-dom/cjs/react-dom.development.js:4164:14)
      at HTMLUnknownElement.callTheUserObjectsOperation (node_modules/jsdom/lib/jsdom/living/generated/EventListener.js:26:30)
      at innerInvokeEventListeners (node_modules/jsdom/lib/jsdom/living/events/EventTarget-impl.js:338:25)
      at invokeEventListeners (node_modules/jsdom/lib/jsdom/living/events/EventTarget-impl.js:274:3)
      at HTMLUnknownElementImpl._dispatch (node_modules/jsdom/lib/jsdom/living/events/EventTarget-impl.js:221:9)
      at HTMLUnknownElementImpl.dispatchEvent (node_modules/jsdom/lib/jsdom/living/events/EventTarget-impl.js:94:17)
      at HTMLUnknownElement.dispatchEvent (node_modules/jsdom/lib/jsdom/living/generated/EventTarget.js:231:34)
      at Object.invokeGuardedCallbackDev (node_modules/react-dom/cjs/react-dom.development.js:4213:16)
      at invokeGuardedCallback (node_modules/react-dom/cjs/react-dom.development.js:4277:31)
      at invokeGuardedCallbackAndCatchFirstError (node_modules/react-dom/cjs/react-dom.development.js:4291:25)
      at executeDispatch (node_modules/react-dom/cjs/react-dom.development.js:9041:3)
      at processDispatchQueueItemsInOrder (node_modules/react-dom/cjs/react-dom.development.js:9073:7)
      at processDispatchQueue (node_modules/react-dom/cjs/react-dom.development.js:9086:5)
      at dispatchEventsForPlugins (node_modules/react-dom/cjs/react-dom.development.js:9097:3)
      at node_modules/react-dom/cjs/react-dom.development.js:9288:12
      at batchedUpdates$1 (node_modules/react-dom/cjs/react-dom.development.js:26179:12)
      at batchedUpdates (node_modules/react-dom/cjs/react-dom.development.js:3991:12)
      at dispatchEventForPluginEventSystem (node_modules/react-dom/cjs/react-dom.development.js:9287:3)
      at dispatchEventWithEnableCapturePhaseSelectiveHydrationWithoutDiscreteEventReplay (node_modules/react-dom/cjs/react-dom.development.js:6465:5)
      at dispatchEvent (node_modules/react-dom/cjs/react-dom.development.js:6457:5)
      at dispatchDiscreteEvent (node_modules/react-dom/cjs/react-dom.development.js:6430:5)
      at HTMLDivElement.callTheUserObjectsOperation (node_modules/jsdom/lib/jsdom/living/generated/EventListener.js:26:30)
      at innerInvokeEventListeners (node_modules/jsdom/lib/jsdom/living/events/EventTarget-impl.js:338:25)
      at invokeEventListeners (node_modules/jsdom/lib/jsdom/living/events/EventTarget-impl.js:274:3)
      at HTMLInputElementImpl._dispatch (node_modules/jsdom/lib/jsdom/living/events/EventTarget-impl.js:221:9)
      at HTMLInputElementImpl.dispatchEvent (node_modules/jsdom/lib/jsdom/living/events/EventTarget-impl.js:94:17)
      at HTMLInputElement.dispatchEvent (node_modules/jsdom/lib/jsdom/living/generated/EventTarget.js:231:34)
      at node_modules/@testing-library/dom/dist/events.js:19:20
      at Object.eventWrapper (node_modules/@testing-library/dom/dist/config.js:25:23)
      at fireEvent (node_modules/@testing-library/dom/dist/events.js:12:35)
      at fireEvent.<computed> [as input] (node_modules/@testing-library/dom/dist/events.js:110:36)
      at fireInputEvent (node_modules/@testing-library/user-event/dist/keyboard/shared/fireInputEvent.js:31:18)
      at Object.handle (node_modules/@testing-library/user-event/dist/keyboard/plugins/character.js:138:32)
      at applyPlugins (node_modules/@testing-library/user-event/dist/keyboard/keyboardImplementation.js:157:12)
      at keypress (node_modules/@testing-library/user-event/dist/keyboard/keyboardImplementation.js:135:5)
      at keyboardImplementation (node_modules/@testing-library/user-event/dist/keyboard/keyboardImplementation.js:53:9)
      at keyboardImplementationWrapper (node_modules/@testing-library/user-event/dist/keyboard/index.js:55:65)
      at typeImplementation (node_modules/@testing-library/user-event/dist/type/typeImplementation.js:49:51)
      at Object.type (node_modules/@testing-library/user-event/dist/type/index.js:27:60)
      at Object.<anonymous> (src/components/InsuranceCalculator.test.js:30:21)

    console.error
      Warning: An update to InsuranceCalculator inside a test was not wrapped in act(...).
      
      When testing, code that causes React state updates should be wrapped into act(...):
      
      act(() => {
        /* fire events that update state */
      });
      /* assert on the output */
      
      This ensures that you're testing the behavior the user would see in the browser. Learn more at https://reactjs.org/link/wrap-tests-with-act
          at InsuranceCalculator (C:\Users\Andre Cadima\Documents\Gestion De Calidad de Sistemas\Calculadora_Pruebas_Unitarias\src\components\InsuranceCalculator.js:9:43)

    [0m [90m 23 |[39m   [36mconst[39m handleChange [33m=[39m (e) [33m=>[39m {
     [90m 24 |[39m     [36mconst[39m { name[33m,[39m value } [33m=[39m e[33m.[39mtarget[33m;[39m
    [31m[1m>[22m[39m[90m 25 |[39m     setFormData(prev [33m=>[39m ({
     [90m    |[39m     [31m[1m^[22m[39m
     [90m 26 |[39m       [33m...[39mprev[33m,[39m
     [90m 27 |[39m       [name][33m:[39m value
     [90m 28 |[39m     }))[33m;[39m[0m

      at printWarning (node_modules/react-dom/cjs/react-dom.development.js:86:30)
      at error (node_modules/react-dom/cjs/react-dom.development.js:60:7)
      at warnIfUpdatesNotWrappedWithActDEV (node_modules/react-dom/cjs/react-dom.development.js:27628:9)
      at scheduleUpdateOnFiber (node_modules/react-dom/cjs/react-dom.development.js:25547:5)
      at setFormData (node_modules/react-dom/cjs/react-dom.development.js:16708:7)
      at handleChange (src/components/InsuranceCalculator.js:25:5)
      at HTMLUnknownElement.callCallback (node_modules/react-dom/cjs/react-dom.development.js:4164:14)
      at HTMLUnknownElement.callTheUserObjectsOperation (node_modules/jsdom/lib/jsdom/living/generated/EventListener.js:26:30)
      at innerInvokeEventListeners (node_modules/jsdom/lib/jsdom/living/events/EventTarget-impl.js:338:25)
      at invokeEventListeners (node_modules/jsdom/lib/jsdom/living/events/EventTarget-impl.js:274:3)
      at HTMLUnknownElementImpl._dispatch (node_modules/jsdom/lib/jsdom/living/events/EventTarget-impl.js:221:9)
      at HTMLUnknownElementImpl.dispatchEvent (node_modules/jsdom/lib/jsdom/living/events/EventTarget-impl.js:94:17)
      at HTMLUnknownElement.dispatchEvent (node_modules/jsdom/lib/jsdom/living/generated/EventTarget.js:231:34)
      at Object.invokeGuardedCallbackDev (node_modules/react-dom/cjs/react-dom.development.js:4213:16)
      at invokeGuardedCallback (node_modules/react-dom/cjs/react-dom.development.js:4277:31)
      at invokeGuardedCallbackAndCatchFirstError (node_modules/react-dom/cjs/react-dom.development.js:4291:25)
      at executeDispatch (node_modules/react-dom/cjs/react-dom.development.js:9041:3)
      at processDispatchQueueItemsInOrder (node_modules/react-dom/cjs/react-dom.development.js:9073:7)
      at processDispatchQueue (node_modules/react-dom/cjs/react-dom.development.js:9086:5)
      at dispatchEventsForPlugins (node_modules/react-dom/cjs/react-dom.development.js:9097:3)
      at node_modules/react-dom/cjs/react-dom.development.js:9288:12
      at batchedUpdates$1 (node_modules/react-dom/cjs/react-dom.development.js:26179:12)
      at batchedUpdates (node_modules/react-dom/cjs/react-dom.development.js:3991:12)
      at dispatchEventForPluginEventSystem (node_modules/react-dom/cjs/react-dom.development.js:9287:3)
      at dispatchEventWithEnableCapturePhaseSelectiveHydrationWithoutDiscreteEventReplay (node_modules/react-dom/cjs/react-dom.development.js:6465:5)
      at dispatchEvent (node_modules/react-dom/cjs/react-dom.development.js:6457:5)
      at dispatchDiscreteEvent (node_modules/react-dom/cjs/react-dom.development.js:6430:5)
      at HTMLDivElement.callTheUserObjectsOperation (node_modules/jsdom/lib/jsdom/living/generated/EventListener.js:26:30)
      at innerInvokeEventListeners (node_modules/jsdom/lib/jsdom/living/events/EventTarget-impl.js:338:25)
      at invokeEventListeners (node_modules/jsdom/lib/jsdom/living/events/EventTarget-impl.js:274:3)
      at HTMLInputElementImpl._dispatch (node_modules/jsdom/lib/jsdom/living/events/EventTarget-impl.js:221:9)
      at HTMLInputElementImpl.dispatchEvent (node_modules/jsdom/lib/jsdom/living/events/EventTarget-impl.js:94:17)
      at HTMLInputElement.dispatchEvent (node_modules/jsdom/lib/jsdom/living/generated/EventTarget.js:231:34)
      at node_modules/@testing-library/dom/dist/events.js:19:20
      at Object.eventWrapper (node_modules/@testing-library/dom/dist/config.js:25:23)
      at fireEvent (node_modules/@testing-library/dom/dist/events.js:12:35)
      at fireEvent.<computed> [as input] (node_modules/@testing-library/dom/dist/events.js:110:36)
      at fireInputEvent (node_modules/@testing-library/user-event/dist/keyboard/shared/fireInputEvent.js:31:18)
      at Object.handle (node_modules/@testing-library/user-event/dist/keyboard/plugins/character.js:138:32)
      at applyPlugins (node_modules/@testing-library/user-event/dist/keyboard/keyboardImplementation.js:157:12)
      at keypress (node_modules/@testing-library/user-event/dist/keyboard/keyboardImplementation.js:135:5)
      at keyboardImplementation (node_modules/@testing-library/user-event/dist/keyboard/keyboardImplementation.js:53:9)
      at keyboardImplementation (node_modules/@testing-library/user-event/dist/keyboard/keyboardImplementation.js:81:12)
      at keyboardImplementationWrapper (node_modules/@testing-library/user-event/dist/keyboard/index.js:55:65)
      at typeImplementation (node_modules/@testing-library/user-event/dist/type/typeImplementation.js:49:51)
      at Object.type (node_modules/@testing-library/user-event/dist/type/index.js:27:60)
      at Object.<anonymous> (src/components/InsuranceCalculator.test.js:30:21)

    console.error
      Warning: An update to InsuranceCalculator inside a test was not wrapped in act(...).
      
      When testing, code that causes React state updates should be wrapped into act(...):
      
      act(() => {
        /* fire events that update state */
      });
      /* assert on the output */
      
      This ensures that you're testing the behavior the user would see in the browser. Learn more at https://reactjs.org/link/wrap-tests-with-act
          at InsuranceCalculator (C:\Users\Andre Cadima\Documents\Gestion De Calidad de Sistemas\Calculadora_Pruebas_Unitarias\src\components\InsuranceCalculator.js:9:43)

    [0m [90m 27 |[39m       [name][33m:[39m value
     [90m 28 |[39m     }))[33m;[39m
    [31m[1m>[22m[39m[90m 29 |[39m     setError([32m''[39m)[33m;[39m
     [90m    |[39m     [31m[1m^[22m[39m
     [90m 30 |[39m   }[33m;[39m
     [90m 31 |[39m
     [90m 32 |[39m   [36mconst[39m handleSubmit [33m=[39m (e) [33m=>[39m {[0m

      at printWarning (node_modules/react-dom/cjs/react-dom.development.js:86:30)
      at error (node_modules/react-dom/cjs/react-dom.development.js:60:7)
      at warnIfUpdatesNotWrappedWithActDEV (node_modules/react-dom/cjs/react-dom.development.js:27628:9)
      at scheduleUpdateOnFiber (node_modules/react-dom/cjs/react-dom.development.js:25547:5)
      at setError (node_modules/react-dom/cjs/react-dom.development.js:16708:7)
      at handleChange (src/components/InsuranceCalculator.js:29:5)
      at HTMLUnknownElement.callCallback (node_modules/react-dom/cjs/react-dom.development.js:4164:14)
      at HTMLUnknownElement.callTheUserObjectsOperation (node_modules/jsdom/lib/jsdom/living/generated/EventListener.js:26:30)
      at innerInvokeEventListeners (node_modules/jsdom/lib/jsdom/living/events/EventTarget-impl.js:338:25)
      at invokeEventListeners (node_modules/jsdom/lib/jsdom/living/events/EventTarget-impl.js:274:3)
      at HTMLUnknownElementImpl._dispatch (node_modules/jsdom/lib/jsdom/living/events/EventTarget-impl.js:221:9)
      at HTMLUnknownElementImpl.dispatchEvent (node_modules/jsdom/lib/jsdom/living/events/EventTarget-impl.js:94:17)
      at HTMLUnknownElement.dispatchEvent (node_modules/jsdom/lib/jsdom/living/generated/EventTarget.js:231:34)
      at Object.invokeGuardedCallbackDev (node_modules/react-dom/cjs/react-dom.development.js:4213:16)
      at invokeGuardedCallback (node_modules/react-dom/cjs/react-dom.development.js:4277:31)
      at invokeGuardedCallbackAndCatchFirstError (node_modules/react-dom/cjs/react-dom.development.js:4291:25)
      at executeDispatch (node_modules/react-dom/cjs/react-dom.development.js:9041:3)
      at processDispatchQueueItemsInOrder (node_modules/react-dom/cjs/react-dom.development.js:9073:7)
      at processDispatchQueue (node_modules/react-dom/cjs/react-dom.development.js:9086:5)
      at dispatchEventsForPlugins (node_modules/react-dom/cjs/react-dom.development.js:9097:3)
      at node_modules/react-dom/cjs/react-dom.development.js:9288:12
      at batchedUpdates$1 (node_modules/react-dom/cjs/react-dom.development.js:26179:12)
      at batchedUpdates (node_modules/react-dom/cjs/react-dom.development.js:3991:12)
      at dispatchEventForPluginEventSystem (node_modules/react-dom/cjs/react-dom.development.js:9287:3)
      at dispatchEventWithEnableCapturePhaseSelectiveHydrationWithoutDiscreteEventReplay (node_modules/react-dom/cjs/react-dom.development.js:6465:5)
      at dispatchEvent (node_modules/react-dom/cjs/react-dom.development.js:6457:5)
      at dispatchDiscreteEvent (node_modules/react-dom/cjs/react-dom.development.js:6430:5)
      at HTMLDivElement.callTheUserObjectsOperation (node_modules/jsdom/lib/jsdom/living/generated/EventListener.js:26:30)
      at innerInvokeEventListeners (node_modules/jsdom/lib/jsdom/living/events/EventTarget-impl.js:338:25)
      at invokeEventListeners (node_modules/jsdom/lib/jsdom/living/events/EventTarget-impl.js:274:3)
      at HTMLInputElementImpl._dispatch (node_modules/jsdom/lib/jsdom/living/events/EventTarget-impl.js:221:9)
      at HTMLInputElementImpl.dispatchEvent (node_modules/jsdom/lib/jsdom/living/events/EventTarget-impl.js:94:17)
      at HTMLInputElement.dispatchEvent (node_modules/jsdom/lib/jsdom/living/generated/EventTarget.js:231:34)
      at node_modules/@testing-library/dom/dist/events.js:19:20
      at Object.eventWrapper (node_modules/@testing-library/dom/dist/config.js:25:23)
      at fireEvent (node_modules/@testing-library/dom/dist/events.js:12:35)
      at fireEvent.<computed> [as input] (node_modules/@testing-library/dom/dist/events.js:110:36)
      at fireInputEvent (node_modules/@testing-library/user-event/dist/keyboard/shared/fireInputEvent.js:31:18)
      at Object.handle (node_modules/@testing-library/user-event/dist/keyboard/plugins/character.js:138:32)
      at applyPlugins (node_modules/@testing-library/user-event/dist/keyboard/keyboardImplementation.js:157:12)
      at keypress (node_modules/@testing-library/user-event/dist/keyboard/keyboardImplementation.js:135:5)
      at keyboardImplementation (node_modules/@testing-library/user-event/dist/keyboard/keyboardImplementation.js:53:9)
      at keyboardImplementation (node_modules/@testing-library/user-event/dist/keyboard/keyboardImplementation.js:81:12)
      at keyboardImplementationWrapper (node_modules/@testing-library/user-event/dist/keyboard/index.js:55:65)
      at typeImplementation (node_modules/@testing-library/user-event/dist/type/typeImplementation.js:49:51)
      at Object.type (node_modules/@testing-library/user-event/dist/type/index.js:27:60)
      at Object.<anonymous> (src/components/InsuranceCalculator.test.js:30:21)

    console.error
      Warning: An update to InsuranceCalculator inside a test was not wrapped in act(...).
      
      When testing, code that causes React state updates should be wrapped into act(...):
      
      act(() => {
        /* fire events that update state */
      });
      /* assert on the output */
      
      This ensures that you're testing the behavior the user would see in the browser. Learn more at https://reactjs.org/link/wrap-tests-with-act
          at InsuranceCalculator (C:\Users\Andre Cadima\Documents\Gestion De Calidad de Sistemas\Calculadora_Pruebas_Unitarias\src\components\InsuranceCalculator.js:9:43)

    [0m [90m 23 |[39m   [36mconst[39m handleChange [33m=[39m (e) [33m=>[39m {
     [90m 24 |[39m     [36mconst[39m { name[33m,[39m value } [33m=[39m e[33m.[39mtarget[33m;[39m
    [31m[1m>[22m[39m[90m 25 |[39m     setFormData(prev [33m=>[39m ({
     [90m    |[39m     [31m[1m^[22m[39m
     [90m 26 |[39m       [33m...[39mprev[33m,[39m
     [90m 27 |[39m       [name][33m:[39m value
     [90m 28 |[39m     }))[33m;[39m[0m

      at printWarning (node_modules/react-dom/cjs/react-dom.development.js:86:30)
      at error (node_modules/react-dom/cjs/react-dom.development.js:60:7)
      at warnIfUpdatesNotWrappedWithActDEV (node_modules/react-dom/cjs/react-dom.development.js:27628:9)
      at scheduleUpdateOnFiber (node_modules/react-dom/cjs/react-dom.development.js:25547:5)
      at setFormData (node_modules/react-dom/cjs/react-dom.development.js:16708:7)
      at handleChange (src/components/InsuranceCalculator.js:25:5)
      at HTMLUnknownElement.callCallback (node_modules/react-dom/cjs/react-dom.development.js:4164:14)
      at HTMLUnknownElement.callTheUserObjectsOperation (node_modules/jsdom/lib/jsdom/living/generated/EventListener.js:26:30)
      at innerInvokeEventListeners (node_modules/jsdom/lib/jsdom/living/events/EventTarget-impl.js:338:25)
      at invokeEventListeners (node_modules/jsdom/lib/jsdom/living/events/EventTarget-impl.js:274:3)
      at HTMLUnknownElementImpl._dispatch (node_modules/jsdom/lib/jsdom/living/events/EventTarget-impl.js:221:9)
      at HTMLUnknownElementImpl.dispatchEvent (node_modules/jsdom/lib/jsdom/living/events/EventTarget-impl.js:94:17)
      at HTMLUnknownElement.dispatchEvent (node_modules/jsdom/lib/jsdom/living/generated/EventTarget.js:231:34)
      at Object.invokeGuardedCallbackDev (node_modules/react-dom/cjs/react-dom.development.js:4213:16)
      at invokeGuardedCallback (node_modules/react-dom/cjs/react-dom.development.js:4277:31)
      at invokeGuardedCallbackAndCatchFirstError (node_modules/react-dom/cjs/react-dom.development.js:4291:25)
      at executeDispatch (node_modules/react-dom/cjs/react-dom.development.js:9041:3)
      at processDispatchQueueItemsInOrder (node_modules/react-dom/cjs/react-dom.development.js:9073:7)
      at processDispatchQueue (node_modules/react-dom/cjs/react-dom.development.js:9086:5)
      at dispatchEventsForPlugins (node_modules/react-dom/cjs/react-dom.development.js:9097:3)
      at node_modules/react-dom/cjs/react-dom.development.js:9288:12
      at batchedUpdates$1 (node_modules/react-dom/cjs/react-dom.development.js:26179:12)
      at batchedUpdates (node_modules/react-dom/cjs/react-dom.development.js:3991:12)
      at dispatchEventForPluginEventSystem (node_modules/react-dom/cjs/react-dom.development.js:9287:3)
      at dispatchEventWithEnableCapturePhaseSelectiveHydrationWithoutDiscreteEventReplay (node_modules/react-dom/cjs/react-dom.development.js:6465:5)
      at dispatchEvent (node_modules/react-dom/cjs/react-dom.development.js:6457:5)
      at dispatchDiscreteEvent (node_modules/react-dom/cjs/react-dom.development.js:6430:5)
      at HTMLDivElement.callTheUserObjectsOperation (node_modules/jsdom/lib/jsdom/living/generated/EventListener.js:26:30)
      at innerInvokeEventListeners (node_modules/jsdom/lib/jsdom/living/events/EventTarget-impl.js:338:25)
      at invokeEventListeners (node_modules/jsdom/lib/jsdom/living/events/EventTarget-impl.js:274:3)
      at HTMLInputElementImpl._dispatch (node_modules/jsdom/lib/jsdom/living/events/EventTarget-impl.js:221:9)
      at HTMLInputElementImpl.dispatchEvent (node_modules/jsdom/lib/jsdom/living/events/EventTarget-impl.js:94:17)
      at HTMLInputElement.dispatchEvent (node_modules/jsdom/lib/jsdom/living/generated/EventTarget.js:231:34)
      at node_modules/@testing-library/dom/dist/events.js:19:20
      at Object.eventWrapper (node_modules/@testing-library/dom/dist/config.js:25:23)
      at fireEvent (node_modules/@testing-library/dom/dist/events.js:12:35)
      at fireEvent.<computed> [as input] (node_modules/@testing-library/dom/dist/events.js:110:36)
      at fireInputEvent (node_modules/@testing-library/user-event/dist/keyboard/shared/fireInputEvent.js:31:18)
      at Object.handle (node_modules/@testing-library/user-event/dist/keyboard/plugins/character.js:138:32)
      at applyPlugins (node_modules/@testing-library/user-event/dist/keyboard/keyboardImplementation.js:157:12)
      at keypress (node_modules/@testing-library/user-event/dist/keyboard/keyboardImplementation.js:135:5)
      at keyboardImplementation (node_modules/@testing-library/user-event/dist/keyboard/keyboardImplementation.js:53:9)
      at keyboardImplementation (node_modules/@testing-library/user-event/dist/keyboard/keyboardImplementation.js:81:12)
      at keyboardImplementation (node_modules/@testing-library/user-event/dist/keyboard/keyboardImplementation.js:81:12)
      at keyboardImplementationWrapper (node_modules/@testing-library/user-event/dist/keyboard/index.js:55:65)
      at typeImplementation (node_modules/@testing-library/user-event/dist/type/typeImplementation.js:49:51)
      at Object.type (node_modules/@testing-library/user-event/dist/type/index.js:27:60)
      at Object.<anonymous> (src/components/InsuranceCalculator.test.js:30:21)

    console.error
      Warning: An update to InsuranceCalculator inside a test was not wrapped in act(...).
      
      When testing, code that causes React state updates should be wrapped into act(...):
      
      act(() => {
        /* fire events that update state */
      });
      /* assert on the output */
      
      This ensures that you're testing the behavior the user would see in the browser. Learn more at https://reactjs.org/link/wrap-tests-with-act
          at InsuranceCalculator (C:\Users\Andre Cadima\Documents\Gestion De Calidad de Sistemas\Calculadora_Pruebas_Unitarias\src\components\InsuranceCalculator.js:9:43)

    [0m [90m 27 |[39m       [name][33m:[39m value
     [90m 28 |[39m     }))[33m;[39m
    [31m[1m>[22m[39m[90m 29 |[39m     setError([32m''[39m)[33m;[39m
     [90m    |[39m     [31m[1m^[22m[39m
     [90m 30 |[39m   }[33m;[39m
     [90m 31 |[39m
     [90m 32 |[39m   [36mconst[39m handleSubmit [33m=[39m (e) [33m=>[39m {[0m

      at printWarning (node_modules/react-dom/cjs/react-dom.development.js:86:30)
      at error (node_modules/react-dom/cjs/react-dom.development.js:60:7)
      at warnIfUpdatesNotWrappedWithActDEV (node_modules/react-dom/cjs/react-dom.development.js:27628:9)
      at scheduleUpdateOnFiber (node_modules/react-dom/cjs/react-dom.development.js:25547:5)
      at setError (node_modules/react-dom/cjs/react-dom.development.js:16708:7)
      at handleChange (src/components/InsuranceCalculator.js:29:5)
      at HTMLUnknownElement.callCallback (node_modules/react-dom/cjs/react-dom.development.js:4164:14)
      at HTMLUnknownElement.callTheUserObjectsOperation (node_modules/jsdom/lib/jsdom/living/generated/EventListener.js:26:30)
      at innerInvokeEventListeners (node_modules/jsdom/lib/jsdom/living/events/EventTarget-impl.js:338:25)
      at invokeEventListeners (node_modules/jsdom/lib/jsdom/living/events/EventTarget-impl.js:274:3)
      at HTMLUnknownElementImpl._dispatch (node_modules/jsdom/lib/jsdom/living/events/EventTarget-impl.js:221:9)
      at HTMLUnknownElementImpl.dispatchEvent (node_modules/jsdom/lib/jsdom/living/events/EventTarget-impl.js:94:17)
      at HTMLUnknownElement.dispatchEvent (node_modules/jsdom/lib/jsdom/living/generated/EventTarget.js:231:34)
      at Object.invokeGuardedCallbackDev (node_modules/react-dom/cjs/react-dom.development.js:4213:16)
      at invokeGuardedCallback (node_modules/react-dom/cjs/react-dom.development.js:4277:31)
      at invokeGuardedCallbackAndCatchFirstError (node_modules/react-dom/cjs/react-dom.development.js:4291:25)
      at executeDispatch (node_modules/react-dom/cjs/react-dom.development.js:9041:3)
      at processDispatchQueueItemsInOrder (node_modules/react-dom/cjs/react-dom.development.js:9073:7)
      at processDispatchQueue (node_modules/react-dom/cjs/react-dom.development.js:9086:5)
      at dispatchEventsForPlugins (node_modules/react-dom/cjs/react-dom.development.js:9097:3)
      at node_modules/react-dom/cjs/react-dom.development.js:9288:12
      at batchedUpdates$1 (node_modules/react-dom/cjs/react-dom.development.js:26179:12)
      at batchedUpdates (node_modules/react-dom/cjs/react-dom.development.js:3991:12)
      at dispatchEventForPluginEventSystem (node_modules/react-dom/cjs/react-dom.development.js:9287:3)
      at dispatchEventWithEnableCapturePhaseSelectiveHydrationWithoutDiscreteEventReplay (node_modules/react-dom/cjs/react-dom.development.js:6465:5)
      at dispatchEvent (node_modules/react-dom/cjs/react-dom.development.js:6457:5)
      at dispatchDiscreteEvent (node_modules/react-dom/cjs/react-dom.development.js:6430:5)
      at HTMLDivElement.callTheUserObjectsOperation (node_modules/jsdom/lib/jsdom/living/generated/EventListener.js:26:30)
      at innerInvokeEventListeners (node_modules/jsdom/lib/jsdom/living/events/EventTarget-impl.js:338:25)
      at invokeEventListeners (node_modules/jsdom/lib/jsdom/living/events/EventTarget-impl.js:274:3)
      at HTMLInputElementImpl._dispatch (node_modules/jsdom/lib/jsdom/living/events/EventTarget-impl.js:221:9)
      at HTMLInputElementImpl.dispatchEvent (node_modules/jsdom/lib/jsdom/living/events/EventTarget-impl.js:94:17)
      at HTMLInputElement.dispatchEvent (node_modules/jsdom/lib/jsdom/living/generated/EventTarget.js:231:34)
      at node_modules/@testing-library/dom/dist/events.js:19:20
      at Object.eventWrapper (node_modules/@testing-library/dom/dist/config.js:25:23)
      at fireEvent (node_modules/@testing-library/dom/dist/events.js:12:35)
      at fireEvent.<computed> [as input] (node_modules/@testing-library/dom/dist/events.js:110:36)
      at fireInputEvent (node_modules/@testing-library/user-event/dist/keyboard/shared/fireInputEvent.js:31:18)
      at Object.handle (node_modules/@testing-library/user-event/dist/keyboard/plugins/character.js:138:32)
      at applyPlugins (node_modules/@testing-library/user-event/dist/keyboard/keyboardImplementation.js:157:12)
      at keypress (node_modules/@testing-library/user-event/dist/keyboard/keyboardImplementation.js:135:5)
      at keyboardImplementation (node_modules/@testing-library/user-event/dist/keyboard/keyboardImplementation.js:53:9)
      at keyboardImplementation (node_modules/@testing-library/user-event/dist/keyboard/keyboardImplementation.js:81:12)
      at keyboardImplementation (node_modules/@testing-library/user-event/dist/keyboard/keyboardImplementation.js:81:12)
      at keyboardImplementationWrapper (node_modules/@testing-library/user-event/dist/keyboard/index.js:55:65)
      at typeImplementation (node_modules/@testing-library/user-event/dist/type/typeImplementation.js:49:51)
      at Object.type (node_modules/@testing-library/user-event/dist/type/index.js:27:60)
      at Object.<anonymous> (src/components/InsuranceCalculator.test.js:30:21)

    console.error
      Warning: An update to InsuranceCalculator inside a test was not wrapped in act(...).
      
      When testing, code that causes React state updates should be wrapped into act(...):
      
      act(() => {
        /* fire events that update state */
      });
      /* assert on the output */
      
      This ensures that you're testing the behavior the user would see in the browser. Learn more at https://reactjs.org/link/wrap-tests-with-act
          at InsuranceCalculator (C:\Users\Andre Cadima\Documents\Gestion De Calidad de Sistemas\Calculadora_Pruebas_Unitarias\src\components\InsuranceCalculator.js:9:43)

    [0m [90m 23 |[39m   [36mconst[39m handleChange [33m=[39m (e) [33m=>[39m {
     [90m 24 |[39m     [36mconst[39m { name[33m,[39m value } [33m=[39m e[33m.[39mtarget[33m;[39m
    [31m[1m>[22m[39m[90m 25 |[39m     setFormData(prev [33m=>[39m ({
     [90m    |[39m     [31m[1m^[22m[39m
     [90m 26 |[39m       [33m...[39mprev[33m,[39m
     [90m 27 |[39m       [name][33m:[39m value
     [90m 28 |[39m     }))[33m;[39m[0m

      at printWarning (node_modules/react-dom/cjs/react-dom.development.js:86:30)
      at error (node_modules/react-dom/cjs/react-dom.development.js:60:7)
      at warnIfUpdatesNotWrappedWithActDEV (node_modules/react-dom/cjs/react-dom.development.js:27628:9)
      at scheduleUpdateOnFiber (node_modules/react-dom/cjs/react-dom.development.js:25547:5)
      at setFormData (node_modules/react-dom/cjs/react-dom.development.js:16708:7)
      at handleChange (src/components/InsuranceCalculator.js:25:5)
      at HTMLUnknownElement.callCallback (node_modules/react-dom/cjs/react-dom.development.js:4164:14)
      at HTMLUnknownElement.callTheUserObjectsOperation (node_modules/jsdom/lib/jsdom/living/generated/EventListener.js:26:30)
      at innerInvokeEventListeners (node_modules/jsdom/lib/jsdom/living/events/EventTarget-impl.js:338:25)
      at invokeEventListeners (node_modules/jsdom/lib/jsdom/living/events/EventTarget-impl.js:274:3)
      at HTMLUnknownElementImpl._dispatch (node_modules/jsdom/lib/jsdom/living/events/EventTarget-impl.js:221:9)
      at HTMLUnknownElementImpl.dispatchEvent (node_modules/jsdom/lib/jsdom/living/events/EventTarget-impl.js:94:17)
      at HTMLUnknownElement.dispatchEvent (node_modules/jsdom/lib/jsdom/living/generated/EventTarget.js:231:34)
      at Object.invokeGuardedCallbackDev (node_modules/react-dom/cjs/react-dom.development.js:4213:16)
      at invokeGuardedCallback (node_modules/react-dom/cjs/react-dom.development.js:4277:31)
      at invokeGuardedCallbackAndCatchFirstError (node_modules/react-dom/cjs/react-dom.development.js:4291:25)
      at executeDispatch (node_modules/react-dom/cjs/react-dom.development.js:9041:3)
      at processDispatchQueueItemsInOrder (node_modules/react-dom/cjs/react-dom.development.js:9073:7)
      at processDispatchQueue (node_modules/react-dom/cjs/react-dom.development.js:9086:5)
      at dispatchEventsForPlugins (node_modules/react-dom/cjs/react-dom.development.js:9097:3)
      at node_modules/react-dom/cjs/react-dom.development.js:9288:12
      at batchedUpdates$1 (node_modules/react-dom/cjs/react-dom.development.js:26179:12)
      at batchedUpdates (node_modules/react-dom/cjs/react-dom.development.js:3991:12)
      at dispatchEventForPluginEventSystem (node_modules/react-dom/cjs/react-dom.development.js:9287:3)
      at dispatchEventWithEnableCapturePhaseSelectiveHydrationWithoutDiscreteEventReplay (node_modules/react-dom/cjs/react-dom.development.js:6465:5)
      at dispatchEvent (node_modules/react-dom/cjs/react-dom.development.js:6457:5)
      at dispatchDiscreteEvent (node_modules/react-dom/cjs/react-dom.development.js:6430:5)
      at HTMLDivElement.callTheUserObjectsOperation (node_modules/jsdom/lib/jsdom/living/generated/EventListener.js:26:30)
      at innerInvokeEventListeners (node_modules/jsdom/lib/jsdom/living/events/EventTarget-impl.js:338:25)
      at invokeEventListeners (node_modules/jsdom/lib/jsdom/living/events/EventTarget-impl.js:274:3)
      at HTMLInputElementImpl._dispatch (node_modules/jsdom/lib/jsdom/living/events/EventTarget-impl.js:221:9)
      at HTMLInputElementImpl.dispatchEvent (node_modules/jsdom/lib/jsdom/living/events/EventTarget-impl.js:94:17)
      at HTMLInputElement.dispatchEvent (node_modules/jsdom/lib/jsdom/living/generated/EventTarget.js:231:34)
      at node_modules/@testing-library/dom/dist/events.js:19:20
      at Object.eventWrapper (node_modules/@testing-library/dom/dist/config.js:25:23)
      at fireEvent (node_modules/@testing-library/dom/dist/events.js:12:35)
      at fireEvent.<computed> [as input] (node_modules/@testing-library/dom/dist/events.js:110:36)
      at fireInputEvent (node_modules/@testing-library/user-event/dist/keyboard/shared/fireInputEvent.js:31:18)
      at Object.handle (node_modules/@testing-library/user-event/dist/keyboard/plugins/character.js:138:32)
      at applyPlugins (node_modules/@testing-library/user-event/dist/keyboard/keyboardImplementation.js:157:12)
      at keypress (node_modules/@testing-library/user-event/dist/keyboard/keyboardImplementation.js:135:5)
      at keyboardImplementation (node_modules/@testing-library/user-event/dist/keyboard/keyboardImplementation.js:53:9)
      at keyboardImplementation (node_modules/@testing-library/user-event/dist/keyboard/keyboardImplementation.js:81:12)
      at keyboardImplementation (node_modules/@testing-library/user-event/dist/keyboard/keyboardImplementation.js:81:12)
      at keyboardImplementation (node_modules/@testing-library/user-event/dist/keyboard/keyboardImplementation.js:81:12)
      at keyboardImplementationWrapper (node_modules/@testing-library/user-event/dist/keyboard/index.js:55:65)
      at typeImplementation (node_modules/@testing-library/user-event/dist/type/typeImplementation.js:49:51)
      at Object.type (node_modules/@testing-library/user-event/dist/type/index.js:27:60)

    console.error
      Warning: An update to InsuranceCalculator inside a test was not wrapped in act(...).
      
      When testing, code that causes React state updates should be wrapped into act(...):
      
      act(() => {
        /* fire events that update state */
      });
      /* assert on the output */
      
      This ensures that you're testing the behavior the user would see in the browser. Learn more at https://reactjs.org/link/wrap-tests-with-act
          at InsuranceCalculator (C:\Users\Andre Cadima\Documents\Gestion De Calidad de Sistemas\Calculadora_Pruebas_Unitarias\src\components\InsuranceCalculator.js:9:43)

    [0m [90m 27 |[39m       [name][33m:[39m value
     [90m 28 |[39m     }))[33m;[39m
    [31m[1m>[22m[39m[90m 29 |[39m     setError([32m''[39m)[33m;[39m
     [90m    |[39m     [31m[1m^[22m[39m
     [90m 30 |[39m   }[33m;[39m
     [90m 31 |[39m
     [90m 32 |[39m   [36mconst[39m handleSubmit [33m=[39m (e) [33m=>[39m {[0m

      at printWarning (node_modules/react-dom/cjs/react-dom.development.js:86:30)
      at error (node_modules/react-dom/cjs/react-dom.development.js:60:7)
      at warnIfUpdatesNotWrappedWithActDEV (node_modules/react-dom/cjs/react-dom.development.js:27628:9)
      at scheduleUpdateOnFiber (node_modules/react-dom/cjs/react-dom.development.js:25547:5)
      at setError (node_modules/react-dom/cjs/react-dom.development.js:16708:7)
      at handleChange (src/components/InsuranceCalculator.js:29:5)
      at HTMLUnknownElement.callCallback (node_modules/react-dom/cjs/react-dom.development.js:4164:14)
      at HTMLUnknownElement.callTheUserObjectsOperation (node_modules/jsdom/lib/jsdom/living/generated/EventListener.js:26:30)
      at innerInvokeEventListeners (node_modules/jsdom/lib/jsdom/living/events/EventTarget-impl.js:338:25)
      at invokeEventListeners (node_modules/jsdom/lib/jsdom/living/events/EventTarget-impl.js:274:3)
      at HTMLUnknownElementImpl._dispatch (node_modules/jsdom/lib/jsdom/living/events/EventTarget-impl.js:221:9)
      at HTMLUnknownElementImpl.dispatchEvent (node_modules/jsdom/lib/jsdom/living/events/EventTarget-impl.js:94:17)
      at HTMLUnknownElement.dispatchEvent (node_modules/jsdom/lib/jsdom/living/generated/EventTarget.js:231:34)
      at Object.invokeGuardedCallbackDev (node_modules/react-dom/cjs/react-dom.development.js:4213:16)
      at invokeGuardedCallback (node_modules/react-dom/cjs/react-dom.development.js:4277:31)
      at invokeGuardedCallbackAndCatchFirstError (node_modules/react-dom/cjs/react-dom.development.js:4291:25)
      at executeDispatch (node_modules/react-dom/cjs/react-dom.development.js:9041:3)
      at processDispatchQueueItemsInOrder (node_modules/react-dom/cjs/react-dom.development.js:9073:7)
      at processDispatchQueue (node_modules/react-dom/cjs/react-dom.development.js:9086:5)
      at dispatchEventsForPlugins (node_modules/react-dom/cjs/react-dom.development.js:9097:3)
      at node_modules/react-dom/cjs/react-dom.development.js:9288:12
      at batchedUpdates$1 (node_modules/react-dom/cjs/react-dom.development.js:26179:12)
      at batchedUpdates (node_modules/react-dom/cjs/react-dom.development.js:3991:12)
      at dispatchEventForPluginEventSystem (node_modules/react-dom/cjs/react-dom.development.js:9287:3)
      at dispatchEventWithEnableCapturePhaseSelectiveHydrationWithoutDiscreteEventReplay (node_modules/react-dom/cjs/react-dom.development.js:6465:5)
      at dispatchEvent (node_modules/react-dom/cjs/react-dom.development.js:6457:5)
      at dispatchDiscreteEvent (node_modules/react-dom/cjs/react-dom.development.js:6430:5)
      at HTMLDivElement.callTheUserObjectsOperation (node_modules/jsdom/lib/jsdom/living/generated/EventListener.js:26:30)
      at innerInvokeEventListeners (node_modules/jsdom/lib/jsdom/living/events/EventTarget-impl.js:338:25)
      at invokeEventListeners (node_modules/jsdom/lib/jsdom/living/events/EventTarget-impl.js:274:3)
      at HTMLInputElementImpl._dispatch (node_modules/jsdom/lib/jsdom/living/events/EventTarget-impl.js:221:9)
      at HTMLInputElementImpl.dispatchEvent (node_modules/jsdom/lib/jsdom/living/events/EventTarget-impl.js:94:17)
      at HTMLInputElement.dispatchEvent (node_modules/jsdom/lib/jsdom/living/generated/EventTarget.js:231:34)
      at node_modules/@testing-library/dom/dist/events.js:19:20
      at Object.eventWrapper (node_modules/@testing-library/dom/dist/config.js:25:23)
      at fireEvent (node_modules/@testing-library/dom/dist/events.js:12:35)
      at fireEvent.<computed> [as input] (node_modules/@testing-library/dom/dist/events.js:110:36)
      at fireInputEvent (node_modules/@testing-library/user-event/dist/keyboard/shared/fireInputEvent.js:31:18)
      at Object.handle (node_modules/@testing-library/user-event/dist/keyboard/plugins/character.js:138:32)
      at applyPlugins (node_modules/@testing-library/user-event/dist/keyboard/keyboardImplementation.js:157:12)
      at keypress (node_modules/@testing-library/user-event/dist/keyboard/keyboardImplementation.js:135:5)
      at keyboardImplementation (node_modules/@testing-library/user-event/dist/keyboard/keyboardImplementation.js:53:9)
      at keyboardImplementation (node_modules/@testing-library/user-event/dist/keyboard/keyboardImplementation.js:81:12)
      at keyboardImplementation (node_modules/@testing-library/user-event/dist/keyboard/keyboardImplementation.js:81:12)
      at keyboardImplementation (node_modules/@testing-library/user-event/dist/keyboard/keyboardImplementation.js:81:12)
      at keyboardImplementationWrapper (node_modules/@testing-library/user-event/dist/keyboard/index.js:55:65)
      at typeImplementation (node_modules/@testing-library/user-event/dist/type/typeImplementation.js:49:51)
      at Object.type (node_modules/@testing-library/user-event/dist/type/index.js:27:60)

    console.error
      Warning: An update to InsuranceCalculator inside a test was not wrapped in act(...).
      
      When testing, code that causes React state updates should be wrapped into act(...):
      
      act(() => {
        /* fire events that update state */
      });
      /* assert on the output */
      
      This ensures that you're testing the behavior the user would see in the browser. Learn more at https://reactjs.org/link/wrap-tests-with-act
          at InsuranceCalculator (C:\Users\Andre Cadima\Documents\Gestion De Calidad de Sistemas\Calculadora_Pruebas_Unitarias\src\components\InsuranceCalculator.js:9:43)

    [0m [90m 23 |[39m   [36mconst[39m handleChange [33m=[39m (e) [33m=>[39m {
     [90m 24 |[39m     [36mconst[39m { name[33m,[39m value } [33m=[39m e[33m.[39mtarget[33m;[39m
    [31m[1m>[22m[39m[90m 25 |[39m     setFormData(prev [33m=>[39m ({
     [90m    |[39m     [31m[1m^[22m[39m
     [90m 26 |[39m       [33m...[39mprev[33m,[39m
     [90m 27 |[39m       [name][33m:[39m value
     [90m 28 |[39m     }))[33m;[39m[0m

      at printWarning (node_modules/react-dom/cjs/react-dom.development.js:86:30)
      at error (node_modules/react-dom/cjs/react-dom.development.js:60:7)
      at warnIfUpdatesNotWrappedWithActDEV (node_modules/react-dom/cjs/react-dom.development.js:27628:9)
      at scheduleUpdateOnFiber (node_modules/react-dom/cjs/react-dom.development.js:25547:5)
      at setFormData (node_modules/react-dom/cjs/react-dom.development.js:16708:7)
      at handleChange (src/components/InsuranceCalculator.js:25:5)
      at HTMLUnknownElement.callCallback (node_modules/react-dom/cjs/react-dom.development.js:4164:14)
      at HTMLUnknownElement.callTheUserObjectsOperation (node_modules/jsdom/lib/jsdom/living/generated/EventListener.js:26:30)
      at innerInvokeEventListeners (node_modules/jsdom/lib/jsdom/living/events/EventTarget-impl.js:338:25)
      at invokeEventListeners (node_modules/jsdom/lib/jsdom/living/events/EventTarget-impl.js:274:3)
      at HTMLUnknownElementImpl._dispatch (node_modules/jsdom/lib/jsdom/living/events/EventTarget-impl.js:221:9)
      at HTMLUnknownElementImpl.dispatchEvent (node_modules/jsdom/lib/jsdom/living/events/EventTarget-impl.js:94:17)
      at HTMLUnknownElement.dispatchEvent (node_modules/jsdom/lib/jsdom/living/generated/EventTarget.js:231:34)
      at Object.invokeGuardedCallbackDev (node_modules/react-dom/cjs/react-dom.development.js:4213:16)
      at invokeGuardedCallback (node_modules/react-dom/cjs/react-dom.development.js:4277:31)
      at invokeGuardedCallbackAndCatchFirstError (node_modules/react-dom/cjs/react-dom.development.js:4291:25)
      at executeDispatch (node_modules/react-dom/cjs/react-dom.development.js:9041:3)
      at processDispatchQueueItemsInOrder (node_modules/react-dom/cjs/react-dom.development.js:9073:7)
      at processDispatchQueue (node_modules/react-dom/cjs/react-dom.development.js:9086:5)
      at dispatchEventsForPlugins (node_modules/react-dom/cjs/react-dom.development.js:9097:3)
      at node_modules/react-dom/cjs/react-dom.development.js:9288:12
      at batchedUpdates$1 (node_modules/react-dom/cjs/react-dom.development.js:26179:12)
      at batchedUpdates (node_modules/react-dom/cjs/react-dom.development.js:3991:12)
      at dispatchEventForPluginEventSystem (node_modules/react-dom/cjs/react-dom.development.js:9287:3)
      at dispatchEventWithEnableCapturePhaseSelectiveHydrationWithoutDiscreteEventReplay (node_modules/react-dom/cjs/react-dom.development.js:6465:5)
      at dispatchEvent (node_modules/react-dom/cjs/react-dom.development.js:6457:5)
      at dispatchDiscreteEvent (node_modules/react-dom/cjs/react-dom.development.js:6430:5)
      at HTMLDivElement.callTheUserObjectsOperation (node_modules/jsdom/lib/jsdom/living/generated/EventListener.js:26:30)
      at innerInvokeEventListeners (node_modules/jsdom/lib/jsdom/living/events/EventTarget-impl.js:338:25)
      at invokeEventListeners (node_modules/jsdom/lib/jsdom/living/events/EventTarget-impl.js:274:3)
      at HTMLInputElementImpl._dispatch (node_modules/jsdom/lib/jsdom/living/events/EventTarget-impl.js:221:9)
      at HTMLInputElementImpl.dispatchEvent (node_modules/jsdom/lib/jsdom/living/events/EventTarget-impl.js:94:17)
      at HTMLInputElement.dispatchEvent (node_modules/jsdom/lib/jsdom/living/generated/EventTarget.js:231:34)
      at node_modules/@testing-library/dom/dist/events.js:19:20
      at Object.eventWrapper (node_modules/@testing-library/dom/dist/config.js:25:23)
      at fireEvent (node_modules/@testing-library/dom/dist/events.js:12:35)
      at fireEvent.<computed> [as input] (node_modules/@testing-library/dom/dist/events.js:110:36)
      at fireInputEvent (node_modules/@testing-library/user-event/dist/keyboard/shared/fireInputEvent.js:31:18)
      at Object.handle (node_modules/@testing-library/user-event/dist/keyboard/plugins/character.js:138:32)
      at applyPlugins (node_modules/@testing-library/user-event/dist/keyboard/keyboardImplementation.js:157:12)
      at keypress (node_modules/@testing-library/user-event/dist/keyboard/keyboardImplementation.js:135:5)
      at keyboardImplementation (node_modules/@testing-library/user-event/dist/keyboard/keyboardImplementation.js:53:9)
      at keyboardImplementation (node_modules/@testing-library/user-event/dist/keyboard/keyboardImplementation.js:81:12)
      at keyboardImplementation (node_modules/@testing-library/user-event/dist/keyboard/keyboardImplementation.js:81:12)
      at keyboardImplementation (node_modules/@testing-library/user-event/dist/keyboard/keyboardImplementation.js:81:12)
      at keyboardImplementation (node_modules/@testing-library/user-event/dist/keyboard/keyboardImplementation.js:81:12)
      at keyboardImplementationWrapper (node_modules/@testing-library/user-event/dist/keyboard/index.js:55:65)
      at typeImplementation (node_modules/@testing-library/user-event/dist/type/typeImplementation.js:49:51)

    console.error
      Warning: An update to InsuranceCalculator inside a test was not wrapped in act(...).
      
      When testing, code that causes React state updates should be wrapped into act(...):
      
      act(() => {
        /* fire events that update state */
      });
      /* assert on the output */
      
      This ensures that you're testing the behavior the user would see in the browser. Learn more at https://reactjs.org/link/wrap-tests-with-act
          at InsuranceCalculator (C:\Users\Andre Cadima\Documents\Gestion De Calidad de Sistemas\Calculadora_Pruebas_Unitarias\src\components\InsuranceCalculator.js:9:43)

    [0m [90m 27 |[39m       [name][33m:[39m value
     [90m 28 |[39m     }))[33m;[39m
    [31m[1m>[22m[39m[90m 29 |[39m     setError([32m''[39m)[33m;[39m
     [90m    |[39m     [31m[1m^[22m[39m
     [90m 30 |[39m   }[33m;[39m
     [90m 31 |[39m
     [90m 32 |[39m   [36mconst[39m handleSubmit [33m=[39m (e) [33m=>[39m {[0m

      at printWarning (node_modules/react-dom/cjs/react-dom.development.js:86:30)
      at error (node_modules/react-dom/cjs/react-dom.development.js:60:7)
      at warnIfUpdatesNotWrappedWithActDEV (node_modules/react-dom/cjs/react-dom.development.js:27628:9)
      at scheduleUpdateOnFiber (node_modules/react-dom/cjs/react-dom.development.js:25547:5)
      at setError (node_modules/react-dom/cjs/react-dom.development.js:16708:7)
      at handleChange (src/components/InsuranceCalculator.js:29:5)
      at HTMLUnknownElement.callCallback (node_modules/react-dom/cjs/react-dom.development.js:4164:14)
      at HTMLUnknownElement.callTheUserObjectsOperation (node_modules/jsdom/lib/jsdom/living/generated/EventListener.js:26:30)
      at innerInvokeEventListeners (node_modules/jsdom/lib/jsdom/living/events/EventTarget-impl.js:338:25)
      at invokeEventListeners (node_modules/jsdom/lib/jsdom/living/events/EventTarget-impl.js:274:3)
      at HTMLUnknownElementImpl._dispatch (node_modules/jsdom/lib/jsdom/living/events/EventTarget-impl.js:221:9)
      at HTMLUnknownElementImpl.dispatchEvent (node_modules/jsdom/lib/jsdom/living/events/EventTarget-impl.js:94:17)
      at HTMLUnknownElement.dispatchEvent (node_modules/jsdom/lib/jsdom/living/generated/EventTarget.js:231:34)
      at Object.invokeGuardedCallbackDev (node_modules/react-dom/cjs/react-dom.development.js:4213:16)
      at invokeGuardedCallback (node_modules/react-dom/cjs/react-dom.development.js:4277:31)
      at invokeGuardedCallbackAndCatchFirstError (node_modules/react-dom/cjs/react-dom.development.js:4291:25)
      at executeDispatch (node_modules/react-dom/cjs/react-dom.development.js:9041:3)
      at processDispatchQueueItemsInOrder (node_modules/react-dom/cjs/react-dom.development.js:9073:7)
      at processDispatchQueue (node_modules/react-dom/cjs/react-dom.development.js:9086:5)
      at dispatchEventsForPlugins (node_modules/react-dom/cjs/react-dom.development.js:9097:3)
      at node_modules/react-dom/cjs/react-dom.development.js:9288:12
      at batchedUpdates$1 (node_modules/react-dom/cjs/react-dom.development.js:26179:12)
      at batchedUpdates (node_modules/react-dom/cjs/react-dom.development.js:3991:12)
      at dispatchEventForPluginEventSystem (node_modules/react-dom/cjs/react-dom.development.js:9287:3)
      at dispatchEventWithEnableCapturePhaseSelectiveHydrationWithoutDiscreteEventReplay (node_modules/react-dom/cjs/react-dom.development.js:6465:5)
      at dispatchEvent (node_modules/react-dom/cjs/react-dom.development.js:6457:5)
      at dispatchDiscreteEvent (node_modules/react-dom/cjs/react-dom.development.js:6430:5)
      at HTMLDivElement.callTheUserObjectsOperation (node_modules/jsdom/lib/jsdom/living/generated/EventListener.js:26:30)
      at innerInvokeEventListeners (node_modules/jsdom/lib/jsdom/living/events/EventTarget-impl.js:338:25)
      at invokeEventListeners (node_modules/jsdom/lib/jsdom/living/events/EventTarget-impl.js:274:3)
      at HTMLInputElementImpl._dispatch (node_modules/jsdom/lib/jsdom/living/events/EventTarget-impl.js:221:9)
      at HTMLInputElementImpl.dispatchEvent (node_modules/jsdom/lib/jsdom/living/events/EventTarget-impl.js:94:17)
      at HTMLInputElement.dispatchEvent (node_modules/jsdom/lib/jsdom/living/generated/EventTarget.js:231:34)
      at node_modules/@testing-library/dom/dist/events.js:19:20
      at Object.eventWrapper (node_modules/@testing-library/dom/dist/config.js:25:23)
      at fireEvent (node_modules/@testing-library/dom/dist/events.js:12:35)
      at fireEvent.<computed> [as input] (node_modules/@testing-library/dom/dist/events.js:110:36)
      at fireInputEvent (node_modules/@testing-library/user-event/dist/keyboard/shared/fireInputEvent.js:31:18)
      at Object.handle (node_modules/@testing-library/user-event/dist/keyboard/plugins/character.js:138:32)
      at applyPlugins (node_modules/@testing-library/user-event/dist/keyboard/keyboardImplementation.js:157:12)
      at keypress (node_modules/@testing-library/user-event/dist/keyboard/keyboardImplementation.js:135:5)
      at keyboardImplementation (node_modules/@testing-library/user-event/dist/keyboard/keyboardImplementation.js:53:9)
      at keyboardImplementation (node_modules/@testing-library/user-event/dist/keyboard/keyboardImplementation.js:81:12)
      at keyboardImplementation (node_modules/@testing-library/user-event/dist/keyboard/keyboardImplementation.js:81:12)
      at keyboardImplementation (node_modules/@testing-library/user-event/dist/keyboard/keyboardImplementation.js:81:12)
      at keyboardImplementation (node_modules/@testing-library/user-event/dist/keyboard/keyboardImplementation.js:81:12)
      at keyboardImplementationWrapper (node_modules/@testing-library/user-event/dist/keyboard/index.js:55:65)
      at typeImplementation (node_modules/@testing-library/user-event/dist/type/typeImplementation.js:49:51)

    console.error
      Warning: An update to InsuranceCalculator inside a test was not wrapped in act(...).
      
      When testing, code that causes React state updates should be wrapped into act(...):
      
      act(() => {
        /* fire events that update state */
      });
      /* assert on the output */
      
      This ensures that you're testing the behavior the user would see in the browser. Learn more at https://reactjs.org/link/wrap-tests-with-act
          at InsuranceCalculator (C:\Users\Andre Cadima\Documents\Gestion De Calidad de Sistemas\Calculadora_Pruebas_Unitarias\src\components\InsuranceCalculator.js:9:43)

    [0m [90m 23 |[39m   [36mconst[39m handleChange [33m=[39m (e) [33m=>[39m {
     [90m 24 |[39m     [36mconst[39m { name[33m,[39m value } [33m=[39m e[33m.[39mtarget[33m;[39m
    [31m[1m>[22m[39m[90m 25 |[39m     setFormData(prev [33m=>[39m ({
     [90m    |[39m     [31m[1m^[22m[39m
     [90m 26 |[39m       [33m...[39mprev[33m,[39m
     [90m 27 |[39m       [name][33m:[39m value
     [90m 28 |[39m     }))[33m;[39m[0m

      at printWarning (node_modules/react-dom/cjs/react-dom.development.js:86:30)
      at error (node_modules/react-dom/cjs/react-dom.development.js:60:7)
      at warnIfUpdatesNotWrappedWithActDEV (node_modules/react-dom/cjs/react-dom.development.js:27628:9)
      at scheduleUpdateOnFiber (node_modules/react-dom/cjs/react-dom.development.js:25547:5)
      at setFormData (node_modules/react-dom/cjs/react-dom.development.js:16708:7)
      at handleChange (src/components/InsuranceCalculator.js:25:5)
      at HTMLUnknownElement.callCallback (node_modules/react-dom/cjs/react-dom.development.js:4164:14)
      at HTMLUnknownElement.callTheUserObjectsOperation (node_modules/jsdom/lib/jsdom/living/generated/EventListener.js:26:30)
      at innerInvokeEventListeners (node_modules/jsdom/lib/jsdom/living/events/EventTarget-impl.js:338:25)
      at invokeEventListeners (node_modules/jsdom/lib/jsdom/living/events/EventTarget-impl.js:274:3)
      at HTMLUnknownElementImpl._dispatch (node_modules/jsdom/lib/jsdom/living/events/EventTarget-impl.js:221:9)
      at HTMLUnknownElementImpl.dispatchEvent (node_modules/jsdom/lib/jsdom/living/events/EventTarget-impl.js:94:17)
      at HTMLUnknownElement.dispatchEvent (node_modules/jsdom/lib/jsdom/living/generated/EventTarget.js:231:34)
      at Object.invokeGuardedCallbackDev (node_modules/react-dom/cjs/react-dom.development.js:4213:16)
      at invokeGuardedCallback (node_modules/react-dom/cjs/react-dom.development.js:4277:31)
      at invokeGuardedCallbackAndCatchFirstError (node_modules/react-dom/cjs/react-dom.development.js:4291:25)
      at executeDispatch (node_modules/react-dom/cjs/react-dom.development.js:9041:3)
      at processDispatchQueueItemsInOrder (node_modules/react-dom/cjs/react-dom.development.js:9073:7)
      at processDispatchQueue (node_modules/react-dom/cjs/react-dom.development.js:9086:5)
      at dispatchEventsForPlugins (node_modules/react-dom/cjs/react-dom.development.js:9097:3)
      at node_modules/react-dom/cjs/react-dom.development.js:9288:12
      at batchedUpdates$1 (node_modules/react-dom/cjs/react-dom.development.js:26179:12)
      at batchedUpdates (node_modules/react-dom/cjs/react-dom.development.js:3991:12)
      at dispatchEventForPluginEventSystem (node_modules/react-dom/cjs/react-dom.development.js:9287:3)
      at dispatchEventWithEnableCapturePhaseSelectiveHydrationWithoutDiscreteEventReplay (node_modules/react-dom/cjs/react-dom.development.js:6465:5)
      at dispatchEvent (node_modules/react-dom/cjs/react-dom.development.js:6457:5)
      at dispatchDiscreteEvent (node_modules/react-dom/cjs/react-dom.development.js:6430:5)
      at HTMLDivElement.callTheUserObjectsOperation (node_modules/jsdom/lib/jsdom/living/generated/EventListener.js:26:30)
      at innerInvokeEventListeners (node_modules/jsdom/lib/jsdom/living/events/EventTarget-impl.js:338:25)
      at invokeEventListeners (node_modules/jsdom/lib/jsdom/living/events/EventTarget-impl.js:274:3)
      at HTMLInputElementImpl._dispatch (node_modules/jsdom/lib/jsdom/living/events/EventTarget-impl.js:221:9)
      at HTMLInputElementImpl.dispatchEvent (node_modules/jsdom/lib/jsdom/living/events/EventTarget-impl.js:94:17)
      at HTMLInputElement.dispatchEvent (node_modules/jsdom/lib/jsdom/living/generated/EventTarget.js:231:34)
      at node_modules/@testing-library/dom/dist/events.js:19:20
      at Object.eventWrapper (node_modules/@testing-library/dom/dist/config.js:25:23)
      at fireEvent (node_modules/@testing-library/dom/dist/events.js:12:35)
      at fireEvent.<computed> [as input] (node_modules/@testing-library/dom/dist/events.js:110:36)
      at fireInputEvent (node_modules/@testing-library/user-event/dist/keyboard/shared/fireInputEvent.js:31:18)
      at Object.handle (node_modules/@testing-library/user-event/dist/keyboard/plugins/character.js:138:32)
      at applyPlugins (node_modules/@testing-library/user-event/dist/keyboard/keyboardImplementation.js:157:12)
      at keypress (node_modules/@testing-library/user-event/dist/keyboard/keyboardImplementation.js:135:5)
      at keyboardImplementation (node_modules/@testing-library/user-event/dist/keyboard/keyboardImplementation.js:53:9)
      at keyboardImplementation (node_modules/@testing-library/user-event/dist/keyboard/keyboardImplementation.js:81:12)
      at keyboardImplementation (node_modules/@testing-library/user-event/dist/keyboard/keyboardImplementation.js:81:12)
      at keyboardImplementation (node_modules/@testing-library/user-event/dist/keyboard/keyboardImplementation.js:81:12)
      at keyboardImplementation (node_modules/@testing-library/user-event/dist/keyboard/keyboardImplementation.js:81:12)
      at keyboardImplementation (node_modules/@testing-library/user-event/dist/keyboard/keyboardImplementation.js:81:12)
      at keyboardImplementationWrapper (node_modules/@testing-library/user-event/dist/keyboard/index.js:55:65)

    console.error
      Warning: An update to InsuranceCalculator inside a test was not wrapped in act(...).
      
      When testing, code that causes React state updates should be wrapped into act(...):
      
      act(() => {
        /* fire events that update state */
      });
      /* assert on the output */
      
      This ensures that you're testing the behavior the user would see in the browser. Learn more at https://reactjs.org/link/wrap-tests-with-act
          at InsuranceCalculator (C:\Users\Andre Cadima\Documents\Gestion De Calidad de Sistemas\Calculadora_Pruebas_Unitarias\src\components\InsuranceCalculator.js:9:43)

    [0m [90m 27 |[39m       [name][33m:[39m value
     [90m 28 |[39m     }))[33m;[39m
    [31m[1m>[22m[39m[90m 29 |[39m     setError([32m''[39m)[33m;[39m
     [90m    |[39m     [31m[1m^[22m[39m
     [90m 30 |[39m   }[33m;[39m
     [90m 31 |[39m
     [90m 32 |[39m   [36mconst[39m handleSubmit [33m=[39m (e) [33m=>[39m {[0m

      at printWarning (node_modules/react-dom/cjs/react-dom.development.js:86:30)
      at error (node_modules/react-dom/cjs/react-dom.development.js:60:7)
      at warnIfUpdatesNotWrappedWithActDEV (node_modules/react-dom/cjs/react-dom.development.js:27628:9)
      at scheduleUpdateOnFiber (node_modules/react-dom/cjs/react-dom.development.js:25547:5)
      at setError (node_modules/react-dom/cjs/react-dom.development.js:16708:7)
      at handleChange (src/components/InsuranceCalculator.js:29:5)
      at HTMLUnknownElement.callCallback (node_modules/react-dom/cjs/react-dom.development.js:4164:14)
      at HTMLUnknownElement.callTheUserObjectsOperation (node_modules/jsdom/lib/jsdom/living/generated/EventListener.js:26:30)
      at innerInvokeEventListeners (node_modules/jsdom/lib/jsdom/living/events/EventTarget-impl.js:338:25)
      at invokeEventListeners (node_modules/jsdom/lib/jsdom/living/events/EventTarget-impl.js:274:3)
      at HTMLUnknownElementImpl._dispatch (node_modules/jsdom/lib/jsdom/living/events/EventTarget-impl.js:221:9)
      at HTMLUnknownElementImpl.dispatchEvent (node_modules/jsdom/lib/jsdom/living/events/EventTarget-impl.js:94:17)
      at HTMLUnknownElement.dispatchEvent (node_modules/jsdom/lib/jsdom/living/generated/EventTarget.js:231:34)
      at Object.invokeGuardedCallbackDev (node_modules/react-dom/cjs/react-dom.development.js:4213:16)
      at invokeGuardedCallback (node_modules/react-dom/cjs/react-dom.development.js:4277:31)
      at invokeGuardedCallbackAndCatchFirstError (node_modules/react-dom/cjs/react-dom.development.js:4291:25)
      at executeDispatch (node_modules/react-dom/cjs/react-dom.development.js:9041:3)
      at processDispatchQueueItemsInOrder (node_modules/react-dom/cjs/react-dom.development.js:9073:7)
      at processDispatchQueue (node_modules/react-dom/cjs/react-dom.development.js:9086:5)
      at dispatchEventsForPlugins (node_modules/react-dom/cjs/react-dom.development.js:9097:3)
      at node_modules/react-dom/cjs/react-dom.development.js:9288:12
      at batchedUpdates$1 (node_modules/react-dom/cjs/react-dom.development.js:26179:12)
      at batchedUpdates (node_modules/react-dom/cjs/react-dom.development.js:3991:12)
      at dispatchEventForPluginEventSystem (node_modules/react-dom/cjs/react-dom.development.js:9287:3)
      at dispatchEventWithEnableCapturePhaseSelectiveHydrationWithoutDiscreteEventReplay (node_modules/react-dom/cjs/react-dom.development.js:6465:5)
      at dispatchEvent (node_modules/react-dom/cjs/react-dom.development.js:6457:5)
      at dispatchDiscreteEvent (node_modules/react-dom/cjs/react-dom.development.js:6430:5)
      at HTMLDivElement.callTheUserObjectsOperation (node_modules/jsdom/lib/jsdom/living/generated/EventListener.js:26:30)
      at innerInvokeEventListeners (node_modules/jsdom/lib/jsdom/living/events/EventTarget-impl.js:338:25)
      at invokeEventListeners (node_modules/jsdom/lib/jsdom/living/events/EventTarget-impl.js:274:3)
      at HTMLInputElementImpl._dispatch (node_modules/jsdom/lib/jsdom/living/events/EventTarget-impl.js:221:9)
      at HTMLInputElementImpl.dispatchEvent (node_modules/jsdom/lib/jsdom/living/events/EventTarget-impl.js:94:17)
      at HTMLInputElement.dispatchEvent (node_modules/jsdom/lib/jsdom/living/generated/EventTarget.js:231:34)
      at node_modules/@testing-library/dom/dist/events.js:19:20
      at Object.eventWrapper (node_modules/@testing-library/dom/dist/config.js:25:23)
      at fireEvent (node_modules/@testing-library/dom/dist/events.js:12:35)
      at fireEvent.<computed> [as input] (node_modules/@testing-library/dom/dist/events.js:110:36)
      at fireInputEvent (node_modules/@testing-library/user-event/dist/keyboard/shared/fireInputEvent.js:31:18)
      at Object.handle (node_modules/@testing-library/user-event/dist/keyboard/plugins/character.js:138:32)
      at applyPlugins (node_modules/@testing-library/user-event/dist/keyboard/keyboardImplementation.js:157:12)
      at keypress (node_modules/@testing-library/user-event/dist/keyboard/keyboardImplementation.js:135:5)
      at keyboardImplementation (node_modules/@testing-library/user-event/dist/keyboard/keyboardImplementation.js:53:9)
      at keyboardImplementation (node_modules/@testing-library/user-event/dist/keyboard/keyboardImplementation.js:81:12)
      at keyboardImplementation (node_modules/@testing-library/user-event/dist/keyboard/keyboardImplementation.js:81:12)
      at keyboardImplementation (node_modules/@testing-library/user-event/dist/keyboard/keyboardImplementation.js:81:12)
      at keyboardImplementation (node_modules/@testing-library/user-event/dist/keyboard/keyboardImplementation.js:81:12)
      at keyboardImplementation (node_modules/@testing-library/user-event/dist/keyboard/keyboardImplementation.js:81:12)
      at keyboardImplementationWrapper (node_modules/@testing-library/user-event/dist/keyboard/index.js:55:65)

    console.error
      Warning: An update to InsuranceCalculator inside a test was not wrapped in act(...).
      
      When testing, code that causes React state updates should be wrapped into act(...):
      
      act(() => {
        /* fire events that update state */
      });
      /* assert on the output */
      
      This ensures that you're testing the behavior the user would see in the browser. Learn more at https://reactjs.org/link/wrap-tests-with-act
          at InsuranceCalculator (C:\Users\Andre Cadima\Documents\Gestion De Calidad de Sistemas\Calculadora_Pruebas_Unitarias\src\components\InsuranceCalculator.js:9:43)

    [0m [90m 41 |[39m     [36mconst[39m monthlyCost [33m=[39m annualCost [33m/[39m [35m12[39m[33m;[39m
     [90m 42 |[39m
    [31m[1m>[22m[39m[90m 43 |[39m     setResult({
     [90m    |[39m     [31m[1m^[22m[39m
     [90m 44 |[39m       propertyValue[33m:[39m parseInt(formData[33m.[39mpropertyValue)[33m,[39m
     [90m 45 |[39m       insuranceType[33m:[39m formData[33m.[39minsuranceType[33m,[39m
     [90m 46 |[39m       annualCost[33m,[39m[0m

      at printWarning (node_modules/react-dom/cjs/react-dom.development.js:86:30)
      at error (node_modules/react-dom/cjs/react-dom.development.js:60:7)
      at warnIfUpdatesNotWrappedWithActDEV (node_modules/react-dom/cjs/react-dom.development.js:27628:9)
      at scheduleUpdateOnFiber (node_modules/react-dom/cjs/react-dom.development.js:25547:5)
      at setResult (node_modules/react-dom/cjs/react-dom.development.js:16708:7)
      at handleSubmit (src/components/InsuranceCalculator.js:43:5)
      at HTMLUnknownElement.callCallback (node_modules/react-dom/cjs/react-dom.development.js:4164:14)
      at HTMLUnknownElement.callTheUserObjectsOperation (node_modules/jsdom/lib/jsdom/living/generated/EventListener.js:26:30)
      at innerInvokeEventListeners (node_modules/jsdom/lib/jsdom/living/events/EventTarget-impl.js:338:25)
      at invokeEventListeners (node_modules/jsdom/lib/jsdom/living/events/EventTarget-impl.js:274:3)
      at HTMLUnknownElementImpl._dispatch (node_modules/jsdom/lib/jsdom/living/events/EventTarget-impl.js:221:9)
      at HTMLUnknownElementImpl.dispatchEvent (node_modules/jsdom/lib/jsdom/living/events/EventTarget-impl.js:94:17)
      at HTMLUnknownElement.dispatchEvent (node_modules/jsdom/lib/jsdom/living/generated/EventTarget.js:231:34)
      at Object.invokeGuardedCallbackDev (node_modules/react-dom/cjs/react-dom.development.js:4213:16)
      at invokeGuardedCallback (node_modules/react-dom/cjs/react-dom.development.js:4277:31)
      at invokeGuardedCallbackAndCatchFirstError (node_modules/react-dom/cjs/react-dom.development.js:4291:25)
      at executeDispatch (node_modules/react-dom/cjs/react-dom.development.js:9041:3)
      at processDispatchQueueItemsInOrder (node_modules/react-dom/cjs/react-dom.development.js:9073:7)
      at processDispatchQueue (node_modules/react-dom/cjs/react-dom.development.js:9086:5)
      at dispatchEventsForPlugins (node_modules/react-dom/cjs/react-dom.development.js:9097:3)
      at node_modules/react-dom/cjs/react-dom.development.js:9288:12
      at batchedUpdates$1 (node_modules/react-dom/cjs/react-dom.development.js:26179:12)
      at batchedUpdates (node_modules/react-dom/cjs/react-dom.development.js:3991:12)
      at dispatchEventForPluginEventSystem (node_modules/react-dom/cjs/react-dom.development.js:9287:3)
      at dispatchEventWithEnableCapturePhaseSelectiveHydrationWithoutDiscreteEventReplay (node_modules/react-dom/cjs/react-dom.development.js:6465:5)
      at dispatchEvent (node_modules/react-dom/cjs/react-dom.development.js:6457:5)
      at dispatchDiscreteEvent (node_modules/react-dom/cjs/react-dom.development.js:6430:5)
      at HTMLDivElement.callTheUserObjectsOperation (node_modules/jsdom/lib/jsdom/living/generated/EventListener.js:26:30)
      at innerInvokeEventListeners (node_modules/jsdom/lib/jsdom/living/events/EventTarget-impl.js:338:25)
      at invokeEventListeners (node_modules/jsdom/lib/jsdom/living/events/EventTarget-impl.js:274:3)
      at HTMLFormElementImpl._dispatch (node_modules/jsdom/lib/jsdom/living/events/EventTarget-impl.js:221:9)
      at fireAnEvent (node_modules/jsdom/lib/jsdom/living/helpers/events.js:18:36)
      at HTMLFormElementImpl.submit (node_modules/jsdom/lib/jsdom/living/nodes/HTMLFormElement-impl.js:84:10)
      at HTMLFormElementImpl._doSubmit (node_modules/jsdom/lib/jsdom/living/nodes/HTMLFormElement-impl.js:80:10)
      at HTMLButtonElementImpl._activationBehavior (node_modules/jsdom/lib/jsdom/living/nodes/HTMLButtonElement-impl.js:23:14)
      at HTMLButtonElementImpl._dispatch (node_modules/jsdom/lib/jsdom/living/events/EventTarget-impl.js:240:26)
      at HTMLButtonElementImpl.dispatchEvent (node_modules/jsdom/lib/jsdom/living/events/EventTarget-impl.js:94:17)
      at HTMLButtonElement.dispatchEvent (node_modules/jsdom/lib/jsdom/living/generated/EventTarget.js:231:34)
      at node_modules/@testing-library/dom/dist/events.js:19:20
      at Object.eventWrapper (node_modules/@testing-library/dom/dist/config.js:25:23)
      at fireEvent (node_modules/@testing-library/dom/dist/events.js:12:35)
      at fireEvent.<computed> [as click] (node_modules/@testing-library/dom/dist/events.js:110:36)
      at fireClick (node_modules/@testing-library/user-event/dist/click.js:150:20)
      at clickElement (node_modules/@testing-library/user-event/dist/click.js:91:5)
      at Object.click (node_modules/@testing-library/user-event/dist/click.js:140:5)
      at Object.<anonymous> (src/components/InsuranceCalculator.test.js:31:21)

  ● InsuranceCalculator › calculates and renders insurance result for premium plan

    Unable to find role="heading" and name `/Estimación de Seguro/i`

    Ignored nodes: comments, script, style
    [36m<body>[39m
      [36m<div>[39m
        [36m<div[39m
          [33mclass[39m=[32m"calculator-content"[39m
        [36m>[39m
          [36m<div[39m
            [33mclass[39m=[32m"calculator-layout"[39m
          [36m>[39m
            [36m<div[39m
              [33mclass[39m=[32m"form-section"[39m
            [36m>[39m
              [36m<h2>[39m
                [0mCalculadora de Seguros[0m
              [36m</h2>[39m
              [36m<p[39m
                [33mclass[39m=[32m"section-description"[39m
              [36m>[39m
                [0mCalcula el costo anual del seguro de tu propiedad[0m
              [36m</p>[39m
              [36m<form[39m
                [33mclass[39m=[32m"calculator-form"[39m
              [36m>[39m
                [36m<div[39m
                  [33mclass[39m=[32m"form-group"[39m
                [36m>[39m
                  [36m<label[39m
                    [33mfor[39m=[32m"propertyValue"[39m
                  [36m>[39m
                    [0mValor de la Propiedad (£) *[0m
                  [36m</label>[39m
                  [36m<input[39m
                    [33mclass[39m=[32m"form-input "[39m
                    [33mid[39m=[32m"propertyValue"[39m
                    [33mname[39m=[32m"propertyValue"[39m
                    [33mplaceholder[39m=[32m"p.ej., 250000"[39m
                    [33mtype[39m=[32m"number"[39m
                    [33mvalue[39m=[32m"100000"[39m
                  [36m/>[39m
                [36m</div>[39m
                [36m<div[39m
                  [33mclass[39m=[32m"form-group"[39m
                [36m>[39m
                  [36m<label>[39m
                    [0mTipo de Seguro *[0m
                  [36m</label>[39m
                  [36m<div[39m
                    [33mclass[39m=[32m"insurance-options"[39m
                  [36m>[39m
                    [36m<label[39m
                      [33mclass[39m=[32m"insurance-option"[39m
                    [36m>[39m
                      [36m<input[39m
                        [33mname[39m=[32m"insuranceType"[39m
                        [33mtype[39m=[32m"radio"[39m
                        [33mvalue[39m=[32m"basic"[39m
                      [36m/>[39m
                      [36m<div[39m
                        [33mclass[39m=[32m"option-content"[39m
                      [36m>[39m
                        [36m<span[39m
                          [33mclass[39m=[32m"option-label"[39m
                        [36m>[39m
                          [0mBasico (0.3% - Presupuesto)[0m
                        [36m</span>[39m
                        [36m<span[39m
                          [33mclass[39m=[32m"option-description"[39m
                        [36m>[39m
                          [0mCobertura esencial[0m
                        [36m</span>[39m
                      [36m</div>[39m
                    [36m</label>[39m
                    [36m<label[39m
                      [33mclass[39m=[32m"insurance-option"[39m
                    [36m>[39m
                      [36m<input[39m
                        [33mchecked[39m=[32m""[39m
                        [33mname[39m=[32m"insuranceType"[39m
                        [33mtype[39m=[32m"radio"[39m
                        [33mvalue[39m=[32m"standard"[39m
                      [36m/>[39m
                      [36m<div[39m
                        [33mclass[39m=[32m"option-content"[39m
                      [36m>[39m
                        [36m<span[39m
                          [33mclass[39m=[32m"option-label"[39m
                        [36m>[39m
                          [0mEstandar (0.5% - Recomendado)[0m
                        [36m</span>[39m
                        [36m<span[39m
                          [33mclass[39m=[32m"option-description"[39m
                        [36m>[39m
                          [0mCobertura completa[0m
                        [36m</span>[39m
                      [36m</div>[39m
                    [36m</label>[39m
                    [36m<label[39m
                      [33mclass[39m=[32m"insurance-option"[39m
                    [36m>[39m
                      [36m<input[39m
                        [33mname[39m=[32m"insuranceType"[39m
                        [33mtype[39m=[32m"radio"[39m
                        [33mvalue[39m=[32m"premium"[39m
                      [36m/>[39m
                      [36m<div[39m
                        [33mclass[39m=[32m"option-content"[39m
                      [36m>[39m
                        [36m<span[39m
                          [33mclass[39m=[32m"option-label"[39m
                        [36m>[39m
                          [0mPremium (0.8% - Completo)[0m
                        [36m</span>[39m
                        [36m<span[39m
                          [33mclass[39m=[32m"option-description"[39m
                        [36m>[39m
                          [0mMaxima cobertura[0m
                        [36m</span>[39m
                      [36m</div>[39m
                    [36m</label>[39m
                  [36m</div>[39m
                [36m</div>[39m
                [36m<div[39m
                  [33mclass[39m=[32m"form-actions"[39m
                [36m>[39m
                  [36m<button[39m
                    [33mclass[39m=[32m"btn-primary"[39m
                    [33mtype[39m=[32m"submit"[39m
                  [36m>[39m
                    [0mCalcular Seguro[0m
                  [36m</button>[39m
                  [36m<button[39m
                    [33mclass[39m=[32m"btn-secondary"[39m
                    [33mtype[39m=[32m"button"[39m
                  [36m>[39m
                    [0mRestablecer[0m
                  [36m</button>[39m
                [36m</div>[39m
              [36m</form>[39m
            [36m</div>[39m
            [36m<div[39m
              [33mclass[39m=[32m"results-section"[39m
            [36m>[39m
              [36m<h2>[39m
                [0mEstimaci\u00f3n de Seguro[0m
              [36m</h2>[39m
              [36m<div[39m
                [33mclass[39m=[32m"results-card"[39m
              [36m>[39m
                [36m<div[39m
                  [33mclass[39m=[32m"result-item"[39m
                [36m>[39m
                  [36m<span[39m
                    [33mclass[39m=[32m"result-label"[39m
                  [36m>[39m
                    [0mValor de la Propiedad[0m
                  [36m</span>[39m
                  [36m<span[39m
                    [33mclass[39m=[32m"result-value"[39m
                  [36m>[39m
                    [0m£[0m
                    [0m100,000[0m
                  [36m</span>[39m
                [36m</div>[39m
                [36m<div[39m
                  [33mclass[39m=[32m"result-item"[39m
                [36m>[39m
                  [36m<span[39m
                    [33mclass[39m=[32m"result-label"[39m
                  [36m>[39m
                    [0mTipo de Seguro[0m
                  [36m</span>[39m
                  [36m<span[39m
                    [33mclass[39m=[32m"result-value"[39m
                  [36m>[39m
                    [0mPremium[0m
                  [36m</span>[39m
                [36m</div>[39m
                [36m<div[39m
                  [33mclass[39m=[32m"divider"[39m
                [36m/>[39m
                [36m<div[39m
                  [33mclass[39m=[32m"result-item"[39m
                [36m>[39m
                  [36m<span[39m
                    [33mclass[39m=[32m"result-label"[39m
                  [36m>[39m
                    [0mCosto Anual[0m
                  [36m</span>[39m
                  [36m<span[39m
                    [33mclass[39m=[32m"result-value highlight"[39m
                  [36m>[39m
                    [0m£[0m
                    [0m800[0m
                  [36m</span>[39m
                [36m</div>[39m
                [36m<div[39m
                  [33mclass[39m=[32m"result-item"[39m
                [36m>[39m
                  [36m<span[39m
                    [33mclass[39m=[32m"result-label"[39m
                  [36m>[39m
                    [0mCosto Mensual[0m
                  [36m</span>[39m
                  [36m<span[39m
                    [33mclass[39m=[32m"result-value"[39m
                  [36m>[39m
                    [0m£[0m
                    [0m66.67[0m
                  [36m</span>[39m
                [36m</div>[39m
                [36m<div[39m
                  [33mclass[39m=[32m"info-box"[39m
                [36m>[39m
                  [36m<p>[39m
                    [0m\ud83d\udca1 [0m
                    [36m<strong>[39m
                      [0mConsejo:[0m
                    [36m</strong>[39m
                    [0m A\u00f1ade este valor al pago mensual de hipoteca para obtener el costo total de vivienda.[0m
                  [36m</p>[39m
                [36m</div>[39m
              [36m</div>[39m
            [36m</div>[39m
          [36m</div>[39m
        [36m</div>[39m
      [36m</div>[39m
    [36m</body>[39m

    [0m [90m 20 |[39m     [36mawait[39m userEvent[33m.[39mclick(screen[33m.[39mgetByRole([32m'button'[39m[33m,[39m { name[33m:[39m [35m/Calcular Seguro/i[39m }))[33m;[39m
     [90m 21 |[39m
    [31m[1m>[22m[39m[90m 22 |[39m     expect([36mawait[39m screen[33m.[39mfindByRole([32m'heading'[39m[33m,[39m { name[33m:[39m [35m/Estimación de Seguro/i[39m }))[33m.[39mtoBeInTheDocument()[33m;[39m
     [90m    |[39m                         [31m[1m^[22m[39m
     [90m 23 |[39m     expect(screen[33m.[39mgetByText([32m'£800'[39m))[33m.[39mtoBeInTheDocument()[33m;[39m
     [90m 24 |[39m     expect(screen[33m.[39mgetByText([32m'£66.67'[39m))[33m.[39mtoBeInTheDocument()[33m;[39m
     [90m 25 |[39m   })[33m;[39m[0m

      at waitForWrapper (node_modules/@testing-library/react/node_modules/@testing-library/dom/dist/wait-for.js:166:27)
      at findByRole (node_modules/@testing-library/react/node_modules/@testing-library/dom/dist/query-helpers.js:86:33)
      at Object.<anonymous> (src/components/InsuranceCalculator.test.js:22:25)

  ● InsuranceCalculator › resets form and clears rendered result

    Unable to find role="heading" and name `/Estimación de Seguro/i`

    Ignored nodes: comments, script, style
    [36m<body>[39m
      [36m<div>[39m
        [36m<div[39m
          [33mclass[39m=[32m"calculator-content"[39m
        [36m>[39m
          [36m<div[39m
            [33mclass[39m=[32m"calculator-layout"[39m
          [36m>[39m
            [36m<div[39m
              [33mclass[39m=[32m"form-section"[39m
            [36m>[39m
              [36m<h2>[39m
                [0mCalculadora de Seguros[0m
              [36m</h2>[39m
              [36m<p[39m
                [33mclass[39m=[32m"section-description"[39m
              [36m>[39m
                [0mCalcula el costo anual del seguro de tu propiedad[0m
              [36m</p>[39m
              [36m<form[39m
                [33mclass[39m=[32m"calculator-form"[39m
              [36m>[39m
                [36m<div[39m
                  [33mclass[39m=[32m"form-group"[39m
                [36m>[39m
                  [36m<label[39m
                    [33mfor[39m=[32m"propertyValue"[39m
                  [36m>[39m
                    [0mValor de la Propiedad (£) *[0m
                  [36m</label>[39m
                  [36m<input[39m
                    [33mclass[39m=[32m"form-input "[39m
                    [33mid[39m=[32m"propertyValue"[39m
                    [33mname[39m=[32m"propertyValue"[39m
                    [33mplaceholder[39m=[32m"p.ej., 250000"[39m
                    [33mtype[39m=[32m"number"[39m
                    [33mvalue[39m=[32m"100000"[39m
                  [36m/>[39m
                [36m</div>[39m
                [36m<div[39m
                  [33mclass[39m=[32m"form-group"[39m
                [36m>[39m
                  [36m<label>[39m
                    [0mTipo de Seguro *[0m
                  [36m</label>[39m
                  [36m<div[39m
                    [33mclass[39m=[32m"insurance-options"[39m
                  [36m>[39m
                    [36m<label[39m
                      [33mclass[39m=[32m"insurance-option"[39m
                    [36m>[39m
                      [36m<input[39m
                        [33mname[39m=[32m"insuranceType"[39m
                        [33mtype[39m=[32m"radio"[39m
                        [33mvalue[39m=[32m"basic"[39m
                      [36m/>[39m
                      [36m<div[39m
                        [33mclass[39m=[32m"option-content"[39m
                      [36m>[39m
                        [36m<span[39m
                          [33mclass[39m=[32m"option-label"[39m
                        [36m>[39m
                          [0mBasico (0.3% - Presupuesto)[0m
                        [36m</span>[39m
                        [36m<span[39m
                          [33mclass[39m=[32m"option-description"[39m
                        [36m>[39m
                          [0mCobertura esencial[0m
                        [36m</span>[39m
                      [36m</div>[39m
                    [36m</label>[39m
                    [36m<label[39m
                      [33mclass[39m=[32m"insurance-option"[39m
                    [36m>[39m
                      [36m<input[39m
                        [33mchecked[39m=[32m""[39m
                        [33mname[39m=[32m"insuranceType"[39m
                        [33mtype[39m=[32m"radio"[39m
                        [33mvalue[39m=[32m"standard"[39m
                      [36m/>[39m
                      [36m<div[39m
                        [33mclass[39m=[32m"option-content"[39m
                      [36m>[39m
                        [36m<span[39m
                          [33mclass[39m=[32m"option-label"[39m
                        [36m>[39m
                          [0mEstandar (0.5% - Recomendado)[0m
                        [36m</span>[39m
                        [36m<span[39m
                          [33mclass[39m=[32m"option-description"[39m
                        [36m>[39m
                          [0mCobertura completa[0m
                        [36m</span>[39m
                      [36m</div>[39m
                    [36m</label>[39m
                    [36m<label[39m
                      [33mclass[39m=[32m"insurance-option"[39m
                    [36m>[39m
                      [36m<input[39m
                        [33mname[39m=[32m"insuranceType"[39m
                        [33mtype[39m=[32m"radio"[39m
                        [33mvalue[39m=[32m"premium"[39m
                      [36m/>[39m
                      [36m<div[39m
                        [33mclass[39m=[32m"option-content"[39m
                      [36m>[39m
                        [36m<span[39m
                          [33mclass[39m=[32m"option-label"[39m
                        [36m>[39m
                          [0mPremium (0.8% - Completo)[0m
                        [36m</span>[39m
                        [36m<span[39m
                          [33mclass[39m=[32m"option-description"[39m
                        [36m>[39m
                          [0mMaxima cobertura[0m
                        [36m</span>[39m
                      [36m</div>[39m
                    [36m</label>[39m
                  [36m</div>[39m
                [36m</div>[39m
                [36m<div[39m
                  [33mclass[39m=[32m"form-actions"[39m
                [36m>[39m
                  [36m<button[39m
                    [33mclass[39m=[32m"btn-primary"[39m
                    [33mtype[39m=[32m"submit"[39m
                  [36m>[39m
                    [0mCalcular Seguro[0m
                  [36m</button>[39m
                  [36m<button[39m
                    [33mclass[39m=[32m"btn-secondary"[39m
                    [33mtype[39m=[32m"button"[39m
                  [36m>[39m
                    [0mRestablecer[0m
                  [36m</button>[39m
                [36m</div>[39m
              [36m</form>[39m
            [36m</div>[39m
            [36m<div[39m
              [33mclass[39m=[32m"results-section"[39m
            [36m>[39m
              [36m<h2>[39m
                [0mEstimaci\u00f3n de Seguro[0m
              [36m</h2>[39m
              [36m<div[39m
                [33mclass[39m=[32m"results-card"[39m
              [36m>[39m
                [36m<div[39m
                  [33mclass[39m=[32m"result-item"[39m
                [36m>[39m
                  [36m<span[39m
                    [33mclass[39m=[32m"result-label"[39m
                  [36m>[39m
                    [0mValor de la Propiedad[0m
                  [36m</span>[39m
                  [36m<span[39m
                    [33mclass[39m=[32m"result-value"[39m
                  [36m>[39m
                    [0m£[0m
                    [0m100,000[0m
                  [36m</span>[39m
                [36m</div>[39m
                [36m<div[39m
                  [33mclass[39m=[32m"result-item"[39m
                [36m>[39m
                  [36m<span[39m
                    [33mclass[39m=[32m"result-label"[39m
                  [36m>[39m
                    [0mTipo de Seguro[0m
                  [36m</span>[39m
                  [36m<span[39m
                    [33mclass[39m=[32m"result-value"[39m
                  [36m>[39m
                    [0mStandard[0m
                  [36m</span>[39m
                [36m</div>[39m
                [36m<div[39m
                  [33mclass[39m=[32m"divider"[39m
                [36m/>[39m
                [36m<div[39m
                  [33mclass[39m=[32m"result-item"[39m
                [36m>[39m
                  [36m<span[39m
                    [33mclass[39m=[32m"result-label"[39m
                  [36m>[39m
                    [0mCosto Anual[0m
                  [36m</span>[39m
                  [36m<span[39m
                    [33mclass[39m=[32m"result-value highlight"[39m
                  [36m>[39m
                    [0m£[0m
                    [0m500[0m
                  [36m</span>[39m
                [36m</div>[39m
                [36m<div[39m
                  [33mclass[39m=[32m"result-item"[39m
                [36m>[39m
                  [36m<span[39m
                    [33mclass[39m=[32m"result-label"[39m
                  [36m>[39m
                    [0mCosto Mensual[0m
                  [36m</span>[39m
                  [36m<span[39m
                    [33mclass[39m=[32m"result-value"[39m
                  [36m>[39m
                    [0m£[0m
                    [0m41.67[0m
                  [36m</span>[39m
                [36m</div>[39m
                [36m<div[39m
                  [33mclass[39m=[32m"info-box"[39m
                [36m>[39m
                  [36m<p>[39m
                    [0m\ud83d\udca1 [0m
                    [36m<strong>[39m
                      [0mConsejo:[0m
                    [36m</strong>[39m
                    [0m A\u00f1ade este valor al pago mensual de hipoteca para obtener el costo total de vivienda.[0m
                  [36m</p>[39m
                [36m</div>[39m
              [36m</div>[39m
            [36m</div>[39m
          [36m</div>[39m
        [36m</div>[39m
      [36m</div>[39m
    [36m</body>[39m

    [0m [90m 30 |[39m     [36mawait[39m userEvent[33m.[39mtype(screen[33m.[39mgetByLabelText([35m/Valor de la Propiedad/i[39m)[33m,[39m [32m'100000'[39m)[33m;[39m
     [90m 31 |[39m     [36mawait[39m userEvent[33m.[39mclick(screen[33m.[39mgetByRole([32m'button'[39m[33m,[39m { name[33m:[39m [35m/Calcular Seguro/i[39m }))[33m;[39m
    [31m[1m>[22m[39m[90m 32 |[39m     expect([36mawait[39m screen[33m.[39mfindByRole([32m'heading'[39m[33m,[39m { name[33m:[39m [35m/Estimación de Seguro/i[39m }))[33m.[39mtoBeInTheDocument()[33m;[39m
     [90m    |[39m                         [31m[1m^[22m[39m
     [90m 33 |[39m
     [90m 34 |[39m     [36mawait[39m userEvent[33m.[39mclick(screen[33m.[39mgetByRole([32m'button'[39m[33m,[39m { name[33m:[39m [35m/Restablecer/i[39m }))[33m;[39m
     [90m 35 |[39m[0m

      at waitForWrapper (node_modules/@testing-library/react/node_modules/@testing-library/dom/dist/wait-for.js:166:27)
      at findByRole (node_modules/@testing-library/react/node_modules/@testing-library/dom/dist/query-helpers.js:86:33)
      at Object.<anonymous> (src/components/InsuranceCalculator.test.js:32:25)

Test Suites: 2 failed, 7 passed, 9 total
Tests:       4 failed, 47 passed, 51 total
Snapshots:   0 total
Time:        10.725 s
Ran all test suites.
